Archive member included to satisfy reference by file (symbol)

c:/devkitPro/libctru/lib\libsfil.a(sfil_png.o)
                              main.o (sfil_load_PNG_buffer)
c:/devkitPro/portlibs/armv6k/lib\libpng.a(png.o)
                              c:/devkitPro/libctru/lib\libsfil.a(sfil_png.o) (png_set_sig_bytes)
c:/devkitPro/portlibs/armv6k/lib\libpng.a(pngerror.o)
                              c:/devkitPro/portlibs/armv6k/lib\libpng.a(png.o) (png_safecat)
c:/devkitPro/portlibs/armv6k/lib\libpng.a(pngget.o)
                              c:/devkitPro/libctru/lib\libsfil.a(sfil_png.o) (png_get_valid)
c:/devkitPro/portlibs/armv6k/lib\libpng.a(pngmem.o)
                              c:/devkitPro/portlibs/armv6k/lib\libpng.a(png.o) (png_calloc)
c:/devkitPro/portlibs/armv6k/lib\libpng.a(pngread.o)
                              c:/devkitPro/libctru/lib\libsfil.a(sfil_png.o) (png_create_read_struct)
c:/devkitPro/portlibs/armv6k/lib\libpng.a(pngrio.o)
                              c:/devkitPro/libctru/lib\libsfil.a(sfil_png.o) (png_set_read_fn)
c:/devkitPro/portlibs/armv6k/lib\libpng.a(pngrtran.o)
                              c:/devkitPro/portlibs/armv6k/lib\libpng.a(pngread.o) (png_set_background_fixed)
c:/devkitPro/portlibs/armv6k/lib\libpng.a(pngrutil.o)
                              c:/devkitPro/portlibs/armv6k/lib\libpng.a(pngread.o) (png_read_sig)
c:/devkitPro/portlibs/armv6k/lib\libpng.a(pngset.o)
                              c:/devkitPro/portlibs/armv6k/lib\libpng.a(pngrutil.o) (png_set_bKGD)
c:/devkitPro/portlibs/armv6k/lib\libpng.a(pngtrans.o)
                              c:/devkitPro/portlibs/armv6k/lib\libpng.a(pngread.o) (png_set_bgr)
c:/devkitPro/portlibs/armv6k/lib\libpng.a(pngwrite.o)
                              c:/devkitPro/portlibs/armv6k/lib\libpng.a(png.o) (png_destroy_write_struct)
c:/devkitPro/portlibs/armv6k/lib\libpng.a(pngwtran.o)
                              c:/devkitPro/portlibs/armv6k/lib\libpng.a(pngwrite.o) (png_do_write_transformations)
c:/devkitPro/portlibs/armv6k/lib\libpng.a(pngwutil.o)
                              c:/devkitPro/portlibs/armv6k/lib\libpng.a(png.o) (png_save_uint_32)
c:/devkitPro/portlibs/armv6k/lib\libpng.a(pngwio.o)
                              c:/devkitPro/portlibs/armv6k/lib\libpng.a(pngwutil.o) (png_write_data)
c:/devkitPro/libctru/lib\libsftd.a(sftd.o)
                              main.o (sftd_init)
c:/devkitPro/libctru/lib\libsftd.a(texture_atlas.o)
                              c:/devkitPro/libctru/lib\libsftd.a(sftd.o) (texture_atlas_create)
c:/devkitPro/libctru/lib\libsftd.a(bin_packing_2d.o)
                              c:/devkitPro/libctru/lib\libsftd.a(texture_atlas.o) (bp2d_create)
c:/devkitPro/libctru/lib\libsftd.a(int_htab.o)
                              c:/devkitPro/libctru/lib\libsftd.a(texture_atlas.o) (int_htab_create)
c:/devkitPro/portlibs/armv6k/lib\libfreetype.a(ftinit.o)
                              c:/devkitPro/libctru/lib\libsftd.a(sftd.o) (FT_Init_FreeType)
c:/devkitPro/portlibs/armv6k/lib\libfreetype.a(ftbase.o)
                              c:/devkitPro/libctru/lib\libsftd.a(sftd.o) (FT_Get_Kerning)
c:/devkitPro/portlibs/armv6k/lib\libfreetype.a(truetype.o)
                              c:/devkitPro/portlibs/armv6k/lib\libfreetype.a(ftinit.o) (tt_driver_class)
c:/devkitPro/portlibs/armv6k/lib\libfreetype.a(type1.o)
                              c:/devkitPro/portlibs/armv6k/lib\libfreetype.a(ftinit.o) (t1_driver_class)
c:/devkitPro/portlibs/armv6k/lib\libfreetype.a(cff.o)
                              c:/devkitPro/portlibs/armv6k/lib\libfreetype.a(ftinit.o) (cff_driver_class)
c:/devkitPro/portlibs/armv6k/lib\libfreetype.a(type1cid.o)
                              c:/devkitPro/portlibs/armv6k/lib\libfreetype.a(ftinit.o) (t1cid_driver_class)
c:/devkitPro/portlibs/armv6k/lib\libfreetype.a(pfr.o)
                              c:/devkitPro/portlibs/armv6k/lib\libfreetype.a(ftinit.o) (pfr_driver_class)
c:/devkitPro/portlibs/armv6k/lib\libfreetype.a(type42.o)
                              c:/devkitPro/portlibs/armv6k/lib\libfreetype.a(ftinit.o) (t42_driver_class)
c:/devkitPro/portlibs/armv6k/lib\libfreetype.a(winfnt.o)
                              c:/devkitPro/portlibs/armv6k/lib\libfreetype.a(ftinit.o) (winfnt_driver_class)
c:/devkitPro/portlibs/armv6k/lib\libfreetype.a(pcf.o)
                              c:/devkitPro/portlibs/armv6k/lib\libfreetype.a(ftinit.o) (pcf_driver_class)
c:/devkitPro/portlibs/armv6k/lib\libfreetype.a(bdf.o)
                              c:/devkitPro/portlibs/armv6k/lib\libfreetype.a(ftinit.o) (bdf_driver_class)
c:/devkitPro/portlibs/armv6k/lib\libfreetype.a(sfnt.o)
                              c:/devkitPro/portlibs/armv6k/lib\libfreetype.a(ftinit.o) (sfnt_module_class)
c:/devkitPro/portlibs/armv6k/lib\libfreetype.a(autofit.o)
                              c:/devkitPro/portlibs/armv6k/lib\libfreetype.a(ftinit.o) (autofit_module_class)
c:/devkitPro/portlibs/armv6k/lib\libfreetype.a(pshinter.o)
[...]
Memory Configuration

Name             Origin             Length             Attributes
*default*        0x00000000         0xffffffff

Linker script and memory map

                0x00100000                . = 0x100000
                0x00100000                __start__ = .

.text           0x00100000    0xd2e7c
 *(.crt0)
 .crt0          0x00100000       0x94 c:/devkitpro/devkitarm/bin/../lib/gcc/arm-none-eabi/4.9.2/../../../../arm-none-eabi/lib/armv6k/fpu/3dsx_crt0.o
                0x00100000                _start
                0x00100008                __service_ptr
                0x0010000c                __apt_appid
                0x00100010                __heap_size
                0x00100014                __linear_heap_size
                0x00100018                __system_arglist
                0x0010001c                __system_runflags
 *(.init)
 .init          0x00100094        0xc c:/devkitpro/devkitarm/bin/../lib/gcc/arm-none-eabi/4.9.2/armv6k/fpu/crti.o
                0x00100094                _init
 .init          0x001000a0        0xc c:/devkitpro/devkitarm/bin/../lib/gcc/arm-none-eabi/4.9.2/armv6k/fpu/crtn.o
                0x001000ac                . = ALIGN (0x4)
 *(.text)
 .text          0x001000ac        0x0 c:/devkitpro/devkitarm/bin/../lib/gcc/arm-none-eabi/4.9.2/../../../../arm-none-eabi/lib/armv6k/fpu/3dsx_crt0.o
 .text          0x001000ac        0x0 c:/devkitpro/devkitarm/bin/../lib/gcc/arm-none-eabi/4.9.2/armv6k/fpu/crti.o
 .text          0x001000ac      0x108 c:/devkitpro/devkitarm/bin/../lib/gcc/arm-none-eabi/4.9.2/armv6k/fpu/crtbegin.o
 .text          0x001001b4        0x0 eightbit.ttf.o
 .text          0x001001b4        0x0 friskBack0.png.o
 .text          0x001001b4        0x0 friskBack1.png.o
 .text          0x001001b4        0x0 friskBack2.png.o
 .text          0x001001b4        0x0 friskBack3.png.o
 .text          0x001001b4        0x0 friskFace0.png.o
 .text          0x001001b4        0x0 friskFace1.png.o
 .text          0x001001b4        0x0 friskFace2.png.o
 .text          0x001001b4        0x0 friskFace3.png.o
 .text          0x001001b4        0x0 friskLeft0.png.o
 .text          0x001001b4        0x0 friskLeft1.png.o
 .text          0x001001b4        0x0 friskRight0.png.o
 .text          0x001001b4        0x0 friskRight1.png.o
 .text          0x001001b4        0x0 torielHouse-old.png.o
 .text          0x001001b4        0x0 torielHouse1.png.o
 .text          0x001001b4        0x0 torielHouse2.png.o
 .text          0x001001b4        0x0 torielHouse3.png.o
 .text          0x001001b4        0x0 torielHouse4.png.o
 .text          0x001001b4        0x0 torielHouse5.png.o
 .text          0x001001b4        0x0 torielHouse6.png.o
 *fill*         0x001001b4        0x4 
 .text          0x001001b8      0x208 main.o
                0x001001b8                render
                0x00100360                timerStep
 .text          0x001003c0      0x3e8 c:/devkitPro/libctru/lib\libsfil.a(sfil_png.o)
                0x001006c0                sfil_load_PNG_file
                0x0010075c                sfil_load_PNG_buffer
 .text          0x001007a8     0x6cc8 c:/devkitPro/portlibs/armv6k/lib\libpng.a(png.o)
                0x001007a8                png_zalloc
                0x00100800                png_zfree
                0x00101100                png_set_sig_bytes
                0x00101140                png_sig_cmp
                0x001011b0                png_reset_crc
                0x001011d0                png_calculate_crc
                0x00101224                png_user_version_check
                0x00101324                png_create_png_struct
                0x00101438                png_create_info_struct
                0x00101478                png_destroy_info_struct
                0x00101800                png_info_init_3
                0x00101858                png_data_freer
                0x001018a4                png_free_data
                0x001018b4                png_get_io_ptr
                0x001018c0                png_init_io
                0x001018cc                png_save_int_32
                0x001018d0                png_convert_to_rfc1123_buffer
                0x00101ab4                png_convert_to_rfc1123
                0x00101ca8                png_get_copyright
                0x00101cb4                png_get_libpng_ver
                0x00101cc0                png_get_header_ver
                0x00101ccc                png_get_header_version
                0x00101cd8                png_build_grayscale_palette
                0x00101d38                png_handle_as_unknown
                0x00101dac                png_chunk_unknown_handling
                0x00101e3c                png_reset_zstream
                0x00101e54                png_access_version_number
                0x00101e60                png_zstream_error
                0x00101f44                png_colorspace_set_gamma
                0x001020b0                png_colorspace_sync_info
                0x00102120                png_colorspace_sync
                0x001021a8                png_colorspace_set_sRGB
                0x0010242c                png_icc_check_length
                0x001025c4                png_icc_check_header
                0x00102920                png_icc_check_tag_table
                0x00102a58                png_icc_set_sRGB
                0x00102cac                png_colorspace_set_ICC
                0x00103084                png_colorspace_set_rgb_coefficients
                0x0010332c                png_check_IHDR
                0x001035e4                png_check_fp_number
                0x0010387c                png_check_fp_string
                0x00103b3c                png_ascii_from_fp
                0x00104468                png_ascii_from_fixed
                0x00104898                png_fixed
                0x00104920                png_muldiv
                0x001049d8                png_muldiv_warn
                0x00104a94                png_reciprocal
                0x00104b20                png_colorspace_set_endpoints
                0x00105b20                png_colorspace_set_chromaticities
                0x001065f4                png_gamma_significant
                0x00106614                png_reciprocal2
                0x001066d0                png_gamma_8bit_correct
                0x00106758                png_gamma_16bit_correct
                0x001067ec                png_gamma_correct
                0x001068fc                png_destroy_gamma_table
                0x00106a30                png_build_gamma_table
                0x0010736c                png_set_option
                0x001073cc                png_image_free
                0x00107408                png_image_error
 .text          0x00107470     0x1a6c c:/devkitPro/portlibs/armv6k/lib\libpng.a(pngerror.o)
                0x001076dc                png_safecat
                0x00107750                png_format_number
                0x001078bc                png_warning
                0x00107a04                png_warning_parameter
                0x00107a80                png_warning_parameter_unsigned
                0x00107b14                png_warning_parameter_signed
                0x00107be0                png_formatted_warning
                0x00107eb8                png_chunk_warning
                0x00108064                png_free_jmpbuf
                0x001080f4                png_longjmp
                0x00108120                png_error
                0x00108180                png_app_warning
                0x001082d8                png_app_error
                0x00108430                png_chunk_error
                0x0010845c                png_chunk_benign_error
                0x00108600                png_benign_error
                0x001088d0                png_fixed_error
                0x00108950                png_set_longjmp_fn
                0x00108a34                png_chunk_report
                0x00108d0c                png_set_error_fn
                0x00108d20                png_get_error_ptr
                0x00108d2c                png_safe_error
                0x00108dd0                png_safe_warning
                0x00108e44                png_safe_execute
 *fill*         0x00108edc        0x4 
 .text          0x00108ee0     0x12d0 c:/devkitPro/portlibs/armv6k/lib\libpng.a(pngget.o)
                0x00108ee0                png_get_valid
                0x00108efc                png_get_rowbytes
                0x00108f14                png_get_rows
                0x00108f2c                png_get_image_width
                0x00108f44                png_get_image_height
                0x00108f5c                png_get_bit_depth
                0x00108f74                png_get_color_type
                0x00108f8c                png_get_filter_type
                0x00108fa4                png_get_interlace_type
                0x00108fbc                png_get_compression_type
                0x00108fd4                png_get_x_pixels_per_meter
                0x00109008                png_get_y_pixels_per_meter
                0x0010903c                png_get_pixels_per_meter
                0x00109088                png_get_pixel_aspect_ratio
                0x001090d0                png_get_pixel_aspect_ratio_fixed
                0x00109160                png_get_x_offset_microns
                0x00109194                png_get_y_offset_microns
                0x001091c8                png_get_x_offset_pixels
                0x001091fc                png_get_y_offset_pixels
                0x00109230                png_get_pixels_per_inch
                0x001092bc                png_get_x_pixels_per_inch
                0x00109338                png_get_y_pixels_per_inch
                0x001093b4                png_get_x_offset_inches_fixed
                0x00109404                png_get_y_offset_inches_fixed
                0x00109454                png_get_x_offset_inches
                0x001094a4                png_get_y_offset_inches
                0x001094f4                png_get_pHYs_dpi
                0x001095c0                png_get_channels
                0x001095d8                png_get_signature
                0x001095f0                png_get_bKGD
                0x0010962c                png_get_cHRM
                0x00109740                png_get_cHRM_XYZ
                0x00109870                png_get_cHRM_XYZ_fixed
                0x00109948                png_get_cHRM_fixed
                0x00109a0c                png_get_gAMA_fixed
                0x00109a44                png_get_gAMA
                0x00109a98                png_get_sRGB
                0x00109ad4                png_get_iCCP
                0x00109b78                png_get_sPLT
                0x00109ba8                png_get_hIST
                0x00109be4                png_get_IHDR
                0x00109ca0                png_get_oFFs
                0x00109d0c                png_get_pCAL
                0x00109ddc                png_get_sCAL_fixed
                0x00109e64                png_get_sCAL
                0x00109ebc                png_get_sCAL_s
                0x00109f00                png_get_pHYs
                0x00109f60                png_get_PLTE
                0x00109fa4                png_get_sBIT
                0x00109fe0                png_get_text
                0x0010a028                png_get_tIME
                0x0010a064                png_get_tRNS
                0x0010a0f4                png_get_unknown_chunks
                0x0010a124                png_get_rgb_to_gray_status
                0x0010a130                png_get_user_chunk_ptr
                0x0010a13c                png_get_compression_buffer_size
                0x0010a158                png_get_user_width_max
                0x0010a164                png_get_user_height_max
                0x0010a170                png_get_chunk_cache_max
                0x0010a17c                png_get_chunk_malloc_max
                0x0010a188                png_get_io_state
                0x0010a190                png_get_io_chunk_type
                0x0010a198                png_get_palette_max
 .text          0x0010a1b0      0x3ec c:/devkitPro/portlibs/armv6k/lib\libpng.a(pngmem.o)
                0x0010a1b0                png_destroy_png_struct
                0x0010a218                png_calloc
                0x0010a290                png_malloc_base
                0x0010a2c0                png_malloc_array
                0x0010a33c                png_realloc_array
                0x0010a444                png_malloc
                0x0010a4a0                png_malloc_default
                0x0010a4e0                png_malloc_warn
                0x0010a544                png_free
                0x0010a568                png_free_default
                0x0010a57c                png_set_mem_fn
                0x0010a590                png_get_mem_ptr
 .text          0x0010a59c     0x76f8 c:/devkitPro/portlibs/armv6k/lib\libpng.a(pngread.o)
                0x001101e8                png_create_read_struct
                0x00110240                png_create_read_struct_2
                0x0011029c                png_read_info
                0x001102ac                png_read_update_info
                0x001102f0                png_start_read_image
                0x00110314                png_read_row
                0x0011066c                png_read_rows
                0x00110a60                png_read_image
                0x00110dfc                png_read_end
                0x0011128c                png_destroy_read_struct
                0x00111510                png_set_read_status_fn
                0x0011151c                png_read_png
                0x001117d4                png_image_begin_read_from_stdio
                0x00111984                png_image_begin_read_from_file
                0x00111a4c                png_image_begin_read_from_memory
                0x00111ae8                png_image_finish_read
 .text          0x00111c94       0xac c:/devkitPro/portlibs/armv6k/lib\libpng.a(pngrio.o)
                0x00111c94                png_default_read_data
                0x00111cd0                png_read_data
                0x00111cf0                png_set_read_fn
 .text          0x00111d40     0x5ff8 c:/devkitPro/portlibs/armv6k/lib\libpng.a(pngrtran.o)
                0x0011308c                png_set_crc_action
                0x00113168                png_set_background_fixed
                0x00113220                png_set_background
                0x001132f8                png_set_scale_16
                0x00113330                png_set_strip_16
                0x00113368                png_set_strip_alpha
                0x001133a0                png_set_alpha_mode_fixed
                0x0011359c                png_set_alpha_mode
                0x0011384c                png_set_quantize
                0x001140f4                png_set_gamma_fixed
                0x001141fc                png_set_gamma
                0x00114430                png_set_expand
                0x0011446c                png_set_palette_to_rgb
                0x001144a8                png_set_expand_gray_1_2_4_to_8
                0x001144e0                png_set_tRNS_to_alpha
                0x0011451c                png_set_expand_16
                0x00114558                png_set_gray_to_rgb
                0x00114590                png_set_rgb_to_gray_fixed
                0x001146e8                png_set_rgb_to_gray
                0x0011488c                png_set_read_user_transform_fn
                0x001148a0                png_init_read_transformations
                0x00115588                png_read_transform_info
                0x00115854                png_do_read_transformations
 .text          0x00117d38     0x5320 c:/devkitPro/portlibs/armv6k/lib\libpng.a(pngrutil.o)
                0x00118970                png_get_uint_31
                0x001189ac                png_get_uint_32
                0x001189d0                png_get_int_32
                0x00118a08                png_get_uint_16
                0x00118a1c                png_read_sig
                0x00118ac8                png_read_chunk_header
                0x00118c38                png_crc_read
                0x00118c68                png_crc_finish
                0x00118de8                png_crc_error
                0x00118e88                png_handle_IHDR
                0x00119000                png_handle_PLTE
                0x00119250                png_handle_IEND
                0x001192a4                png_handle_gAMA
                0x00119388                png_handle_sBIT
                0x0011959c                png_handle_cHRM
                0x0011985c                png_handle_sRGB
                0x00119964                png_handle_iCCP
                0x00119f48                png_handle_sPLT
                0x0011a268                png_handle_tRNS
                0x0011a4a4                png_handle_bKGD
                0x0011a6d4                png_handle_hIST
                0x0011a80c                png_handle_pHYs
                0x0011a948                png_handle_oFFs
                0x0011aae8                png_handle_pCAL
                0x0011ae98                png_handle_sCAL
                0x0011b120                png_handle_tIME
                0x0011b234                png_handle_tEXt
                0x0011b3f4                png_handle_zTXt
                0x0011b648                png_handle_iTXt
                0x0011b9b0                png_handle_unknown
                0x0011bd08                png_check_chunk_name
                0x0011bdd0                png_combine_row
                0x0011c2c0                png_do_read_interlace
                0x0011c74c                png_read_filter_row
                0x0011c7d4                png_read_IDAT_data
                0x0011cb50                png_read_finish_IDAT
                0x0011cbc8                png_read_finish_row
                0x0011cd18                png_read_start_row
 .text          0x0011d058     0x1eb8 c:/devkitPro/portlibs/armv6k/lib\libpng.a(pngset.o)
                0x0011d3b8                png_set_bKGD
                0x0011d404                png_set_cHRM_fixed
                0x0011d494                png_set_cHRM_XYZ_fixed
                0x0011d52c                png_set_cHRM
                0x0011d680                png_set_cHRM_XYZ
                0x0011d7f4                png_set_gAMA_fixed
                0x0011d824                png_set_gAMA
                0x0011d868                png_set_hIST
                0x0011d914                png_set_IHDR
                0x0011d9f0                png_set_oFFs
                0x0011da1c                png_set_pCAL
                0x0011dc9c                png_set_sCAL_s
                0x0011de00                png_set_sCAL
                0x0011dfcc                png_set_sCAL_fixed
                0x0011e17c                png_set_pHYs
                0x0011e1a8                png_set_PLTE
                0x0011e2dc                png_set_sBIT
                0x0011e320                png_set_sRGB
                0x0011e350                png_set_sRGB_gAMA_and_cHRM
                0x0011e390                png_set_iCCP
                0x0011e4e4                png_set_text
                0x0011e528                png_set_text_2
                0x0011e560                png_set_tIME
                0x0011e600                png_set_tRNS
                0x0011e740                png_set_sPLT
                0x0011e8b0                png_set_unknown_chunks
                0x0011ea40                png_set_unknown_chunk_location
                0x0011eaec                png_permit_mng_features
                0x0011eb00                png_set_keep_unknown_chunks
                0x0011edb4                png_set_read_user_chunk_fn
                0x0011edc4                png_set_rows
                0x0011ee20                png_set_compression_buffer_size
                0x0011eea4                png_set_invalid
                0x0011eebc                png_set_user_limits
                0x0011eecc                png_set_chunk_cache_max
                0x0011eed8                png_set_chunk_malloc_max
                0x0011eee4                png_set_benign_errors
                0x0011eefc                png_set_check_for_invalid_index
 .text          0x0011ef10      0xa8c c:/devkitPro/portlibs/armv6k/lib\libpng.a(pngtrans.o)
                0x0011ef10                png_set_bgr
                0x0011ef24                png_set_swap
                0x0011ef44                png_set_packing
                0x0011ef6c                png_set_packswap
                0x0011ef8c                png_set_shift
                0x0011efb4                png_set_interlace_handling
                0x0011efe4                png_set_filler
                0x0011f06c                png_set_add_alpha
                0x0011f114                png_set_swap_alpha
                0x0011f128                png_set_invert_alpha
                0x0011f13c                png_set_invert_mono
                0x0011f150                png_do_invert
                0x0011f340                png_do_swap
                0x0011f38c                png_do_packswap
                0x0011f3f8                png_do_strip_channel
                0x0011f624                png_do_bgr
                0x0011f760                png_do_check_palette_indexes
                0x0011f92c                png_set_user_transform_info
                0x0011f970                png_get_user_transform_ptr
                0x0011f97c                png_get_current_row_number
                0x0011f98c                png_get_current_pass_number
 .text          0x0011f99c     0x37ac c:/devkitPro/portlibs/armv6k/lib\libpng.a(pngwrite.o)
                0x0011ffb0                png_write_info_before_PLTE
                0x001205f0                png_write_info
                0x00120600                png_write_end
                0x0012084c                png_convert_from_struct_tm
                0x0012088c                png_convert_from_time_t
                0x001208ec                png_create_write_struct
                0x00120978                png_create_write_struct_2
                0x00120a08                png_write_rows
                0x00120dd8                png_write_image
                0x001211b8                png_write_row
                0x00121c60                png_set_flush
                0x00121c70                png_write_flush
                0x00121cb4                png_destroy_write_struct
                0x00121d64                png_set_filter
                0x00122700                png_set_filter_heuristics
                0x00122704                png_set_filter_heuristics_fixed
                0x00122708                png_set_compression_level
                0x00122714                png_set_compression_mem_level
                0x00122720                png_set_compression_strategy
                0x00122738                png_set_compression_window_bits
                0x0012278c                png_set_compression_method
                0x001227bc                png_set_text_compression_level
                0x001227c8                png_set_text_compression_mem_level
                0x001227d4                png_set_text_compression_strategy
                0x001227e0                png_set_text_compression_window_bits
                0x00122834                png_set_text_compression_method
                0x00122864                png_set_write_status_fn
                0x00122870                png_set_write_user_transform_fn
                0x00122888                png_write_png
                0x00122db8                png_image_write_to_stdio
                0x00123008                png_image_write_to_file
 .text          0x00123148      0x778 c:/devkitPro/portlibs/armv6k/lib\libpng.a(pngwtran.o)
                0x00123148                png_do_write_transformations
 .text          0x001238c0     0x40cc c:/devkitPro/portlibs/armv6k/lib\libpng.a(pngwutil.o)
                0x00124274                png_save_uint_32
                0x00124294                png_save_uint_16
                0x001242a4                png_write_sig
                0x00124300                png_write_chunk_start
                0x001243ac                png_write_chunk_data
                0x001243e8                png_write_chunk_end
                0x00124434                png_write_chunk
                0x00124560                png_free_buffer_list
                0x00124598                png_write_IHDR
                0x00124930                png_write_PLTE
                0x00124b00                png_compress_IDAT
                0x00124f3c                png_write_IEND
                0x00125004                png_write_gAMA_fixed
                0x00125104                png_write_sRGB
                0x0012520c                png_write_iCCP
                0x00125474                png_write_sPLT
                0x001256c4                png_write_sBIT
                0x001257cc                png_write_cHRM_fixed
                0x00125920                png_write_tRNS
                0x00125af8                png_write_bKGD
                0x00125cf8                png_write_hIST
                0x00125e34                png_write_tEXt
                0x00125fe4                png_write_zTXt
                0x0012622c                png_write_iTXt
                0x001265f4                png_write_oFFs
                0x0012671c                png_write_pCAL
                0x00126a2c                png_write_sCAL_s
                0x00126ad0                png_write_pHYs
                0x00126c1c                png_write_tIME
                0x00126cb8                png_write_start_row
                0x00126e0c                png_write_finish_row
                0x00126f4c                png_do_write_interlace
                0x001271bc                png_write_find_filter
 .text          0x0012798c       0xd8 c:/devkitPro/portlibs/armv6k/lib\libpng.a(pngwio.o)
                0x0012798c                png_default_write_data
                0x001279c8                png_default_flush
                0x001279d8                png_write_data
                0x001279f8                png_flush
                0x00127a08                png_set_write_fn
 .text          0x00127a64     0x10ac c:/devkitPro/libctru/lib\libsftd.a(sftd.o)
                0x00127bd4                sftd_init
                0x00127c14                sftd_fini
                0x00127c58                sftd_load_font_file
                0x00127d38                sftd_load_font_mem
                0x00127dfc                sftd_free_font
                0x00127e4c                sftd_draw_text
                0x00128074                sftd_draw_textf
                0x001280d4                sftd_draw_wtext
                0x001282fc                sftd_draw_wtextf
                0x00128368                sftd_get_text_width
                0x00128510                sftd_draw_text_wrap
                0x001287f0                sftd_calc_bounding_box
                0x00128aa8                sftd_draw_textf_wrap
 .text          0x00128b10      0x244 c:/devkitPro/libctru/lib\libsftd.a(texture_atlas.o)
                0x00128b10                texture_atlas_create
                0x00128b8c                texture_atlas_free
                0x00128bb8                texture_atlas_insert
                0x00128cd0                texture_atlas_exists
                0x00128ce8                texture_atlas_get
 .text          0x00128d54      0x1c8 c:/devkitPro/libctru/lib\libsftd.a(bin_packing_2d.o)
                0x00128d54                bp2d_create
                0x00128da0                bp2d_free
                0x00128dd4                bp2d_insert
 .text          0x00128f1c      0x33c c:/devkitPro/libctru/lib\libsftd.a(int_htab.o)
                0x00128f1c                int_htab_create
                0x00128f64                int_htab_free
                0x00128fb0                int_htab_insert
                0x0012909c                int_htab_resize
                0x00129110                int_htab_find
                0x001291b0                int_htab_erase
 .text          0x00129258       0xc8 c:/devkitPro/portlibs/armv6k/lib\libfreetype.a(ftinit.o)
                0x00129258                FT_Add_Default_Modules
                0x00129288                FT_Init_FreeType
                0x001292f4                FT_Done_FreeType
 .text          0x00129320     0xd0bc c:/devkitPro/portlibs/armv6k/lib\libfreetype.a(ftbase.o)
                0x00129e4c                FT_RoundFix
                0x00129e60                FT_CeilFix
                0x00129e74                FT_FloorFix
                0x00129e80                FT_Hypot
                0x00129fa4                FT_MulDiv
                0x0012a0a4                FT_MulDiv_No_Round
                0x0012a184                FT_MulFix
                0x0012a1a4                FT_DivFix
                0x0012a2b4                FT_Matrix_Multiply
                0x0012a3e4                FT_Matrix_Invert
                0x0012a4a8                FT_Matrix_Multiply_Scaled
                0x0012a5b0                FT_Vector_Transform_Scaled
                0x0012a808                FT_Vector_NormLen
                0x0012a9bc                ft_corner_orientation
                0x0012aad0                ft_corner_is_flat
                0x0012ab60                FT_GlyphLoader_New
                0x0012aba4                FT_GlyphLoader_Rewind
                0x0012abdc                FT_GlyphLoader_Reset
                0x0012b2ac                FT_GlyphLoader_Done
                0x0012b3b0                FT_GlyphLoader_CreateExtra
                0x0012b490                FT_GlyphLoader_CheckSubGlyphs
                0x0012b5bc                FT_GlyphLoader_Prepare
                0x0012b638                FT_GlyphLoader_Add
                0x0012b86c                ft_service_list_lookup
                0x0012b8cc                ft_validator_init
                0x0012b8e4                ft_validator_run
                0x0012b8ec                ft_validator_error
                0x0012b900                FT_Stream_New
                0x0012ba18                FT_Stream_Free
                0x0012ba5c                ft_glyphslot_free_bitmap
                0x0012bac0                ft_glyphslot_set_bitmap
                0x0012bb18                ft_glyphslot_alloc_bitmap
                0x0012bbc8                FT_New_GlyphSlot
                0x0012bd34                FT_Done_GlyphSlot
                0x0012bdc8                FT_Set_Transform
                0x0012be7c                FT_Attach_File
                0x0012bf7c                FT_Attach_Stream
                0x0012c110                FT_Reference_Face
                0x0012c130                FT_Done_Face
                0x0012c204                FT_New_Size
                0x0012c384                FT_Done_Size
                0x0012c4bc                FT_Match_Size
                0x0012c5ec                ft_synthesize_vertical_metrics
                0x0012c65c                FT_Select_Metrics
                0x0012c8f8                FT_Request_Metrics
                0x0012cc84                FT_Select_Size
                0x0012ccf0                FT_Request_Size
                0x0012cd80                FT_Set_Char_Size
                0x0012ce48                FT_Set_Pixel_Sizes
                0x0012cf1c                FT_Get_Kerning
                0x0012d044                FT_Get_Track_Kerning
                0x0012d0c4                FT_Select_Charmap
                0x0012d1d4                FT_Set_Charmap
                0x0012d2bc                FT_Get_Charmap_Index
                0x0012d328                FT_Get_Char_Index
                0x0012d370                FT_Get_First_Char
                0x0012d434                FT_Get_Next_Char
                0x0012d4cc                FT_Face_GetCharVariantIndex
                0x0012d5dc                FT_Face_GetCharVariantIsDefault
                0x0012d6c4                FT_Face_GetVariantSelectors
                0x0012d7a4                FT_Face_GetVariantsOfChar
                0x0012d88c                FT_Face_GetCharsOfVariant
                0x0012d974                FT_Get_Name_Index
                0x0012da20                FT_Get_Glyph_Name
                0x0012db0c                FT_Get_Postscript_Name
                0x0012db94                FT_Get_Sfnt_Table
                0x0012dc00                FT_Load_Sfnt_Table
                0x0012dc84                FT_Sfnt_Table_Info
                0x0012dd10                FT_Get_CMap_Language_ID
                0x0012dd90                FT_Get_CMap_Format
                0x0012de0c                FT_Activate_Size
                0x0012de48                FT_Lookup_Renderer
                0x0012deac                FT_Get_Renderer
                0x0012defc                FT_Set_Renderer
                0x0012dffc                FT_Render_Glyph_Internal
                0x0012e0f4                FT_Render_Glyph
                0x0012e124                FT_Get_Module
                0x0012e190                FT_Get_Module_Interface
                0x0012e200                ft_module_get_service
                0x0012e284                FT_Remove_Module
                0x0012e2a8                FT_Property_Set
                0x0012e39c                FT_Property_Get
                0x0012e490                FT_Reference_Library
                0x0012e4ac                FT_New_Library
                0x0012e528                FT_Library_Version
                0x0012e560                FT_Done_Library
                0x0012e72c                FT_Set_Debug_Hook
                0x0012e758                FT_Get_TrueType_Engine_Type
                0x0012e82c                FT_Get_SubGlyph_Info
                0x0012e8c0                FT_Outline_Decompose
                0x0012ecd0                FT_Outline_Check
                0x0012ed78                FT_Outline_Copy
                0x0012ee20                FT_Outline_Done_Internal
                0x0012eecc                FT_Outline_Done
                0x0012ef8c                FT_Outline_Get_CBox
                0x0012f028                FT_Outline_Translate
                0x0012f07c                FT_Outline_Reverse
                0x0012f148                FT_Outline_Render
                0x0012f218                FT_Outline_Get_Bitmap
                0x0012f2f4                FT_Vector_Transform
                0x0012f39c                FT_Outline_Transform
                0x0012fb38                FT_Load_Glyph
                0x0012fef4                FT_Get_Advances
                0x0012ff6c                FT_Get_Advance
                0x0013026c                FT_Load_Char
                0x001302d0                FT_Outline_Get_Orientation
                0x0013041c                FT_Outline_EmboldenXY
                0x00130800                FT_Outline_Embolden
                0x00130808                FT_Raccess_Guess
                0x00130920                FT_Get_Sfnt_Name_Count
                0x00130944                FT_Stream_OpenMemory
                0x0013095c                FT_Stream_Close
                0x00130974                FT_Stream_Seek
                0x001309c0                FT_Stream_Skip
                0x00130a24                FT_Stream_Pos
                0x00130a2c                FT_Stream_Read
                0x00130ab0                FT_Stream_ReadAt
                0x00130b30                FT_Stream_TryRead
                0x00130ba0                FT_Stream_ExtractFrame
                0x00130ce0                FT_Stream_ReleaseFrame
                0x00130d20                FT_Stream_EnterFrame
                0x00130e40                FT_Stream_ExitFrame
                0x00130e84                FT_Stream_GetChar
                0x00130ea8                FT_Stream_GetUShort
                0x00130ed8                FT_Stream_GetUShortLE
                0x00130f08                FT_Stream_GetUOffset
                0x00130f44                FT_Stream_GetULong
                0x00130f88                FT_Stream_GetULongLE
                0x00130fcc                FT_Stream_ReadChar
                0x0013105c                FT_Stream_ReadUShort
                0x001310f4                FT_Raccess_Get_HeaderInfo
                0x00131364                FT_Stream_ReadUShortLE
                0x001313fc                FT_Stream_ReadUOffset
                0x001314a0                FT_Stream_ReadULong
                0x0013201c                FT_Stream_ReadULongLE
                0x001320c8                FT_Stream_ReadFields
                0x0013233c                FT_Cos
                0x00132408                FT_Sin
                0x001324d4                FT_Tan
                0x001325ac                FT_Atan2
                0x00132614                FT_Vector_Unit
                0x001326fc                FT_Vector_Rotate
                0x00132944                FT_Vector_Length
                0x00132a8c                FT_Vector_Polarize
                0x00132bdc                FT_Vector_From_Polar
                0x00132e10                FT_Angle_Diff
                0x00132e4c                ft_mem_alloc
                0x00132eac                FT_Add_Module
                0x001331bc                ft_mem_qalloc
                0x00133200                ft_mem_realloc
                0x00133304                FT_GlyphLoader_CheckPoints
                0x0013352c                FT_CMap_Done
                0x00133660                FT_CMap_New
                0x001337cc                FT_Outline_New_Internal
                0x00133930                FT_Raccess_Get_DataOffsets
                0x00134884                FT_Open_Face
                0x001351ac                FT_New_Face
                0x001351ec                FT_New_Memory_Face
                0x0013594c                FT_Get_Sfnt_Name
                0x00135a9c                FT_Outline_New
                0x00135be0                FT_GlyphLoader_CopyPoints
                0x00135f48                ft_mem_qrealloc
                0x00136068                ft_mem_free
                0x00136078                ft_mem_dup
                0x001360e8                ft_mem_strdup
                0x00136174                ft_mem_strcpyn
                0x001361d8                FT_List_Find
                0x0013621c                FT_List_Add
                0x00136250                FT_List_Insert
                0x00136284                FT_List_Remove
                0x001362b4                FT_List_Up
                0x001362f8                FT_List_Iterate
                0x0013634c                FT_List_Finalize
 .text          0x001363dc     0xc09c c:/devkitPro/portlibs/armv6k/lib\libfreetype.a(truetype.o)
                0x0013c958                TT_RunIns
                0x00140c90                TT_New_Context
 .text          0x00142478     0x5bfc c:/devkitPro/portlibs/armv6k/lib\libfreetype.a(type1.o)
 .text          0x00148074     0xe128 c:/devkitPro/portlibs/armv6k/lib\libfreetype.a(cff.o)
 .text          0x0015619c     0x1c90 c:/devkitPro/portlibs/armv6k/lib\libfreetype.a(type1cid.o)
 .text          0x00157e2c     0x3318 c:/devkitPro/portlibs/armv6k/lib\libfreetype.a(pfr.o)
 .text          0x0015b144     0x1e58 c:/devkitPro/portlibs/armv6k/lib\libfreetype.a(type42.o)
 .text          0x0015cf9c     0x10e4 c:/devkitPro/portlibs/armv6k/lib\libfreetype.a(winfnt.o)
 .text          0x0015e080     0x21b0 c:/devkitPro/portlibs/armv6k/lib\libfreetype.a(pcf.o)
 .text          0x00160230     0x5210 c:/devkitPro/portlibs/armv6k/lib\libfreetype.a(bdf.o)
 .text          0x00165440     0xa014 c:/devkitPro/portlibs/armv6k/lib\libfreetype.a(sfnt.o)
 .text          0x0016f454     0x8d0c c:/devkitPro/portlibs/armv6k/lib\libfreetype.a(autofit.o)
                0x0017811c                af_get_coverage
                0x00178124                af_get_char_index
 .text          0x00178160     0x4408 c:/devkitPro/portlibs/armv6k/lib\libfreetype.a(pshinter.o)
                0x0017b0f0                ps_hints_apply
 .text          0x0017c568      0xc64 c:/devkitPro/portlibs/armv6k/lib\libfreetype.a(raster.o)
 .text          0x0017d1cc     0x263c c:/devkitPro/portlibs/armv6k/lib\libfreetype.a(smooth.o)
 .text          0x0017f808     0x3c7c c:/devkitPro/portlibs/armv6k/lib\libfreetype.a(ftcache.o)
                0x0018177c                FTC_Manager_LookupSize
                0x001818d0                FTC_Manager_LookupFace
                0x00181998                FTC_Manager_New
                0x00181a9c                FTC_Manager_Done
                0x00181c00                FTC_Manager_Reset
                0x00181d54                FTC_Manager_RemoveFaceID
                0x00182008                FTC_Node_Unref
                0x00182030                FTC_CMapCache_New
                0x0018212c                FTC_CMapCache_Lookup
                0x001823c4                FTC_ImageCache_New
                0x001824c0                FTC_ImageCache_Lookup
                0x001827dc                FTC_ImageCache_LookupScaler
                0x00182ba0                FTC_SBitCache_New
                0x00182c9c                FTC_SBitCache_Lookup
                0x00183040                FTC_SBitCache_LookupScaler
 .text          0x00183484      0x9a4 c:/devkitPro/portlibs/armv6k/lib\libfreetype.a(ftgzip.o)
                0x00183794                FT_Stream_OpenGzip
                0x00183d20                FT_Gzip_Uncompress
 .text          0x00183e28     0x14a8 c:/devkitPro/portlibs/armv6k/lib\libfreetype.a(ftlzw.o)
                0x00184050                FT_Stream_OpenLZW
                0x00184238                ft_lzwstate_reset
                0x00184264                ft_lzwstate_init
                0x001842d0                ft_lzwstate_done
                0x00184340                ft_lzwstate_io
 .text          0x001852d0     0x6bb4 c:/devkitPro/portlibs/armv6k/lib\libfreetype.a(psaux.o)
 .text          0x0018be84      0xa78 c:/devkitPro/portlibs/armv6k/lib\libfreetype.a(psnames.o)
 .text          0x0018c8fc      0x194 c:/devkitPro/portlibs/armv6k/lib\libfreetype.a(ftsystem.o)
                0x0018c998                FT_Stream_Open
                0x0018ca48                FT_New_Memory
                0x0018ca8c                FT_Done_Memory
 .text          0x0018ca90      0xf78 c:/devkitPro/portlibs/armv6k/lib\libfreetype.a(ftbitmap.o)
                0x0018ca90                FT_Bitmap_Init
                0x0018cac0                FT_Bitmap_New
                0x0018caf0                FT_Bitmap_Copy
                0x0018cc9c                FT_Bitmap_Convert
                0x0018d1c0                FT_Bitmap_Embolden
                0x0018d8f8                FT_GlyphSlot_Own_Bitmap
                0x0018d9ac                FT_Bitmap_Done
 .text          0x0018da08      0x840 c:/devkitPro/portlibs/armv6k/lib\libfreetype.a(ftglyph.o)
                0x0018dc20                FT_Glyph_Copy
                0x0018dd14                FT_Get_Glyph
                0x0018de34                FT_Glyph_Transform
                0x0018de98                FT_Glyph_Get_CBox
                0x0018df3c                FT_Done_Glyph
                0x0018df70                FT_Glyph_To_Bitmap
 .text          0x0018e248      0x5c0 c:/devkitPro/portlibs/armv6k/lib\libz.a(adler32.o)
                0x0018e248                adler32
                0x0018e690                adler32_combine
                0x0018e74c                adler32_combine64
 .text          0x0018e808      0x5d8 c:/devkitPro/portlibs/armv6k/lib\libz.a(crc32.o)
                0x0018ea1c                get_crc_table
                0x0018ea28                crc32
                0x0018edd8                crc32_combine
                0x0018eddc                crc32_combine64
 .text          0x0018ede0     0x40e0 c:/devkitPro/portlibs/armv6k/lib\libz.a(deflate.o)
                0x0019045c                deflateSetDictionary
                0x00190674                deflateResetKeep
                0x0019074c                deflateReset
                0x001908b4                deflateSetHeader
                0x001908e8                deflatePending
                0x00190934                deflatePrime
                0x001909dc                deflateTune
                0x00190a14                deflateBound
                0x00190b28                deflate
                0x00192378                deflateParams
                0x00192494                deflateEnd
                0x001925b4                deflateInit2_
                0x0019297c                deflateInit_
                0x00192cbc                deflateCopy
 .text          0x00192ec0     0x2c58 c:/devkitPro/portlibs/armv6k/lib\libz.a(inflate.o)
                0x00192ec0                inflateResetKeep
                0x00192f50                inflateReset
                0x00192fec                inflateReset2
                0x0019310c                inflateInit2_
                0x00193294                inflateInit_
                0x001933f8                inflatePrime
                0x00193470                inflate
                0x0019530c                inflateEnd
                0x00195370                inflateGetDictionary
                0x00195408                inflateSetDictionary
                0x001955b0                inflateGetHeader
                0x001955ec                inflateSync
                0x001958a4                inflateSyncPoint
                0x001958e4                inflateCopy
                0x00195a90                inflateUndermine
                0x00195ac0                inflateMark
 .text          0x00195b18      0xbf4 c:/devkitPro/portlibs/armv6k/lib\libz.a(inftrees.o)
                0x00195b18                inflate_table
 .text          0x0019670c     0x257c c:/devkitPro/portlibs/armv6k/lib\libz.a(trees.o)
                0x00197c3c                _tr_init
                0x00197d08                _tr_stored_block
                0x00197e9c                _tr_flush_bits
                0x00197f38                _tr_align
                0x001980bc                _tr_flush_block
                0x00198bd0                _tr_tally
 .text          0x00198c88       0x38 c:/devkitPro/portlibs/armv6k/lib\libz.a(zutil.o)
                0x00198c88                zlibVersion
                0x00198c94                zlibCompileFlags
                0x00198c9c                zError
                0x00198cb0                zcalloc
                0x00198cb8                zcfree
 .text          0x00198cc0      0xbe4 c:/devkitPro/portlibs/armv6k/lib\libz.a(inffast.o)
                0x00198cc0                inflate_fast
 .text          0x001998a4      0x75c c:/devkitPro/libctru/lib\libsf2d.a(sf2d.o)
                0x00199abc                sf2d_init
                0x00199ae4                sf2d_init_advanced
                0x00199b04                sf2d_fini
                0x00199b68                sf2d_set_3D
                0x00199b74                sf2d_start_frame
                0x00199d04                sf2d_end_frame
                0x00199e1c                sf2d_swapbuffers
                0x00199ecc                sf2d_set_vblank_wait
                0x00199edc                sf2d_get_fps
                0x00199eec                sf2d_pool_malloc
                0x00199f18                sf2d_pool_memalign
                0x00199f58                sf2d_pool_space_free
                0x00199f70                sf2d_pool_reset
                0x00199f84                sf2d_set_clear_color
                0x00199f94                sf2d_set_scissor_test
                0x00199fe0                sf2d_get_current_screen
                0x00199ff0                sf2d_get_current_side
 .text          0x0019a000      0x4b8 c:/devkitPro/libctru/lib\libsf2d.a(sf2d_private.o)
                0x0019a000                GPU_SetDummyTexEnv
                0x0019a034                vector_mult_matrix4x4
                0x0019a0b8                matrix_gpu_set_uniform
                0x0019a0c8                matrix_copy
                0x0019a104                matrix_identity4x4
                0x0019a150                matrix_mult4x4
                0x0019a1c4                matrix_set_z_rotation
                0x0019a238                matrix_rotate_z
                0x0019a298                matrix_set_scaling
                0x0019a2e4                matrix_swap_xy
                0x0019a384                matrix_init_orthographic
                0x0019a498                next_pow2
 .text          0x0019a4b8     0x2138 c:/devkitPro/libctru/lib\libsf2d.a(sf2d_texture.o)
                0x0019a5dc                sf2d_create_texture
                0x0019a7dc                sf2d_free_texture
                0x0019a82c                sf2d_fill_texture_from_RGBA8
                0x0019a8e4                sf2d_create_texture_mem_RGBA8
                0x0019a928                sf2d_bind_texture
                0x0019a9a0                sf2d_bind_texture_color
                0x0019aa20                sf2d_bind_texture_parameters
                0x0019aa98                sf2d_texture_set_params
                0x0019aaa0                sf2d_texture_get_params
                0x0019aaa8                sf2d_draw_texture
                0x0019abe8                sf2d_draw_texture_blend
                0x0019ad2c                sf2d_draw_texture_rotate_hotspot
                0x0019aedc                sf2d_draw_texture_rotate_hotspot_blend
                0x0019b090                sf2d_draw_texture_rotate
                0x0019b254                sf2d_draw_texture_rotate_blend
                0x0019b41c                sf2d_draw_texture_part
                0x0019b598                sf2d_draw_texture_part_blend
                0x0019b718                sf2d_draw_texture_scale
                0x0019b880                sf2d_draw_texture_scale_blend
                0x0019b9ec                sf2d_draw_texture_part_scale
                0x0019bb40                sf2d_draw_texture_part_scale_blend
                0x0019bc98                sf2d_draw_texture_part_rotate_scale
                0x0019beb0                sf2d_draw_texture_part_rotate_scale_blend
                0x0019c0cc                sf2d_draw_texture_depth
                0x0019c22c                sf2d_draw_texture_depth_blend
                0x0019c390                sf2d_draw_quad_uv
                0x0019c4bc                sf2d_set_pixel
                0x0019c550                sf2d_get_pixel
                0x0019c5e0                sf2d_texture_tile32
 .text          0x0019c5f0        0x0 c:/devkitPro/libctru/lib\libsf2d.a(shader.vsh.o)
 .text          0x0019c5f0      0x1d4 c:/devkitPro/libctru/lib\libctru.a(linear.o)
                0x0019c618                linearMemAlign
                0x0019c758                linearAlloc
                0x0019c760                linearRealloc
                0x0019c768                linearFree
                0x0019c7b8                linearSpaceFree
 .text          0x0019c7c4      0x35c c:/devkitPro/libctru/lib\libctru.a(mem_pool.o)
                0x0019c7c4                MemPool::CoalesceRight(MemBlock*)
                0x0019c864                MemPool::Allocate(MemChunk&, unsigned long, int)
                0x0019c9ec                MemPool::Deallocate(MemChunk const&)
                0x0019caf0                MemPool::GetFreeSpace()
 .text          0x0019cb20      0x1c4 c:/devkitPro/libctru/lib\libctru.a(vram.o)
                0x0019cb48                vramMemAlign
                0x0019cc78                vramAlloc
                0x0019cc80                vramRealloc
                0x0019cc88                vramFree
                0x0019ccd8                vramSpaceFree
 .text          0x0019cce4      0x748 c:/devkitPro/libctru/lib\libctru.a(gfx.o)
                0x0019cd70                gfxSet3D
                0x0019cd80                gfxSetScreenFormat
                0x0019cd98                gfxGetScreenFormat
                0x0019cdb0                gfxSetDoubleBuffering
                0x0019cdc4                gfxSetFramebufferInfo
                0x0019ce34                gfxWriteFramebufferInfo
                0x0019cef8                gfxInit
                0x0019d0d8                gfxInitDefault
                0x0019d0e8                gfxExit
                0x0019d1d0                gfxGetFramebuffer
                0x0019d280                gfxFlushBuffers
                0x0019d35c                gfxSwapBuffers
                0x0019d3d0                gfxSwapBuffersGpu
 *fill*         0x0019d42c        0x4 
 .text          0x0019d430      0x550 c:/devkitPro/libctru/lib\libctru.a(os.o)
                0x0019d564                osConvertVirtToPhys
                0x0019d5b0                osConvertOldLINEARMemToNew
                0x0019d5d0                __libctru_gtod
                0x0019d6c4                osGetTime
                0x0019d738                osGetFirmVersion
                0x0019d74c                osGetKernelVersion
                0x0019d760                osStrError
                0x0019d780                osGetWifiStrength
                0x0019d790                __ctru_speedup_config
                0x0019d7c4                osSetSpeedupEnable
                0x0019d7d4                osGetSystemVersionData
                0x0019d904                osGetSystemVersionDataString
 .text          0x0019d980      0xa8c c:/devkitPro/libctru/lib\libctru.a(romfs_dev.o)
                0x0019e100                romfsInit
                0x0019e388                romfsInitFromFile
                0x0019e3b0                romfsExit
 .text          0x0019e40c      0x3b8 c:/devkitPro/libctru/lib\libctru.a(srv.o)
                0x0019e40c                __get_handle_from_list
                0x0019e4a4                __destroy_handle_list
                0x0019e4f8                srvExit
                0x0019e520                srvGetSessionHandle
                0x0019e52c                srvRegisterClient
                0x0019e564                srvInit
                0x0019e5cc                srvGetServiceHandle
                0x0019e64c                srvRegisterService
                0x0019e6a8                srvUnregisterService
                0x0019e6f4                srvPmInit
                0x0019e748                srvRegisterProcess
                0x0019e790                srvUnregisterProcess
 .text          0x0019e7c4     0x1a58 c:/devkitPro/libctru/lib\libctru.a(gpu.o)
                0x0019e844                GPU_Init
                0x0019e870                GPUCMD_SetBuffer
                0x0019e89c                GPUCMD_SetBufferOffset
                0x0019e8ac                GPUCMD_GetBuffer
                0x0019e8ec                GPUCMD_AddRawCommands
                0x0019e938                GPUCMD_Run
                0x0019e998                GPUCMD_FlushAndRun
                0x0019ea0c                GPUCMD_Add
                0x0019eaf0                GPUCMD_Finalize
                0x0019eb88                GPU_Reset
                0x0019f368                GPU_SetFloatUniform
                0x0019f3e0                GPU_SetViewport
                0x0019f5d4                GPU_SetScissorTest
                0x0019f620                GPU_DepthMap
                0x0019f69c                GPU_SetAlphaTest
                0x0019f6d4                GPU_SetStencilTest
                0x0019f71c                GPU_SetStencilOp
                0x0019f750                GPU_SetDepthTestAndWriteMask
                0x0019f788                GPU_SetAlphaBlending
                0x0019f7f0                GPU_SetColorLogicOp
                0x0019f834                GPU_SetBlendingColor
                0x0019f870                GPU_SetTextureEnable
                0x0019f8bc                GPU_SetTexture
                0x0019fa54                GPU_SetTextureBorderColor
                0x0019fae8                GPU_SetAttributeBuffers
                0x0019fce4                GPU_SetAttributeBuffersAddress
                0x0019fd10                GPU_SetFaceCulling
                0x0019fd3c                GPU_SetCombinerBufferWrite
                0x0019fd70                GPU_SetTexEnv
                0x0019fde8                GPU_DrawArray
                0x0019ff18                GPU_DrawElements
                0x001a004c                GPU_FinishDrawing
                0x001a00a8                GPU_SetShaderOutmap
                0x001a00f0                GPU_SendShaderCode
                0x001a01a8                GPU_SendOperandDescriptors
 .text          0x001a021c        0x0 c:/devkitPro/libctru/lib\libctru.a(gpuResetSequence.o)
 .text          0x001a021c      0x7f4 c:/devkitPro/libctru/lib\libctru.a(shaderProgram.o)
                0x001a021c                shaderInstanceInit
                0x001a0424                shaderInstanceFree
                0x001a045c                shaderInstanceSetBool
                0x001a049c                shaderInstanceGetBool
                0x001a04e8                shaderInstanceGetUniformLocation
                0x001a0508                shaderProgramInit
                0x001a0520                shaderProgramFree
                0x001a0550                shaderProgramSetVsh
                0x001a05bc                shaderProgramSetGsh
                0x001a0630                shaderProgramUse
 .text          0x001a0a10      0x348 c:/devkitPro/libctru/lib\libctru.a(shbin.o)
                0x001a0a10                DVLB_Free
                0x001a0a4c                DVLE_GetUniformRegister
                0x001a0ac8                DVLE_GenerateOutmap
                0x001a0bc0                DVLB_ParseFile
 .text          0x001a0d58     0x1e3c c:/devkitPro/libctru/lib\libctru.a(apt.o)
                0x001a0dbc                _aptDebug
                0x001a0dc0                aptInitCaptureInfo
                0x001a0e70                aptWaitStatusEvent
                0x001a0e98                aptHook
                0x001a0ed0                aptUnhook
                0x001a0efc                aptGetStatus
                0x001a0f34                aptSetStatus
                0x001a0fa4                aptGetStatusPower
                0x001a0fdc                aptSetStatusPower
                0x001a1014                aptOpenSession
                0x001a1038                aptCloseSession
                0x001a1060                aptSignalReadyForSleep
                0x001a1070                APT_GetLockHandle
                0x001a10c0                APT_Initialize
                0x001a1128                APT_Finalize
                0x001a1164                APT_HardwareResetAsync
                0x001a1198                APT_Enable
                0x001a11d4                APT_GetAppletManInfo
                0x001a1254                aptGetMenuAppID
                0x001a1290                APT_GetAppletInfo
                0x001a1328                APT_GetAppletProgramInfo
                0x001a137c                APT_GetProgramID
                0x001a13ec                APT_IsRegistered
                0x001a143c                APT_InquireNotification
                0x001a148c                APT_PrepareToJumpToHomeMenu
                0x001a14c0                APT_JumpToHomeMenu
                0x001a1510                APT_PrepareToJumpToApplication
                0x001a154c                APT_JumpToApplication
                0x001a159c                APT_NotifyToWait
                0x001a15d8                APT_AppletUtility
                0x001a1660                aptAppletUtility_Exit_RetToApp
                0x001a1780                aptAppletClosed
                0x001a1890                aptInit
                0x001a1a58                APT_GlanceParameter
                0x001a1acc                APT_ReceiveParameter
                0x001a1b40                APT_SendParameter
                0x001a1bb0                APT_SendCaptureBufferInfo
                0x001a1bfc                aptReturnToMenu
                0x001a1dd0                APT_ReplySleepQuery
                0x001a1e10                APT_ReplySleepNotificationComplete
                0x001a1e4c                aptEventHandler
                0x001a2150                APT_PrepareToCloseApplication
                0x001a218c                APT_CloseApplication
                0x001a21e4                aptExit
                0x001a23d0                APT_SetAppCpuTimeLimit
                0x001a2414                APT_GetAppCpuTimeLimit
                0x001a2468                APT_CheckNew3DS_Application
                0x001a24c4                APT_CheckNew3DS_System
                0x001a2520                APT_CheckNew3DS
                0x001a2594                APT_PrepareToDoAppJump
                0x001a25e0                APT_DoAppJump
                0x001a2648                APT_PrepareToStartLibraryApplet
                0x001a2684                APT_StartLibraryApplet
                0x001a26e4                aptAppletStarted
                0x001a27e8                aptMainLoop
                0x001a2960                APT_LaunchLibraryApplet
                0x001a2af8                APT_PrepareToStartSystemApplet
                0x001a2b34                APT_StartSystemApplet
 .text          0x001a2b94      0x288 c:/devkitPro/libctru/lib\libctru.a(cfgu.o)
                0x001a2b94                initCfgu
                0x001a2be8                exitCfgu
                0x001a2c08                CFGU_SecureInfoGetRegion
                0x001a2c40                CFGU_GenHashConsoleUnique
                0x001a2c98                CFGU_GetRegionCanadaUSA
                0x001a2cd0                CFGU_GetSystemModel
                0x001a2d08                CFGU_GetModelNintendo2DS
                0x001a2d40                CFGU_GetCountryCodeString
                0x001a2d80                CFGU_GetCountryCodeID
                0x001a2dc0                CFGU_GetConfigInfoBlk2
                0x001a2e08                CFGU_GetSystemLanguage
 .text          0x001a2e1c      0xb7c c:/devkitPro/libctru/lib\libctru.a(csnd.o)
                0x001a2e1c                CSND_AcquireCapUnit
                0x001a2e54                CSND_ReleaseCapUnit
                0x001a2e88                CSND_Reset
                0x001a2eb4                csndInit
                0x001a301c                csndExit
                0x001a30b0                csndAddCmd
                0x001a3170                csndWriteCmd
                0x001a31b0                csndExecCmds
                0x001a324c                CSND_SetPlayStateR
                0x001a326c                CSND_SetPlayState
                0x001a328c                CSND_SetEncoding
                0x001a32ac                CSND_SetBlock
                0x001a32dc                CSND_SetLooping
                0x001a32fc                CSND_SetBit7
                0x001a331c                CSND_SetInterp
                0x001a333c                CSND_SetDuty
                0x001a335c                CSND_SetTimer
                0x001a337c                CSND_SetVol
                0x001a33a4                CSND_SetAdpcmState
                0x001a33e0                CSND_SetAdpcmReload
                0x001a3400                CSND_SetChnRegs
                0x001a3440                CSND_SetChnRegsPSG
                0x001a3470                CSND_SetChnRegsNoise
                0x001a3498                CSND_CapEnable
                0x001a34b8                CSND_CapSetRepeat
                0x001a34e0                CSND_CapSetFormat
                0x001a3504                CSND_CapSetBit2
                0x001a3528                CSND_CapSetTimer
                0x001a354c                CSND_CapSetBuffer
                0x001a3578                CSND_SetCapRegs
                0x001a35ac                CSND_SetDspFlags
                0x001a35c8                CSND_UpdateInfo
                0x001a35e4                csndPlaySound
                0x001a3830                csndGetDspFlags
                0x001a3888                csndGetChnInfo
                0x001a38c8                csndGetCapInfo
                0x001a38f0                csndGetState
                0x001a3970                csndIsPlaying
 .text          0x001a3998      0xd4c c:/devkitPro/libctru/lib\libctru.a(fs.o)
                0x001a3998                FS_makePath
                0x001a39c4                fsExit
                0x001a39e8                fsGetSessionHandle
                0x001a39f4                FSUSER_Initialize
                0x001a3a68                fsInit
                0x001a3ad4                FSUSER_OpenFile
                0x001a3b80                FSUSER_OpenFileDirectly
                0x001a3c4c                FSUSER_DeleteFile
                0x001a3cd4                FSUSER_RenameFile
                0x001a3d98                FSUSER_DeleteDirectory
                0x001a3e20                FSUSER_DeleteDirectoryRecursively
                0x001a3ea8                FSUSER_CreateFile
                0x001a3f40                FSUSER_CreateDirectory
                0x001a3fcc                FSUSER_RenameDirectory
                0x001a4090                FSUSER_OpenDirectory
                0x001a4124                FSUSER_OpenArchive
                0x001a41ac                FSUSER_CloseArchive
                0x001a4204                FSUSER_GetSdmcArchiveResource
                0x001a4280                FSUSER_GetNandArchiveResource
                0x001a42fc                FSUSER_IsSdmcDetected
                0x001a4348                FSUSER_GetProductInfo
                0x001a43c0                FSUSER_GetMediaType
                0x001a440c                FSUSER_IsSdmcWritable
                0x001a4458                FSFILE_Close
                0x001a449c                FSFILE_Read
                0x001a44f8                FSFILE_Write
                0x001a455c                FSFILE_GetSize
                0x001a459c                FSFILE_SetSize
                0x001a45c8                FSFILE_GetAttributes
                0x001a4600                FSFILE_SetAttributes
                0x001a4628                FSFILE_Flush
                0x001a464c                FSDIR_Read
                0x001a46a0                FSDIR_Close
 .text          0x001a46e4      0x934 c:/devkitPro/libctru/lib\libctru.a(gsp.o)
                0x001a47c8                gspInit
                0x001a47dc                gspExit
                0x001a47f4                gspInitEventHandler
                0x001a48c0                gspExitEventHandler
                0x001a4918                gspWaitForEvent
                0x001a4970                GSPGPU_WriteHWRegs
                0x001a49e0                GSPGPU_WriteHWRegsWithMask
                0x001a4a6c                GSPGPU_ReadHWRegs
                0x001a4adc                GSPGPU_SetBufferSwap
                0x001a4b50                GSPGPU_FlushDataCache
                0x001a4ba4                GSPGPU_InvalidateDataCache
                0x001a4bf8                GSPGPU_SetLcdForceBlack
                0x001a4c34                GSPGPU_TriggerCmdReqQueue
                0x001a4c68                GSPGPU_RegisterInterruptRelayQueue
                0x001a4cd4                GSPGPU_UnregisterInterruptRelayQueue
                0x001a4d08                GSPGPU_AcquireRight
                0x001a4d58                GSPGPU_ReleaseRight
                0x001a4d8c                GSPGPU_ImportDisplayCaptureInfo
                0x001a4e10                GSPGPU_SaveVramSysArea
                0x001a4e44                GSPGPU_RestoreVramSysArea
                0x001a4e78                GSPGPU_SubmitGxCommand
                0x001a4f84                gspLcdInit
                0x001a4f98                gspLcdExit
                0x001a4fb0                GSPLCD_PowerOffBacklight
                0x001a4fe4                GSPLCD_PowerOnBacklight
 .text          0x001a5018      0x264 c:/devkitPro/libctru/lib\libctru.a(gx.o)
                0x001a5018                GX_RequestDma
                0x001a506c                GX_SetCommandList_Last
                0x001a50d4                GX_SetMemoryFill
                0x001a5148                GX_SetDisplayTransfer
                0x001a51ac                GX_SetTextureCopy
                0x001a5214                GX_SetCommandList_First
 .text          0x001a527c      0x754 c:/devkitPro/libctru/lib\libctru.a(hid.o)
                0x001a527c                hidExit
                0x001a534c                hidWaitForEvent
                0x001a53a4                hidCheckSectionUpdateTime
                0x001a53e0                hidScanInput
                0x001a5628                hidKeysHeld
                0x001a5638                hidKeysDown
                0x001a5648                hidKeysUp
                0x001a5658                hidTouchRead
                0x001a5670                hidCircleRead
                0x001a5688                hidAccelRead
                0x001a56a8                hidGyroRead
                0x001a56c8                HIDUSER_GetHandles
                0x001a5758                hidInit
                0x001a58ac                HIDUSER_EnableAccelerometer
                0x001a58d8                HIDUSER_DisableAccelerometer
                0x001a5904                HIDUSER_EnableGyroscope
                0x001a5930                HIDUSER_DisableGyroscope
                0x001a595c                HIDUSER_GetGyroscopeRawToDpsCoefficient
                0x001a5998                HIDUSER_GetSoundVolume
 .text          0x001a59d0      0x3c0 c:/devkitPro/libctru/lib\libctru.a(irrst.o)
                0x001a59d0                irrstWaitForEvent
                0x001a5a1c                irrstCheckSectionUpdateTime
                0x001a5a58                irrstScanInput
                0x001a5b0c                irrstKeysHeld
                0x001a5b24                irrstCstickRead
                0x001a5b3c                IRRST_GetHandles
                0x001a5b8c                IRRST_Initialize
                0x001a5bc4                irrstInit
                0x001a5cc4                IRRST_Shutdown
                0x001a5cf0                irrstExit
 .text          0x001a5d90      0x1bc c:/devkitPro/libctru/lib\libctru.a(ptm.o)
                0x001a5d90                ptmInit
                0x001a5da4                ptmExit
                0x001a5db4                ptmSysmInit
                0x001a5dc8                ptmSysmExit
                0x001a5dd8                PTMU_GetShellState
                0x001a5e18                PTMU_GetBatteryLevel
                0x001a5e58                PTMU_GetBatteryChargeState
                0x001a5e98                PTMU_GetPedometerState
                0x001a5ed8                PTMU_GetTotalStepCount
                0x001a5f18                PTMSYSM_ConfigureNew3DSCPU
 .text          0x001a5f4c       0x70 c:/devkitPro/libctru/lib\libctru.a(rbtree_find.o)
                0x001a5f4c                rbtree_find
 .text          0x001a5fbc       0x14 c:/devkitPro/libctru/lib\libctru.a(rbtree_init.o)
                0x001a5fbc                rbtree_init
 .text          0x001a5fd0      0x1f4 c:/devkitPro/libctru/lib\libctru.a(rbtree_insert.o)
                0x001a61b4                rbtree_insert
                0x001a61bc                rbtree_insert_multi
 .text          0x001a61c4      0x340 c:/devkitPro/libctru/lib\libctru.a(rbtree_remove.o)
                0x001a61c4                rbtree_remove
 .text          0x001a6504       0xac c:/devkitPro/libctru/lib\libctru.a(rbtree_rotate.o)
                0x001a6504                rbtree_rotate
 .text          0x001a65b0       0xb8 c:/devkitPro/libctru/lib\libctru.a(utf8_to_utf16.o)
                0x001a65b0                utf8_to_utf16
 .text          0x001a6668       0xa4 c:/devkitPro/libctru/lib\libctru.a(allocateHeaps.o)
                0x001a6668                __system_allocateHeaps
 .text          0x001a670c       0xf4 c:/devkitPro/libctru/lib\libctru.a(initArgv.o)
                0x001a670c                __system_initArgv
 .text          0x001a6800       0x4c c:/devkitPro/libctru/lib\libctru.a(initSystem.o)
                0x001a6800                __libctru_init
 *fill*         0x001a684c        0x4 
 .text          0x001a6850      0x460 c:/devkitPro/libctru/lib\libctru.a(svc.o)
                0x001a6850                svcControlMemory
                0x001a6870                svcQueryMemory
                0x001a68a0                svcExitProcess
                0x001a68a8                svcCreateThread
                0x001a68c8                svcExitThread
                0x001a68d0                svcSleepThread
                0x001a68d8                svcGetThreadPriority
                0x001a68ec                svcSetThreadPriority
                0x001a68f4                svcGetThreadAffinityMask
                0x001a68fc                svcSetThreadAffinityMask
                0x001a6904                svcGetThreadIdealProcessor
                0x001a6918                svcSetThreadIdealProcessor
                0x001a6920                svcGetProcessorID
                0x001a6928                svcCreateMutex
                0x001a693c                svcReleaseMutex
                0x001a6944                svcCreateSemaphore
                0x001a6958                svcReleaseSemaphore
                0x001a696c                svcCreateEvent
                0x001a6980                svcSignalEvent
                0x001a6988                svcClearEvent
                0x001a6990                svcCreateTimer
                0x001a69a4                svcSetTimer
                0x001a69ac                svcCancelTimer
                0x001a69b4                svcClearTimer
                0x001a69bc                svcCreateMemoryBlock
                0x001a69d4                svcMapMemoryBlock
                0x001a69dc                svcUnmapMemoryBlock
                0x001a69e4                svcCreateAddressArbiter
                0x001a69f8                svcArbitrateAddress
                0x001a6a18                svcCloseHandle
                0x001a6a20                svcWaitSynchronization
                0x001a6a28                svcWaitSynchronizationN
                0x001a6a50                svcDuplicateHandle
                0x001a6a64                svcGetSystemTick
                0x001a6a6c                svcGetSystemInfo
                0x001a6a84                svcGetProcessInfo
                0x001a6a9c                svcGetThreadInfo
                0x001a6ab4                svcConnectToPort
                0x001a6ac8                svcSendSyncRequest
                0x001a6ad0                svcOpenProcess
                0x001a6ae4                svcOpenThread
                0x001a6af8                svcGetProcessId
                0x001a6b0c                svcGetProcessIdOfThread
                0x001a6b20                svcGetThreadId
                0x001a6b34                svcBreak
                0x001a6b3c                svcOutputDebugString
                0x001a6b44                svcCreatePort
                0x001a6b64                svcAcceptSession
                0x001a6b7c                svcReplyAndReceive
                0x001a6b94                svcInvalidateProcessDataCache
                0x001a6b9c                svcFlushProcessDataCache
                0x001a6ba4                svcStartInterProcessDma
                0x001a6bc4                svcStopDma
                0x001a6bcc                svcGetDmaState
                0x001a6be0                svcDebugActiveProcess
                0x001a6bf4                svcBreakDebugProcess
                0x001a6bfc                svcTerminateDebugProcess
                0x001a6c04                svcGetProcessDebugEvent
                0x001a6c0c                svcContinueDebugEvent
                0x001a6c14                svcGetProcessList
                0x001a6c34                svcReadProcessMemory
                0x001a6c3c                svcWriteProcessMemory
                0x001a6c44                svcControlProcessMemory
                0x001a6c5c                svcMapProcessMemory
                0x001a6c64                svcUnmapProcessMemory
                0x001a6c6c                svcTerminateProcess
                0x001a6c74                svcBackdoor
                0x001a6c7c                svcKernelSetState
                0x001a6c84                svcQueryProcessMemory
 .text          0x001a6cb0       0x64 c:/devkitPro/libctru/lib\libctru.a(stack_adjust.o)
                0x001a6cb0                initSystem
                0x001a6cf4                __ctru_exit
 .text          0x001a6d14      0x178 c:/devkitPro/libctru/lib\libctru.a(mappable.o)
                0x001a6d3c                mappableAlloc
                0x001a6e30                mappableFree
                0x001a6e80                mappableSpaceFree
 .text          0x001a6e8c      0x118 c:/devkitPro/libctru/lib\libctru.a(rbtree_iterator.o)
                0x001a6e8c                rbtree_node_next
                0x001a6f18                rbtree_node_prev
 .text          0x001a6fa4      0x138 c:/devkitPro/libctru/lib\libctru.a(decode_utf8.o)
                0x001a6fa4                decode_utf8
 .text          0x001a70dc       0x68 c:/devkitPro/libctru/lib\libctru.a(encode_utf16.o)
                0x001a70dc                encode_utf16
 .text          0x001a7144       0x1c c:/devkitPro/libctru/lib\libctru.a(appExit.o)
                0x001a7144                __appExit
 .text          0x001a7160       0x1c c:/devkitPro/libctru/lib\libctru.a(appInit.o)
                0x001a7160                __appInit
 .text          0x001a717c       0x90 c:/devkitPro/libctru/lib\libctru.a(ctru_exit.o)
                0x001a717c                __libctru_exit
 .text          0x001a720c      0xffc c:/devkitPro/libctru/lib\libctru.a(sdmc_dev.o)
                0x001a8088                sdmcInit
                0x001a81b8                sdmcExit
 .text          0x001a8208       0xe8 c:/devkitPro/libctru/lib\libctru.a(utf16_to_utf8.o)
                0x001a8208                utf16_to_utf8
 .text          0x001a82f0       0x60 c:/devkitPro/libctru/lib\libctru.a(decode_utf16.o)
                0x001a82f0                decode_utf16
 .text          0x001a8350      0x104 c:/devkitPro/libctru/lib\libctru.a(encode_utf8.o)
                0x001a8350                encode_utf8
 .text          0x001a8454        0x0 c:/devkitpro/devkitarm/bin/../lib/gcc/arm-none-eabi/4.9.2/../../../../arm-none-eabi/lib/armv6k/fpu\libm.a(lib_a-sf_cos.o)
 .text          0x001a8454        0x0 c:/devkitpro/devkitarm/bin/../lib/gcc/arm-none-eabi/4.9.2/../../../../arm-none-eabi/lib/armv6k/fpu\libm.a(lib_a-s_floor.o)
 .text          0x001a8454        0x0 c:/devkitpro/devkitarm/bin/../lib/gcc/arm-none-eabi/4.9.2/../../../../arm-none-eabi/lib/armv6k/fpu\libm.a(lib_a-s_frexp.o)
 .text          0x001a8454        0x0 c:/devkitpro/devkitarm/bin/../lib/gcc/arm-none-eabi/4.9.2/../../../../arm-none-eabi/lib/armv6k/fpu\libm.a(lib_a-sf_sin.o)
 .text          0x001a8454        0x0 c:/devkitpro/devkitarm/bin/../lib/gcc/arm-none-eabi/4.9.2/../../../../arm-none-eabi/lib/armv6k/fpu\libm.a(lib_a-s_modf.o)
 .text          0x001a8454        0x0 c:/devkitpro/devkitarm/bin/../lib/gcc/arm-none-eabi/4.9.2/../../../../arm-none-eabi/lib/armv6k/fpu\libm.a(lib_a-w_pow.o)
 .text          0x001a8454        0x0 c:/devkitpro/devkitarm/bin/../lib/gcc/arm-none-eabi/4.9.2/../../../../arm-none-eabi/lib/armv6k/fpu\libm.a(lib_a-ef_rem_pio2.o)
 .text          0x001a8454        0x0 c:/devkitpro/devkitarm/bin/../lib/gcc/arm-none-eabi/4.9.2/../../../../arm-none-eabi/lib/armv6k/fpu\libm.a(lib_a-e_pow.o)
 .text          0x001a8454        0x0 c:/devkitpro/devkitarm/bin/../lib/gcc/arm-none-eabi/4.9.2/../../../../arm-none-eabi/lib/armv6k/fpu\libm.a(lib_a-e_sqrt.o)
 .text          0x001a8454        0x0 c:/devkitpro/devkitarm/bin/../lib/gcc/arm-none-eabi/4.9.2/../../../../arm-none-eabi/lib/armv6k/fpu\libm.a(lib_a-kf_cos.o)
 .text          0x001a8454        0x0 c:/devkitpro/devkitarm/bin/../lib/gcc/arm-none-eabi/4.9.2/../../../../arm-none-eabi/lib/armv6k/fpu\libm.a(lib_a-kf_rem_pio2.o)
 .text          0x001a8454        0x0 c:/devkitpro/devkitarm/bin/../lib/gcc/arm-none-eabi/4.9.2/../../../../arm-none-eabi/lib/armv6k/fpu\libm.a(lib_a-kf_sin.o)
 .text          0x001a8454        0x0 c:/devkitpro/devkitarm/bin/../lib/gcc/arm-none-eabi/4.9.2/../../../../arm-none-eabi/lib/armv6k/fpu\libm.a(lib_a-s_fabs.o)
 .text          0x001a8454        0x0 c:/devkitpro/devkitarm/bin/../lib/gcc/arm-none-eabi/4.9.2/../../../../arm-none-eabi/lib/armv6k/fpu\libm.a(lib_a-sf_fabs.o)
 .text          0x001a8454        0x0 c:/devkitpro/devkitarm/bin/../lib/gcc/arm-none-eabi/4.9.2/../../../../arm-none-eabi/lib/armv6k/fpu\libm.a(lib_a-sf_floor.o)
 .text          0x001a8454        0x0 c:/devkitpro/devkitarm/bin/../lib/gcc/arm-none-eabi/4.9.2/../../../../arm-none-eabi/lib/armv6k/fpu\libm.a(lib_a-s_finite.o)
 .text          0x001a8454        0x0 c:/devkitpro/devkitarm/bin/../lib/gcc/arm-none-eabi/4.9.2/../../../../arm-none-eabi/lib/armv6k/fpu\libm.a(lib_a-s_fpclassify.o)
 .text          0x001a8454        0x0 c:/devkitpro/devkitarm/bin/../lib/gcc/arm-none-eabi/4.9.2/../../../../arm-none-eabi/lib/armv6k/fpu\libm.a(lib_a-sf_scalbn.o)
 .text          0x001a8454        0x0 c:/devkitpro/devkitarm/bin/../lib/gcc/arm-none-eabi/4.9.2/../../../../arm-none-eabi/lib/armv6k/fpu\libm.a(lib_a-s_lib_ver.o)
 .text          0x001a8454        0x0 c:/devkitpro/devkitarm/bin/../lib/gcc/arm-none-eabi/4.9.2/../../../../arm-none-eabi/lib/armv6k/fpu\libm.a(lib_a-s_matherr.o)
 .text          0x001a8454        0x0 c:/devkitpro/devkitarm/bin/../lib/gcc/arm-none-eabi/4.9.2/../../../../arm-none-eabi/lib/armv6k/fpu\libm.a(lib_a-s_nan.o)
 .text          0x001a8454        0x0 c:/devkitpro/devkitarm/bin/../lib/gcc/arm-none-eabi/4.9.2/../../../../arm-none-eabi/lib/armv6k/fpu\libm.a(lib_a-s_rint.o)
 .text          0x001a8454        0x0 c:/devkitpro/devkitarm/bin/../lib/gcc/arm-none-eabi/4.9.2/../../../../arm-none-eabi/lib/armv6k/fpu\libm.a(lib_a-s_scalbn.o)
 .text          0x001a8454        0x0 c:/devkitpro/devkitarm/bin/../lib/gcc/arm-none-eabi/4.9.2/../../../../arm-none-eabi/lib/armv6k/fpu\libm.a(lib_a-s_copysign.o)
 .text          0x001a8454        0x0 c:/devkitpro/devkitarm/bin/../lib/gcc/arm-none-eabi/4.9.2/../../../../arm-none-eabi/lib/armv6k/fpu\libm.a(lib_a-sf_copysign.o)
 .text          0x001a8454      0x20c c:/devkitpro/devkitarm/bin/../lib/gcc/arm-none-eabi/4.9.2/armv6k/fpu\libgcc.a(_udivsi3.o)
                0x001a8454                __aeabi_uidiv
                0x001a8454                __udivsi3
                0x001a8640                __aeabi_uidivmod
 .text          0x001a8660      0x240 c:/devkitpro/devkitarm/bin/../lib/gcc/arm-none-eabi/4.9.2/armv6k/fpu\libgcc.a(_divsi3.o)
                0x001a8660                __divsi3
                0x001a8660                __aeabi_idiv
                0x001a8880                __aeabi_idivmod
 .text          0x001a88a0        0x4 c:/devkitpro/devkitarm/bin/../lib/gcc/arm-none-eabi/4.9.2/armv6k/fpu\libgcc.a(_dvmd_tls.o)
                0x001a88a0                __aeabi_idiv0
                0x001a88a0                __aeabi_ldiv0
 .text          0x001a88a4      0x250 c:/devkitpro/devkitarm/bin/../lib/gcc/arm-none-eabi/4.9.2/armv6k/fpu\libgcc.a(_arm_addsubsf3.o)
                0x001a88a4                __aeabi_frsub
                0x001a88ac                __subsf3
                0x001a88ac                __aeabi_fsub
                0x001a88b0                __aeabi_fadd
                0x001a88b0                __addsf3
                0x001a8a40                __aeabi_ui2f
                0x001a8a40                __floatunsisf
                0x001a8a48                __aeabi_i2f
                0x001a8a48                __floatsisf
                0x001a8a68                __aeabi_ul2f
                0x001a8a68                __floatundisf
                0x001a8a78                __aeabi_l2f
                0x001a8a78                __floatdisf
 .text          0x001a8af4       0x44 c:/devkitpro/devkitarm/bin/../lib/gcc/arm-none-eabi/4.9.2/armv6k/fpu\libgcc.a(_popcountsi2.o)
                0x001a8af4                __popcountsi2
 .text          0x001a8b38        0x0 c:/devkitpro/devkitarm/bin/../lib/gcc/arm-none-eabi/4.9.2/../../../../arm-none-eabi/lib/armv6k/fpu\libg.a(lib_a-abort.o)
 .text          0x001a8b38        0x0 c:/devkitpro/devkitarm/bin/../lib/gcc/arm-none-eabi/4.9.2/../../../../arm-none-eabi/lib/armv6k/fpu\libg.a(lib_a-atof.o)
 .text          0x001a8b38        0x0 c:/devkitpro/devkitarm/bin/../lib/gcc/arm-none-eabi/4.9.2/../../../../arm-none-eabi/lib/armv6k/fpu\libg.a(lib_a-atol.o)
 .text          0x001a8b38        0x0 c:/devkitpro/devkitarm/bin/../lib/gcc/arm-none-eabi/4.9.2/../../../../arm-none-eabi/lib/armv6k/fpu\libg.a(lib_a-bsearch.o)
 .text          0x001a8b38        0x0 c:/devkitpro/devkitarm/bin/../lib/gcc/arm-none-eabi/4.9.2/../../../../arm-none-eabi/lib/armv6k/fpu\libg.a(lib_a-errno.o)
 .text          0x001a8b38        0x0 c:/devkitpro/devkitarm/bin/../lib/gcc/arm-none-eabi/4.9.2/../../../../arm-none-eabi/lib/armv6k/fpu\libg.a(lib_a-fclose.o)
 .text          0x001a8b38        0x0 c:/devkitpro/devkitarm/bin/../lib/gcc/arm-none-eabi/4.9.2/../../../../arm-none-eabi/lib/armv6k/fpu\libg.a(lib_a-fflush.o)
 .text          0x001a8b38        0x0 c:/devkitpro/devkitarm/bin/../lib/gcc/arm-none-eabi/4.9.2/../../../../arm-none-eabi/lib/armv6k/fpu\libg.a(lib_a-findfp.o)
 .text          0x001a8b38        0x0 c:/devkitpro/devkitarm/bin/../lib/gcc/arm-none-eabi/4.9.2/../../../../arm-none-eabi/lib/armv6k/fpu\libg.a(lib_a-fini.o)
 .text          0x001a8b38        0x0 c:/devkitpro/devkitarm/bin/../lib/gcc/arm-none-eabi/4.9.2/../../../../arm-none-eabi/lib/armv6k/fpu\libg.a(lib_a-fopen.o)
 .text          0x001a8b38        0x0 c:/devkitpro/devkitarm/bin/../lib/gcc/arm-none-eabi/4.9.2/../../../../arm-none-eabi/lib/armv6k/fpu\libg.a(lib_a-fprintf.o)
 .text          0x001a8b38        0x0 c:/devkitpro/devkitarm/bin/../lib/gcc/arm-none-eabi/4.9.2/../../../../arm-none-eabi/lib/armv6k/fpu\libg.a(lib_a-fputc.o)
 .text          0x001a8b38        0x0 c:/devkitpro/devkitarm/bin/../lib/gcc/arm-none-eabi/4.9.2/../../../../arm-none-eabi/lib/armv6k/fpu\libg.a(lib_a-fread.o)
 .text          0x001a8b38        0x0 c:/devkitpro/devkitarm/bin/../lib/gcc/arm-none-eabi/4.9.2/../../../../arm-none-eabi/lib/armv6k/fpu\libg.a(lib_a-freer.o)
 .text          0x001a8b38        0x0 c:/devkitpro/devkitarm/bin/../lib/gcc/arm-none-eabi/4.9.2/../../../../arm-none-eabi/lib/armv6k/fpu\libg.a(lib_a-fseek.o)
 .text          0x001a8b38        0x0 c:/devkitpro/devkitarm/bin/../lib/gcc/arm-none-eabi/4.9.2/../../../../arm-none-eabi/lib/armv6k/fpu\libg.a(lib_a-fseeko.o)
 .text          0x001a8b38        0x0 c:/devkitpro/devkitarm/bin/../lib/gcc/arm-none-eabi/4.9.2/../../../../arm-none-eabi/lib/armv6k/fpu\libg.a(lib_a-ftell.o)
 .text          0x001a8b38        0x0 c:/devkitpro/devkitarm/bin/../lib/gcc/arm-none-eabi/4.9.2/../../../../arm-none-eabi/lib/armv6k/fpu\libg.a(lib_a-ftello.o)
 .text          0x001a8b38        0x0 c:/devkitpro/devkitarm/bin/../lib/gcc/arm-none-eabi/4.9.2/../../../../arm-none-eabi/lib/armv6k/fpu\libg.a(lib_a-fwalk.o)
 .text          0x001a8b38        0x0 c:/devkitpro/devkitarm/bin/../lib/gcc/arm-none-eabi/4.9.2/../../../../arm-none-eabi/lib/armv6k/fpu\libg.a(lib_a-fwrite.o)
 .text          0x001a8b38        0x0 c:/devkitpro/devkitarm/bin/../lib/gcc/arm-none-eabi/4.9.2/../../../../arm-none-eabi/lib/armv6k/fpu\libg.a(lib_a-gmtime.o)
 .text          0x001a8b38        0x0 c:/devkitpro/devkitarm/bin/../lib/gcc/arm-none-eabi/4.9.2/../../../../arm-none-eabi/lib/armv6k/fpu\libg.a(lib_a-gmtime_r.o)
 .text          0x001a8b38        0x0 c:/devkitpro/devkitarm/bin/../lib/gcc/arm-none-eabi/4.9.2/../../../../arm-none-eabi/lib/armv6k/fpu\libg.a(lib_a-impure.o)
 .text          0x001a8b38        0x0 c:/devkitpro/devkitarm/bin/../lib/gcc/arm-none-eabi/4.9.2/../../../../arm-none-eabi/lib/armv6k/fpu\libg.a(lib_a-init.o)
 .text          0x001a8b38        0x0 c:/devkitpro/devkitarm/bin/../lib/gcc/arm-none-eabi/4.9.2/../../../../arm-none-eabi/lib/armv6k/fpu\libg.a(lib_a-makebuf.o)
 .text          0x001a8b38        0x0 c:/devkitpro/devkitarm/bin/../lib/gcc/arm-none-eabi/4.9.2/../../../../arm-none-eabi/lib/armv6k/fpu\libg.a(lib_a-malloc.o)
 .text          0x001a8b38        0x0 c:/devkitpro/devkitarm/bin/../lib/gcc/arm-none-eabi/4.9.2/../../../../arm-none-eabi/lib/armv6k/fpu\libg.a(lib_a-mallocr.o)
 .text          0x001a8b38        0x0 c:/devkitpro/devkitarm/bin/../lib/gcc/arm-none-eabi/4.9.2/../../../../arm-none-eabi/lib/armv6k/fpu\libg.a(lib_a-memchr.o)
 .text          0x001a8b38        0x0 c:/devkitpro/devkitarm/bin/../lib/gcc/arm-none-eabi/4.9.2/../../../../arm-none-eabi/lib/armv6k/fpu\libg.a(lib_a-memcmp.o)
 .text          0x001a8b38        0x0 c:/devkitpro/devkitarm/bin/../lib/gcc/arm-none-eabi/4.9.2/../../../../arm-none-eabi/lib/armv6k/fpu\libg.a(lib_a-memcpy.o)
 .text          0x001a8b38        0x0 c:/devkitpro/devkitarm/bin/../lib/gcc/arm-none-eabi/4.9.2/../../../../arm-none-eabi/lib/armv6k/fpu\libg.a(lib_a-memmove.o)
 .text          0x001a8b38        0x0 c:/devkitpro/devkitarm/bin/../lib/gcc/arm-none-eabi/4.9.2/../../../../arm-none-eabi/lib/armv6k/fpu\libg.a(lib_a-memset.o)
 .text          0x001a8b38        0x0 c:/devkitpro/devkitarm/bin/../lib/gcc/arm-none-eabi/4.9.2/../../../../arm-none-eabi/lib/armv6k/fpu\libg.a(lib_a-mlock.o)
 .text          0x001a8b38        0x0 c:/devkitpro/devkitarm/bin/../lib/gcc/arm-none-eabi/4.9.2/../../../../arm-none-eabi/lib/armv6k/fpu\libg.a(lib_a-month_lengths.o)
 .text          0x001a8b38        0x0 c:/devkitpro/devkitarm/bin/../lib/gcc/arm-none-eabi/4.9.2/../../../../arm-none-eabi/lib/armv6k/fpu\libg.a(lib_a-putc.o)
 .text          0x001a8b38        0x0 c:/devkitpro/devkitarm/bin/../lib/gcc/arm-none-eabi/4.9.2/../../../../arm-none-eabi/lib/armv6k/fpu\libg.a(lib_a-qsort.o)
 .text          0x001a8b38        0x0 c:/devkitpro/devkitarm/bin/../lib/gcc/arm-none-eabi/4.9.2/../../../../arm-none-eabi/lib/armv6k/fpu\libg.a(lib_a-realloc.o)
 .text          0x001a8b38        0x0 c:/devkitpro/devkitarm/bin/../lib/gcc/arm-none-eabi/4.9.2/../../../../arm-none-eabi/lib/armv6k/fpu\libg.a(lib_a-reallocr.o)
 .text          0x001a8b38        0x0 c:/devkitpro/devkitarm/bin/../lib/gcc/arm-none-eabi/4.9.2/../../../../arm-none-eabi/lib/armv6k/fpu\libg.a(lib_a-refill.o)
 .text          0x001a8b38        0x0 c:/devkitpro/devkitarm/bin/../lib/gcc/arm-none-eabi/4.9.2/../../../../arm-none-eabi/lib/armv6k/fpu\libg.a(lib_a-remove.o)
 .text          0x001a8b38       0x2c c:/devkitpro/devkitarm/bin/../lib/gcc/arm-none-eabi/4.9.2/../../../../arm-none-eabi/lib/armv6k/fpu\libg.a(lib_a-setjmp.o)
                0x001a8b38                setjmp
                0x001a8b4c                longjmp
 .text          0x001a8b64        0x0 c:/devkitpro/devkitarm/bin/../lib/gcc/arm-none-eabi/4.9.2/../../../../arm-none-eabi/lib/armv6k/fpu\libg.a(lib_a-signal.o)
 .text          0x001a8b64        0x0 c:/devkitpro/devkitarm/bin/../lib/gcc/arm-none-eabi/4.9.2/../../../../arm-none-eabi/lib/armv6k/fpu\libg.a(lib_a-snprintf.o)
 .text          0x001a8b64        0x0 c:/devkitpro/devkitarm/bin/../lib/gcc/arm-none-eabi/4.9.2/../../../../arm-none-eabi/lib/armv6k/fpu\libg.a(lib_a-sprintf.o)
 .text          0x001a8b64        0x0 c:/devkitpro/devkitarm/bin/../lib/gcc/arm-none-eabi/4.9.2/../../../../arm-none-eabi/lib/armv6k/fpu\libg.a(lib_a-stdio.o)
 .text          0x001a8b64        0x0 c:/devkitpro/devkitarm/bin/../lib/gcc/arm-none-eabi/4.9.2/../../../../arm-none-eabi/lib/armv6k/fpu\libg.a(lib_a-strchr.o)
 *fill*         0x001a8b64       0x1c 
 .text          0x001a8b80      0x3a0 c:/devkitpro/devkitarm/bin/../lib/gcc/arm-none-eabi/4.9.2/../../../../arm-none-eabi/lib/armv6k/fpu\libg.a(lib_a-strcmp.o)
                0x001a8b88                strcmp
 .text          0x001a8f20        0x0 c:/devkitpro/devkitarm/bin/../lib/gcc/arm-none-eabi/4.9.2/../../../../arm-none-eabi/lib/armv6k/fpu\libg.a(lib_a-strcpy.o)
 .text          0x001a8f20        0x0 c:/devkitpro/devkitarm/bin/../lib/gcc/arm-none-eabi/4.9.2/../../../../arm-none-eabi/lib/armv6k/fpu\libg.a(lib_a-strerror.o)
 .text          0x001a8f20        0x0 c:/devkitpro/devkitarm/bin/../lib/gcc/arm-none-eabi/4.9.2/../../../../arm-none-eabi/lib/armv6k/fpu\libg.a(lib_a-strlen.o)
 .text          0x001a8f20        0x0 c:/devkitpro/devkitarm/bin/../lib/gcc/arm-none-eabi/4.9.2/../../../../arm-none-eabi/lib/armv6k/fpu\libg.a(lib_a-strncat.o)
 .text          0x001a8f20        0x0 c:/devkitpro/devkitarm/bin/../lib/gcc/arm-none-eabi/4.9.2/../../../../arm-none-eabi/lib/armv6k/fpu\libg.a(lib_a-strncmp.o)
 .text          0x001a8f20        0x0 c:/devkitpro/devkitarm/bin/../lib/gcc/arm-none-eabi/4.9.2/../../../../arm-none-eabi/lib/armv6k/fpu\libg.a(lib_a-strncpy.o)
 .text          0x001a8f20        0x0 c:/devkitpro/devkitarm/bin/../lib/gcc/arm-none-eabi/4.9.2/../../../../arm-none-eabi/lib/armv6k/fpu\libg.a(lib_a-strrchr.o)