Archive member included to satisfy reference by file (symbol)

c:/devkitPro/libctru/lib\libsftd.a(sftd.o)
                              main.o (sftd_init)
c:/devkitPro/libctru/lib\libsftd.a(texture_atlas.o)
                              c:/devkitPro/libctru/lib\libsftd.a(sftd.o) (texture_atlas_create)
c:/devkitPro/libctru/lib\libsftd.a(bin_packing_2d.o)
                              c:/devkitPro/libctru/lib\libsftd.a(texture_atlas.o) (bp2d_create)
c:/devkitPro/libctru/lib\libsftd.a(int_htab.o)
                              c:/devkitPro/libctru/lib\libsftd.a(texture_atlas.o) (int_htab_create)
c:/devkitPro/portlibs/armv6k/lib\libfreetype.a(ftinit.o)
                              c:/devkitPro/libctru/lib\libsftd.a(sftd.o) (FT_Init_FreeType)
c:/devkitPro/portlibs/armv6k/lib\libfreetype.a(ftbase.o)
                              c:/devkitPro/libctru/lib\libsftd.a(sftd.o) (FT_Get_Kerning)
c:/devkitPro/portlibs/armv6k/lib\libfreetype.a(truetype.o)
                              c:/devkitPro/portlibs/armv6k/lib\libfreetype.a(ftinit.o) (tt_driver_class)
c:/devkitPro/portlibs/armv6k/lib\libfreetype.a(type1.o)
                              c:/devkitPro/portlibs/armv6k/lib\libfreetype.a(ftinit.o) (t1_driver_class)
c:/devkitPro/portlibs/armv6k/lib\libfreetype.a(cff.o)
                              c:/devkitPro/portlibs/armv6k/lib\libfreetype.a(ftinit.o) (cff_driver_class)
c:/devkitPro/portlibs/armv6k/lib\libfreetype.a(type1cid.o)
                              c:/devkitPro/portlibs/armv6k/lib\libfreetype.a(ftinit.o) (t1cid_driver_class)
c:/devkitPro/portlibs/armv6k/lib\libfreetype.a(pfr.o)
                              c:/devkitPro/portlibs/armv6k/lib\libfreetype.a(ftinit.o) (pfr_driver_class)
c:/devkitPro/portlibs/armv6k/lib\libfreetype.a(type42.o)
                              c:/devkitPro/portlibs/armv6k/lib\libfreetype.a(ftinit.o) (t42_driver_class)
c:/devkitPro/portlibs/armv6k/lib\libfreetype.a(winfnt.o)
                              c:/devkitPro/portlibs/armv6k/lib\libfreetype.a(ftinit.o) (winfnt_driver_class)
c:/devkitPro/portlibs/armv6k/lib\libfreetype.a(pcf.o)
                              c:/devkitPro/portlibs/armv6k/lib\libfreetype.a(ftinit.o) (pcf_driver_class)
c:/devkitPro/portlibs/armv6k/lib\libfreetype.a(bdf.o)
                              c:/devkitPro/portlibs/armv6k/lib\libfreetype.a(ftinit.o) (bdf_driver_class)
c:/devkitPro/portlibs/armv6k/lib\libfreetype.a(sfnt.o)
                              c:/devkitPro/portlibs/armv6k/lib\libfreetype.a(ftinit.o) (sfnt_module_class)
c:/devkitPro/portlibs/armv6k/lib\libfreetype.a(autofit.o)
                              c:/devkitPro/portlibs/armv6k/lib\libfreetype.a(ftinit.o) (autofit_module_class)
c:/devkitPro/portlibs/armv6k/lib\libfreetype.a(pshinter.o)
                              c:/devkitPro/portlibs/armv6k/lib\libfreetype.a(ftinit.o) (pshinter_module_class)
c:/devkitPro/portlibs/armv6k/lib\libfreetype.a(raster.o)
                              c:/devkitPro/portlibs/armv6k/lib\libfreetype.a(ftinit.o) (ft_raster1_renderer_class)
c:/devkitPro/portlibs/armv6k/lib\libfreetype.a(smooth.o)
                              c:/devkitPro/portlibs/armv6k/lib\libfreetype.a(ftinit.o) (ft_smooth_lcdv_renderer_class)
c:/devkitPro/portlibs/armv6k/lib\libfreetype.a(ftcache.o)
                              c:/devkitPro/libctru/lib\libsftd.a(sftd.o) (FTC_Manager_LookupFace)
c:/devkitPro/portlibs/armv6k/lib\libfreetype.a(ftgzip.o)
                              c:/devkitPro/portlibs/armv6k/lib\libfreetype.a(pcf.o) (FT_Stream_OpenGzip)
c:/devkitPro/portlibs/armv6k/lib\libfreetype.a(ftlzw.o)
                              c:/devkitPro/portlibs/armv6k/lib\libfreetype.a(pcf.o) (FT_Stream_OpenLZW)
c:/devkitPro/portlibs/armv6k/lib\libfreetype.a(psaux.o)
                              c:/devkitPro/portlibs/armv6k/lib\libfreetype.a(ftinit.o) (psaux_module_class)
c:/devkitPro/portlibs/armv6k/lib\libfreetype.a(psnames.o)
                              c:/devkitPro/portlibs/armv6k/lib\libfreetype.a(ftinit.o) (psnames_module_class)
c:/devkitPro/portlibs/armv6k/lib\libfreetype.a(ftsystem.o)
                              c:/devkitPro/portlibs/armv6k/lib\libfreetype.a(ftbase.o) (FT_Stream_Open)
c:/devkitPro/portlibs/armv6k/lib\libfreetype.a(ftbitmap.o)
                              c:/devkitPro/portlibs/armv6k/lib\libfreetype.a(sfnt.o) (FT_Bitmap_Init)
c:/devkitPro/portlibs/armv6k/lib\libfreetype.a(ftglyph.o)
                              c:/devkitPro/portlibs/armv6k/lib\libfreetype.a(ftcache.o) (FT_Get_Glyph)
c:/devkitPro/portlibs/armv6k/lib\libz.a(inflate.o)
                              c:/devkitPro/portlibs/armv6k/lib\libfreetype.a(ftgzip.o) (inflateReset)
c:/devkitPro/portlibs/armv6k/lib\libz.a(inftrees.o)
                              c:/devkitPro/portlibs/armv6k/lib\libz.a(inflate.o) (inflate_table)
c:/devkitPro/portlibs/armv6k/lib\libz.a(zutil.o)
                              c:/devkitPro/portlibs/armv6k/lib\libz.a(inflate.o) (zcalloc)
c:/devkitPro/portlibs/armv6k/lib\libz.a(adler32.o)
[...]
Memory Configuration

Name             Origin             Length             Attributes
*default*        0x00000000         0xffffffff

Linker script and memory map

                0x00100000                . = 0x100000
                0x00100000                __start__ = .

.text           0x00100000    0x97248
 *(.crt0)
 .crt0          0x00100000       0x94 c:/devkitpro/devkitarm/bin/../lib/gcc/arm-none-eabi/4.9.2/../../../../arm-none-eabi/lib/armv6k/fpu/3dsx_crt0.o
                0x00100000                _start
                0x00100008                __service_ptr
                0x0010000c                __apt_appid
                0x00100010                __heap_size
                0x00100014                __linear_heap_size
                0x00100018                __system_arglist
                0x0010001c                __system_runflags
 *(.init)
 .init          0x00100094        0xc c:/devkitpro/devkitarm/bin/../lib/gcc/arm-none-eabi/4.9.2/armv6k/fpu/crti.o
                0x00100094                _init
 .init          0x001000a0        0xc c:/devkitpro/devkitarm/bin/../lib/gcc/arm-none-eabi/4.9.2/armv6k/fpu/crtn.o
                0x001000ac                . = ALIGN (0x4)
 *(.text)
 .text          0x001000ac        0x0 c:/devkitpro/devkitarm/bin/../lib/gcc/arm-none-eabi/4.9.2/../../../../arm-none-eabi/lib/armv6k/fpu/3dsx_crt0.o
 .text          0x001000ac        0x0 c:/devkitpro/devkitarm/bin/../lib/gcc/arm-none-eabi/4.9.2/armv6k/fpu/crti.o
 .text          0x001000ac      0x108 c:/devkitpro/devkitarm/bin/../lib/gcc/arm-none-eabi/4.9.2/armv6k/fpu/crtbegin.o
 .text          0x001001b4        0x0 eightbit.ttf.o
 .text          0x001001b4        0x0 friskBack.o
 .text          0x001001b4        0x0 friskFace.o
 .text          0x001001b4        0x0 friskLeft1.o
 .text          0x001001b4        0x0 friskRight1.o
 .text          0x001001b4        0x0 main.o
 .text          0x001001b4        0x0 torielHouse1.o
 .text          0x001001b4     0x10ac c:/devkitPro/libctru/lib\libsftd.a(sftd.o)
                0x00100324                sftd_init
                0x00100364                sftd_fini
                0x001003a8                sftd_load_font_file
                0x00100488                sftd_load_font_mem
                0x0010054c                sftd_free_font
                0x0010059c                sftd_draw_text
                0x001007c4                sftd_draw_textf
                0x00100824                sftd_draw_wtext
                0x00100a4c                sftd_draw_wtextf
                0x00100ab8                sftd_get_text_width
                0x00100c60                sftd_draw_text_wrap
                0x00100f40                sftd_calc_bounding_box
                0x001011f8                sftd_draw_textf_wrap
 .text          0x00101260      0x244 c:/devkitPro/libctru/lib\libsftd.a(texture_atlas.o)
                0x00101260                texture_atlas_create
                0x001012dc                texture_atlas_free
                0x00101308                texture_atlas_insert
                0x00101420                texture_atlas_exists
                0x00101438                texture_atlas_get
 .text          0x001014a4      0x1c8 c:/devkitPro/libctru/lib\libsftd.a(bin_packing_2d.o)
                0x001014a4                bp2d_create
                0x001014f0                bp2d_free
                0x00101524                bp2d_insert
 .text          0x0010166c      0x33c c:/devkitPro/libctru/lib\libsftd.a(int_htab.o)
                0x0010166c                int_htab_create
                0x001016b4                int_htab_free
                0x00101700                int_htab_insert
                0x001017ec                int_htab_resize
                0x00101860                int_htab_find
                0x00101900                int_htab_erase
 .text          0x001019a8       0xc8 c:/devkitPro/portlibs/armv6k/lib\libfreetype.a(ftinit.o)
                0x001019a8                FT_Add_Default_Modules
                0x001019d8                FT_Init_FreeType
                0x00101a44                FT_Done_FreeType
 .text          0x00101a70     0xd0bc c:/devkitPro/portlibs/armv6k/lib\libfreetype.a(ftbase.o)
                0x0010259c                FT_RoundFix
                0x001025b0                FT_CeilFix
                0x001025c4                FT_FloorFix
                0x001025d0                FT_Hypot
                0x001026f4                FT_MulDiv
                0x001027f4                FT_MulDiv_No_Round
                0x001028d4                FT_MulFix
                0x001028f4                FT_DivFix
                0x00102a04                FT_Matrix_Multiply
                0x00102b34                FT_Matrix_Invert
                0x00102bf8                FT_Matrix_Multiply_Scaled
                0x00102d00                FT_Vector_Transform_Scaled
                0x00102f58                FT_Vector_NormLen
                0x0010310c                ft_corner_orientation
                0x00103220                ft_corner_is_flat
                0x001032b0                FT_GlyphLoader_New
                0x001032f4                FT_GlyphLoader_Rewind
                0x0010332c                FT_GlyphLoader_Reset
                0x001039fc                FT_GlyphLoader_Done
                0x00103b00                FT_GlyphLoader_CreateExtra
                0x00103be0                FT_GlyphLoader_CheckSubGlyphs
                0x00103d0c                FT_GlyphLoader_Prepare
                0x00103d88                FT_GlyphLoader_Add
                0x00103fbc                ft_service_list_lookup
                0x0010401c                ft_validator_init
                0x00104034                ft_validator_run
                0x0010403c                ft_validator_error
                0x00104050                FT_Stream_New
                0x00104168                FT_Stream_Free
                0x001041ac                ft_glyphslot_free_bitmap
                0x00104210                ft_glyphslot_set_bitmap
                0x00104268                ft_glyphslot_alloc_bitmap
                0x00104318                FT_New_GlyphSlot
                0x00104484                FT_Done_GlyphSlot
                0x00104518                FT_Set_Transform
                0x001045cc                FT_Attach_File
                0x001046cc                FT_Attach_Stream
                0x00104860                FT_Reference_Face
                0x00104880                FT_Done_Face
                0x00104954                FT_New_Size
                0x00104ad4                FT_Done_Size
                0x00104c0c                FT_Match_Size
                0x00104d3c                ft_synthesize_vertical_metrics
                0x00104dac                FT_Select_Metrics
                0x00105048                FT_Request_Metrics
                0x001053d4                FT_Select_Size
                0x00105440                FT_Request_Size
                0x001054d0                FT_Set_Char_Size
                0x00105598                FT_Set_Pixel_Sizes
                0x0010566c                FT_Get_Kerning
                0x00105794                FT_Get_Track_Kerning
                0x00105814                FT_Select_Charmap
                0x00105924                FT_Set_Charmap
                0x00105a0c                FT_Get_Charmap_Index
                0x00105a78                FT_Get_Char_Index
                0x00105ac0                FT_Get_First_Char
                0x00105b84                FT_Get_Next_Char
                0x00105c1c                FT_Face_GetCharVariantIndex
                0x00105d2c                FT_Face_GetCharVariantIsDefault
                0x00105e14                FT_Face_GetVariantSelectors
                0x00105ef4                FT_Face_GetVariantsOfChar
                0x00105fdc                FT_Face_GetCharsOfVariant
                0x001060c4                FT_Get_Name_Index
                0x00106170                FT_Get_Glyph_Name
                0x0010625c                FT_Get_Postscript_Name
                0x001062e4                FT_Get_Sfnt_Table
                0x00106350                FT_Load_Sfnt_Table
                0x001063d4                FT_Sfnt_Table_Info
                0x00106460                FT_Get_CMap_Language_ID
                0x001064e0                FT_Get_CMap_Format
                0x0010655c                FT_Activate_Size
                0x00106598                FT_Lookup_Renderer
                0x001065fc                FT_Get_Renderer
                0x0010664c                FT_Set_Renderer
                0x0010674c                FT_Render_Glyph_Internal
                0x00106844                FT_Render_Glyph
                0x00106874                FT_Get_Module
                0x001068e0                FT_Get_Module_Interface
                0x00106950                ft_module_get_service
                0x001069d4                FT_Remove_Module
                0x001069f8                FT_Property_Set
                0x00106aec                FT_Property_Get
                0x00106be0                FT_Reference_Library
                0x00106bfc                FT_New_Library
                0x00106c78                FT_Library_Version
                0x00106cb0                FT_Done_Library
                0x00106e7c                FT_Set_Debug_Hook
                0x00106ea8                FT_Get_TrueType_Engine_Type
                0x00106f7c                FT_Get_SubGlyph_Info
                0x00107010                FT_Outline_Decompose
                0x00107420                FT_Outline_Check
                0x001074c8                FT_Outline_Copy
                0x00107570                FT_Outline_Done_Internal
                0x0010761c                FT_Outline_Done
                0x001076dc                FT_Outline_Get_CBox
                0x00107778                FT_Outline_Translate
                0x001077cc                FT_Outline_Reverse
                0x00107898                FT_Outline_Render
                0x00107968                FT_Outline_Get_Bitmap
                0x00107a44                FT_Vector_Transform
                0x00107aec                FT_Outline_Transform
                0x00108288                FT_Load_Glyph
                0x00108644                FT_Get_Advances
                0x001086bc                FT_Get_Advance
                0x001089bc                FT_Load_Char
                0x00108a20                FT_Outline_Get_Orientation
                0x00108b6c                FT_Outline_EmboldenXY
                0x00108f50                FT_Outline_Embolden
                0x00108f58                FT_Raccess_Guess
                0x00109070                FT_Get_Sfnt_Name_Count
                0x00109094                FT_Stream_OpenMemory
                0x001090ac                FT_Stream_Close
                0x001090c4                FT_Stream_Seek
                0x00109110                FT_Stream_Skip
                0x00109174                FT_Stream_Pos
                0x0010917c                FT_Stream_Read
                0x00109200                FT_Stream_ReadAt
                0x00109280                FT_Stream_TryRead
                0x001092f0                FT_Stream_ExtractFrame
                0x00109430                FT_Stream_ReleaseFrame
                0x00109470                FT_Stream_EnterFrame
                0x00109590                FT_Stream_ExitFrame
                0x001095d4                FT_Stream_GetChar
                0x001095f8                FT_Stream_GetUShort
                0x00109628                FT_Stream_GetUShortLE
                0x00109658                FT_Stream_GetUOffset
                0x00109694                FT_Stream_GetULong
                0x001096d8                FT_Stream_GetULongLE
                0x0010971c                FT_Stream_ReadChar
                0x001097ac                FT_Stream_ReadUShort
                0x00109844                FT_Raccess_Get_HeaderInfo
                0x00109ab4                FT_Stream_ReadUShortLE
                0x00109b4c                FT_Stream_ReadUOffset
                0x00109bf0                FT_Stream_ReadULong
                0x0010a76c                FT_Stream_ReadULongLE
                0x0010a818                FT_Stream_ReadFields
                0x0010aa8c                FT_Cos
                0x0010ab58                FT_Sin
                0x0010ac24                FT_Tan
                0x0010acfc                FT_Atan2
                0x0010ad64                FT_Vector_Unit
                0x0010ae4c                FT_Vector_Rotate
                0x0010b094                FT_Vector_Length
                0x0010b1dc                FT_Vector_Polarize
                0x0010b32c                FT_Vector_From_Polar
                0x0010b560                FT_Angle_Diff
                0x0010b59c                ft_mem_alloc
                0x0010b5fc                FT_Add_Module
                0x0010b90c                ft_mem_qalloc
                0x0010b950                ft_mem_realloc
                0x0010ba54                FT_GlyphLoader_CheckPoints
                0x0010bc7c                FT_CMap_Done
                0x0010bdb0                FT_CMap_New
                0x0010bf1c                FT_Outline_New_Internal
                0x0010c080                FT_Raccess_Get_DataOffsets
                0x0010cfd4                FT_Open_Face
                0x0010d8fc                FT_New_Face
                0x0010d93c                FT_New_Memory_Face
                0x0010e09c                FT_Get_Sfnt_Name
                0x0010e1ec                FT_Outline_New
                0x0010e330                FT_GlyphLoader_CopyPoints
                0x0010e698                ft_mem_qrealloc
                0x0010e7b8                ft_mem_free
                0x0010e7c8                ft_mem_dup
                0x0010e838                ft_mem_strdup
                0x0010e8c4                ft_mem_strcpyn
                0x0010e928                FT_List_Find
                0x0010e96c                FT_List_Add
                0x0010e9a0                FT_List_Insert
                0x0010e9d4                FT_List_Remove
                0x0010ea04                FT_List_Up
                0x0010ea48                FT_List_Iterate
                0x0010ea9c                FT_List_Finalize
 .text          0x0010eb2c     0xc09c c:/devkitPro/portlibs/armv6k/lib\libfreetype.a(truetype.o)
                0x001150a8                TT_RunIns
                0x001193e0                TT_New_Context
 .text          0x0011abc8     0x5bfc c:/devkitPro/portlibs/armv6k/lib\libfreetype.a(type1.o)
 .text          0x001207c4     0xe128 c:/devkitPro/portlibs/armv6k/lib\libfreetype.a(cff.o)
 .text          0x0012e8ec     0x1c90 c:/devkitPro/portlibs/armv6k/lib\libfreetype.a(type1cid.o)
 .text          0x0013057c     0x3318 c:/devkitPro/portlibs/armv6k/lib\libfreetype.a(pfr.o)
 .text          0x00133894     0x1e58 c:/devkitPro/portlibs/armv6k/lib\libfreetype.a(type42.o)
 .text          0x001356ec     0x10e4 c:/devkitPro/portlibs/armv6k/lib\libfreetype.a(winfnt.o)
 .text          0x001367d0     0x21b0 c:/devkitPro/portlibs/armv6k/lib\libfreetype.a(pcf.o)
 .text          0x00138980     0x5210 c:/devkitPro/portlibs/armv6k/lib\libfreetype.a(bdf.o)
 .text          0x0013db90     0xa014 c:/devkitPro/portlibs/armv6k/lib\libfreetype.a(sfnt.o)
 .text          0x00147ba4     0x8d0c c:/devkitPro/portlibs/armv6k/lib\libfreetype.a(autofit.o)
                0x0015086c                af_get_coverage
                0x00150874                af_get_char_index
 .text          0x001508b0     0x4408 c:/devkitPro/portlibs/armv6k/lib\libfreetype.a(pshinter.o)
                0x00153840                ps_hints_apply
 .text          0x00154cb8      0xc64 c:/devkitPro/portlibs/armv6k/lib\libfreetype.a(raster.o)
 .text          0x0015591c     0x263c c:/devkitPro/portlibs/armv6k/lib\libfreetype.a(smooth.o)
 .text          0x00157f58     0x3c7c c:/devkitPro/portlibs/armv6k/lib\libfreetype.a(ftcache.o)
                0x00159ecc                FTC_Manager_LookupSize
                0x0015a020                FTC_Manager_LookupFace
                0x0015a0e8                FTC_Manager_New
                0x0015a1ec                FTC_Manager_Done
                0x0015a350                FTC_Manager_Reset
                0x0015a4a4                FTC_Manager_RemoveFaceID
                0x0015a758                FTC_Node_Unref
                0x0015a780                FTC_CMapCache_New
                0x0015a87c                FTC_CMapCache_Lookup
                0x0015ab14                FTC_ImageCache_New
                0x0015ac10                FTC_ImageCache_Lookup
                0x0015af2c                FTC_ImageCache_LookupScaler
                0x0015b2f0                FTC_SBitCache_New
                0x0015b3ec                FTC_SBitCache_Lookup
                0x0015b790                FTC_SBitCache_LookupScaler
 .text          0x0015bbd4      0x9a4 c:/devkitPro/portlibs/armv6k/lib\libfreetype.a(ftgzip.o)
                0x0015bee4                FT_Stream_OpenGzip
                0x0015c470                FT_Gzip_Uncompress
 .text          0x0015c578     0x14a8 c:/devkitPro/portlibs/armv6k/lib\libfreetype.a(ftlzw.o)
                0x0015c7a0                FT_Stream_OpenLZW
                0x0015c988                ft_lzwstate_reset
                0x0015c9b4                ft_lzwstate_init
                0x0015ca20                ft_lzwstate_done
                0x0015ca90                ft_lzwstate_io
 .text          0x0015da20     0x6bb4 c:/devkitPro/portlibs/armv6k/lib\libfreetype.a(psaux.o)
 .text          0x001645d4      0xa78 c:/devkitPro/portlibs/armv6k/lib\libfreetype.a(psnames.o)
 .text          0x0016504c      0x194 c:/devkitPro/portlibs/armv6k/lib\libfreetype.a(ftsystem.o)
                0x001650e8                FT_Stream_Open
                0x00165198                FT_New_Memory
                0x001651dc                FT_Done_Memory
 .text          0x001651e0      0xf78 c:/devkitPro/portlibs/armv6k/lib\libfreetype.a(ftbitmap.o)
                0x001651e0                FT_Bitmap_Init
                0x00165210                FT_Bitmap_New
                0x00165240                FT_Bitmap_Copy
                0x001653ec                FT_Bitmap_Convert
                0x00165910                FT_Bitmap_Embolden
                0x00166048                FT_GlyphSlot_Own_Bitmap
                0x001660fc                FT_Bitmap_Done
 .text          0x00166158      0x840 c:/devkitPro/portlibs/armv6k/lib\libfreetype.a(ftglyph.o)
                0x00166370                FT_Glyph_Copy
                0x00166464                FT_Get_Glyph
                0x00166584                FT_Glyph_Transform
                0x001665e8                FT_Glyph_Get_CBox
                0x0016668c                FT_Done_Glyph
                0x001666c0                FT_Glyph_To_Bitmap
 .text          0x00166998     0x2c58 c:/devkitPro/portlibs/armv6k/lib\libz.a(inflate.o)
                0x00166998                inflateResetKeep
                0x00166a28                inflateReset
                0x00166ac4                inflateReset2
                0x00166be4                inflateInit2_
                0x00166d6c                inflateInit_
                0x00166ed0                inflatePrime
                0x00166f48                inflate
                0x00168de4                inflateEnd
                0x00168e48                inflateGetDictionary
                0x00168ee0                inflateSetDictionary
                0x00169088                inflateGetHeader
                0x001690c4                inflateSync
                0x0016937c                inflateSyncPoint
                0x001693bc                inflateCopy
                0x00169568                inflateUndermine
                0x00169598                inflateMark
 .text          0x001695f0      0xbf4 c:/devkitPro/portlibs/armv6k/lib\libz.a(inftrees.o)
                0x001695f0                inflate_table
 .text          0x0016a1e4       0x38 c:/devkitPro/portlibs/armv6k/lib\libz.a(zutil.o)
                0x0016a1e4                zlibVersion
                0x0016a1f0                zlibCompileFlags
                0x0016a1f8                zError
                0x0016a20c                zcalloc
                0x0016a214                zcfree
 .text          0x0016a21c      0x5c0 c:/devkitPro/portlibs/armv6k/lib\libz.a(adler32.o)
                0x0016a21c                adler32
                0x0016a664                adler32_combine
                0x0016a720                adler32_combine64
 .text          0x0016a7dc      0x5d8 c:/devkitPro/portlibs/armv6k/lib\libz.a(crc32.o)
                0x0016a9f0                get_crc_table
                0x0016a9fc                crc32
                0x0016adac                crc32_combine
                0x0016adb0                crc32_combine64
 .text          0x0016adb4      0xbe4 c:/devkitPro/portlibs/armv6k/lib\libz.a(inffast.o)
                0x0016adb4                inflate_fast
 .text          0x0016b998      0x75c c:/devkitPro/libctru/lib\libsf2d.a(sf2d.o)
                0x0016bbb0                sf2d_init
                0x0016bbd8                sf2d_init_advanced
                0x0016bbf8                sf2d_fini
                0x0016bc5c                sf2d_set_3D
                0x0016bc68                sf2d_start_frame
                0x0016bdf8                sf2d_end_frame
                0x0016bf10                sf2d_swapbuffers
                0x0016bfc0                sf2d_set_vblank_wait
                0x0016bfd0                sf2d_get_fps
                0x0016bfe0                sf2d_pool_malloc
                0x0016c00c                sf2d_pool_memalign
                0x0016c04c                sf2d_pool_space_free
                0x0016c064                sf2d_pool_reset
                0x0016c078                sf2d_set_clear_color
                0x0016c088                sf2d_set_scissor_test
                0x0016c0d4                sf2d_get_current_screen
                0x0016c0e4                sf2d_get_current_side
 .text          0x0016c0f4      0x4b8 c:/devkitPro/libctru/lib\libsf2d.a(sf2d_private.o)
                0x0016c0f4                GPU_SetDummyTexEnv
                0x0016c128                vector_mult_matrix4x4
                0x0016c1ac                matrix_gpu_set_uniform
                0x0016c1bc                matrix_copy
                0x0016c1f8                matrix_identity4x4
                0x0016c244                matrix_mult4x4
                0x0016c2b8                matrix_set_z_rotation
                0x0016c32c                matrix_rotate_z
                0x0016c38c                matrix_set_scaling
                0x0016c3d8                matrix_swap_xy
                0x0016c478                matrix_init_orthographic
                0x0016c58c                next_pow2
 .text          0x0016c5ac     0x2138 c:/devkitPro/libctru/lib\libsf2d.a(sf2d_texture.o)
                0x0016c6d0                sf2d_create_texture
                0x0016c8d0                sf2d_free_texture
                0x0016c920                sf2d_fill_texture_from_RGBA8
                0x0016c9d8                sf2d_create_texture_mem_RGBA8
                0x0016ca1c                sf2d_bind_texture
                0x0016ca94                sf2d_bind_texture_color
                0x0016cb14                sf2d_bind_texture_parameters
                0x0016cb8c                sf2d_texture_set_params
                0x0016cb94                sf2d_texture_get_params
                0x0016cb9c                sf2d_draw_texture
                0x0016ccdc                sf2d_draw_texture_blend
                0x0016ce20                sf2d_draw_texture_rotate_hotspot
                0x0016cfd0                sf2d_draw_texture_rotate_hotspot_blend
                0x0016d184                sf2d_draw_texture_rotate
                0x0016d348                sf2d_draw_texture_rotate_blend
                0x0016d510                sf2d_draw_texture_part
                0x0016d68c                sf2d_draw_texture_part_blend
                0x0016d80c                sf2d_draw_texture_scale
                0x0016d974                sf2d_draw_texture_scale_blend
                0x0016dae0                sf2d_draw_texture_part_scale
                0x0016dc34                sf2d_draw_texture_part_scale_blend
                0x0016dd8c                sf2d_draw_texture_part_rotate_scale
                0x0016dfa4                sf2d_draw_texture_part_rotate_scale_blend
                0x0016e1c0                sf2d_draw_texture_depth
                0x0016e320                sf2d_draw_texture_depth_blend
                0x0016e484                sf2d_draw_quad_uv
                0x0016e5b0                sf2d_set_pixel
                0x0016e644                sf2d_get_pixel
                0x0016e6d4                sf2d_texture_tile32
 .text          0x0016e6e4        0x0 c:/devkitPro/libctru/lib\libsf2d.a(shader.vsh.o)
 .text          0x0016e6e4      0x1d4 c:/devkitPro/libctru/lib\libctru.a(linear.o)
                0x0016e70c                linearMemAlign
                0x0016e84c                linearAlloc
                0x0016e854                linearRealloc
                0x0016e85c                linearFree
                0x0016e8ac                linearSpaceFree
 .text          0x0016e8b8      0x35c c:/devkitPro/libctru/lib\libctru.a(mem_pool.o)
                0x0016e8b8                MemPool::CoalesceRight(MemBlock*)
                0x0016e958                MemPool::Allocate(MemChunk&, unsigned long, int)
                0x0016eae0                MemPool::Deallocate(MemChunk const&)
                0x0016ebe4                MemPool::GetFreeSpace()
 .text          0x0016ec14      0x1c4 c:/devkitPro/libctru/lib\libctru.a(vram.o)
                0x0016ec3c                vramMemAlign
                0x0016ed6c                vramAlloc
                0x0016ed74                vramRealloc
                0x0016ed7c                vramFree
                0x0016edcc                vramSpaceFree
 .text          0x0016edd8      0x748 c:/devkitPro/libctru/lib\libctru.a(gfx.o)
                0x0016ee64                gfxSet3D
                0x0016ee74                gfxSetScreenFormat
                0x0016ee8c                gfxGetScreenFormat
                0x0016eea4                gfxSetDoubleBuffering
                0x0016eeb8                gfxSetFramebufferInfo
                0x0016ef28                gfxWriteFramebufferInfo
                0x0016efec                gfxInit
                0x0016f1cc                gfxInitDefault
                0x0016f1dc                gfxExit
                0x0016f2c4                gfxGetFramebuffer
                0x0016f374                gfxFlushBuffers
                0x0016f450                gfxSwapBuffers
                0x0016f4c4                gfxSwapBuffersGpu
 .text          0x0016f520      0x550 c:/devkitPro/libctru/lib\libctru.a(os.o)
                0x0016f654                osConvertVirtToPhys
                0x0016f6a0                osConvertOldLINEARMemToNew
                0x0016f6c0                __libctru_gtod
                0x0016f7b4                osGetTime
                0x0016f828                osGetFirmVersion
                0x0016f83c                osGetKernelVersion
                0x0016f850                osStrError
                0x0016f870                osGetWifiStrength
                0x0016f880                __ctru_speedup_config
                0x0016f8b4                osSetSpeedupEnable
                0x0016f8c4                osGetSystemVersionData
                0x0016f9f4                osGetSystemVersionDataString
 .text          0x0016fa70      0xa8c c:/devkitPro/libctru/lib\libctru.a(romfs_dev.o)
                0x001701f0                romfsInit
                0x00170478                romfsInitFromFile
                0x001704a0                romfsExit
 .text          0x001704fc      0x3b8 c:/devkitPro/libctru/lib\libctru.a(srv.o)
                0x001704fc                __get_handle_from_list
                0x00170594                __destroy_handle_list
                0x001705e8                srvExit
                0x00170610                srvGetSessionHandle
                0x0017061c                srvRegisterClient
                0x00170654                srvInit
                0x001706bc                srvGetServiceHandle
                0x0017073c                srvRegisterService
                0x00170798                srvUnregisterService
                0x001707e4                srvPmInit
                0x00170838                srvRegisterProcess
                0x00170880                srvUnregisterProcess
 .text          0x001708b4     0x1a58 c:/devkitPro/libctru/lib\libctru.a(gpu.o)
                0x00170934                GPU_Init
                0x00170960                GPUCMD_SetBuffer
                0x0017098c                GPUCMD_SetBufferOffset
                0x0017099c                GPUCMD_GetBuffer
                0x001709dc                GPUCMD_AddRawCommands
                0x00170a28                GPUCMD_Run
                0x00170a88                GPUCMD_FlushAndRun
                0x00170afc                GPUCMD_Add
                0x00170be0                GPUCMD_Finalize
                0x00170c78                GPU_Reset
                0x00171458                GPU_SetFloatUniform
                0x001714d0                GPU_SetViewport
                0x001716c4                GPU_SetScissorTest
                0x00171710                GPU_DepthMap
                0x0017178c                GPU_SetAlphaTest
                0x001717c4                GPU_SetStencilTest
                0x0017180c                GPU_SetStencilOp
                0x00171840                GPU_SetDepthTestAndWriteMask
                0x00171878                GPU_SetAlphaBlending
                0x001718e0                GPU_SetColorLogicOp
                0x00171924                GPU_SetBlendingColor
                0x00171960                GPU_SetTextureEnable
                0x001719ac                GPU_SetTexture
                0x00171b44                GPU_SetTextureBorderColor
                0x00171bd8                GPU_SetAttributeBuffers
                0x00171dd4                GPU_SetAttributeBuffersAddress
                0x00171e00                GPU_SetFaceCulling
                0x00171e2c                GPU_SetCombinerBufferWrite
                0x00171e60                GPU_SetTexEnv
                0x00171ed8                GPU_DrawArray
                0x00172008                GPU_DrawElements
                0x0017213c                GPU_FinishDrawing
                0x00172198                GPU_SetShaderOutmap
                0x001721e0                GPU_SendShaderCode
                0x00172298                GPU_SendOperandDescriptors
 .text          0x0017230c        0x0 c:/devkitPro/libctru/lib\libctru.a(gpuResetSequence.o)
 .text          0x0017230c      0x7f4 c:/devkitPro/libctru/lib\libctru.a(shaderProgram.o)
                0x0017230c                shaderInstanceInit
                0x00172514                shaderInstanceFree
                0x0017254c                shaderInstanceSetBool
                0x0017258c                shaderInstanceGetBool
                0x001725d8                shaderInstanceGetUniformLocation
                0x001725f8                shaderProgramInit
                0x00172610                shaderProgramFree
                0x00172640                shaderProgramSetVsh
                0x001726ac                shaderProgramSetGsh
                0x00172720                shaderProgramUse
 .text          0x00172b00      0x348 c:/devkitPro/libctru/lib\libctru.a(shbin.o)
                0x00172b00                DVLB_Free
                0x00172b3c                DVLE_GetUniformRegister
                0x00172bb8                DVLE_GenerateOutmap
                0x00172cb0                DVLB_ParseFile
 .text          0x00172e48     0x1e3c c:/devkitPro/libctru/lib\libctru.a(apt.o)
                0x00172eac                _aptDebug
                0x00172eb0                aptInitCaptureInfo
                0x00172f60                aptWaitStatusEvent
                0x00172f88                aptHook
                0x00172fc0                aptUnhook
                0x00172fec                aptGetStatus
                0x00173024                aptSetStatus
                0x00173094                aptGetStatusPower
                0x001730cc                aptSetStatusPower
                0x00173104                aptOpenSession
                0x00173128                aptCloseSession
                0x00173150                aptSignalReadyForSleep
                0x00173160                APT_GetLockHandle
                0x001731b0                APT_Initialize
                0x00173218                APT_Finalize
                0x00173254                APT_HardwareResetAsync
                0x00173288                APT_Enable
                0x001732c4                APT_GetAppletManInfo
                0x00173344                aptGetMenuAppID
                0x00173380                APT_GetAppletInfo
                0x00173418                APT_GetAppletProgramInfo
                0x0017346c                APT_GetProgramID
                0x001734dc                APT_IsRegistered
                0x0017352c                APT_InquireNotification
                0x0017357c                APT_PrepareToJumpToHomeMenu
                0x001735b0                APT_JumpToHomeMenu
                0x00173600                APT_PrepareToJumpToApplication
                0x0017363c                APT_JumpToApplication
                0x0017368c                APT_NotifyToWait
                0x001736c8                APT_AppletUtility
                0x00173750                aptAppletUtility_Exit_RetToApp
                0x00173870                aptAppletClosed
                0x00173980                aptInit
                0x00173b48                APT_GlanceParameter
                0x00173bbc                APT_ReceiveParameter
                0x00173c30                APT_SendParameter
                0x00173ca0                APT_SendCaptureBufferInfo
                0x00173cec                aptReturnToMenu
                0x00173ec0                APT_ReplySleepQuery
                0x00173f00                APT_ReplySleepNotificationComplete
                0x00173f3c                aptEventHandler
                0x00174240                APT_PrepareToCloseApplication
                0x0017427c                APT_CloseApplication
                0x001742d4                aptExit
                0x001744c0                APT_SetAppCpuTimeLimit
                0x00174504                APT_GetAppCpuTimeLimit
                0x00174558                APT_CheckNew3DS_Application
                0x001745b4                APT_CheckNew3DS_System
                0x00174610                APT_CheckNew3DS
                0x00174684                APT_PrepareToDoAppJump
                0x001746d0                APT_DoAppJump
                0x00174738                APT_PrepareToStartLibraryApplet
                0x00174774                APT_StartLibraryApplet
                0x001747d4                aptAppletStarted
                0x001748d8                aptMainLoop
                0x00174a50                APT_LaunchLibraryApplet
                0x00174be8                APT_PrepareToStartSystemApplet
                0x00174c24                APT_StartSystemApplet
 .text          0x00174c84      0x288 c:/devkitPro/libctru/lib\libctru.a(cfgu.o)
                0x00174c84                initCfgu
                0x00174cd8                exitCfgu
                0x00174cf8                CFGU_SecureInfoGetRegion
                0x00174d30                CFGU_GenHashConsoleUnique
                0x00174d88                CFGU_GetRegionCanadaUSA
                0x00174dc0                CFGU_GetSystemModel
                0x00174df8                CFGU_GetModelNintendo2DS
                0x00174e30                CFGU_GetCountryCodeString
                0x00174e70                CFGU_GetCountryCodeID
                0x00174eb0                CFGU_GetConfigInfoBlk2
                0x00174ef8                CFGU_GetSystemLanguage
 .text          0x00174f0c      0xb7c c:/devkitPro/libctru/lib\libctru.a(csnd.o)
                0x00174f0c                CSND_AcquireCapUnit
                0x00174f44                CSND_ReleaseCapUnit
                0x00174f78                CSND_Reset
                0x00174fa4                csndInit
                0x0017510c                csndExit
                0x001751a0                csndAddCmd
                0x00175260                csndWriteCmd
                0x001752a0                csndExecCmds
                0x0017533c                CSND_SetPlayStateR
                0x0017535c                CSND_SetPlayState
                0x0017537c                CSND_SetEncoding
                0x0017539c                CSND_SetBlock
                0x001753cc                CSND_SetLooping
                0x001753ec                CSND_SetBit7
                0x0017540c                CSND_SetInterp
                0x0017542c                CSND_SetDuty
                0x0017544c                CSND_SetTimer
                0x0017546c                CSND_SetVol
                0x00175494                CSND_SetAdpcmState
                0x001754d0                CSND_SetAdpcmReload
                0x001754f0                CSND_SetChnRegs
                0x00175530                CSND_SetChnRegsPSG
                0x00175560                CSND_SetChnRegsNoise
                0x00175588                CSND_CapEnable
                0x001755a8                CSND_CapSetRepeat
                0x001755d0                CSND_CapSetFormat
                0x001755f4                CSND_CapSetBit2
                0x00175618                CSND_CapSetTimer
                0x0017563c                CSND_CapSetBuffer
                0x00175668                CSND_SetCapRegs
                0x0017569c                CSND_SetDspFlags
                0x001756b8                CSND_UpdateInfo
                0x001756d4                csndPlaySound
                0x00175920                csndGetDspFlags
                0x00175978                csndGetChnInfo
                0x001759b8                csndGetCapInfo
                0x001759e0                csndGetState
                0x00175a60                csndIsPlaying
 .text          0x00175a88      0xd4c c:/devkitPro/libctru/lib\libctru.a(fs.o)
                0x00175a88                FS_makePath
                0x00175ab4                fsExit
                0x00175ad8                fsGetSessionHandle
                0x00175ae4                FSUSER_Initialize
                0x00175b58                fsInit
                0x00175bc4                FSUSER_OpenFile
                0x00175c70                FSUSER_OpenFileDirectly
                0x00175d3c                FSUSER_DeleteFile
                0x00175dc4                FSUSER_RenameFile
                0x00175e88                FSUSER_DeleteDirectory
                0x00175f10                FSUSER_DeleteDirectoryRecursively
                0x00175f98                FSUSER_CreateFile
                0x00176030                FSUSER_CreateDirectory
                0x001760bc                FSUSER_RenameDirectory
                0x00176180                FSUSER_OpenDirectory
                0x00176214                FSUSER_OpenArchive
                0x0017629c                FSUSER_CloseArchive
                0x001762f4                FSUSER_GetSdmcArchiveResource
                0x00176370                FSUSER_GetNandArchiveResource
                0x001763ec                FSUSER_IsSdmcDetected
                0x00176438                FSUSER_GetProductInfo
                0x001764b0                FSUSER_GetMediaType
                0x001764fc                FSUSER_IsSdmcWritable
                0x00176548                FSFILE_Close
                0x0017658c                FSFILE_Read
                0x001765e8                FSFILE_Write
                0x0017664c                FSFILE_GetSize
                0x0017668c                FSFILE_SetSize
                0x001766b8                FSFILE_GetAttributes
                0x001766f0                FSFILE_SetAttributes
                0x00176718                FSFILE_Flush
                0x0017673c                FSDIR_Read
                0x00176790                FSDIR_Close
 .text          0x001767d4      0x934 c:/devkitPro/libctru/lib\libctru.a(gsp.o)
                0x001768b8                gspInit
                0x001768cc                gspExit
                0x001768e4                gspInitEventHandler
                0x001769b0                gspExitEventHandler
                0x00176a08                gspWaitForEvent
                0x00176a60                GSPGPU_WriteHWRegs
                0x00176ad0                GSPGPU_WriteHWRegsWithMask
                0x00176b5c                GSPGPU_ReadHWRegs
                0x00176bcc                GSPGPU_SetBufferSwap
                0x00176c40                GSPGPU_FlushDataCache
                0x00176c94                GSPGPU_InvalidateDataCache
                0x00176ce8                GSPGPU_SetLcdForceBlack
                0x00176d24                GSPGPU_TriggerCmdReqQueue
                0x00176d58                GSPGPU_RegisterInterruptRelayQueue
                0x00176dc4                GSPGPU_UnregisterInterruptRelayQueue
                0x00176df8                GSPGPU_AcquireRight
                0x00176e48                GSPGPU_ReleaseRight
                0x00176e7c                GSPGPU_ImportDisplayCaptureInfo
                0x00176f00                GSPGPU_SaveVramSysArea
                0x00176f34                GSPGPU_RestoreVramSysArea
                0x00176f68                GSPGPU_SubmitGxCommand
                0x00177074                gspLcdInit
                0x00177088                gspLcdExit
                0x001770a0                GSPLCD_PowerOffBacklight
                0x001770d4                GSPLCD_PowerOnBacklight
 .text          0x00177108      0x264 c:/devkitPro/libctru/lib\libctru.a(gx.o)
                0x00177108                GX_RequestDma
                0x0017715c                GX_SetCommandList_Last
                0x001771c4                GX_SetMemoryFill
                0x00177238                GX_SetDisplayTransfer
                0x0017729c                GX_SetTextureCopy
                0x00177304                GX_SetCommandList_First
 .text          0x0017736c      0x754 c:/devkitPro/libctru/lib\libctru.a(hid.o)
                0x0017736c                hidExit
                0x0017743c                hidWaitForEvent
                0x00177494                hidCheckSectionUpdateTime
                0x001774d0                hidScanInput
                0x00177718                hidKeysHeld
                0x00177728                hidKeysDown
                0x00177738                hidKeysUp
                0x00177748                hidTouchRead
                0x00177760                hidCircleRead
                0x00177778                hidAccelRead
                0x00177798                hidGyroRead
                0x001777b8                HIDUSER_GetHandles
                0x00177848                hidInit
                0x0017799c                HIDUSER_EnableAccelerometer
                0x001779c8                HIDUSER_DisableAccelerometer
                0x001779f4                HIDUSER_EnableGyroscope
                0x00177a20                HIDUSER_DisableGyroscope
                0x00177a4c                HIDUSER_GetGyroscopeRawToDpsCoefficient
                0x00177a88                HIDUSER_GetSoundVolume
 .text          0x00177ac0      0x3c0 c:/devkitPro/libctru/lib\libctru.a(irrst.o)
                0x00177ac0                irrstWaitForEvent
                0x00177b0c                irrstCheckSectionUpdateTime
                0x00177b48                irrstScanInput
                0x00177bfc                irrstKeysHeld
                0x00177c14                irrstCstickRead
                0x00177c2c                IRRST_GetHandles
                0x00177c7c                IRRST_Initialize
                0x00177cb4                irrstInit
                0x00177db4                IRRST_Shutdown
                0x00177de0                irrstExit
 .text          0x00177e80      0x1bc c:/devkitPro/libctru/lib\libctru.a(ptm.o)
                0x00177e80                ptmInit
                0x00177e94                ptmExit
                0x00177ea4                ptmSysmInit
                0x00177eb8                ptmSysmExit
                0x00177ec8                PTMU_GetShellState
                0x00177f08                PTMU_GetBatteryLevel
                0x00177f48                PTMU_GetBatteryChargeState
                0x00177f88                PTMU_GetPedometerState
                0x00177fc8                PTMU_GetTotalStepCount
                0x00178008                PTMSYSM_ConfigureNew3DSCPU
 .text          0x0017803c       0x70 c:/devkitPro/libctru/lib\libctru.a(rbtree_find.o)
                0x0017803c                rbtree_find
 .text          0x001780ac       0x14 c:/devkitPro/libctru/lib\libctru.a(rbtree_init.o)
                0x001780ac                rbtree_init
 .text          0x001780c0      0x1f4 c:/devkitPro/libctru/lib\libctru.a(rbtree_insert.o)
                0x001782a4                rbtree_insert
                0x001782ac                rbtree_insert_multi
 .text          0x001782b4      0x340 c:/devkitPro/libctru/lib\libctru.a(rbtree_remove.o)
                0x001782b4                rbtree_remove
 .text          0x001785f4       0xac c:/devkitPro/libctru/lib\libctru.a(rbtree_rotate.o)
                0x001785f4                rbtree_rotate
 .text          0x001786a0       0xb8 c:/devkitPro/libctru/lib\libctru.a(utf8_to_utf16.o)
                0x001786a0                utf8_to_utf16
 .text          0x00178758       0xa4 c:/devkitPro/libctru/lib\libctru.a(allocateHeaps.o)
                0x00178758                __system_allocateHeaps
 .text          0x001787fc       0xf4 c:/devkitPro/libctru/lib\libctru.a(initArgv.o)
                0x001787fc                __system_initArgv
 .text          0x001788f0       0x4c c:/devkitPro/libctru/lib\libctru.a(initSystem.o)
                0x001788f0                __libctru_init
 *fill*         0x0017893c        0x4 
 .text          0x00178940      0x460 c:/devkitPro/libctru/lib\libctru.a(svc.o)
                0x00178940                svcControlMemory
                0x00178960                svcQueryMemory
                0x00178990                svcExitProcess
                0x00178998                svcCreateThread
                0x001789b8                svcExitThread
                0x001789c0                svcSleepThread
                0x001789c8                svcGetThreadPriority
                0x001789dc                svcSetThreadPriority
                0x001789e4                svcGetThreadAffinityMask
                0x001789ec                svcSetThreadAffinityMask
                0x001789f4                svcGetThreadIdealProcessor
                0x00178a08                svcSetThreadIdealProcessor
                0x00178a10                svcGetProcessorID
                0x00178a18                svcCreateMutex
                0x00178a2c                svcReleaseMutex
                0x00178a34                svcCreateSemaphore
                0x00178a48                svcReleaseSemaphore
                0x00178a5c                svcCreateEvent
                0x00178a70                svcSignalEvent
                0x00178a78                svcClearEvent
                0x00178a80                svcCreateTimer
                0x00178a94                svcSetTimer
                0x00178a9c                svcCancelTimer
                0x00178aa4                svcClearTimer
                0x00178aac                svcCreateMemoryBlock
                0x00178ac4                svcMapMemoryBlock
                0x00178acc                svcUnmapMemoryBlock
                0x00178ad4                svcCreateAddressArbiter
                0x00178ae8                svcArbitrateAddress
                0x00178b08                svcCloseHandle
                0x00178b10                svcWaitSynchronization
                0x00178b18                svcWaitSynchronizationN
                0x00178b40                svcDuplicateHandle
                0x00178b54                svcGetSystemTick
                0x00178b5c                svcGetSystemInfo
                0x00178b74                svcGetProcessInfo
                0x00178b8c                svcGetThreadInfo
                0x00178ba4                svcConnectToPort
                0x00178bb8                svcSendSyncRequest
                0x00178bc0                svcOpenProcess
                0x00178bd4                svcOpenThread
                0x00178be8                svcGetProcessId
                0x00178bfc                svcGetProcessIdOfThread
                0x00178c10                svcGetThreadId
                0x00178c24                svcBreak
                0x00178c2c                svcOutputDebugString
                0x00178c34                svcCreatePort
                0x00178c54                svcAcceptSession
                0x00178c6c                svcReplyAndReceive
                0x00178c84                svcInvalidateProcessDataCache
                0x00178c8c                svcFlushProcessDataCache
                0x00178c94                svcStartInterProcessDma
                0x00178cb4                svcStopDma
                0x00178cbc                svcGetDmaState
                0x00178cd0                svcDebugActiveProcess
                0x00178ce4                svcBreakDebugProcess
                0x00178cec                svcTerminateDebugProcess
                0x00178cf4                svcGetProcessDebugEvent
                0x00178cfc                svcContinueDebugEvent
                0x00178d04                svcGetProcessList
                0x00178d24                svcReadProcessMemory
                0x00178d2c                svcWriteProcessMemory
                0x00178d34                svcControlProcessMemory
                0x00178d4c                svcMapProcessMemory
                0x00178d54                svcUnmapProcessMemory
                0x00178d5c                svcTerminateProcess
                0x00178d64                svcBackdoor
                0x00178d6c                svcKernelSetState
                0x00178d74                svcQueryProcessMemory
 .text          0x00178da0       0x64 c:/devkitPro/libctru/lib\libctru.a(stack_adjust.o)
                0x00178da0                initSystem
                0x00178de4                __ctru_exit
 .text          0x00178e04      0x178 c:/devkitPro/libctru/lib\libctru.a(mappable.o)
                0x00178e2c                mappableAlloc
                0x00178f20                mappableFree
                0x00178f70                mappableSpaceFree
 .text          0x00178f7c      0x118 c:/devkitPro/libctru/lib\libctru.a(rbtree_iterator.o)
                0x00178f7c                rbtree_node_next
                0x00179008                rbtree_node_prev
 .text          0x00179094      0x138 c:/devkitPro/libctru/lib\libctru.a(decode_utf8.o)
                0x00179094                decode_utf8
 .text          0x001791cc       0x68 c:/devkitPro/libctru/lib\libctru.a(encode_utf16.o)
                0x001791cc                encode_utf16
 .text          0x00179234       0x1c c:/devkitPro/libctru/lib\libctru.a(appExit.o)
                0x00179234                __appExit
 .text          0x00179250       0x1c c:/devkitPro/libctru/lib\libctru.a(appInit.o)
                0x00179250                __appInit
 .text          0x0017926c       0x90 c:/devkitPro/libctru/lib\libctru.a(ctru_exit.o)
                0x0017926c                __libctru_exit
 .text          0x001792fc      0xffc c:/devkitPro/libctru/lib\libctru.a(sdmc_dev.o)
                0x0017a178                sdmcInit
                0x0017a2a8                sdmcExit
 .text          0x0017a2f8       0xe8 c:/devkitPro/libctru/lib\libctru.a(utf16_to_utf8.o)
                0x0017a2f8                utf16_to_utf8
 .text          0x0017a3e0       0x60 c:/devkitPro/libctru/lib\libctru.a(decode_utf16.o)
                0x0017a3e0                decode_utf16
 .text          0x0017a440      0x104 c:/devkitPro/libctru/lib\libctru.a(encode_utf8.o)
                0x0017a440                encode_utf8
 .text          0x0017a544        0x0 c:/devkitpro/devkitarm/bin/../lib/gcc/arm-none-eabi/4.9.2/../../../../arm-none-eabi/lib/armv6k/fpu\libm.a(lib_a-sf_cos.o)
 .text          0x0017a544        0x0 c:/devkitpro/devkitarm/bin/../lib/gcc/arm-none-eabi/4.9.2/../../../../arm-none-eabi/lib/armv6k/fpu\libm.a(lib_a-sf_sin.o)
 .text          0x0017a544        0x0 c:/devkitpro/devkitarm/bin/../lib/gcc/arm-none-eabi/4.9.2/../../../../arm-none-eabi/lib/armv6k/fpu\libm.a(lib_a-ef_rem_pio2.o)
 .text          0x0017a544        0x0 c:/devkitpro/devkitarm/bin/../lib/gcc/arm-none-eabi/4.9.2/../../../../arm-none-eabi/lib/armv6k/fpu\libm.a(lib_a-kf_cos.o)
 .text          0x0017a544        0x0 c:/devkitpro/devkitarm/bin/../lib/gcc/arm-none-eabi/4.9.2/../../../../arm-none-eabi/lib/armv6k/fpu\libm.a(lib_a-kf_rem_pio2.o)
 .text          0x0017a544        0x0 c:/devkitpro/devkitarm/bin/../lib/gcc/arm-none-eabi/4.9.2/../../../../arm-none-eabi/lib/armv6k/fpu\libm.a(lib_a-kf_sin.o)
 .text          0x0017a544        0x0 c:/devkitpro/devkitarm/bin/../lib/gcc/arm-none-eabi/4.9.2/../../../../arm-none-eabi/lib/armv6k/fpu\libm.a(lib_a-sf_fabs.o)
 .text          0x0017a544        0x0 c:/devkitpro/devkitarm/bin/../lib/gcc/arm-none-eabi/4.9.2/../../../../arm-none-eabi/lib/armv6k/fpu\libm.a(lib_a-sf_floor.o)
 .text          0x0017a544        0x0 c:/devkitpro/devkitarm/bin/../lib/gcc/arm-none-eabi/4.9.2/../../../../arm-none-eabi/lib/armv6k/fpu\libm.a(lib_a-sf_scalbn.o)
 .text          0x0017a544        0x0 c:/devkitpro/devkitarm/bin/../lib/gcc/arm-none-eabi/4.9.2/../../../../arm-none-eabi/lib/armv6k/fpu\libm.a(lib_a-sf_copysign.o)
 .text          0x0017a544      0x20c c:/devkitpro/devkitarm/bin/../lib/gcc/arm-none-eabi/4.9.2/armv6k/fpu\libgcc.a(_udivsi3.o)
                0x0017a544                __aeabi_uidiv
                0x0017a544                __udivsi3
                0x0017a730                __aeabi_uidivmod
 .text          0x0017a750      0x240 c:/devkitpro/devkitarm/bin/../lib/gcc/arm-none-eabi/4.9.2/armv6k/fpu\libgcc.a(_divsi3.o)
                0x0017a750                __divsi3
                0x0017a750                __aeabi_idiv
                0x0017a970                __aeabi_idivmod
 .text          0x0017a990        0x4 c:/devkitpro/devkitarm/bin/../lib/gcc/arm-none-eabi/4.9.2/armv6k/fpu\libgcc.a(_dvmd_tls.o)
                0x0017a990                __aeabi_idiv0
                0x0017a990                __aeabi_ldiv0
 .text          0x0017a994      0x250 c:/devkitpro/devkitarm/bin/../lib/gcc/arm-none-eabi/4.9.2/armv6k/fpu\libgcc.a(_arm_addsubsf3.o)
                0x0017a994                __aeabi_frsub
                0x0017a99c                __subsf3
                0x0017a99c                __aeabi_fsub
                0x0017a9a0                __aeabi_fadd
                0x0017a9a0                __addsf3
                0x0017ab30                __aeabi_ui2f
                0x0017ab30                __floatunsisf
                0x0017ab38                __aeabi_i2f
                0x0017ab38                __floatsisf
                0x0017ab58                __aeabi_ul2f
                0x0017ab58                __floatundisf
                0x0017ab68                __aeabi_l2f
                0x0017ab68                __floatdisf
 .text          0x0017abe4       0x44 c:/devkitpro/devkitarm/bin/../lib/gcc/arm-none-eabi/4.9.2/armv6k/fpu\libgcc.a(_popcountsi2.o)
                0x0017abe4                __popcountsi2
 .text          0x0017ac28        0x0 c:/devkitpro/devkitarm/bin/../lib/gcc/arm-none-eabi/4.9.2/../../../../arm-none-eabi/lib/armv6k/fpu\libg.a(lib_a-atol.o)
 .text          0x0017ac28        0x0 c:/devkitpro/devkitarm/bin/../lib/gcc/arm-none-eabi/4.9.2/../../../../arm-none-eabi/lib/armv6k/fpu\libg.a(lib_a-bsearch.o)
 .text          0x0017ac28        0x0 c:/devkitpro/devkitarm/bin/../lib/gcc/arm-none-eabi/4.9.2/../../../../arm-none-eabi/lib/armv6k/fpu\libg.a(lib_a-errno.o)
 .text          0x0017ac28        0x0 c:/devkitpro/devkitarm/bin/../lib/gcc/arm-none-eabi/4.9.2/../../../../arm-none-eabi/lib/armv6k/fpu\libg.a(lib_a-fclose.o)
 .text          0x0017ac28        0x0 c:/devkitpro/devkitarm/bin/../lib/gcc/arm-none-eabi/4.9.2/../../../../arm-none-eabi/lib/armv6k/fpu\libg.a(lib_a-fflush.o)
 .text          0x0017ac28        0x0 c:/devkitpro/devkitarm/bin/../lib/gcc/arm-none-eabi/4.9.2/../../../../arm-none-eabi/lib/armv6k/fpu\libg.a(lib_a-findfp.o)
 .text          0x0017ac28        0x0 c:/devkitpro/devkitarm/bin/../lib/gcc/arm-none-eabi/4.9.2/../../../../arm-none-eabi/lib/armv6k/fpu\libg.a(lib_a-fini.o)
 .text          0x0017ac28        0x0 c:/devkitpro/devkitarm/bin/../lib/gcc/arm-none-eabi/4.9.2/../../../../arm-none-eabi/lib/armv6k/fpu\libg.a(lib_a-fopen.o)
 .text          0x0017ac28        0x0 c:/devkitpro/devkitarm/bin/../lib/gcc/arm-none-eabi/4.9.2/../../../../arm-none-eabi/lib/armv6k/fpu\libg.a(lib_a-fread.o)
 .text          0x0017ac28        0x0 c:/devkitpro/devkitarm/bin/../lib/gcc/arm-none-eabi/4.9.2/../../../../arm-none-eabi/lib/armv6k/fpu\libg.a(lib_a-freer.o)
 .text          0x0017ac28        0x0 c:/devkitpro/devkitarm/bin/../lib/gcc/arm-none-eabi/4.9.2/../../../../arm-none-eabi/lib/armv6k/fpu\libg.a(lib_a-fseek.o)
 .text          0x0017ac28        0x0 c:/devkitpro/devkitarm/bin/../lib/gcc/arm-none-eabi/4.9.2/../../../../arm-none-eabi/lib/armv6k/fpu\libg.a(lib_a-fseeko.o)
 .text          0x0017ac28        0x0 c:/devkitpro/devkitarm/bin/../lib/gcc/arm-none-eabi/4.9.2/../../../../arm-none-eabi/lib/armv6k/fpu\libg.a(lib_a-ftell.o)
 .text          0x0017ac28        0x0 c:/devkitpro/devkitarm/bin/../lib/gcc/arm-none-eabi/4.9.2/../../../../arm-none-eabi/lib/armv6k/fpu\libg.a(lib_a-ftello.o)
 .text          0x0017ac28        0x0 c:/devkitpro/devkitarm/bin/../lib/gcc/arm-none-eabi/4.9.2/../../../../arm-none-eabi/lib/armv6k/fpu\libg.a(lib_a-fwalk.o)
 .text          0x0017ac28        0x0 c:/devkitpro/devkitarm/bin/../lib/gcc/arm-none-eabi/4.9.2/../../../../arm-none-eabi/lib/armv6k/fpu\libg.a(lib_a-impure.o)
 .text          0x0017ac28        0x0 c:/devkitpro/devkitarm/bin/../lib/gcc/arm-none-eabi/4.9.2/../../../../arm-none-eabi/lib/armv6k/fpu\libg.a(lib_a-init.o)
 .text          0x0017ac28        0x0 c:/devkitpro/devkitarm/bin/../lib/gcc/arm-none-eabi/4.9.2/../../../../arm-none-eabi/lib/armv6k/fpu\libg.a(lib_a-makebuf.o)
 .text          0x0017ac28        0x0 c:/devkitpro/devkitarm/bin/../lib/gcc/arm-none-eabi/4.9.2/../../../../arm-none-eabi/lib/armv6k/fpu\libg.a(lib_a-malloc.o)
 .text          0x0017ac28        0x0 c:/devkitpro/devkitarm/bin/../lib/gcc/arm-none-eabi/4.9.2/../../../../arm-none-eabi/lib/armv6k/fpu\libg.a(lib_a-mallocr.o)
 .text          0x0017ac28        0x0 c:/devkitpro/devkitarm/bin/../lib/gcc/arm-none-eabi/4.9.2/../../../../arm-none-eabi/lib/armv6k/fpu\libg.a(lib_a-memchr.o)
 .text          0x0017ac28        0x0 c:/devkitpro/devkitarm/bin/../lib/gcc/arm-none-eabi/4.9.2/../../../../arm-none-eabi/lib/armv6k/fpu\libg.a(lib_a-memcmp.o)
 .text          0x0017ac28        0x0 c:/devkitpro/devkitarm/bin/../lib/gcc/arm-none-eabi/4.9.2/../../../../arm-none-eabi/lib/armv6k/fpu\libg.a(lib_a-memcpy.o)
 .text          0x0017ac28        0x0 c:/devkitpro/devkitarm/bin/../lib/gcc/arm-none-eabi/4.9.2/../../../../arm-none-eabi/lib/armv6k/fpu\libg.a(lib_a-memmove.o)
 .text          0x0017ac28        0x0 c:/devkitpro/devkitarm/bin/../lib/gcc/arm-none-eabi/4.9.2/../../../../arm-none-eabi/lib/armv6k/fpu\libg.a(lib_a-memset.o)
 .text          0x0017ac28        0x0 c:/devkitpro/devkitarm/bin/../lib/gcc/arm-none-eabi/4.9.2/../../../../arm-none-eabi/lib/armv6k/fpu\libg.a(lib_a-mlock.o)
 .text          0x0017ac28        0x0 c:/devkitpro/devkitarm/bin/../lib/gcc/arm-none-eabi/4.9.2/../../../../arm-none-eabi/lib/armv6k/fpu\libg.a(lib_a-qsort.o)
 .text          0x0017ac28        0x0 c:/devkitpro/devkitarm/bin/../lib/gcc/arm-none-eabi/4.9.2/../../../../arm-none-eabi/lib/armv6k/fpu\libg.a(lib_a-realloc.o)
 .text          0x0017ac28        0x0 c:/devkitpro/devkitarm/bin/../lib/gcc/arm-none-eabi/4.9.2/../../../../arm-none-eabi/lib/armv6k/fpu\libg.a(lib_a-reallocr.o)
 .text          0x0017ac28        0x0 c:/devkitpro/devkitarm/bin/../lib/gcc/arm-none-eabi/4.9.2/../../../../arm-none-eabi/lib/armv6k/fpu\libg.a(lib_a-refill.o)
 .text          0x0017ac28       0x2c c:/devkitpro/devkitarm/bin/../lib/gcc/arm-none-eabi/4.9.2/../../../../arm-none-eabi/lib/armv6k/fpu\libg.a(lib_a-setjmp.o)
                0x0017ac28                setjmp
                0x0017ac3c                longjmp
 .text          0x0017ac54        0x0 c:/devkitpro/devkitarm/bin/../lib/gcc/arm-none-eabi/4.9.2/../../../../arm-none-eabi/lib/armv6k/fpu\libg.a(lib_a-snprintf.o)
 .text          0x0017ac54        0x0 c:/devkitpro/devkitarm/bin/../lib/gcc/arm-none-eabi/4.9.2/../../../../arm-none-eabi/lib/armv6k/fpu\libg.a(lib_a-sprintf.o)
 .text          0x0017ac54        0x0 c:/devkitpro/devkitarm/bin/../lib/gcc/arm-none-eabi/4.9.2/../../../../arm-none-eabi/lib/armv6k/fpu\libg.a(lib_a-stdio.o)
 .text          0x0017ac54        0x0 c:/devkitpro/devkitarm/bin/../lib/gcc/arm-none-eabi/4.9.2/../../../../arm-none-eabi/lib/armv6k/fpu\libg.a(lib_a-strchr.o)
 *fill*         0x0017ac54        0xc 
 .text          0x0017ac60      0x3a0 c:/devkitpro/devkitarm/bin/../lib/gcc/arm-none-eabi/4.9.2/../../../../arm-none-eabi/lib/armv6k/fpu\libg.a(lib_a-strcmp.o)
                0x0017ac68                strcmp
 .text          0x0017b000        0x0 c:/devkitpro/devkitarm/bin/../lib/gcc/arm-none-eabi/4.9.2/../../../../arm-none-eabi/lib/armv6k/fpu\libg.a(lib_a-strcpy.o)
 .text          0x0017b000        0x0 c:/devkitpro/devkitarm/bin/../lib/gcc/arm-none-eabi/4.9.2/../../../../arm-none-eabi/lib/armv6k/fpu\libg.a(lib_a-strlen.o)
 .text          0x0017b000        0x0 c:/devkitpro/devkitarm/bin/../lib/gcc/arm-none-eabi/4.9.2/../../../../arm-none-eabi/lib/armv6k/fpu\libg.a(lib_a-strncat.o)
 .text          0x0017b000        0x0 c:/devkitpro/devkitarm/bin/../lib/gcc/arm-none-eabi/4.9.2/../../../../arm-none-eabi/lib/armv6k/fpu\libg.a(lib_a-strncmp.o)
 .text          0x0017b000        0x0 c:/devkitpro/devkitarm/bin/../lib/gcc/arm-none-eabi/4.9.2/../../../../arm-none-eabi/lib/armv6k/fpu\libg.a(lib_a-strncpy.o)
 .text          0x0017b000        0x0 c:/devkitpro/devkitarm/bin/../lib/gcc/arm-none-eabi/4.9.2/../../../../arm-none-eabi/lib/armv6k/fpu\libg.a(lib_a-strrchr.o)
 .text          0x0017b000        0x0 c:/devkitpro/devkitarm/bin/../lib/gcc/arm-none-eabi/4.9.2/../../../../arm-none-eabi/lib/armv6k/fpu\libg.a(lib_a-strstr.o)
 .text          0x0017b000        0x0 c:/devkitpro/devkitarm/bin/../lib/gcc/arm-none-eabi/4.9.2/../../../../arm-none-eabi/lib/armv6k/fpu\libg.a(lib_a-strtok.o)
 .text          0x0017b000        0x0 c:/devkitpro/devkitarm/bin/../lib/gcc/arm-none-eabi/4.9.2/../../../../arm-none-eabi/lib/armv6k/fpu\libg.a(lib_a-strtok_r.o)
 .text          0x0017b000        0x0 c:/devkitpro/devkitarm/bin/../lib/gcc/arm-none-eabi/4.9.2/../../../../arm-none-eabi/lib/armv6k/fpu\libg.a(lib_a-strtol.o)
 .text          0x0017b000        0x0 c:/devkitpro/devkitarm/bin/../lib/gcc/arm-none-eabi/4.9.2/../../../../arm-none-eabi/lib/armv6k/fpu\libg.a(lib_a-svfprintf.o)
 .text          0x0017b000        0x0 c:/devkitpro/devkitarm/bin/../lib/gcc/arm-none-eabi/4.9.2/../../../../arm-none-eabi/lib/armv6k/fpu\libg.a(lib_a-vsnprintf.o)
 .text          0x0017b000        0x0 c:/devkitpro/devkitarm/bin/../lib/gcc/arm-none-eabi/4.9.2/../../../../arm-none-eabi/lib/armv6k/fpu\libg.a(lib_a-vswprintf.o)
 .text          0x0017b000        0x0 c:/devkitpro/devkitarm/bin/../lib/gcc/arm-none-eabi/4.9.2/../../../../arm-none-eabi/lib/armv6k/fpu\libg.a(lib_a-wcrtomb.o)
 .text          0x0017b000        0x0 c:/devkitpro/devkitarm/bin/../lib/gcc/arm-none-eabi/4.9.2/../../../../arm-none-eabi/lib/armv6k/fpu\libg.a(lib_a-wcsrtombs.o)
 .text          0x0017b000        0x0 c:/devkitpro/devkitarm/bin/../lib/gcc/arm-none-eabi/4.9.2/../../../../arm-none-eabi/lib/armv6k/fpu\libg.a(lib_a-wctomb_r.o)
 .text          0x0017b000        0x0 c:/devkitpro/devkitarm/bin/../lib/gcc/arm-none-eabi/4.9.2/../../../../arm-none-eabi/lib/armv6k/fpu\libg.a(lib_a-ctype_.o)
 .text          0x0017b000        0x0 c:/devkitpro/devkitarm/bin/../lib/gcc/arm-none-eabi/4.9.2/../../../../arm-none-eabi/lib/armv6k/fpu\libg.a(lib_a-dtoa.o)
 .text          0x0017b000        0x0 c:/devkitpro/devkitarm/bin/../lib/gcc/arm-none-eabi/4.9.2/../../../../arm-none-eabi/lib/armv6k/fpu\libg.a(lib_a-flags.o)
 .text          0x0017b000        0x0 c:/devkitpro/devkitarm/bin/../lib/gcc/arm-none-eabi/4.9.2/../../../../arm-none-eabi/lib/armv6k/fpu\libg.a(lib_a-locale.o)
 .text          0x0017b000        0x0 c:/devkitpro/devkitarm/bin/../lib/gcc/arm-none-eabi/4.9.2/../../../../arm-none-eabi/lib/armv6k/fpu\libg.a(lib_a-mbtowc_r.o)
 .text          0x0017b000        0x0 c:/devkitpro/devkitarm/bin/../lib/gcc/arm-none-eabi/4.9.2/../../../../arm-none-eabi/lib/armv6k/fpu\libg.a(lib_a-mprec.o)
 .text          0x0017b000        0x0 c:/devkitpro/devkitarm/bin/../lib/gcc/arm-none-eabi/4.9.2/../../../../arm-none-eabi/lib/armv6k/fpu\libg.a(lib_a-s_fpclassify.o)
 .text          0x0017b000        0x0 c:/devkitpro/devkitarm/bin/../lib/gcc/arm-none-eabi/4.9.2/../../../../arm-none-eabi/lib/armv6k/fpu\libg.a(lib_a-s_frexp.o)
 .text          0x0017b000        0x0 c:/devkitpro/devkitarm/bin/../lib/gcc/arm-none-eabi/4.9.2/../../../../arm-none-eabi/lib/armv6k/fpu\libg.a(lib_a-strcasecmp.o)
 .text          0x0017b000        0x0 c:/devkitpro/devkitarm/bin/../lib/gcc/arm-none-eabi/4.9.2/../../../../arm-none-eabi/lib/armv6k/fpu\libg.a(lib_a-strcat.o)
 .text          0x0017b000        0x0 c:/devkitpro/devkitarm/bin/../lib/gcc/arm-none-eabi/4.9.2/../../../../arm-none-eabi/lib/armv6k/fpu\libg.a(lib_a-strlcpy.o)
 .text          0x0017b000        0x0 c:/devkitpro/devkitarm/bin/../lib/gcc/arm-none-eabi/4.9.2/../../../../arm-none-eabi/lib/armv6k/fpu\libg.a(lib_a-strncasecmp.o)
 .text          0x0017b000        0x0 c:/devkitpro/devkitarm/bin/../lib/gcc/arm-none-eabi/4.9.2/../../../../arm-none-eabi/lib/armv6k/fpu\libg.a(lib_a-svfiprintf.o)
 .text          0x0017b000        0x0 c:/devkitpro/devkitarm/bin/../lib/gcc/arm-none-eabi/4.9.2/../../../../arm-none-eabi/lib/armv6k/fpu\libg.a(lib_a-svfwprintf.o)
 .text          0x0017b000        0x0 c:/devkitpro/devkitarm/bin/../lib/gcc/arm-none-eabi/4.9.2/../../../../arm-none-eabi/lib/armv6k/fpu\libg.a(lib_a-wcslen.o)
 .text          0x0017b000        0x0 c:/devkitpro/devkitarm/bin/../lib/gcc/arm-none-eabi/4.9.2/../../../../arm-none-eabi/lib/armv6k/fpu\libg.a(lib_a-wcsnrtombs.o)
 .text          0x0017b000        0x0 c:/devkitpro/devkitarm/bin/../lib/gcc/arm-none-eabi/4.9.2/../../../../arm-none-eabi/lib/armv6k/fpu\libg.a(lib_a-wmemchr.o)
 .text          0x0017b000        0x0 c:/devkitpro/devkitarm/bin/../lib/gcc/arm-none-eabi/4.9.2/../../../../arm-none-eabi/lib/armv6k/fpu\libg.a(lib_a-btowc.o)
 .text          0x0017b000        0x0 c:/devkitpro/devkitarm/bin/../lib/gcc/arm-none-eabi/4.9.2/../../../../arm-none-eabi/lib/armv6k/fpu\libg.a(lib_a-callocr.o)
 .text          0x0017b000        0x0 c:/devkitpro/devkitarm/bin/../lib/gcc/arm-none-eabi/4.9.2/../../../../arm-none-eabi/lib/armv6k/fpu\libg.a(lib_a-getenv_r.o)
 .text          0x0017b000        0x0 c:/devkitpro/devkitarm/bin/../lib/gcc/arm-none-eabi/4.9.2/../../../../arm-none-eabi/lib/armv6k/fpu\libg.a(lib_a-mbrlen.o)
 .text          0x0017b000        0x0 c:/devkitpro/devkitarm/bin/../lib/gcc/arm-none-eabi/4.9.2/../../../../arm-none-eabi/lib/armv6k/fpu\libg.a(lib_a-mbrtowc.o)
 .text          0x0017b000        0x0 c:/devkitpro/devkitarm/bin/../lib/gcc/arm-none-eabi/4.9.2/../../../../arm-none-eabi/lib/armv6k/fpu\libg.a(lib_a-mbsnrtowcs.o)
 .text          0x0017b000        0x0 c:/devkitpro/devkitarm/bin/../lib/gcc/arm-none-eabi/4.9.2/../../../../arm-none-eabi/lib/armv6k/fpu\libg.a(lib_a-environ.o)
 .text          0x0017b000        0x0 c:/devkitpro/devkitarm/bin/../lib/gcc/arm-none-eabi/4.9.2/../../../../arm-none-eabi/lib/armv6k/fpu\libg.a(lib_a-envlock.o)
 .text          0x0017b000      0x1a8 c:/devkitpro/devkitarm/bin/../lib/gcc/arm-none-eabi/4.9.2/../../../../arm-none-eabi/lib/armv6k/fpu\libsysbase.a(iosupport.o)
                0x0017b000                setDefaultDevice
                0x0017b018                FindDevice
                0x0017b0c4                RemoveDevice
                0x0017b0f0                AddDevice
                0x0017b184                GetDeviceOpTab
 .text          0x0017b1a8       0x7c c:/devkitpro/devkitarm/bin/../lib/gcc/arm-none-eabi/4.9.2/../../../../arm-none-eabi/lib/armv6k/fpu\libsysbase.a(close.o)
                0x0017b1a8                _close_r
 .text          0x0017b224       0x6c c:/devkitpro/devkitarm/bin/../lib/gcc/arm-none-eabi/4.9.2/../../../../arm-none-eabi/lib/armv6k/fpu\libsysbase.a(fstat.o)
                0x0017b224                _fstat_r
 .text          0x0017b290        0x8 c:/devkitpro/devkitarm/bin/../lib/gcc/arm-none-eabi/4.9.2/../../../../arm-none-eabi/lib/armv6k/fpu\libsysbase.a(isatty.o)
                0x0017b290                _isatty_r
 .text          0x0017b298       0x74 c:/devkitpro/devkitarm/bin/../lib/gcc/arm-none-eabi/4.9.2/../../../../arm-none-eabi/lib/armv6k/fpu\libsysbase.a(lseek.o)
                0x0017b298                _lseek_r
 .text          0x0017b30c       0xc8 c:/devkitpro/devkitarm/bin/../lib/gcc/arm-none-eabi/4.9.2/../../../../arm-none-eabi/lib/armv6k/fpu\libsysbase.a(open.o)
                0x0017b30c                _open_r
 .text          0x0017b3d4       0x74 c:/devkitpro/devkitarm/bin/../lib/gcc/arm-none-eabi/4.9.2/../../../../arm-none-eabi/lib/armv6k/fpu\libsysbase.a(read.o)
                0x0017b3d4                _read_r
 .text          0x0017b448       0x70 c:/devkitpro/devkitarm/bin/../lib/gcc/arm-none-eabi/4.9.2/../../../../arm-none-eabi/lib/armv6k/fpu\libsysbase.a(sbrk.o)
                0x0017b448                _sbrk_r
 .text          0x0017b4b8       0x74 c:/devkitpro/devkitarm/bin/../lib/gcc/arm-none-eabi/4.9.2/../../../../arm-none-eabi/lib/armv6k/fpu\libsysbase.a(write.o)
                0x0017b4b8                _write_r
 .text          0x0017b52c        0x0 c:/devkitpro/devkitarm/bin/../lib/gcc/arm-none-eabi/4.9.2/../../../../arm-none-eabi/lib/armv6k/fpu\libsysbase.a(malloc_vars.o)
 .text          0x0017b52c      0x3a4 c:/devkitpro/devkitarm/bin/../lib/gcc/arm-none-eabi/4.9.2/../../../../arm-none-eabi/lib/armv6k/fpu\libsysbase.a(chdir.o)
                0x0017b52c                _concatenate_path
                0x0017b6e8                chdir
                0x0017b830                getcwd
 .text          0x0017b8d0        0x8 c:/devkitpro/devkitarm/bin/../lib/gcc/arm-none-eabi/4.9.2/../../../../arm-none-eabi/lib/armv6k/fpu\libsysbase.a(flock.o)
                0x0017b8d0                __flockfile
                0x0017b8d4                __funlockfile
 .text          0x0017b8d8      0x108 c:/devkitpro/devkitarm/bin/../lib/gcc/arm-none-eabi/4.9.2/../../../../arm-none-eabi/lib/armv6k/fpu\libsysbase.a(syscall_support.o)
                0x0017b8d8                __libc_lock_init
                0x0017b8f0                __libc_lock_acquire
                0x0017b908                __libc_lock_try_acquire
                0x0017b92c                __libc_lock_release
                0x0017b944                __libc_lock_close
                0x0017b95c                __libc_lock_init_recursive
                0x0017b974                __libc_lock_acquire_recursive
                0x0017b98c                __libc_lock_try_acquire_recursive
                0x0017b9b0                __libc_lock_release_recursive
                0x0017b9c8                __libc_lock_close_recursive
 .text          0x0017b9e0      0x254 c:/devkitpro/devkitarm/bin/../lib/gcc/arm-none-eabi/4.9.2/../../../../arm-none-eabi/lib/armv6k/fpu\libsysbase.a(handle_manager.o)
                0x0017b9e0                __free_handle
                0x0017ba24                __release_handle
                0x0017ba50                __alloc_handle
                0x0017bab8                __get_handle
                0x0017bad4                dup
                0x0017bb60                dup2
 .text          0x0017bc34       0x28 c:/devkitpro/devkitarm/bin/../lib/gcc/arm-none-eabi/4.9.2/../../../../arm-none-eabi/lib/armv6k/fpu\libsysbase.a(getreent.o)
                0x0017bc34                __getreent
 .text          0x0017bc5c       0x3c c:/devkitpro/devkitarm/bin/../lib/gcc/arm-none-eabi/4.9.2/armv6k/fpu\libgcc.a(_aeabi_uldivmod.o)
                0x0017bc5c                __aeabi_uldivmod
 .text          0x0017bc98       0x78 c:/devkitpro/devkitarm/bin/../lib/gcc/arm-none-eabi/4.9.2/armv6k/fpu\libgcc.a(bpabi.o)
                0x0017bc98                __gnu_ldivmod_helper
                0x0017bcd4                __gnu_uldivmod_helper
 .text          0x0017bd10      0x180 c:/devkitpro/devkitarm/bin/../lib/gcc/arm-none-eabi/4.9.2/armv6k/fpu\libgcc.a(_divdi3.o)
                0x0017bd10                __divdi3
 .text          0x0017be90      0x124 c:/devkitpro/devkitarm/bin/../lib/gcc/arm-none-eabi/4.9.2/armv6k/fpu\libgcc.a(_udivdi3.o)
                0x0017be90                __udivdi3
 .text          0x0017bfb4        0x0 c:/devkitpro/devkitarm/bin/../lib/gcc/arm-none-eabi/4.9.2/../../../../arm-none-eabi/lib/armv6k/fpu\libg.a(lib_a-strnlen.o)
 .text          0x0017bfb4        0x0 c:/devkitpro/devkitarm/bin/../lib/gcc/arm-none-eabi/4.9.2/armv6k/fpu/crtend.o
 .text          0x0017bfb4        0x0 c:/devkitpro/devkitarm/bin/../lib/gcc/arm-none-eabi/4.9.2/armv6k/fpu/crtn.o
 *(.text.*)
 .text.startup  0x0017bfb4      0x3bc main.o
                0x0017bfb4                main
 .text.unlikely
                0x0017c370      0xa78 c:/devkitPro/portlibs/armv6k/lib\libfreetype.a(truetype.o)
 .text.unlikely
                0x0017cde8      0xa68 c:/devkitPro/portlibs/armv6k/lib\libfreetype.a(cff.o)
 .text.unlikely
                0x0017d850       0x34 c:/devkitPro/portlibs/armv6k/lib\libfreetype.a(type42.o)
 .text.unlikely
                0x0017d884     0x1044 c:/devkitPro/portlibs/armv6k/lib\libfreetype.a(autofit.o)
 .text.unlikely
                0x0017e8c8     0x17f4 c:/devkitPro/portlibs/armv6k/lib\libfreetype.a(raster.o)
 .text.unlikely
                0x001800bc       0x5c c:/devkitPro/portlibs/armv6k/lib\libfreetype.a(ftcache.o)
 .text.cosf     0x00180118       0xa8 c:/devkitpro/devkitarm/bin/../lib/gcc/arm-none-eabi/4.9.2/../../../../arm-none-eabi/lib/armv6k/fpu\libm.a(lib_a-sf_cos.o)
                0x00180118                cosf
 .text.sinf     0x001801c0       0xb0 c:/devkitpro/devkitarm/bin/../lib/gcc/arm-none-eabi/4.9.2/../../../../arm-none-eabi/lib/armv6k/fpu\libm.a(lib_a-sf_sin.o)
                0x001801c0                sinf
 .text.__ieee754_rem_pio2f
                0x00180270      0x2e0 c:/devkitpro/devkitarm/bin/../lib/gcc/arm-none-eabi/4.9.2/../../../../arm-none-eabi/lib/armv6k/fpu\libm.a(lib_a-ef_rem_pio2.o)
                0x00180270                __ieee754_rem_pio2f
 .text.__kernel_cosf
                0x00180550      0x124 c:/devkitpro/devkitarm/bin/../lib/gcc/arm-none-eabi/4.9.2/../../../../arm-none-eabi/lib/armv6k/fpu\libm.a(lib_a-kf_cos.o)
                0x00180550                __kernel_cosf
 .text.__kernel_rem_pio2f
                0x00180674      0x838 c:/devkitpro/devkitarm/bin/../lib/gcc/arm-none-eabi/4.9.2/../../../../arm-none-eabi/lib/armv6k/fpu\libm.a(lib_a-kf_rem_pio2.o)
                0x00180674                __kernel_rem_pio2f
 .text.__kernel_sinf
                0x00180eac       0xa0 c:/devkitpro/devkitarm/bin/../lib/gcc/arm-none-eabi/4.9.2/../../../../arm-none-eabi/lib/armv6k/fpu\libm.a(lib_a-kf_sin.o)
                0x00180eac                __kernel_sinf
 .text.fabsf    0x00180f4c       0x10 c:/devkitpro/devkitarm/bin/../lib/gcc/arm-none-eabi/4.9.2/../../../../arm-none-eabi/lib/armv6k/fpu\libm.a(lib_a-sf_fabs.o)
                0x00180f4c                fabsf
 .text.floorf   0x00180f5c       0xb8 c:/devkitpro/devkitarm/bin/../lib/gcc/arm-none-eabi/4.9.2/../../../../arm-none-eabi/lib/armv6k/fpu\libm.a(lib_a-sf_floor.o)
                0x00180f5c                floorf
 .text.scalbnf  0x00181014      0x118 c:/devkitpro/devkitarm/bin/../lib/gcc/arm-none-eabi/4.9.2/../../../../arm-none-eabi/lib/armv6k/fpu\libm.a(lib_a-sf_scalbn.o)
                0x00181014                scalbnf
 .text.copysignf
                0x0018112c       0x1c c:/devkitpro/devkitarm/bin/../lib/gcc/arm-none-eabi/4.9.2/../../../../arm-none-eabi/lib/armv6k/fpu\libm.a(lib_a-sf_copysign.o)
                0x0018112c                copysignf
 .text.atol     0x00181148        0xc c:/devkitpro/devkitarm/bin/../lib/gcc/arm-none-eabi/4.9.2/../../../../arm-none-eabi/lib/armv6k/fpu\libg.a(lib_a-atol.o)
                0x00181148                atol
 .text._atol_r  0x00181154        0xc c:/devkitpro/devkitarm/bin/../lib/gcc/arm-none-eabi/4.9.2/../../../../arm-none-eabi/lib/armv6k/fpu\libg.a(lib_a-atol.o)
                0x00181154                _atol_r
 .text.bsearch  0x00181160       0x78 c:/devkitpro/devkitarm/bin/../lib/gcc/arm-none-eabi/4.9.2/../../../../arm-none-eabi/lib/armv6k/fpu\libg.a(lib_a-bsearch.o)
                0x00181160                bsearch
 .text.__errno  0x001811d8        0xc c:/devkitpro/devkitarm/bin/../lib/gcc/arm-none-eabi/4.9.2/../../../../arm-none-eabi/lib/armv6k/fpu\libg.a(lib_a-errno.o)
                0x001811d8                __errno
 .text._fclose_r
                0x001811e4      0x118 c:/devkitpro/devkitarm/bin/../lib/gcc/arm-none-eabi/4.9.2/../../../../arm-none-eabi/lib/armv6k/fpu\libg.a(lib_a-fclose.o)
                0x001811e4                _fclose_r
 .text.fclose   0x001812fc       0x18 c:/devkitpro/devkitarm/bin/../lib/gcc/arm-none-eabi/4.9.2/../../../../arm-none-eabi/lib/armv6k/fpu\libg.a(lib_a-fclose.o)
                0x001812fc                fclose
 .text.__sflush_r
                0x00181314      0x238 c:/devkitpro/devkitarm/bin/../lib/gcc/arm-none-eabi/4.9.2/../../../../arm-none-eabi/lib/armv6k/fpu\libg.a(lib_a-fflush.o)
                0x00181314                __sflush_r
 .text._fflush_r
                0x0018154c       0x98 c:/devkitpro/devkitarm/bin/../lib/gcc/arm-none-eabi/4.9.2/../../../../arm-none-eabi/lib/armv6k/fpu\libg.a(lib_a-fflush.o)
                0x0018154c                _fflush_r
 .text.fflush   0x001815e4       0x38 c:/devkitpro/devkitarm/bin/../lib/gcc/arm-none-eabi/4.9.2/../../../../arm-none-eabi/lib/armv6k/fpu\libg.a(lib_a-fflush.o)
                0x001815e4                fflush
 .text._cleanup_r
                0x0018161c        0xc c:/devkitpro/devkitarm/bin/../lib/gcc/arm-none-eabi/4.9.2/../../../../arm-none-eabi/lib/armv6k/fpu\libg.a(lib_a-findfp.o)
                0x0018161c                _cleanup_r
 .text.__fp_lock
                0x00181628       0x1c c:/devkitpro/devkitarm/bin/../lib/gcc/arm-none-eabi/4.9.2/../../../../arm-none-eabi/lib/armv6k/fpu\libg.a(lib_a-findfp.o)
 .text.__fp_unlock
                0x00181644       0x1c c:/devkitpro/devkitarm/bin/../lib/gcc/arm-none-eabi/4.9.2/../../../../arm-none-eabi/lib/armv6k/fpu\libg.a(lib_a-findfp.o)
 .text.__sinit.part.1
                0x00181660      0x15c c:/devkitpro/devkitarm/bin/../lib/gcc/arm-none-eabi/4.9.2/../../../../arm-none-eabi/lib/armv6k/fpu\libg.a(lib_a-findfp.o)
 .text.__sfmoreglue
                0x001817bc       0x48 c:/devkitpro/devkitarm/bin/../lib/gcc/arm-none-eabi/4.9.2/../../../../arm-none-eabi/lib/armv6k/fpu\libg.a(lib_a-findfp.o)
                0x001817bc                __sfmoreglue
 .text.__sfp    0x00181804       0xe8 c:/devkitpro/devkitarm/bin/../lib/gcc/arm-none-eabi/4.9.2/../../../../arm-none-eabi/lib/armv6k/fpu\libg.a(lib_a-findfp.o)
                0x00181804                __sfp
 .text._cleanup
                0x001818ec       0x18 c:/devkitpro/devkitarm/bin/../lib/gcc/arm-none-eabi/4.9.2/../../../../arm-none-eabi/lib/armv6k/fpu\libg.a(lib_a-findfp.o)
                0x001818ec                _cleanup
 .text.__sinit  0x00181904       0x10 c:/devkitpro/devkitarm/bin/../lib/gcc/arm-none-eabi/4.9.2/../../../../arm-none-eabi/lib/armv6k/fpu\libg.a(lib_a-findfp.o)
                0x00181904                __sinit
 .text.__sfp_lock_acquire
                0x00181914        0x4 c:/devkitpro/devkitarm/bin/../lib/gcc/arm-none-eabi/4.9.2/../../../../arm-none-eabi/lib/armv6k/fpu\libg.a(lib_a-findfp.o)
                0x00181914                __sfp_lock_acquire
 .text.__sfp_lock_release
                0x00181918        0x4 c:/devkitpro/devkitarm/bin/../lib/gcc/arm-none-eabi/4.9.2/../../../../arm-none-eabi/lib/armv6k/fpu\libg.a(lib_a-findfp.o)
                0x00181918                __sfp_lock_release
 .text.__sinit_lock_acquire
                0x0018191c        0x4 c:/devkitpro/devkitarm/bin/../lib/gcc/arm-none-eabi/4.9.2/../../../../arm-none-eabi/lib/armv6k/fpu\libg.a(lib_a-findfp.o)
                0x0018191c                __sinit_lock_acquire
 .text.__sinit_lock_release
                0x00181920        0x4 c:/devkitpro/devkitarm/bin/../lib/gcc/arm-none-eabi/4.9.2/../../../../arm-none-eabi/lib/armv6k/fpu\libg.a(lib_a-findfp.o)
                0x00181920                __sinit_lock_release
 .text.__fp_lock_all
                0x00181924       0x18 c:/devkitpro/devkitarm/bin/../lib/gcc/arm-none-eabi/4.9.2/../../../../arm-none-eabi/lib/armv6k/fpu\libg.a(lib_a-findfp.o)
                0x00181924                __fp_lock_all
 .text.__fp_unlock_all
                0x0018193c       0x18 c:/devkitpro/devkitarm/bin/../lib/gcc/arm-none-eabi/4.9.2/../../../../arm-none-eabi/lib/armv6k/fpu\libg.a(lib_a-findfp.o)
                0x0018193c                __fp_unlock_all
 .text.__libc_fini_array
                0x00181954       0x40 c:/devkitpro/devkitarm/bin/../lib/gcc/arm-none-eabi/4.9.2/../../../../arm-none-eabi/lib/armv6k/fpu\libg.a(lib_a-fini.o)
                0x00181954                __libc_fini_array
 .text._fopen_r
                0x00181994      0x130 c:/devkitpro/devkitarm/bin/../lib/gcc/arm-none-eabi/4.9.2/../../../../arm-none-eabi/lib/armv6k/fpu\libg.a(lib_a-fopen.o)
                0x00181994                _fopen_r
 .text.fopen    0x00181ac4       0x20 c:/devkitpro/devkitarm/bin/../lib/gcc/arm-none-eabi/4.9.2/../../../../arm-none-eabi/lib/armv6k/fpu\libg.a(lib_a-fopen.o)
                0x00181ac4                fopen
 .text._fread_r
                0x00181ae4      0x2f0 c:/devkitpro/devkitarm/bin/../lib/gcc/arm-none-eabi/4.9.2/../../../../arm-none-eabi/lib/armv6k/fpu\libg.a(lib_a-fread.o)
                0x00181ae4                _fread_r
 .text.fread    0x00181dd4       0x38 c:/devkitpro/devkitarm/bin/../lib/gcc/arm-none-eabi/4.9.2/../../../../arm-none-eabi/lib/armv6k/fpu\libg.a(lib_a-fread.o)
                0x00181dd4                fread
 .text._malloc_trim_r
                0x00181e0c       0xf8 c:/devkitpro/devkitarm/bin/../lib/gcc/arm-none-eabi/4.9.2/../../../../arm-none-eabi/lib/armv6k/fpu\libg.a(lib_a-freer.o)
                0x00181e0c                _malloc_trim_r
 .text._free_r  0x00181f04      0x2b4 c:/devkitpro/devkitarm/bin/../lib/gcc/arm-none-eabi/4.9.2/../../../../arm-none-eabi/lib/armv6k/fpu\libg.a(lib_a-freer.o)
                0x00181f04                _free_r
 .text._fseek_r
                0x001821b8        0x4 c:/devkitpro/devkitarm/bin/../lib/gcc/arm-none-eabi/4.9.2/../../../../arm-none-eabi/lib/armv6k/fpu\libg.a(lib_a-fseek.o)
                0x001821b8                _fseek_r
 .text.fseek    0x001821bc       0x28 c:/devkitpro/devkitarm/bin/../lib/gcc/arm-none-eabi/4.9.2/../../../../arm-none-eabi/lib/armv6k/fpu\libg.a(lib_a-fseek.o)
                0x001821bc                fseek
 .text._fseeko_r
                0x001821e4      0x4f8 c:/devkitpro/devkitarm/bin/../lib/gcc/arm-none-eabi/4.9.2/../../../../arm-none-eabi/lib/armv6k/fpu\libg.a(lib_a-fseeko.o)
                0x001821e4                _fseeko_r
 .text.fseeko   0x001826dc       0x28 c:/devkitpro/devkitarm/bin/../lib/gcc/arm-none-eabi/4.9.2/../../../../arm-none-eabi/lib/armv6k/fpu\libg.a(lib_a-fseeko.o)
                0x001826dc                fseeko
 .text._ftell_r
                0x00182704        0x4 c:/devkitpro/devkitarm/bin/../lib/gcc/arm-none-eabi/4.9.2/../../../../arm-none-eabi/lib/armv6k/fpu\libg.a(lib_a-ftell.o)
                0x00182704                _ftell_r
 .text.ftell    0x00182708       0x18 c:/devkitpro/devkitarm/bin/../lib/gcc/arm-none-eabi/4.9.2/../../../../arm-none-eabi/lib/armv6k/fpu\libg.a(lib_a-ftell.o)
                0x00182708                ftell
 .text._ftello_r
                0x00182720      0x164 c:/devkitpro/devkitarm/bin/../lib/gcc/arm-none-eabi/4.9.2/../../../../arm-none-eabi/lib/armv6k/fpu\libg.a(lib_a-ftello.o)
                0x00182720                _ftello_r
 .text.ftello   0x00182884       0x18 c:/devkitpro/devkitarm/bin/../lib/gcc/arm-none-eabi/4.9.2/../../../../arm-none-eabi/lib/armv6k/fpu\libg.a(lib_a-ftello.o)
                0x00182884                ftello
 .text._fwalk   0x0018289c       0x78 c:/devkitpro/devkitarm/bin/../lib/gcc/arm-none-eabi/4.9.2/../../../../arm-none-eabi/lib/armv6k/fpu\libg.a(lib_a-fwalk.o)
                0x0018289c                _fwalk
 .text._fwalk_reent
                0x00182914       0x80 c:/devkitpro/devkitarm/bin/../lib/gcc/arm-none-eabi/4.9.2/../../../../arm-none-eabi/lib/armv6k/fpu\libg.a(lib_a-fwalk.o)
                0x00182914                _fwalk_reent
 .text.__libc_init_array
                0x00182994       0x78 c:/devkitpro/devkitarm/bin/../lib/gcc/arm-none-eabi/4.9.2/../../../../arm-none-eabi/lib/armv6k/fpu\libg.a(lib_a-init.o)
                0x00182994                __libc_init_array
 .text.__smakebuf_r
                0x00182a0c      0x160 c:/devkitpro/devkitarm/bin/../lib/gcc/arm-none-eabi/4.9.2/../../../../arm-none-eabi/lib/armv6k/fpu\libg.a(lib_a-makebuf.o)
                0x00182a0c                __smakebuf_r
 .text.malloc   0x00182b6c       0x18 c:/devkitpro/devkitarm/bin/../lib/gcc/arm-none-eabi/4.9.2/../../../../arm-none-eabi/lib/armv6k/fpu\libg.a(lib_a-malloc.o)
                0x00182b6c                malloc
 .text.free     0x00182b84       0x18 c:/devkitpro/devkitarm/bin/../lib/gcc/arm-none-eabi/4.9.2/../../../../arm-none-eabi/lib/armv6k/fpu\libg.a(lib_a-malloc.o)
                0x00182b84                free
 .text._malloc_r
                0x00182b9c      0x740 c:/devkitpro/devkitarm/bin/../lib/gcc/arm-none-eabi/4.9.2/../../../../arm-none-eabi/lib/armv6k/fpu\libg.a(lib_a-mallocr.o)
                0x00182b9c                _malloc_r
 .text.memchr   0x001832dc      0x120 c:/devkitpro/devkitarm/bin/../lib/gcc/arm-none-eabi/4.9.2/../../../../arm-none-eabi/lib/armv6k/fpu\libg.a(lib_a-memchr.o)
                0x001832dc                memchr
 .text.memcmp   0x001833fc       0xa8 c:/devkitpro/devkitarm/bin/../lib/gcc/arm-none-eabi/4.9.2/../../../../arm-none-eabi/lib/armv6k/fpu\libg.a(lib_a-memcmp.o)
                0x001833fc                memcmp
 .text.memcpy   0x001834a4       0xf4 c:/devkitpro/devkitarm/bin/../lib/gcc/arm-none-eabi/4.9.2/../../../../arm-none-eabi/lib/armv6k/fpu\libg.a(lib_a-memcpy.o)
                0x001834a4                memcpy
 .text.memmove  0x00183598      0x12c c:/devkitpro/devkitarm/bin/../lib/gcc/arm-none-eabi/4.9.2/../../../../arm-none-eabi/lib/armv6k/fpu\libg.a(lib_a-memmove.o)
                0x00183598                memmove
 .text.memset   0x001836c4       0xf0 c:/devkitpro/devkitarm/bin/../lib/gcc/arm-none-eabi/4.9.2/../../../../arm-none-eabi/lib/armv6k/fpu\libg.a(lib_a-memset.o)
                0x001836c4                memset
 .text.__malloc_lock
                0x001837b4        0x4 c:/devkitpro/devkitarm/bin/../lib/gcc/arm-none-eabi/4.9.2/../../../../arm-none-eabi/lib/armv6k/fpu\libg.a(lib_a-mlock.o)
                0x001837b4                __malloc_lock
 .text.__malloc_unlock
                0x001837b8        0x4 c:/devkitpro/devkitarm/bin/../lib/gcc/arm-none-eabi/4.9.2/../../../../arm-none-eabi/lib/armv6k/fpu\libg.a(lib_a-mlock.o)
                0x001837b8                __malloc_unlock
 .text.qsort    0x001837bc      0x8a4 c:/devkitpro/devkitarm/bin/../lib/gcc/arm-none-eabi/4.9.2/../../../../arm-none-eabi/lib/armv6k/fpu\libg.a(lib_a-qsort.o)
                0x001837bc                qsort
 .text.realloc  0x00184060       0x20 c:/devkitpro/devkitarm/bin/../lib/gcc/arm-none-eabi/4.9.2/../../../../arm-none-eabi/lib/armv6k/fpu\libg.a(lib_a-realloc.o)
                0x00184060                realloc
 .text._realloc_r
                0x00184080      0x564 c:/devkitpro/devkitarm/bin/../lib/gcc/arm-none-eabi/4.9.2/../../../../arm-none-eabi/lib/armv6k/fpu\libg.a(lib_a-reallocr.o)
                0x00184080                _realloc_r
 .text.lflush   0x001845e4       0x1c c:/devkitpro/devkitarm/bin/../lib/gcc/arm-none-eabi/4.9.2/../../../../arm-none-eabi/lib/armv6k/fpu\libg.a(lib_a-refill.o)
 .text.__srefill_r
                0x00184600      0x1d8 c:/devkitpro/devkitarm/bin/../lib/gcc/arm-none-eabi/4.9.2/../../../../arm-none-eabi/lib/armv6k/fpu\libg.a(lib_a-refill.o)
                0x00184600                __srefill_r
 .text._snprintf_r
                0x001847d8       0xd8 c:/devkitpro/devkitarm/bin/../lib/gcc/arm-none-eabi/4.9.2/../../../../arm-none-eabi/lib/armv6k/fpu\libg.a(lib_a-snprintf.o)
                0x001847d8                _snprintf_r
 .text.snprintf
                0x001848b0       0xe0 c:/devkitpro/devkitarm/bin/../lib/gcc/arm-none-eabi/4.9.2/../../../../arm-none-eabi/lib/armv6k/fpu\libg.a(lib_a-snprintf.o)
                0x001848b0                snprintf
 .text._sprintf_r
                0x00184990       0x68 c:/devkitpro/devkitarm/bin/../lib/gcc/arm-none-eabi/4.9.2/../../../../arm-none-eabi/lib/armv6k/fpu\libg.a(lib_a-sprintf.o)
                0x00184990                _sprintf_r
 .text.sprintf  0x001849f8       0x68 c:/devkitpro/devkitarm/bin/../lib/gcc/arm-none-eabi/4.9.2/../../../../arm-none-eabi/lib/armv6k/fpu\libg.a(lib_a-sprintf.o)
                0x001849f8                sprintf
 .text.__sread  0x00184a60       0x30 c:/devkitpro/devkitarm/bin/../lib/gcc/arm-none-eabi/4.9.2/../../../../arm-none-eabi/lib/armv6k/fpu\libg.a(lib_a-stdio.o)
                0x00184a60                __sread
 .text.__seofread
                0x00184a90        0x8 c:/devkitpro/devkitarm/bin/../lib/gcc/arm-none-eabi/4.9.2/../../../../arm-none-eabi/lib/armv6k/fpu\libg.a(lib_a-stdio.o)
                0x00184a90                __seofread
 .text.__swrite
                0x00184a98       0x54 c:/devkitpro/devkitarm/bin/../lib/gcc/arm-none-eabi/4.9.2/../../../../arm-none-eabi/lib/armv6k/fpu\libg.a(lib_a-stdio.o)
                0x00184a98                __swrite
 .text.__sseek  0x00184aec       0x2c c:/devkitpro/devkitarm/bin/../lib/gcc/arm-none-eabi/4.9.2/../../../../arm-none-eabi/lib/armv6k/fpu\libg.a(lib_a-stdio.o)
                0x00184aec                __sseek
 .text.__sclose
                0x00184b18        0x8 c:/devkitpro/devkitarm/bin/../lib/gcc/arm-none-eabi/4.9.2/../../../../arm-none-eabi/lib/armv6k/fpu\libg.a(lib_a-stdio.o)
                0x00184b18                __sclose
 .text.strchr   0x00184b20      0x16c c:/devkitpro/devkitarm/bin/../lib/gcc/arm-none-eabi/4.9.2/../../../../arm-none-eabi/lib/armv6k/fpu\libg.a(lib_a-strchr.o)
                0x00184b20                strchr
 .text.strcpy   0x00184c8c       0xf0 c:/devkitpro/devkitarm/bin/../lib/gcc/arm-none-eabi/4.9.2/../../../../arm-none-eabi/lib/armv6k/fpu\libg.a(lib_a-strcpy.o)
                0x00184c8c                strcpy
 .text.strlen   0x00184d7c       0x5c c:/devkitpro/devkitarm/bin/../lib/gcc/arm-none-eabi/4.9.2/../../../../arm-none-eabi/lib/armv6k/fpu\libg.a(lib_a-strlen.o)
                0x00184d7c                strlen
 .text.strncat  0x00184dd8       0xa4 c:/devkitpro/devkitarm/bin/../lib/gcc/arm-none-eabi/4.9.2/../../../../arm-none-eabi/lib/armv6k/fpu\libg.a(lib_a-strncat.o)
                0x00184dd8                strncat
 .text.strncmp  0x00184e7c      0x110 c:/devkitpro/devkitarm/bin/../lib/gcc/arm-none-eabi/4.9.2/../../../../arm-none-eabi/lib/armv6k/fpu\libg.a(lib_a-strncmp.o)
                0x00184e7c                strncmp
 .text.strncpy  0x00184f8c       0xe0 c:/devkitpro/devkitarm/bin/../lib/gcc/arm-none-eabi/4.9.2/../../../../arm-none-eabi/lib/armv6k/fpu\libg.a(lib_a-strncpy.o)
                0x00184f8c                strncpy
 .text.strrchr  0x0018506c       0x44 c:/devkitpro/devkitarm/bin/../lib/gcc/arm-none-eabi/4.9.2/../../../../arm-none-eabi/lib/armv6k/fpu\libg.a(lib_a-strrchr.o)
                0x0018506c                strrchr
 .text.critical_factorization
                0x001850b0      0x110 c:/devkitpro/devkitarm/bin/../lib/gcc/arm-none-eabi/4.9.2/../../../../arm-none-eabi/lib/armv6k/fpu\libg.a(lib_a-strstr.o)
 .text.two_way_long_needle
                0x001851c0      0x398 c:/devkitpro/devkitarm/bin/../lib/gcc/arm-none-eabi/4.9.2/../../../../arm-none-eabi/lib/armv6k/fpu\libg.a(lib_a-strstr.o)