Archive member included to satisfy reference by file (symbol)

c:/devkitPro/libctru/lib\libsfil.a(sfil_png.o)
                              main.o (sfil_load_PNG_buffer)
c:/devkitPro/portlibs/armv6k/lib\libpng.a(png.o)
                              c:/devkitPro/libctru/lib\libsfil.a(sfil_png.o) (png_set_sig_bytes)
c:/devkitPro/portlibs/armv6k/lib\libpng.a(pngerror.o)
                              c:/devkitPro/portlibs/armv6k/lib\libpng.a(png.o) (png_safecat)
c:/devkitPro/portlibs/armv6k/lib\libpng.a(pngget.o)
                              c:/devkitPro/libctru/lib\libsfil.a(sfil_png.o) (png_get_valid)
c:/devkitPro/portlibs/armv6k/lib\libpng.a(pngmem.o)
                              c:/devkitPro/portlibs/armv6k/lib\libpng.a(png.o) (png_calloc)
c:/devkitPro/portlibs/armv6k/lib\libpng.a(pngread.o)
                              c:/devkitPro/libctru/lib\libsfil.a(sfil_png.o) (png_create_read_struct)
c:/devkitPro/portlibs/armv6k/lib\libpng.a(pngrio.o)
                              c:/devkitPro/libctru/lib\libsfil.a(sfil_png.o) (png_set_read_fn)
c:/devkitPro/portlibs/armv6k/lib\libpng.a(pngrtran.o)
                              c:/devkitPro/portlibs/armv6k/lib\libpng.a(pngread.o) (png_set_background_fixed)
c:/devkitPro/portlibs/armv6k/lib\libpng.a(pngrutil.o)
                              c:/devkitPro/portlibs/armv6k/lib\libpng.a(pngread.o) (png_read_sig)
c:/devkitPro/portlibs/armv6k/lib\libpng.a(pngset.o)
                              c:/devkitPro/portlibs/armv6k/lib\libpng.a(pngrutil.o) (png_set_bKGD)
c:/devkitPro/portlibs/armv6k/lib\libpng.a(pngtrans.o)
                              c:/devkitPro/portlibs/armv6k/lib\libpng.a(pngread.o) (png_set_bgr)
c:/devkitPro/portlibs/armv6k/lib\libpng.a(pngwrite.o)
                              c:/devkitPro/portlibs/armv6k/lib\libpng.a(png.o) (png_destroy_write_struct)
c:/devkitPro/portlibs/armv6k/lib\libpng.a(pngwtran.o)
                              c:/devkitPro/portlibs/armv6k/lib\libpng.a(pngwrite.o) (png_do_write_transformations)
c:/devkitPro/portlibs/armv6k/lib\libpng.a(pngwutil.o)
                              c:/devkitPro/portlibs/armv6k/lib\libpng.a(png.o) (png_save_uint_32)
c:/devkitPro/portlibs/armv6k/lib\libpng.a(pngwio.o)
                              c:/devkitPro/portlibs/armv6k/lib\libpng.a(pngwutil.o) (png_write_data)
c:/devkitPro/libctru/lib\libsftd.a(sftd.o)
                              main.o (sftd_init)
c:/devkitPro/libctru/lib\libsftd.a(texture_atlas.o)
                              c:/devkitPro/libctru/lib\libsftd.a(sftd.o) (texture_atlas_create)
c:/devkitPro/libctru/lib\libsftd.a(bin_packing_2d.o)
                              c:/devkitPro/libctru/lib\libsftd.a(texture_atlas.o) (bp2d_create)
c:/devkitPro/libctru/lib\libsftd.a(int_htab.o)
                              c:/devkitPro/libctru/lib\libsftd.a(texture_atlas.o) (int_htab_create)
c:/devkitPro/portlibs/armv6k/lib\libfreetype.a(ftinit.o)
                              c:/devkitPro/libctru/lib\libsftd.a(sftd.o) (FT_Init_FreeType)
c:/devkitPro/portlibs/armv6k/lib\libfreetype.a(ftbase.o)
                              c:/devkitPro/libctru/lib\libsftd.a(sftd.o) (FT_Get_Kerning)
c:/devkitPro/portlibs/armv6k/lib\libfreetype.a(truetype.o)
                              c:/devkitPro/portlibs/armv6k/lib\libfreetype.a(ftinit.o) (tt_driver_class)
c:/devkitPro/portlibs/armv6k/lib\libfreetype.a(type1.o)
                              c:/devkitPro/portlibs/armv6k/lib\libfreetype.a(ftinit.o) (t1_driver_class)
c:/devkitPro/portlibs/armv6k/lib\libfreetype.a(cff.o)
                              c:/devkitPro/portlibs/armv6k/lib\libfreetype.a(ftinit.o) (cff_driver_class)
c:/devkitPro/portlibs/armv6k/lib\libfreetype.a(type1cid.o)
                              c:/devkitPro/portlibs/armv6k/lib\libfreetype.a(ftinit.o) (t1cid_driver_class)
c:/devkitPro/portlibs/armv6k/lib\libfreetype.a(pfr.o)
                              c:/devkitPro/portlibs/armv6k/lib\libfreetype.a(ftinit.o) (pfr_driver_class)
c:/devkitPro/portlibs/armv6k/lib\libfreetype.a(type42.o)
                              c:/devkitPro/portlibs/armv6k/lib\libfreetype.a(ftinit.o) (t42_driver_class)
c:/devkitPro/portlibs/armv6k/lib\libfreetype.a(winfnt.o)
                              c:/devkitPro/portlibs/armv6k/lib\libfreetype.a(ftinit.o) (winfnt_driver_class)
c:/devkitPro/portlibs/armv6k/lib\libfreetype.a(pcf.o)
                              c:/devkitPro/portlibs/armv6k/lib\libfreetype.a(ftinit.o) (pcf_driver_class)
c:/devkitPro/portlibs/armv6k/lib\libfreetype.a(bdf.o)
                              c:/devkitPro/portlibs/armv6k/lib\libfreetype.a(ftinit.o) (bdf_driver_class)
c:/devkitPro/portlibs/armv6k/lib\libfreetype.a(sfnt.o)
                              c:/devkitPro/portlibs/armv6k/lib\libfreetype.a(ftinit.o) (sfnt_module_class)
c:/devkitPro/portlibs/armv6k/lib\libfreetype.a(autofit.o)
                              c:/devkitPro/portlibs/armv6k/lib\libfreetype.a(ftinit.o) (autofit_module_class)
c:/devkitPro/portlibs/armv6k/lib\libfreetype.a(pshinter.o)
[...]
Memory Configuration

Name             Origin             Length             Attributes
*default*        0x00000000         0xffffffff

Linker script and memory map

                0x00100000                . = 0x100000
                0x00100000                __start__ = .

.text           0x00100000    0xd29fc
 *(.crt0)
 .crt0          0x00100000       0x94 c:/devkitpro/devkitarm/bin/../lib/gcc/arm-none-eabi/4.9.2/../../../../arm-none-eabi/lib/armv6k/fpu/3dsx_crt0.o
                0x00100000                _start
                0x00100008                __service_ptr
                0x0010000c                __apt_appid
                0x00100010                __heap_size
                0x00100014                __linear_heap_size
                0x00100018                __system_arglist
                0x0010001c                __system_runflags
 *(.init)
 .init          0x00100094        0xc c:/devkitpro/devkitarm/bin/../lib/gcc/arm-none-eabi/4.9.2/armv6k/fpu/crti.o
                0x00100094                _init
 .init          0x001000a0        0xc c:/devkitpro/devkitarm/bin/../lib/gcc/arm-none-eabi/4.9.2/armv6k/fpu/crtn.o
                0x001000ac                . = ALIGN (0x4)
 *(.text)
 .text          0x001000ac        0x0 c:/devkitpro/devkitarm/bin/../lib/gcc/arm-none-eabi/4.9.2/../../../../arm-none-eabi/lib/armv6k/fpu/3dsx_crt0.o
 .text          0x001000ac        0x0 c:/devkitpro/devkitarm/bin/../lib/gcc/arm-none-eabi/4.9.2/armv6k/fpu/crti.o
 .text          0x001000ac      0x108 c:/devkitpro/devkitarm/bin/../lib/gcc/arm-none-eabi/4.9.2/armv6k/fpu/crtbegin.o
 .text          0x001001b4        0x0 eightbit.ttf.o
 .text          0x001001b4        0x0 friskBack1.png.o
 .text          0x001001b4        0x0 friskBack2.png.o
 .text          0x001001b4        0x0 friskBack3.png.o
 .text          0x001001b4        0x0 friskBack4.png.o
 .text          0x001001b4        0x0 friskFace1.png.o
 .text          0x001001b4        0x0 friskFace2.png.o
 .text          0x001001b4        0x0 friskFace3.png.o
 .text          0x001001b4        0x0 friskFace4.png.o
 .text          0x001001b4        0x0 friskLeft1.png.o
 .text          0x001001b4        0x0 friskLeft2.png.o
 .text          0x001001b4        0x0 friskRight1.png.o
 .text          0x001001b4        0x0 friskRight2.png.o
 .text          0x001001b4        0x0 torielHouse-old.png.o
 .text          0x001001b4        0x0 torielHouse1.png.o
 .text          0x001001b4        0x0 torielHouse2.png.o
 .text          0x001001b4        0x0 torielHouse3.png.o
 .text          0x001001b4        0x0 torielHouse4.png.o
 .text          0x001001b4        0x0 torielHouse5.png.o
 .text          0x001001b4        0x0 torielHouse6.png.o
 *fill*         0x001001b4        0x4 
 .text          0x001001b8      0x1a8 main.o
                0x001001b8                render
                0x001002fc                timerStep
 .text          0x00100360      0x3e8 c:/devkitPro/libctru/lib\libsfil.a(sfil_png.o)
                0x00100660                sfil_load_PNG_file
                0x001006fc                sfil_load_PNG_buffer
 .text          0x00100748     0x6cc8 c:/devkitPro/portlibs/armv6k/lib\libpng.a(png.o)
                0x00100748                png_zalloc
                0x001007a0                png_zfree
                0x001010a0                png_set_sig_bytes
                0x001010e0                png_sig_cmp
                0x00101150                png_reset_crc
                0x00101170                png_calculate_crc
                0x001011c4                png_user_version_check
                0x001012c4                png_create_png_struct
                0x001013d8                png_create_info_struct
                0x00101418                png_destroy_info_struct
                0x001017a0                png_info_init_3
                0x001017f8                png_data_freer
                0x00101844                png_free_data
                0x00101854                png_get_io_ptr
                0x00101860                png_init_io
                0x0010186c                png_save_int_32
                0x00101870                png_convert_to_rfc1123_buffer
                0x00101a54                png_convert_to_rfc1123
                0x00101c48                png_get_copyright
                0x00101c54                png_get_libpng_ver
                0x00101c60                png_get_header_ver
                0x00101c6c                png_get_header_version
                0x00101c78                png_build_grayscale_palette
                0x00101cd8                png_handle_as_unknown
                0x00101d4c                png_chunk_unknown_handling
                0x00101ddc                png_reset_zstream
                0x00101df4                png_access_version_number
                0x00101e00                png_zstream_error
                0x00101ee4                png_colorspace_set_gamma
                0x00102050                png_colorspace_sync_info
                0x001020c0                png_colorspace_sync
                0x00102148                png_colorspace_set_sRGB
                0x001023cc                png_icc_check_length
                0x00102564                png_icc_check_header
                0x001028c0                png_icc_check_tag_table
                0x001029f8                png_icc_set_sRGB
                0x00102c4c                png_colorspace_set_ICC
                0x00103024                png_colorspace_set_rgb_coefficients
                0x001032cc                png_check_IHDR
                0x00103584                png_check_fp_number
                0x0010381c                png_check_fp_string
                0x00103adc                png_ascii_from_fp
                0x00104408                png_ascii_from_fixed
                0x00104838                png_fixed
                0x001048c0                png_muldiv
                0x00104978                png_muldiv_warn
                0x00104a34                png_reciprocal
                0x00104ac0                png_colorspace_set_endpoints
                0x00105ac0                png_colorspace_set_chromaticities
                0x00106594                png_gamma_significant
                0x001065b4                png_reciprocal2
                0x00106670                png_gamma_8bit_correct
                0x001066f8                png_gamma_16bit_correct
                0x0010678c                png_gamma_correct
                0x0010689c                png_destroy_gamma_table
                0x001069d0                png_build_gamma_table
                0x0010730c                png_set_option
                0x0010736c                png_image_free
                0x001073a8                png_image_error
 .text          0x00107410     0x1a6c c:/devkitPro/portlibs/armv6k/lib\libpng.a(pngerror.o)
                0x0010767c                png_safecat
                0x001076f0                png_format_number
                0x0010785c                png_warning
                0x001079a4                png_warning_parameter
                0x00107a20                png_warning_parameter_unsigned
                0x00107ab4                png_warning_parameter_signed
                0x00107b80                png_formatted_warning
                0x00107e58                png_chunk_warning
                0x00108004                png_free_jmpbuf
                0x00108094                png_longjmp
                0x001080c0                png_error
                0x00108120                png_app_warning
                0x00108278                png_app_error
                0x001083d0                png_chunk_error
                0x001083fc                png_chunk_benign_error
                0x001085a0                png_benign_error
                0x00108870                png_fixed_error
                0x001088f0                png_set_longjmp_fn
                0x001089d4                png_chunk_report
                0x00108cac                png_set_error_fn
                0x00108cc0                png_get_error_ptr
                0x00108ccc                png_safe_error
                0x00108d70                png_safe_warning
                0x00108de4                png_safe_execute
 *fill*         0x00108e7c        0x4 
 .text          0x00108e80     0x12d0 c:/devkitPro/portlibs/armv6k/lib\libpng.a(pngget.o)
                0x00108e80                png_get_valid
                0x00108e9c                png_get_rowbytes
                0x00108eb4                png_get_rows
                0x00108ecc                png_get_image_width
                0x00108ee4                png_get_image_height
                0x00108efc                png_get_bit_depth
                0x00108f14                png_get_color_type
                0x00108f2c                png_get_filter_type
                0x00108f44                png_get_interlace_type
                0x00108f5c                png_get_compression_type
                0x00108f74                png_get_x_pixels_per_meter
                0x00108fa8                png_get_y_pixels_per_meter
                0x00108fdc                png_get_pixels_per_meter
                0x00109028                png_get_pixel_aspect_ratio
                0x00109070                png_get_pixel_aspect_ratio_fixed
                0x00109100                png_get_x_offset_microns
                0x00109134                png_get_y_offset_microns
                0x00109168                png_get_x_offset_pixels
                0x0010919c                png_get_y_offset_pixels
                0x001091d0                png_get_pixels_per_inch
                0x0010925c                png_get_x_pixels_per_inch
                0x001092d8                png_get_y_pixels_per_inch
                0x00109354                png_get_x_offset_inches_fixed
                0x001093a4                png_get_y_offset_inches_fixed
                0x001093f4                png_get_x_offset_inches
                0x00109444                png_get_y_offset_inches
                0x00109494                png_get_pHYs_dpi
                0x00109560                png_get_channels
                0x00109578                png_get_signature
                0x00109590                png_get_bKGD
                0x001095cc                png_get_cHRM
                0x001096e0                png_get_cHRM_XYZ
                0x00109810                png_get_cHRM_XYZ_fixed
                0x001098e8                png_get_cHRM_fixed
                0x001099ac                png_get_gAMA_fixed
                0x001099e4                png_get_gAMA
                0x00109a38                png_get_sRGB
                0x00109a74                png_get_iCCP
                0x00109b18                png_get_sPLT
                0x00109b48                png_get_hIST
                0x00109b84                png_get_IHDR
                0x00109c40                png_get_oFFs
                0x00109cac                png_get_pCAL
                0x00109d7c                png_get_sCAL_fixed
                0x00109e04                png_get_sCAL
                0x00109e5c                png_get_sCAL_s
                0x00109ea0                png_get_pHYs
                0x00109f00                png_get_PLTE
                0x00109f44                png_get_sBIT
                0x00109f80                png_get_text
                0x00109fc8                png_get_tIME
                0x0010a004                png_get_tRNS
                0x0010a094                png_get_unknown_chunks
                0x0010a0c4                png_get_rgb_to_gray_status
                0x0010a0d0                png_get_user_chunk_ptr
                0x0010a0dc                png_get_compression_buffer_size
                0x0010a0f8                png_get_user_width_max
                0x0010a104                png_get_user_height_max
                0x0010a110                png_get_chunk_cache_max
                0x0010a11c                png_get_chunk_malloc_max
                0x0010a128                png_get_io_state
                0x0010a130                png_get_io_chunk_type
                0x0010a138                png_get_palette_max
 .text          0x0010a150      0x3ec c:/devkitPro/portlibs/armv6k/lib\libpng.a(pngmem.o)
                0x0010a150                png_destroy_png_struct
                0x0010a1b8                png_calloc
                0x0010a230                png_malloc_base
                0x0010a260                png_malloc_array
                0x0010a2dc                png_realloc_array
                0x0010a3e4                png_malloc
                0x0010a440                png_malloc_default
                0x0010a480                png_malloc_warn
                0x0010a4e4                png_free
                0x0010a508                png_free_default
                0x0010a51c                png_set_mem_fn
                0x0010a530                png_get_mem_ptr
 .text          0x0010a53c     0x76f8 c:/devkitPro/portlibs/armv6k/lib\libpng.a(pngread.o)
                0x00110188                png_create_read_struct
                0x001101e0                png_create_read_struct_2
                0x0011023c                png_read_info
                0x0011024c                png_read_update_info
                0x00110290                png_start_read_image
                0x001102b4                png_read_row
                0x0011060c                png_read_rows
                0x00110a00                png_read_image
                0x00110d9c                png_read_end
                0x0011122c                png_destroy_read_struct
                0x001114b0                png_set_read_status_fn
                0x001114bc                png_read_png
                0x00111774                png_image_begin_read_from_stdio
                0x00111924                png_image_begin_read_from_file
                0x001119ec                png_image_begin_read_from_memory
                0x00111a88                png_image_finish_read
 .text          0x00111c34       0xac c:/devkitPro/portlibs/armv6k/lib\libpng.a(pngrio.o)
                0x00111c34                png_default_read_data
                0x00111c70                png_read_data
                0x00111c90                png_set_read_fn
 .text          0x00111ce0     0x5ff8 c:/devkitPro/portlibs/armv6k/lib\libpng.a(pngrtran.o)
                0x0011302c                png_set_crc_action
                0x00113108                png_set_background_fixed
                0x001131c0                png_set_background
                0x00113298                png_set_scale_16
                0x001132d0                png_set_strip_16
                0x00113308                png_set_strip_alpha
                0x00113340                png_set_alpha_mode_fixed
                0x0011353c                png_set_alpha_mode
                0x001137ec                png_set_quantize
                0x00114094                png_set_gamma_fixed
                0x0011419c                png_set_gamma
                0x001143d0                png_set_expand
                0x0011440c                png_set_palette_to_rgb
                0x00114448                png_set_expand_gray_1_2_4_to_8
                0x00114480                png_set_tRNS_to_alpha
                0x001144bc                png_set_expand_16
                0x001144f8                png_set_gray_to_rgb
                0x00114530                png_set_rgb_to_gray_fixed
                0x00114688                png_set_rgb_to_gray
                0x0011482c                png_set_read_user_transform_fn
                0x00114840                png_init_read_transformations
                0x00115528                png_read_transform_info
                0x001157f4                png_do_read_transformations
 .text          0x00117cd8     0x5320 c:/devkitPro/portlibs/armv6k/lib\libpng.a(pngrutil.o)
                0x00118910                png_get_uint_31
                0x0011894c                png_get_uint_32
                0x00118970                png_get_int_32
                0x001189a8                png_get_uint_16
                0x001189bc                png_read_sig
                0x00118a68                png_read_chunk_header
                0x00118bd8                png_crc_read
                0x00118c08                png_crc_finish
                0x00118d88                png_crc_error
                0x00118e28                png_handle_IHDR
                0x00118fa0                png_handle_PLTE
                0x001191f0                png_handle_IEND
                0x00119244                png_handle_gAMA
                0x00119328                png_handle_sBIT
                0x0011953c                png_handle_cHRM
                0x001197fc                png_handle_sRGB
                0x00119904                png_handle_iCCP
                0x00119ee8                png_handle_sPLT
                0x0011a208                png_handle_tRNS
                0x0011a444                png_handle_bKGD
                0x0011a674                png_handle_hIST
                0x0011a7ac                png_handle_pHYs
                0x0011a8e8                png_handle_oFFs
                0x0011aa88                png_handle_pCAL
                0x0011ae38                png_handle_sCAL
                0x0011b0c0                png_handle_tIME
                0x0011b1d4                png_handle_tEXt
                0x0011b394                png_handle_zTXt
                0x0011b5e8                png_handle_iTXt
                0x0011b950                png_handle_unknown
                0x0011bca8                png_check_chunk_name
                0x0011bd70                png_combine_row
                0x0011c260                png_do_read_interlace
                0x0011c6ec                png_read_filter_row
                0x0011c774                png_read_IDAT_data
                0x0011caf0                png_read_finish_IDAT
                0x0011cb68                png_read_finish_row
                0x0011ccb8                png_read_start_row
 .text          0x0011cff8     0x1eb8 c:/devkitPro/portlibs/armv6k/lib\libpng.a(pngset.o)
                0x0011d358                png_set_bKGD
                0x0011d3a4                png_set_cHRM_fixed
                0x0011d434                png_set_cHRM_XYZ_fixed
                0x0011d4cc                png_set_cHRM
                0x0011d620                png_set_cHRM_XYZ
                0x0011d794                png_set_gAMA_fixed
                0x0011d7c4                png_set_gAMA
                0x0011d808                png_set_hIST
                0x0011d8b4                png_set_IHDR
                0x0011d990                png_set_oFFs
                0x0011d9bc                png_set_pCAL
                0x0011dc3c                png_set_sCAL_s
                0x0011dda0                png_set_sCAL
                0x0011df6c                png_set_sCAL_fixed
                0x0011e11c                png_set_pHYs
                0x0011e148                png_set_PLTE
                0x0011e27c                png_set_sBIT
                0x0011e2c0                png_set_sRGB
                0x0011e2f0                png_set_sRGB_gAMA_and_cHRM
                0x0011e330                png_set_iCCP
                0x0011e484                png_set_text
                0x0011e4c8                png_set_text_2
                0x0011e500                png_set_tIME
                0x0011e5a0                png_set_tRNS
                0x0011e6e0                png_set_sPLT
                0x0011e850                png_set_unknown_chunks
                0x0011e9e0                png_set_unknown_chunk_location
                0x0011ea8c                png_permit_mng_features
                0x0011eaa0                png_set_keep_unknown_chunks
                0x0011ed54                png_set_read_user_chunk_fn
                0x0011ed64                png_set_rows
                0x0011edc0                png_set_compression_buffer_size
                0x0011ee44                png_set_invalid
                0x0011ee5c                png_set_user_limits
                0x0011ee6c                png_set_chunk_cache_max
                0x0011ee78                png_set_chunk_malloc_max
                0x0011ee84                png_set_benign_errors
                0x0011ee9c                png_set_check_for_invalid_index
 .text          0x0011eeb0      0xa8c c:/devkitPro/portlibs/armv6k/lib\libpng.a(pngtrans.o)
                0x0011eeb0                png_set_bgr
                0x0011eec4                png_set_swap
                0x0011eee4                png_set_packing
                0x0011ef0c                png_set_packswap
                0x0011ef2c                png_set_shift
                0x0011ef54                png_set_interlace_handling
                0x0011ef84                png_set_filler
                0x0011f00c                png_set_add_alpha
                0x0011f0b4                png_set_swap_alpha
                0x0011f0c8                png_set_invert_alpha
                0x0011f0dc                png_set_invert_mono
                0x0011f0f0                png_do_invert
                0x0011f2e0                png_do_swap
                0x0011f32c                png_do_packswap
                0x0011f398                png_do_strip_channel
                0x0011f5c4                png_do_bgr
                0x0011f700                png_do_check_palette_indexes
                0x0011f8cc                png_set_user_transform_info
                0x0011f910                png_get_user_transform_ptr
                0x0011f91c                png_get_current_row_number
                0x0011f92c                png_get_current_pass_number
 .text          0x0011f93c     0x37ac c:/devkitPro/portlibs/armv6k/lib\libpng.a(pngwrite.o)
                0x0011ff50                png_write_info_before_PLTE
                0x00120590                png_write_info
                0x001205a0                png_write_end
                0x001207ec                png_convert_from_struct_tm
                0x0012082c                png_convert_from_time_t
                0x0012088c                png_create_write_struct
                0x00120918                png_create_write_struct_2
                0x001209a8                png_write_rows
                0x00120d78                png_write_image
                0x00121158                png_write_row
                0x00121c00                png_set_flush
                0x00121c10                png_write_flush
                0x00121c54                png_destroy_write_struct
                0x00121d04                png_set_filter
                0x001226a0                png_set_filter_heuristics
                0x001226a4                png_set_filter_heuristics_fixed
                0x001226a8                png_set_compression_level
                0x001226b4                png_set_compression_mem_level
                0x001226c0                png_set_compression_strategy
                0x001226d8                png_set_compression_window_bits
                0x0012272c                png_set_compression_method
                0x0012275c                png_set_text_compression_level
                0x00122768                png_set_text_compression_mem_level
                0x00122774                png_set_text_compression_strategy
                0x00122780                png_set_text_compression_window_bits
                0x001227d4                png_set_text_compression_method
                0x00122804                png_set_write_status_fn
                0x00122810                png_set_write_user_transform_fn
                0x00122828                png_write_png
                0x00122d58                png_image_write_to_stdio
                0x00122fa8                png_image_write_to_file
 .text          0x001230e8      0x778 c:/devkitPro/portlibs/armv6k/lib\libpng.a(pngwtran.o)
                0x001230e8                png_do_write_transformations
 .text          0x00123860     0x40cc c:/devkitPro/portlibs/armv6k/lib\libpng.a(pngwutil.o)
                0x00124214                png_save_uint_32
                0x00124234                png_save_uint_16
                0x00124244                png_write_sig
                0x001242a0                png_write_chunk_start
                0x0012434c                png_write_chunk_data
                0x00124388                png_write_chunk_end
                0x001243d4                png_write_chunk
                0x00124500                png_free_buffer_list
                0x00124538                png_write_IHDR
                0x001248d0                png_write_PLTE
                0x00124aa0                png_compress_IDAT
                0x00124edc                png_write_IEND
                0x00124fa4                png_write_gAMA_fixed
                0x001250a4                png_write_sRGB
                0x001251ac                png_write_iCCP
                0x00125414                png_write_sPLT
                0x00125664                png_write_sBIT
                0x0012576c                png_write_cHRM_fixed
                0x001258c0                png_write_tRNS
                0x00125a98                png_write_bKGD
                0x00125c98                png_write_hIST
                0x00125dd4                png_write_tEXt
                0x00125f84                png_write_zTXt
                0x001261cc                png_write_iTXt
                0x00126594                png_write_oFFs
                0x001266bc                png_write_pCAL
                0x001269cc                png_write_sCAL_s
                0x00126a70                png_write_pHYs
                0x00126bbc                png_write_tIME
                0x00126c58                png_write_start_row
                0x00126dac                png_write_finish_row
                0x00126eec                png_do_write_interlace
                0x0012715c                png_write_find_filter
 .text          0x0012792c       0xd8 c:/devkitPro/portlibs/armv6k/lib\libpng.a(pngwio.o)
                0x0012792c                png_default_write_data
                0x00127968                png_default_flush
                0x00127978                png_write_data
                0x00127998                png_flush
                0x001279a8                png_set_write_fn
 .text          0x00127a04     0x10ac c:/devkitPro/libctru/lib\libsftd.a(sftd.o)
                0x00127b74                sftd_init
                0x00127bb4                sftd_fini
                0x00127bf8                sftd_load_font_file
                0x00127cd8                sftd_load_font_mem
                0x00127d9c                sftd_free_font
                0x00127dec                sftd_draw_text
                0x00128014                sftd_draw_textf
                0x00128074                sftd_draw_wtext
                0x0012829c                sftd_draw_wtextf
                0x00128308                sftd_get_text_width
                0x001284b0                sftd_draw_text_wrap
                0x00128790                sftd_calc_bounding_box
                0x00128a48                sftd_draw_textf_wrap
 .text          0x00128ab0      0x244 c:/devkitPro/libctru/lib\libsftd.a(texture_atlas.o)
                0x00128ab0                texture_atlas_create
                0x00128b2c                texture_atlas_free
                0x00128b58                texture_atlas_insert
                0x00128c70                texture_atlas_exists
                0x00128c88                texture_atlas_get
 .text          0x00128cf4      0x1c8 c:/devkitPro/libctru/lib\libsftd.a(bin_packing_2d.o)
                0x00128cf4                bp2d_create
                0x00128d40                bp2d_free
                0x00128d74                bp2d_insert
 .text          0x00128ebc      0x33c c:/devkitPro/libctru/lib\libsftd.a(int_htab.o)
                0x00128ebc                int_htab_create
                0x00128f04                int_htab_free
                0x00128f50                int_htab_insert
                0x0012903c                int_htab_resize
                0x001290b0                int_htab_find
                0x00129150                int_htab_erase
 .text          0x001291f8       0xc8 c:/devkitPro/portlibs/armv6k/lib\libfreetype.a(ftinit.o)
                0x001291f8                FT_Add_Default_Modules
                0x00129228                FT_Init_FreeType
                0x00129294                FT_Done_FreeType
 .text          0x001292c0     0xd0bc c:/devkitPro/portlibs/armv6k/lib\libfreetype.a(ftbase.o)
                0x00129dec                FT_RoundFix
                0x00129e00                FT_CeilFix
                0x00129e14                FT_FloorFix
                0x00129e20                FT_Hypot
                0x00129f44                FT_MulDiv
                0x0012a044                FT_MulDiv_No_Round
                0x0012a124                FT_MulFix
                0x0012a144                FT_DivFix
                0x0012a254                FT_Matrix_Multiply
                0x0012a384                FT_Matrix_Invert
                0x0012a448                FT_Matrix_Multiply_Scaled
                0x0012a550                FT_Vector_Transform_Scaled
                0x0012a7a8                FT_Vector_NormLen
                0x0012a95c                ft_corner_orientation
                0x0012aa70                ft_corner_is_flat
                0x0012ab00                FT_GlyphLoader_New
                0x0012ab44                FT_GlyphLoader_Rewind
                0x0012ab7c                FT_GlyphLoader_Reset
                0x0012b24c                FT_GlyphLoader_Done
                0x0012b350                FT_GlyphLoader_CreateExtra
                0x0012b430                FT_GlyphLoader_CheckSubGlyphs
                0x0012b55c                FT_GlyphLoader_Prepare
                0x0012b5d8                FT_GlyphLoader_Add
                0x0012b80c                ft_service_list_lookup
                0x0012b86c                ft_validator_init
                0x0012b884                ft_validator_run
                0x0012b88c                ft_validator_error
                0x0012b8a0                FT_Stream_New
                0x0012b9b8                FT_Stream_Free
                0x0012b9fc                ft_glyphslot_free_bitmap
                0x0012ba60                ft_glyphslot_set_bitmap
                0x0012bab8                ft_glyphslot_alloc_bitmap
                0x0012bb68                FT_New_GlyphSlot
                0x0012bcd4                FT_Done_GlyphSlot
                0x0012bd68                FT_Set_Transform
                0x0012be1c                FT_Attach_File
                0x0012bf1c                FT_Attach_Stream
                0x0012c0b0                FT_Reference_Face
                0x0012c0d0                FT_Done_Face
                0x0012c1a4                FT_New_Size
                0x0012c324                FT_Done_Size
                0x0012c45c                FT_Match_Size
                0x0012c58c                ft_synthesize_vertical_metrics
                0x0012c5fc                FT_Select_Metrics
                0x0012c898                FT_Request_Metrics
                0x0012cc24                FT_Select_Size
                0x0012cc90                FT_Request_Size
                0x0012cd20                FT_Set_Char_Size
                0x0012cde8                FT_Set_Pixel_Sizes
                0x0012cebc                FT_Get_Kerning
                0x0012cfe4                FT_Get_Track_Kerning
                0x0012d064                FT_Select_Charmap
                0x0012d174                FT_Set_Charmap
                0x0012d25c                FT_Get_Charmap_Index
                0x0012d2c8                FT_Get_Char_Index
                0x0012d310                FT_Get_First_Char
                0x0012d3d4                FT_Get_Next_Char
                0x0012d46c                FT_Face_GetCharVariantIndex
                0x0012d57c                FT_Face_GetCharVariantIsDefault
                0x0012d664                FT_Face_GetVariantSelectors
                0x0012d744                FT_Face_GetVariantsOfChar
                0x0012d82c                FT_Face_GetCharsOfVariant
                0x0012d914                FT_Get_Name_Index
                0x0012d9c0                FT_Get_Glyph_Name
                0x0012daac                FT_Get_Postscript_Name
                0x0012db34                FT_Get_Sfnt_Table
                0x0012dba0                FT_Load_Sfnt_Table
                0x0012dc24                FT_Sfnt_Table_Info
                0x0012dcb0                FT_Get_CMap_Language_ID
                0x0012dd30                FT_Get_CMap_Format
                0x0012ddac                FT_Activate_Size
                0x0012dde8                FT_Lookup_Renderer
                0x0012de4c                FT_Get_Renderer
                0x0012de9c                FT_Set_Renderer
                0x0012df9c                FT_Render_Glyph_Internal
                0x0012e094                FT_Render_Glyph
                0x0012e0c4                FT_Get_Module
                0x0012e130                FT_Get_Module_Interface
                0x0012e1a0                ft_module_get_service
                0x0012e224                FT_Remove_Module
                0x0012e248                FT_Property_Set
                0x0012e33c                FT_Property_Get
                0x0012e430                FT_Reference_Library
                0x0012e44c                FT_New_Library
                0x0012e4c8                FT_Library_Version
                0x0012e500                FT_Done_Library
                0x0012e6cc                FT_Set_Debug_Hook
                0x0012e6f8                FT_Get_TrueType_Engine_Type
                0x0012e7cc                FT_Get_SubGlyph_Info
                0x0012e860                FT_Outline_Decompose
                0x0012ec70                FT_Outline_Check
                0x0012ed18                FT_Outline_Copy
                0x0012edc0                FT_Outline_Done_Internal
                0x0012ee6c                FT_Outline_Done
                0x0012ef2c                FT_Outline_Get_CBox
                0x0012efc8                FT_Outline_Translate
                0x0012f01c                FT_Outline_Reverse
                0x0012f0e8                FT_Outline_Render
                0x0012f1b8                FT_Outline_Get_Bitmap
                0x0012f294                FT_Vector_Transform
                0x0012f33c                FT_Outline_Transform
                0x0012fad8                FT_Load_Glyph
                0x0012fe94                FT_Get_Advances
                0x0012ff0c                FT_Get_Advance
                0x0013020c                FT_Load_Char
                0x00130270                FT_Outline_Get_Orientation
                0x001303bc                FT_Outline_EmboldenXY
                0x001307a0                FT_Outline_Embolden
                0x001307a8                FT_Raccess_Guess
                0x001308c0                FT_Get_Sfnt_Name_Count
                0x001308e4                FT_Stream_OpenMemory
                0x001308fc                FT_Stream_Close
                0x00130914                FT_Stream_Seek
                0x00130960                FT_Stream_Skip
                0x001309c4                FT_Stream_Pos
                0x001309cc                FT_Stream_Read
                0x00130a50                FT_Stream_ReadAt
                0x00130ad0                FT_Stream_TryRead
                0x00130b40                FT_Stream_ExtractFrame
                0x00130c80                FT_Stream_ReleaseFrame
                0x00130cc0                FT_Stream_EnterFrame
                0x00130de0                FT_Stream_ExitFrame
                0x00130e24                FT_Stream_GetChar
                0x00130e48                FT_Stream_GetUShort
                0x00130e78                FT_Stream_GetUShortLE
                0x00130ea8                FT_Stream_GetUOffset
                0x00130ee4                FT_Stream_GetULong
                0x00130f28                FT_Stream_GetULongLE
                0x00130f6c                FT_Stream_ReadChar
                0x00130ffc                FT_Stream_ReadUShort
                0x00131094                FT_Raccess_Get_HeaderInfo
                0x00131304                FT_Stream_ReadUShortLE
                0x0013139c                FT_Stream_ReadUOffset
                0x00131440                FT_Stream_ReadULong
                0x00131fbc                FT_Stream_ReadULongLE
                0x00132068                FT_Stream_ReadFields
                0x001322dc                FT_Cos
                0x001323a8                FT_Sin
                0x00132474                FT_Tan
                0x0013254c                FT_Atan2
                0x001325b4                FT_Vector_Unit
                0x0013269c                FT_Vector_Rotate
                0x001328e4                FT_Vector_Length
                0x00132a2c                FT_Vector_Polarize
                0x00132b7c                FT_Vector_From_Polar
                0x00132db0                FT_Angle_Diff
                0x00132dec                ft_mem_alloc
                0x00132e4c                FT_Add_Module
                0x0013315c                ft_mem_qalloc
                0x001331a0                ft_mem_realloc
                0x001332a4                FT_GlyphLoader_CheckPoints
                0x001334cc                FT_CMap_Done
                0x00133600                FT_CMap_New
                0x0013376c                FT_Outline_New_Internal
                0x001338d0                FT_Raccess_Get_DataOffsets
                0x00134824                FT_Open_Face
                0x0013514c                FT_New_Face
                0x0013518c                FT_New_Memory_Face
                0x001358ec                FT_Get_Sfnt_Name
                0x00135a3c                FT_Outline_New
                0x00135b80                FT_GlyphLoader_CopyPoints
                0x00135ee8                ft_mem_qrealloc
                0x00136008                ft_mem_free
                0x00136018                ft_mem_dup
                0x00136088                ft_mem_strdup
                0x00136114                ft_mem_strcpyn
                0x00136178                FT_List_Find
                0x001361bc                FT_List_Add
                0x001361f0                FT_List_Insert
                0x00136224                FT_List_Remove
                0x00136254                FT_List_Up
                0x00136298                FT_List_Iterate
                0x001362ec                FT_List_Finalize
 .text          0x0013637c     0xc09c c:/devkitPro/portlibs/armv6k/lib\libfreetype.a(truetype.o)
                0x0013c8f8                TT_RunIns
                0x00140c30                TT_New_Context
 .text          0x00142418     0x5bfc c:/devkitPro/portlibs/armv6k/lib\libfreetype.a(type1.o)
 .text          0x00148014     0xe128 c:/devkitPro/portlibs/armv6k/lib\libfreetype.a(cff.o)
 .text          0x0015613c     0x1c90 c:/devkitPro/portlibs/armv6k/lib\libfreetype.a(type1cid.o)
 .text          0x00157dcc     0x3318 c:/devkitPro/portlibs/armv6k/lib\libfreetype.a(pfr.o)
 .text          0x0015b0e4     0x1e58 c:/devkitPro/portlibs/armv6k/lib\libfreetype.a(type42.o)
 .text          0x0015cf3c     0x10e4 c:/devkitPro/portlibs/armv6k/lib\libfreetype.a(winfnt.o)
 .text          0x0015e020     0x21b0 c:/devkitPro/portlibs/armv6k/lib\libfreetype.a(pcf.o)
 .text          0x001601d0     0x5210 c:/devkitPro/portlibs/armv6k/lib\libfreetype.a(bdf.o)
 .text          0x001653e0     0xa014 c:/devkitPro/portlibs/armv6k/lib\libfreetype.a(sfnt.o)
 .text          0x0016f3f4     0x8d0c c:/devkitPro/portlibs/armv6k/lib\libfreetype.a(autofit.o)
                0x001780bc                af_get_coverage
                0x001780c4                af_get_char_index
 .text          0x00178100     0x4408 c:/devkitPro/portlibs/armv6k/lib\libfreetype.a(pshinter.o)
                0x0017b090                ps_hints_apply
 .text          0x0017c508      0xc64 c:/devkitPro/portlibs/armv6k/lib\libfreetype.a(raster.o)
 .text          0x0017d16c     0x263c c:/devkitPro/portlibs/armv6k/lib\libfreetype.a(smooth.o)
 .text          0x0017f7a8     0x3c7c c:/devkitPro/portlibs/armv6k/lib\libfreetype.a(ftcache.o)
                0x0018171c                FTC_Manager_LookupSize
                0x00181870                FTC_Manager_LookupFace
                0x00181938                FTC_Manager_New
                0x00181a3c                FTC_Manager_Done
                0x00181ba0                FTC_Manager_Reset
                0x00181cf4                FTC_Manager_RemoveFaceID
                0x00181fa8                FTC_Node_Unref
                0x00181fd0                FTC_CMapCache_New
                0x001820cc                FTC_CMapCache_Lookup
                0x00182364                FTC_ImageCache_New
                0x00182460                FTC_ImageCache_Lookup
                0x0018277c                FTC_ImageCache_LookupScaler
                0x00182b40                FTC_SBitCache_New
                0x00182c3c                FTC_SBitCache_Lookup
                0x00182fe0                FTC_SBitCache_LookupScaler
 .text          0x00183424      0x9a4 c:/devkitPro/portlibs/armv6k/lib\libfreetype.a(ftgzip.o)
                0x00183734                FT_Stream_OpenGzip
                0x00183cc0                FT_Gzip_Uncompress
 .text          0x00183dc8     0x14a8 c:/devkitPro/portlibs/armv6k/lib\libfreetype.a(ftlzw.o)
                0x00183ff0                FT_Stream_OpenLZW
                0x001841d8                ft_lzwstate_reset
                0x00184204                ft_lzwstate_init
                0x00184270                ft_lzwstate_done
                0x001842e0                ft_lzwstate_io
 .text          0x00185270     0x6bb4 c:/devkitPro/portlibs/armv6k/lib\libfreetype.a(psaux.o)
 .text          0x0018be24      0xa78 c:/devkitPro/portlibs/armv6k/lib\libfreetype.a(psnames.o)
 .text          0x0018c89c      0x194 c:/devkitPro/portlibs/armv6k/lib\libfreetype.a(ftsystem.o)
                0x0018c938                FT_Stream_Open
                0x0018c9e8                FT_New_Memory
                0x0018ca2c                FT_Done_Memory
 .text          0x0018ca30      0xf78 c:/devkitPro/portlibs/armv6k/lib\libfreetype.a(ftbitmap.o)
                0x0018ca30                FT_Bitmap_Init
                0x0018ca60                FT_Bitmap_New
                0x0018ca90                FT_Bitmap_Copy
                0x0018cc3c                FT_Bitmap_Convert
                0x0018d160                FT_Bitmap_Embolden
                0x0018d898                FT_GlyphSlot_Own_Bitmap
                0x0018d94c                FT_Bitmap_Done
 .text          0x0018d9a8      0x840 c:/devkitPro/portlibs/armv6k/lib\libfreetype.a(ftglyph.o)
                0x0018dbc0                FT_Glyph_Copy
                0x0018dcb4                FT_Get_Glyph
                0x0018ddd4                FT_Glyph_Transform
                0x0018de38                FT_Glyph_Get_CBox
                0x0018dedc                FT_Done_Glyph
                0x0018df10                FT_Glyph_To_Bitmap
 .text          0x0018e1e8      0x5c0 c:/devkitPro/portlibs/armv6k/lib\libz.a(adler32.o)
                0x0018e1e8                adler32
                0x0018e630                adler32_combine
                0x0018e6ec                adler32_combine64
 .text          0x0018e7a8      0x5d8 c:/devkitPro/portlibs/armv6k/lib\libz.a(crc32.o)
                0x0018e9bc                get_crc_table
                0x0018e9c8                crc32
                0x0018ed78                crc32_combine
                0x0018ed7c                crc32_combine64
 .text          0x0018ed80     0x40e0 c:/devkitPro/portlibs/armv6k/lib\libz.a(deflate.o)
                0x001903fc                deflateSetDictionary
                0x00190614                deflateResetKeep
                0x001906ec                deflateReset
                0x00190854                deflateSetHeader
                0x00190888                deflatePending
                0x001908d4                deflatePrime
                0x0019097c                deflateTune
                0x001909b4                deflateBound
                0x00190ac8                deflate
                0x00192318                deflateParams
                0x00192434                deflateEnd
                0x00192554                deflateInit2_
                0x0019291c                deflateInit_
                0x00192c5c                deflateCopy
 .text          0x00192e60     0x2c58 c:/devkitPro/portlibs/armv6k/lib\libz.a(inflate.o)
                0x00192e60                inflateResetKeep
                0x00192ef0                inflateReset
                0x00192f8c                inflateReset2
                0x001930ac                inflateInit2_
                0x00193234                inflateInit_
                0x00193398                inflatePrime
                0x00193410                inflate
                0x001952ac                inflateEnd
                0x00195310                inflateGetDictionary
                0x001953a8                inflateSetDictionary
                0x00195550                inflateGetHeader
                0x0019558c                inflateSync
                0x00195844                inflateSyncPoint
                0x00195884                inflateCopy
                0x00195a30                inflateUndermine
                0x00195a60                inflateMark
 .text          0x00195ab8      0xbf4 c:/devkitPro/portlibs/armv6k/lib\libz.a(inftrees.o)
                0x00195ab8                inflate_table
 .text          0x001966ac     0x257c c:/devkitPro/portlibs/armv6k/lib\libz.a(trees.o)
                0x00197bdc                _tr_init
                0x00197ca8                _tr_stored_block
                0x00197e3c                _tr_flush_bits
                0x00197ed8                _tr_align
                0x0019805c                _tr_flush_block
                0x00198b70                _tr_tally
 .text          0x00198c28       0x38 c:/devkitPro/portlibs/armv6k/lib\libz.a(zutil.o)
                0x00198c28                zlibVersion
                0x00198c34                zlibCompileFlags
                0x00198c3c                zError
                0x00198c50                zcalloc
                0x00198c58                zcfree
 .text          0x00198c60      0xbe4 c:/devkitPro/portlibs/armv6k/lib\libz.a(inffast.o)
                0x00198c60                inflate_fast
 .text          0x00199844      0x75c c:/devkitPro/libctru/lib\libsf2d.a(sf2d.o)
                0x00199a5c                sf2d_init
                0x00199a84                sf2d_init_advanced
                0x00199aa4                sf2d_fini
                0x00199b08                sf2d_set_3D
                0x00199b14                sf2d_start_frame
                0x00199ca4                sf2d_end_frame
                0x00199dbc                sf2d_swapbuffers
                0x00199e6c                sf2d_set_vblank_wait
                0x00199e7c                sf2d_get_fps
                0x00199e8c                sf2d_pool_malloc
                0x00199eb8                sf2d_pool_memalign
                0x00199ef8                sf2d_pool_space_free
                0x00199f10                sf2d_pool_reset
                0x00199f24                sf2d_set_clear_color
                0x00199f34                sf2d_set_scissor_test
                0x00199f80                sf2d_get_current_screen
                0x00199f90                sf2d_get_current_side
 .text          0x00199fa0      0x4b8 c:/devkitPro/libctru/lib\libsf2d.a(sf2d_private.o)
                0x00199fa0                GPU_SetDummyTexEnv
                0x00199fd4                vector_mult_matrix4x4
                0x0019a058                matrix_gpu_set_uniform
                0x0019a068                matrix_copy
                0x0019a0a4                matrix_identity4x4
                0x0019a0f0                matrix_mult4x4
                0x0019a164                matrix_set_z_rotation
                0x0019a1d8                matrix_rotate_z
                0x0019a238                matrix_set_scaling
                0x0019a284                matrix_swap_xy
                0x0019a324                matrix_init_orthographic
                0x0019a438                next_pow2
 .text          0x0019a458     0x2138 c:/devkitPro/libctru/lib\libsf2d.a(sf2d_texture.o)
                0x0019a57c                sf2d_create_texture
                0x0019a77c                sf2d_free_texture
                0x0019a7cc                sf2d_fill_texture_from_RGBA8
                0x0019a884                sf2d_create_texture_mem_RGBA8
                0x0019a8c8                sf2d_bind_texture
                0x0019a940                sf2d_bind_texture_color
                0x0019a9c0                sf2d_bind_texture_parameters
                0x0019aa38                sf2d_texture_set_params
                0x0019aa40                sf2d_texture_get_params
                0x0019aa48                sf2d_draw_texture
                0x0019ab88                sf2d_draw_texture_blend
                0x0019accc                sf2d_draw_texture_rotate_hotspot
                0x0019ae7c                sf2d_draw_texture_rotate_hotspot_blend
                0x0019b030                sf2d_draw_texture_rotate
                0x0019b1f4                sf2d_draw_texture_rotate_blend
                0x0019b3bc                sf2d_draw_texture_part
                0x0019b538                sf2d_draw_texture_part_blend
                0x0019b6b8                sf2d_draw_texture_scale
                0x0019b820                sf2d_draw_texture_scale_blend
                0x0019b98c                sf2d_draw_texture_part_scale
                0x0019bae0                sf2d_draw_texture_part_scale_blend
                0x0019bc38                sf2d_draw_texture_part_rotate_scale
                0x0019be50                sf2d_draw_texture_part_rotate_scale_blend
                0x0019c06c                sf2d_draw_texture_depth
                0x0019c1cc                sf2d_draw_texture_depth_blend
                0x0019c330                sf2d_draw_quad_uv
                0x0019c45c                sf2d_set_pixel
                0x0019c4f0                sf2d_get_pixel
                0x0019c580                sf2d_texture_tile32
 .text          0x0019c590        0x0 c:/devkitPro/libctru/lib\libsf2d.a(shader.vsh.o)
 .text          0x0019c590      0x1d4 c:/devkitPro/libctru/lib\libctru.a(linear.o)
                0x0019c5b8                linearMemAlign
                0x0019c6f8                linearAlloc
                0x0019c700                linearRealloc
                0x0019c708                linearFree
                0x0019c758                linearSpaceFree
 .text          0x0019c764      0x35c c:/devkitPro/libctru/lib\libctru.a(mem_pool.o)
                0x0019c764                MemPool::CoalesceRight(MemBlock*)
                0x0019c804                MemPool::Allocate(MemChunk&, unsigned long, int)
                0x0019c98c                MemPool::Deallocate(MemChunk const&)
                0x0019ca90                MemPool::GetFreeSpace()
 .text          0x0019cac0      0x1c4 c:/devkitPro/libctru/lib\libctru.a(vram.o)
                0x0019cae8                vramMemAlign
                0x0019cc18                vramAlloc
                0x0019cc20                vramRealloc
                0x0019cc28                vramFree
                0x0019cc78                vramSpaceFree
 .text          0x0019cc84      0x748 c:/devkitPro/libctru/lib\libctru.a(gfx.o)
                0x0019cd10                gfxSet3D
                0x0019cd20                gfxSetScreenFormat
                0x0019cd38                gfxGetScreenFormat
                0x0019cd50                gfxSetDoubleBuffering
                0x0019cd64                gfxSetFramebufferInfo
                0x0019cdd4                gfxWriteFramebufferInfo
                0x0019ce98                gfxInit
                0x0019d078                gfxInitDefault
                0x0019d088                gfxExit
                0x0019d170                gfxGetFramebuffer
                0x0019d220                gfxFlushBuffers
                0x0019d2fc                gfxSwapBuffers
                0x0019d370                gfxSwapBuffersGpu
 *fill*         0x0019d3cc        0x4 
 .text          0x0019d3d0      0x550 c:/devkitPro/libctru/lib\libctru.a(os.o)
                0x0019d504                osConvertVirtToPhys
                0x0019d550                osConvertOldLINEARMemToNew
                0x0019d570                __libctru_gtod
                0x0019d664                osGetTime
                0x0019d6d8                osGetFirmVersion
                0x0019d6ec                osGetKernelVersion
                0x0019d700                osStrError
                0x0019d720                osGetWifiStrength
                0x0019d730                __ctru_speedup_config
                0x0019d764                osSetSpeedupEnable
                0x0019d774                osGetSystemVersionData
                0x0019d8a4                osGetSystemVersionDataString
 .text          0x0019d920      0xa8c c:/devkitPro/libctru/lib\libctru.a(romfs_dev.o)
                0x0019e0a0                romfsInit
                0x0019e328                romfsInitFromFile
                0x0019e350                romfsExit
 .text          0x0019e3ac      0x3b8 c:/devkitPro/libctru/lib\libctru.a(srv.o)
                0x0019e3ac                __get_handle_from_list
                0x0019e444                __destroy_handle_list
                0x0019e498                srvExit
                0x0019e4c0                srvGetSessionHandle
                0x0019e4cc                srvRegisterClient
                0x0019e504                srvInit
                0x0019e56c                srvGetServiceHandle
                0x0019e5ec                srvRegisterService
                0x0019e648                srvUnregisterService
                0x0019e694                srvPmInit
                0x0019e6e8                srvRegisterProcess
                0x0019e730                srvUnregisterProcess
 .text          0x0019e764     0x1a58 c:/devkitPro/libctru/lib\libctru.a(gpu.o)
                0x0019e7e4                GPU_Init
                0x0019e810                GPUCMD_SetBuffer
                0x0019e83c                GPUCMD_SetBufferOffset
                0x0019e84c                GPUCMD_GetBuffer
                0x0019e88c                GPUCMD_AddRawCommands
                0x0019e8d8                GPUCMD_Run
                0x0019e938                GPUCMD_FlushAndRun
                0x0019e9ac                GPUCMD_Add
                0x0019ea90                GPUCMD_Finalize
                0x0019eb28                GPU_Reset
                0x0019f308                GPU_SetFloatUniform
                0x0019f380                GPU_SetViewport
                0x0019f574                GPU_SetScissorTest
                0x0019f5c0                GPU_DepthMap
                0x0019f63c                GPU_SetAlphaTest
                0x0019f674                GPU_SetStencilTest
                0x0019f6bc                GPU_SetStencilOp
                0x0019f6f0                GPU_SetDepthTestAndWriteMask
                0x0019f728                GPU_SetAlphaBlending
                0x0019f790                GPU_SetColorLogicOp
                0x0019f7d4                GPU_SetBlendingColor
                0x0019f810                GPU_SetTextureEnable
                0x0019f85c                GPU_SetTexture
                0x0019f9f4                GPU_SetTextureBorderColor
                0x0019fa88                GPU_SetAttributeBuffers
                0x0019fc84                GPU_SetAttributeBuffersAddress
                0x0019fcb0                GPU_SetFaceCulling
                0x0019fcdc                GPU_SetCombinerBufferWrite
                0x0019fd10                GPU_SetTexEnv
                0x0019fd88                GPU_DrawArray
                0x0019feb8                GPU_DrawElements
                0x0019ffec                GPU_FinishDrawing
                0x001a0048                GPU_SetShaderOutmap
                0x001a0090                GPU_SendShaderCode
                0x001a0148                GPU_SendOperandDescriptors
 .text          0x001a01bc        0x0 c:/devkitPro/libctru/lib\libctru.a(gpuResetSequence.o)
 .text          0x001a01bc      0x7f4 c:/devkitPro/libctru/lib\libctru.a(shaderProgram.o)
                0x001a01bc                shaderInstanceInit
                0x001a03c4                shaderInstanceFree
                0x001a03fc                shaderInstanceSetBool
                0x001a043c                shaderInstanceGetBool
                0x001a0488                shaderInstanceGetUniformLocation
                0x001a04a8                shaderProgramInit
                0x001a04c0                shaderProgramFree
                0x001a04f0                shaderProgramSetVsh
                0x001a055c                shaderProgramSetGsh
                0x001a05d0                shaderProgramUse
 .text          0x001a09b0      0x348 c:/devkitPro/libctru/lib\libctru.a(shbin.o)
                0x001a09b0                DVLB_Free
                0x001a09ec                DVLE_GetUniformRegister
                0x001a0a68                DVLE_GenerateOutmap
                0x001a0b60                DVLB_ParseFile
 .text          0x001a0cf8     0x1e3c c:/devkitPro/libctru/lib\libctru.a(apt.o)
                0x001a0d5c                _aptDebug
                0x001a0d60                aptInitCaptureInfo
                0x001a0e10                aptWaitStatusEvent
                0x001a0e38                aptHook
                0x001a0e70                aptUnhook
                0x001a0e9c                aptGetStatus
                0x001a0ed4                aptSetStatus
                0x001a0f44                aptGetStatusPower
                0x001a0f7c                aptSetStatusPower
                0x001a0fb4                aptOpenSession
                0x001a0fd8                aptCloseSession
                0x001a1000                aptSignalReadyForSleep
                0x001a1010                APT_GetLockHandle
                0x001a1060                APT_Initialize
                0x001a10c8                APT_Finalize
                0x001a1104                APT_HardwareResetAsync
                0x001a1138                APT_Enable
                0x001a1174                APT_GetAppletManInfo
                0x001a11f4                aptGetMenuAppID
                0x001a1230                APT_GetAppletInfo
                0x001a12c8                APT_GetAppletProgramInfo
                0x001a131c                APT_GetProgramID
                0x001a138c                APT_IsRegistered
                0x001a13dc                APT_InquireNotification
                0x001a142c                APT_PrepareToJumpToHomeMenu
                0x001a1460                APT_JumpToHomeMenu
                0x001a14b0                APT_PrepareToJumpToApplication
                0x001a14ec                APT_JumpToApplication
                0x001a153c                APT_NotifyToWait
                0x001a1578                APT_AppletUtility
                0x001a1600                aptAppletUtility_Exit_RetToApp
                0x001a1720                aptAppletClosed
                0x001a1830                aptInit
                0x001a19f8                APT_GlanceParameter
                0x001a1a6c                APT_ReceiveParameter
                0x001a1ae0                APT_SendParameter
                0x001a1b50                APT_SendCaptureBufferInfo
                0x001a1b9c                aptReturnToMenu
                0x001a1d70                APT_ReplySleepQuery
                0x001a1db0                APT_ReplySleepNotificationComplete
                0x001a1dec                aptEventHandler
                0x001a20f0                APT_PrepareToCloseApplication
                0x001a212c                APT_CloseApplication
                0x001a2184                aptExit
                0x001a2370                APT_SetAppCpuTimeLimit
                0x001a23b4                APT_GetAppCpuTimeLimit
                0x001a2408                APT_CheckNew3DS_Application
                0x001a2464                APT_CheckNew3DS_System
                0x001a24c0                APT_CheckNew3DS
                0x001a2534                APT_PrepareToDoAppJump
                0x001a2580                APT_DoAppJump
                0x001a25e8                APT_PrepareToStartLibraryApplet
                0x001a2624                APT_StartLibraryApplet
                0x001a2684                aptAppletStarted
                0x001a2788                aptMainLoop
                0x001a2900                APT_LaunchLibraryApplet
                0x001a2a98                APT_PrepareToStartSystemApplet
                0x001a2ad4                APT_StartSystemApplet
 .text          0x001a2b34      0x288 c:/devkitPro/libctru/lib\libctru.a(cfgu.o)
                0x001a2b34                initCfgu
                0x001a2b88                exitCfgu
                0x001a2ba8                CFGU_SecureInfoGetRegion
                0x001a2be0                CFGU_GenHashConsoleUnique
                0x001a2c38                CFGU_GetRegionCanadaUSA
                0x001a2c70                CFGU_GetSystemModel
                0x001a2ca8                CFGU_GetModelNintendo2DS
                0x001a2ce0                CFGU_GetCountryCodeString
                0x001a2d20                CFGU_GetCountryCodeID
                0x001a2d60                CFGU_GetConfigInfoBlk2
                0x001a2da8                CFGU_GetSystemLanguage
 .text          0x001a2dbc      0xb7c c:/devkitPro/libctru/lib\libctru.a(csnd.o)
                0x001a2dbc                CSND_AcquireCapUnit
                0x001a2df4                CSND_ReleaseCapUnit
                0x001a2e28                CSND_Reset
                0x001a2e54                csndInit
                0x001a2fbc                csndExit
                0x001a3050                csndAddCmd
                0x001a3110                csndWriteCmd
                0x001a3150                csndExecCmds
                0x001a31ec                CSND_SetPlayStateR
                0x001a320c                CSND_SetPlayState
                0x001a322c                CSND_SetEncoding
                0x001a324c                CSND_SetBlock
                0x001a327c                CSND_SetLooping
                0x001a329c                CSND_SetBit7
                0x001a32bc                CSND_SetInterp
                0x001a32dc                CSND_SetDuty
                0x001a32fc                CSND_SetTimer
                0x001a331c                CSND_SetVol
                0x001a3344                CSND_SetAdpcmState
                0x001a3380                CSND_SetAdpcmReload
                0x001a33a0                CSND_SetChnRegs
                0x001a33e0                CSND_SetChnRegsPSG
                0x001a3410                CSND_SetChnRegsNoise
                0x001a3438                CSND_CapEnable
                0x001a3458                CSND_CapSetRepeat
                0x001a3480                CSND_CapSetFormat
                0x001a34a4                CSND_CapSetBit2
                0x001a34c8                CSND_CapSetTimer
                0x001a34ec                CSND_CapSetBuffer
                0x001a3518                CSND_SetCapRegs
                0x001a354c                CSND_SetDspFlags
                0x001a3568                CSND_UpdateInfo
                0x001a3584                csndPlaySound
                0x001a37d0                csndGetDspFlags
                0x001a3828                csndGetChnInfo
                0x001a3868                csndGetCapInfo
                0x001a3890                csndGetState
                0x001a3910                csndIsPlaying
 .text          0x001a3938      0xd4c c:/devkitPro/libctru/lib\libctru.a(fs.o)
                0x001a3938                FS_makePath
                0x001a3964                fsExit
                0x001a3988                fsGetSessionHandle
                0x001a3994                FSUSER_Initialize
                0x001a3a08                fsInit
                0x001a3a74                FSUSER_OpenFile
                0x001a3b20                FSUSER_OpenFileDirectly
                0x001a3bec                FSUSER_DeleteFile
                0x001a3c74                FSUSER_RenameFile
                0x001a3d38                FSUSER_DeleteDirectory
                0x001a3dc0                FSUSER_DeleteDirectoryRecursively
                0x001a3e48                FSUSER_CreateFile
                0x001a3ee0                FSUSER_CreateDirectory
                0x001a3f6c                FSUSER_RenameDirectory
                0x001a4030                FSUSER_OpenDirectory
                0x001a40c4                FSUSER_OpenArchive
                0x001a414c                FSUSER_CloseArchive
                0x001a41a4                FSUSER_GetSdmcArchiveResource
                0x001a4220                FSUSER_GetNandArchiveResource
                0x001a429c                FSUSER_IsSdmcDetected
                0x001a42e8                FSUSER_GetProductInfo
                0x001a4360                FSUSER_GetMediaType
                0x001a43ac                FSUSER_IsSdmcWritable
                0x001a43f8                FSFILE_Close
                0x001a443c                FSFILE_Read
                0x001a4498                FSFILE_Write
                0x001a44fc                FSFILE_GetSize
                0x001a453c                FSFILE_SetSize
                0x001a4568                FSFILE_GetAttributes
                0x001a45a0                FSFILE_SetAttributes
                0x001a45c8                FSFILE_Flush
                0x001a45ec                FSDIR_Read
                0x001a4640                FSDIR_Close
 .text          0x001a4684      0x934 c:/devkitPro/libctru/lib\libctru.a(gsp.o)
                0x001a4768                gspInit
                0x001a477c                gspExit
                0x001a4794                gspInitEventHandler
                0x001a4860                gspExitEventHandler
                0x001a48b8                gspWaitForEvent
                0x001a4910                GSPGPU_WriteHWRegs
                0x001a4980                GSPGPU_WriteHWRegsWithMask
                0x001a4a0c                GSPGPU_ReadHWRegs
                0x001a4a7c                GSPGPU_SetBufferSwap
                0x001a4af0                GSPGPU_FlushDataCache
                0x001a4b44                GSPGPU_InvalidateDataCache
                0x001a4b98                GSPGPU_SetLcdForceBlack
                0x001a4bd4                GSPGPU_TriggerCmdReqQueue
                0x001a4c08                GSPGPU_RegisterInterruptRelayQueue
                0x001a4c74                GSPGPU_UnregisterInterruptRelayQueue
                0x001a4ca8                GSPGPU_AcquireRight
                0x001a4cf8                GSPGPU_ReleaseRight
                0x001a4d2c                GSPGPU_ImportDisplayCaptureInfo
                0x001a4db0                GSPGPU_SaveVramSysArea
                0x001a4de4                GSPGPU_RestoreVramSysArea
                0x001a4e18                GSPGPU_SubmitGxCommand
                0x001a4f24                gspLcdInit
                0x001a4f38                gspLcdExit
                0x001a4f50                GSPLCD_PowerOffBacklight
                0x001a4f84                GSPLCD_PowerOnBacklight
 .text          0x001a4fb8      0x264 c:/devkitPro/libctru/lib\libctru.a(gx.o)
                0x001a4fb8                GX_RequestDma
                0x001a500c                GX_SetCommandList_Last
                0x001a5074                GX_SetMemoryFill
                0x001a50e8                GX_SetDisplayTransfer
                0x001a514c                GX_SetTextureCopy
                0x001a51b4                GX_SetCommandList_First
 .text          0x001a521c      0x754 c:/devkitPro/libctru/lib\libctru.a(hid.o)
                0x001a521c                hidExit
                0x001a52ec                hidWaitForEvent
                0x001a5344                hidCheckSectionUpdateTime
                0x001a5380                hidScanInput
                0x001a55c8                hidKeysHeld
                0x001a55d8                hidKeysDown
                0x001a55e8                hidKeysUp
                0x001a55f8                hidTouchRead
                0x001a5610                hidCircleRead
                0x001a5628                hidAccelRead
                0x001a5648                hidGyroRead
                0x001a5668                HIDUSER_GetHandles
                0x001a56f8                hidInit
                0x001a584c                HIDUSER_EnableAccelerometer
                0x001a5878                HIDUSER_DisableAccelerometer
                0x001a58a4                HIDUSER_EnableGyroscope
                0x001a58d0                HIDUSER_DisableGyroscope
                0x001a58fc                HIDUSER_GetGyroscopeRawToDpsCoefficient
                0x001a5938                HIDUSER_GetSoundVolume
 .text          0x001a5970      0x3c0 c:/devkitPro/libctru/lib\libctru.a(irrst.o)
                0x001a5970                irrstWaitForEvent
                0x001a59bc                irrstCheckSectionUpdateTime
                0x001a59f8                irrstScanInput
                0x001a5aac                irrstKeysHeld
                0x001a5ac4                irrstCstickRead
                0x001a5adc                IRRST_GetHandles
                0x001a5b2c                IRRST_Initialize
                0x001a5b64                irrstInit
                0x001a5c64                IRRST_Shutdown
                0x001a5c90                irrstExit
 .text          0x001a5d30      0x1bc c:/devkitPro/libctru/lib\libctru.a(ptm.o)
                0x001a5d30                ptmInit
                0x001a5d44                ptmExit
                0x001a5d54                ptmSysmInit
                0x001a5d68                ptmSysmExit
                0x001a5d78                PTMU_GetShellState
                0x001a5db8                PTMU_GetBatteryLevel
                0x001a5df8                PTMU_GetBatteryChargeState
                0x001a5e38                PTMU_GetPedometerState
                0x001a5e78                PTMU_GetTotalStepCount
                0x001a5eb8                PTMSYSM_ConfigureNew3DSCPU
 .text          0x001a5eec       0x70 c:/devkitPro/libctru/lib\libctru.a(rbtree_find.o)
                0x001a5eec                rbtree_find
 .text          0x001a5f5c       0x14 c:/devkitPro/libctru/lib\libctru.a(rbtree_init.o)
                0x001a5f5c                rbtree_init
 .text          0x001a5f70      0x1f4 c:/devkitPro/libctru/lib\libctru.a(rbtree_insert.o)
                0x001a6154                rbtree_insert
                0x001a615c                rbtree_insert_multi
 .text          0x001a6164      0x340 c:/devkitPro/libctru/lib\libctru.a(rbtree_remove.o)
                0x001a6164                rbtree_remove
 .text          0x001a64a4       0xac c:/devkitPro/libctru/lib\libctru.a(rbtree_rotate.o)
                0x001a64a4                rbtree_rotate
 .text          0x001a6550       0xb8 c:/devkitPro/libctru/lib\libctru.a(utf8_to_utf16.o)
                0x001a6550                utf8_to_utf16
 .text          0x001a6608       0xa4 c:/devkitPro/libctru/lib\libctru.a(allocateHeaps.o)
                0x001a6608                __system_allocateHeaps
 .text          0x001a66ac       0xf4 c:/devkitPro/libctru/lib\libctru.a(initArgv.o)
                0x001a66ac                __system_initArgv
 .text          0x001a67a0       0x4c c:/devkitPro/libctru/lib\libctru.a(initSystem.o)
                0x001a67a0                __libctru_init
 *fill*         0x001a67ec        0x4 
 .text          0x001a67f0      0x460 c:/devkitPro/libctru/lib\libctru.a(svc.o)
                0x001a67f0                svcControlMemory
                0x001a6810                svcQueryMemory
                0x001a6840                svcExitProcess
                0x001a6848                svcCreateThread
                0x001a6868                svcExitThread
                0x001a6870                svcSleepThread
                0x001a6878                svcGetThreadPriority
                0x001a688c                svcSetThreadPriority
                0x001a6894                svcGetThreadAffinityMask
                0x001a689c                svcSetThreadAffinityMask
                0x001a68a4                svcGetThreadIdealProcessor
                0x001a68b8                svcSetThreadIdealProcessor
                0x001a68c0                svcGetProcessorID
                0x001a68c8                svcCreateMutex
                0x001a68dc                svcReleaseMutex
                0x001a68e4                svcCreateSemaphore
                0x001a68f8                svcReleaseSemaphore
                0x001a690c                svcCreateEvent
                0x001a6920                svcSignalEvent
                0x001a6928                svcClearEvent
                0x001a6930                svcCreateTimer
                0x001a6944                svcSetTimer
                0x001a694c                svcCancelTimer
                0x001a6954                svcClearTimer
                0x001a695c                svcCreateMemoryBlock
                0x001a6974                svcMapMemoryBlock
                0x001a697c                svcUnmapMemoryBlock
                0x001a6984                svcCreateAddressArbiter
                0x001a6998                svcArbitrateAddress
                0x001a69b8                svcCloseHandle
                0x001a69c0                svcWaitSynchronization
                0x001a69c8                svcWaitSynchronizationN
                0x001a69f0                svcDuplicateHandle
                0x001a6a04                svcGetSystemTick
                0x001a6a0c                svcGetSystemInfo
                0x001a6a24                svcGetProcessInfo
                0x001a6a3c                svcGetThreadInfo
                0x001a6a54                svcConnectToPort
                0x001a6a68                svcSendSyncRequest
                0x001a6a70                svcOpenProcess
                0x001a6a84                svcOpenThread
                0x001a6a98                svcGetProcessId
                0x001a6aac                svcGetProcessIdOfThread
                0x001a6ac0                svcGetThreadId
                0x001a6ad4                svcBreak
                0x001a6adc                svcOutputDebugString
                0x001a6ae4                svcCreatePort
                0x001a6b04                svcAcceptSession
                0x001a6b1c                svcReplyAndReceive
                0x001a6b34                svcInvalidateProcessDataCache
                0x001a6b3c                svcFlushProcessDataCache
                0x001a6b44                svcStartInterProcessDma
                0x001a6b64                svcStopDma
                0x001a6b6c                svcGetDmaState
                0x001a6b80                svcDebugActiveProcess
                0x001a6b94                svcBreakDebugProcess
                0x001a6b9c                svcTerminateDebugProcess
                0x001a6ba4                svcGetProcessDebugEvent
                0x001a6bac                svcContinueDebugEvent
                0x001a6bb4                svcGetProcessList
                0x001a6bd4                svcReadProcessMemory
                0x001a6bdc                svcWriteProcessMemory
                0x001a6be4                svcControlProcessMemory
                0x001a6bfc                svcMapProcessMemory
                0x001a6c04                svcUnmapProcessMemory
                0x001a6c0c                svcTerminateProcess
                0x001a6c14                svcBackdoor
                0x001a6c1c                svcKernelSetState
                0x001a6c24                svcQueryProcessMemory
 .text          0x001a6c50       0x64 c:/devkitPro/libctru/lib\libctru.a(stack_adjust.o)
                0x001a6c50                initSystem
                0x001a6c94                __ctru_exit
 .text          0x001a6cb4      0x178 c:/devkitPro/libctru/lib\libctru.a(mappable.o)
                0x001a6cdc                mappableAlloc
                0x001a6dd0                mappableFree
                0x001a6e20                mappableSpaceFree
 .text          0x001a6e2c      0x118 c:/devkitPro/libctru/lib\libctru.a(rbtree_iterator.o)
                0x001a6e2c                rbtree_node_next
                0x001a6eb8                rbtree_node_prev
 .text          0x001a6f44      0x138 c:/devkitPro/libctru/lib\libctru.a(decode_utf8.o)
                0x001a6f44                decode_utf8
 .text          0x001a707c       0x68 c:/devkitPro/libctru/lib\libctru.a(encode_utf16.o)
                0x001a707c                encode_utf16
 .text          0x001a70e4       0x1c c:/devkitPro/libctru/lib\libctru.a(appExit.o)
                0x001a70e4                __appExit
 .text          0x001a7100       0x1c c:/devkitPro/libctru/lib\libctru.a(appInit.o)
                0x001a7100                __appInit
 .text          0x001a711c       0x90 c:/devkitPro/libctru/lib\libctru.a(ctru_exit.o)
                0x001a711c                __libctru_exit
 .text          0x001a71ac      0xffc c:/devkitPro/libctru/lib\libctru.a(sdmc_dev.o)
                0x001a8028                sdmcInit
                0x001a8158                sdmcExit
 .text          0x001a81a8       0xe8 c:/devkitPro/libctru/lib\libctru.a(utf16_to_utf8.o)
                0x001a81a8                utf16_to_utf8
 .text          0x001a8290       0x60 c:/devkitPro/libctru/lib\libctru.a(decode_utf16.o)
                0x001a8290                decode_utf16
 .text          0x001a82f0      0x104 c:/devkitPro/libctru/lib\libctru.a(encode_utf8.o)
                0x001a82f0                encode_utf8
 .text          0x001a83f4        0x0 c:/devkitpro/devkitarm/bin/../lib/gcc/arm-none-eabi/4.9.2/../../../../arm-none-eabi/lib/armv6k/fpu\libm.a(lib_a-sf_cos.o)
 .text          0x001a83f4        0x0 c:/devkitpro/devkitarm/bin/../lib/gcc/arm-none-eabi/4.9.2/../../../../arm-none-eabi/lib/armv6k/fpu\libm.a(lib_a-s_floor.o)
 .text          0x001a83f4        0x0 c:/devkitpro/devkitarm/bin/../lib/gcc/arm-none-eabi/4.9.2/../../../../arm-none-eabi/lib/armv6k/fpu\libm.a(lib_a-s_frexp.o)
 .text          0x001a83f4        0x0 c:/devkitpro/devkitarm/bin/../lib/gcc/arm-none-eabi/4.9.2/../../../../arm-none-eabi/lib/armv6k/fpu\libm.a(lib_a-sf_sin.o)
 .text          0x001a83f4        0x0 c:/devkitpro/devkitarm/bin/../lib/gcc/arm-none-eabi/4.9.2/../../../../arm-none-eabi/lib/armv6k/fpu\libm.a(lib_a-s_modf.o)
 .text          0x001a83f4        0x0 c:/devkitpro/devkitarm/bin/../lib/gcc/arm-none-eabi/4.9.2/../../../../arm-none-eabi/lib/armv6k/fpu\libm.a(lib_a-w_pow.o)
 .text          0x001a83f4        0x0 c:/devkitpro/devkitarm/bin/../lib/gcc/arm-none-eabi/4.9.2/../../../../arm-none-eabi/lib/armv6k/fpu\libm.a(lib_a-ef_rem_pio2.o)
 .text          0x001a83f4        0x0 c:/devkitpro/devkitarm/bin/../lib/gcc/arm-none-eabi/4.9.2/../../../../arm-none-eabi/lib/armv6k/fpu\libm.a(lib_a-e_pow.o)
 .text          0x001a83f4        0x0 c:/devkitpro/devkitarm/bin/../lib/gcc/arm-none-eabi/4.9.2/../../../../arm-none-eabi/lib/armv6k/fpu\libm.a(lib_a-e_sqrt.o)
 .text          0x001a83f4        0x0 c:/devkitpro/devkitarm/bin/../lib/gcc/arm-none-eabi/4.9.2/../../../../arm-none-eabi/lib/armv6k/fpu\libm.a(lib_a-kf_cos.o)
 .text          0x001a83f4        0x0 c:/devkitpro/devkitarm/bin/../lib/gcc/arm-none-eabi/4.9.2/../../../../arm-none-eabi/lib/armv6k/fpu\libm.a(lib_a-kf_rem_pio2.o)
 .text          0x001a83f4        0x0 c:/devkitpro/devkitarm/bin/../lib/gcc/arm-none-eabi/4.9.2/../../../../arm-none-eabi/lib/armv6k/fpu\libm.a(lib_a-kf_sin.o)
 .text          0x001a83f4        0x0 c:/devkitpro/devkitarm/bin/../lib/gcc/arm-none-eabi/4.9.2/../../../../arm-none-eabi/lib/armv6k/fpu\libm.a(lib_a-s_fabs.o)
 .text          0x001a83f4        0x0 c:/devkitpro/devkitarm/bin/../lib/gcc/arm-none-eabi/4.9.2/../../../../arm-none-eabi/lib/armv6k/fpu\libm.a(lib_a-sf_fabs.o)
 .text          0x001a83f4        0x0 c:/devkitpro/devkitarm/bin/../lib/gcc/arm-none-eabi/4.9.2/../../../../arm-none-eabi/lib/armv6k/fpu\libm.a(lib_a-sf_floor.o)
 .text          0x001a83f4        0x0 c:/devkitpro/devkitarm/bin/../lib/gcc/arm-none-eabi/4.9.2/../../../../arm-none-eabi/lib/armv6k/fpu\libm.a(lib_a-s_finite.o)
 .text          0x001a83f4        0x0 c:/devkitpro/devkitarm/bin/../lib/gcc/arm-none-eabi/4.9.2/../../../../arm-none-eabi/lib/armv6k/fpu\libm.a(lib_a-s_fpclassify.o)
 .text          0x001a83f4        0x0 c:/devkitpro/devkitarm/bin/../lib/gcc/arm-none-eabi/4.9.2/../../../../arm-none-eabi/lib/armv6k/fpu\libm.a(lib_a-sf_scalbn.o)
 .text          0x001a83f4        0x0 c:/devkitpro/devkitarm/bin/../lib/gcc/arm-none-eabi/4.9.2/../../../../arm-none-eabi/lib/armv6k/fpu\libm.a(lib_a-s_lib_ver.o)
 .text          0x001a83f4        0x0 c:/devkitpro/devkitarm/bin/../lib/gcc/arm-none-eabi/4.9.2/../../../../arm-none-eabi/lib/armv6k/fpu\libm.a(lib_a-s_matherr.o)
 .text          0x001a83f4        0x0 c:/devkitpro/devkitarm/bin/../lib/gcc/arm-none-eabi/4.9.2/../../../../arm-none-eabi/lib/armv6k/fpu\libm.a(lib_a-s_nan.o)
 .text          0x001a83f4        0x0 c:/devkitpro/devkitarm/bin/../lib/gcc/arm-none-eabi/4.9.2/../../../../arm-none-eabi/lib/armv6k/fpu\libm.a(lib_a-s_rint.o)
 .text          0x001a83f4        0x0 c:/devkitpro/devkitarm/bin/../lib/gcc/arm-none-eabi/4.9.2/../../../../arm-none-eabi/lib/armv6k/fpu\libm.a(lib_a-s_scalbn.o)
 .text          0x001a83f4        0x0 c:/devkitpro/devkitarm/bin/../lib/gcc/arm-none-eabi/4.9.2/../../../../arm-none-eabi/lib/armv6k/fpu\libm.a(lib_a-s_copysign.o)
 .text          0x001a83f4        0x0 c:/devkitpro/devkitarm/bin/../lib/gcc/arm-none-eabi/4.9.2/../../../../arm-none-eabi/lib/armv6k/fpu\libm.a(lib_a-sf_copysign.o)
 .text          0x001a83f4      0x20c c:/devkitpro/devkitarm/bin/../lib/gcc/arm-none-eabi/4.9.2/armv6k/fpu\libgcc.a(_udivsi3.o)
                0x001a83f4                __aeabi_uidiv
                0x001a83f4                __udivsi3
                0x001a85e0                __aeabi_uidivmod
 .text          0x001a8600      0x240 c:/devkitpro/devkitarm/bin/../lib/gcc/arm-none-eabi/4.9.2/armv6k/fpu\libgcc.a(_divsi3.o)
                0x001a8600                __divsi3
                0x001a8600                __aeabi_idiv
                0x001a8820                __aeabi_idivmod
 .text          0x001a8840        0x4 c:/devkitpro/devkitarm/bin/../lib/gcc/arm-none-eabi/4.9.2/armv6k/fpu\libgcc.a(_dvmd_tls.o)
                0x001a8840                __aeabi_idiv0
                0x001a8840                __aeabi_ldiv0
 .text          0x001a8844      0x250 c:/devkitpro/devkitarm/bin/../lib/gcc/arm-none-eabi/4.9.2/armv6k/fpu\libgcc.a(_arm_addsubsf3.o)
                0x001a8844                __aeabi_frsub
                0x001a884c                __subsf3
                0x001a884c                __aeabi_fsub
                0x001a8850                __aeabi_fadd
                0x001a8850                __addsf3
                0x001a89e0                __aeabi_ui2f
                0x001a89e0                __floatunsisf
                0x001a89e8                __aeabi_i2f
                0x001a89e8                __floatsisf
                0x001a8a08                __aeabi_ul2f
                0x001a8a08                __floatundisf
                0x001a8a18                __aeabi_l2f
                0x001a8a18                __floatdisf
 .text          0x001a8a94       0x44 c:/devkitpro/devkitarm/bin/../lib/gcc/arm-none-eabi/4.9.2/armv6k/fpu\libgcc.a(_popcountsi2.o)
                0x001a8a94                __popcountsi2
 .text          0x001a8ad8        0x0 c:/devkitpro/devkitarm/bin/../lib/gcc/arm-none-eabi/4.9.2/../../../../arm-none-eabi/lib/armv6k/fpu\libg.a(lib_a-abort.o)
 .text          0x001a8ad8        0x0 c:/devkitpro/devkitarm/bin/../lib/gcc/arm-none-eabi/4.9.2/../../../../arm-none-eabi/lib/armv6k/fpu\libg.a(lib_a-atof.o)
 .text          0x001a8ad8        0x0 c:/devkitpro/devkitarm/bin/../lib/gcc/arm-none-eabi/4.9.2/../../../../arm-none-eabi/lib/armv6k/fpu\libg.a(lib_a-atol.o)
 .text          0x001a8ad8        0x0 c:/devkitpro/devkitarm/bin/../lib/gcc/arm-none-eabi/4.9.2/../../../../arm-none-eabi/lib/armv6k/fpu\libg.a(lib_a-bsearch.o)
 .text          0x001a8ad8        0x0 c:/devkitpro/devkitarm/bin/../lib/gcc/arm-none-eabi/4.9.2/../../../../arm-none-eabi/lib/armv6k/fpu\libg.a(lib_a-errno.o)
 .text          0x001a8ad8        0x0 c:/devkitpro/devkitarm/bin/../lib/gcc/arm-none-eabi/4.9.2/../../../../arm-none-eabi/lib/armv6k/fpu\libg.a(lib_a-fclose.o)
 .text          0x001a8ad8        0x0 c:/devkitpro/devkitarm/bin/../lib/gcc/arm-none-eabi/4.9.2/../../../../arm-none-eabi/lib/armv6k/fpu\libg.a(lib_a-fflush.o)
 .text          0x001a8ad8        0x0 c:/devkitpro/devkitarm/bin/../lib/gcc/arm-none-eabi/4.9.2/../../../../arm-none-eabi/lib/armv6k/fpu\libg.a(lib_a-findfp.o)
 .text          0x001a8ad8        0x0 c:/devkitpro/devkitarm/bin/../lib/gcc/arm-none-eabi/4.9.2/../../../../arm-none-eabi/lib/armv6k/fpu\libg.a(lib_a-fini.o)
 .text          0x001a8ad8        0x0 c:/devkitpro/devkitarm/bin/../lib/gcc/arm-none-eabi/4.9.2/../../../../arm-none-eabi/lib/armv6k/fpu\libg.a(lib_a-fopen.o)
 .text          0x001a8ad8        0x0 c:/devkitpro/devkitarm/bin/../lib/gcc/arm-none-eabi/4.9.2/../../../../arm-none-eabi/lib/armv6k/fpu\libg.a(lib_a-fprintf.o)
 .text          0x001a8ad8        0x0 c:/devkitpro/devkitarm/bin/../lib/gcc/arm-none-eabi/4.9.2/../../../../arm-none-eabi/lib/armv6k/fpu\libg.a(lib_a-fputc.o)
 .text          0x001a8ad8        0x0 c:/devkitpro/devkitarm/bin/../lib/gcc/arm-none-eabi/4.9.2/../../../../arm-none-eabi/lib/armv6k/fpu\libg.a(lib_a-fread.o)
 .text          0x001a8ad8        0x0 c:/devkitpro/devkitarm/bin/../lib/gcc/arm-none-eabi/4.9.2/../../../../arm-none-eabi/lib/armv6k/fpu\libg.a(lib_a-freer.o)
 .text          0x001a8ad8        0x0 c:/devkitpro/devkitarm/bin/../lib/gcc/arm-none-eabi/4.9.2/../../../../arm-none-eabi/lib/armv6k/fpu\libg.a(lib_a-fseek.o)
 .text          0x001a8ad8        0x0 c:/devkitpro/devkitarm/bin/../lib/gcc/arm-none-eabi/4.9.2/../../../../arm-none-eabi/lib/armv6k/fpu\libg.a(lib_a-fseeko.o)
 .text          0x001a8ad8        0x0 c:/devkitpro/devkitarm/bin/../lib/gcc/arm-none-eabi/4.9.2/../../../../arm-none-eabi/lib/armv6k/fpu\libg.a(lib_a-ftell.o)
 .text          0x001a8ad8        0x0 c:/devkitpro/devkitarm/bin/../lib/gcc/arm-none-eabi/4.9.2/../../../../arm-none-eabi/lib/armv6k/fpu\libg.a(lib_a-ftello.o)
 .text          0x001a8ad8        0x0 c:/devkitpro/devkitarm/bin/../lib/gcc/arm-none-eabi/4.9.2/../../../../arm-none-eabi/lib/armv6k/fpu\libg.a(lib_a-fwalk.o)
 .text          0x001a8ad8        0x0 c:/devkitpro/devkitarm/bin/../lib/gcc/arm-none-eabi/4.9.2/../../../../arm-none-eabi/lib/armv6k/fpu\libg.a(lib_a-fwrite.o)
 .text          0x001a8ad8        0x0 c:/devkitpro/devkitarm/bin/../lib/gcc/arm-none-eabi/4.9.2/../../../../arm-none-eabi/lib/armv6k/fpu\libg.a(lib_a-gmtime.o)
 .text          0x001a8ad8        0x0 c:/devkitpro/devkitarm/bin/../lib/gcc/arm-none-eabi/4.9.2/../../../../arm-none-eabi/lib/armv6k/fpu\libg.a(lib_a-gmtime_r.o)
 .text          0x001a8ad8        0x0 c:/devkitpro/devkitarm/bin/../lib/gcc/arm-none-eabi/4.9.2/../../../../arm-none-eabi/lib/armv6k/fpu\libg.a(lib_a-impure.o)
 .text          0x001a8ad8        0x0 c:/devkitpro/devkitarm/bin/../lib/gcc/arm-none-eabi/4.9.2/../../../../arm-none-eabi/lib/armv6k/fpu\libg.a(lib_a-init.o)
 .text          0x001a8ad8        0x0 c:/devkitpro/devkitarm/bin/../lib/gcc/arm-none-eabi/4.9.2/../../../../arm-none-eabi/lib/armv6k/fpu\libg.a(lib_a-makebuf.o)
 .text          0x001a8ad8        0x0 c:/devkitpro/devkitarm/bin/../lib/gcc/arm-none-eabi/4.9.2/../../../../arm-none-eabi/lib/armv6k/fpu\libg.a(lib_a-malloc.o)
 .text          0x001a8ad8        0x0 c:/devkitpro/devkitarm/bin/../lib/gcc/arm-none-eabi/4.9.2/../../../../arm-none-eabi/lib/armv6k/fpu\libg.a(lib_a-mallocr.o)
 .text          0x001a8ad8        0x0 c:/devkitpro/devkitarm/bin/../lib/gcc/arm-none-eabi/4.9.2/../../../../arm-none-eabi/lib/armv6k/fpu\libg.a(lib_a-memchr.o)
 .text          0x001a8ad8        0x0 c:/devkitpro/devkitarm/bin/../lib/gcc/arm-none-eabi/4.9.2/../../../../arm-none-eabi/lib/armv6k/fpu\libg.a(lib_a-memcmp.o)
 .text          0x001a8ad8        0x0 c:/devkitpro/devkitarm/bin/../lib/gcc/arm-none-eabi/4.9.2/../../../../arm-none-eabi/lib/armv6k/fpu\libg.a(lib_a-memcpy.o)
 .text          0x001a8ad8        0x0 c:/devkitpro/devkitarm/bin/../lib/gcc/arm-none-eabi/4.9.2/../../../../arm-none-eabi/lib/armv6k/fpu\libg.a(lib_a-memmove.o)
 .text          0x001a8ad8        0x0 c:/devkitpro/devkitarm/bin/../lib/gcc/arm-none-eabi/4.9.2/../../../../arm-none-eabi/lib/armv6k/fpu\libg.a(lib_a-memset.o)
 .text          0x001a8ad8        0x0 c:/devkitpro/devkitarm/bin/../lib/gcc/arm-none-eabi/4.9.2/../../../../arm-none-eabi/lib/armv6k/fpu\libg.a(lib_a-mlock.o)
 .text          0x001a8ad8        0x0 c:/devkitpro/devkitarm/bin/../lib/gcc/arm-none-eabi/4.9.2/../../../../arm-none-eabi/lib/armv6k/fpu\libg.a(lib_a-month_lengths.o)
 .text          0x001a8ad8        0x0 c:/devkitpro/devkitarm/bin/../lib/gcc/arm-none-eabi/4.9.2/../../../../arm-none-eabi/lib/armv6k/fpu\libg.a(lib_a-putc.o)
 .text          0x001a8ad8        0x0 c:/devkitpro/devkitarm/bin/../lib/gcc/arm-none-eabi/4.9.2/../../../../arm-none-eabi/lib/armv6k/fpu\libg.a(lib_a-qsort.o)
 .text          0x001a8ad8        0x0 c:/devkitpro/devkitarm/bin/../lib/gcc/arm-none-eabi/4.9.2/../../../../arm-none-eabi/lib/armv6k/fpu\libg.a(lib_a-realloc.o)
 .text          0x001a8ad8        0x0 c:/devkitpro/devkitarm/bin/../lib/gcc/arm-none-eabi/4.9.2/../../../../arm-none-eabi/lib/armv6k/fpu\libg.a(lib_a-reallocr.o)
 .text          0x001a8ad8        0x0 c:/devkitpro/devkitarm/bin/../lib/gcc/arm-none-eabi/4.9.2/../../../../arm-none-eabi/lib/armv6k/fpu\libg.a(lib_a-refill.o)
 .text          0x001a8ad8        0x0 c:/devkitpro/devkitarm/bin/../lib/gcc/arm-none-eabi/4.9.2/../../../../arm-none-eabi/lib/armv6k/fpu\libg.a(lib_a-remove.o)
 .text          0x001a8ad8       0x2c c:/devkitpro/devkitarm/bin/../lib/gcc/arm-none-eabi/4.9.2/../../../../arm-none-eabi/lib/armv6k/fpu\libg.a(lib_a-setjmp.o)
                0x001a8ad8                setjmp
                0x001a8aec                longjmp
 .text          0x001a8b04        0x0 c:/devkitpro/devkitarm/bin/../lib/gcc/arm-none-eabi/4.9.2/../../../../arm-none-eabi/lib/armv6k/fpu\libg.a(lib_a-signal.o)
 .text          0x001a8b04        0x0 c:/devkitpro/devkitarm/bin/../lib/gcc/arm-none-eabi/4.9.2/../../../../arm-none-eabi/lib/armv6k/fpu\libg.a(lib_a-snprintf.o)
 .text          0x001a8b04        0x0 c:/devkitpro/devkitarm/bin/../lib/gcc/arm-none-eabi/4.9.2/../../../../arm-none-eabi/lib/armv6k/fpu\libg.a(lib_a-sprintf.o)
 .text          0x001a8b04        0x0 c:/devkitpro/devkitarm/bin/../lib/gcc/arm-none-eabi/4.9.2/../../../../arm-none-eabi/lib/armv6k/fpu\libg.a(lib_a-stdio.o)
 .text          0x001a8b04        0x0 c:/devkitpro/devkitarm/bin/../lib/gcc/arm-none-eabi/4.9.2/../../../../arm-none-eabi/lib/armv6k/fpu\libg.a(lib_a-strchr.o)
 *fill*         0x001a8b04       0x1c 
 .text          0x001a8b20      0x3a0 c:/devkitpro/devkitarm/bin/../lib/gcc/arm-none-eabi/4.9.2/../../../../arm-none-eabi/lib/armv6k/fpu\libg.a(lib_a-strcmp.o)
                0x001a8b28                strcmp
 .text          0x001a8ec0        0x0 c:/devkitpro/devkitarm/bin/../lib/gcc/arm-none-eabi/4.9.2/../../../../arm-none-eabi/lib/armv6k/fpu\libg.a(lib_a-strcpy.o)
 .text          0x001a8ec0        0x0 c:/devkitpro/devkitarm/bin/../lib/gcc/arm-none-eabi/4.9.2/../../../../arm-none-eabi/lib/armv6k/fpu\libg.a(lib_a-strerror.o)
 .text          0x001a8ec0        0x0 c:/devkitpro/devkitarm/bin/../lib/gcc/arm-none-eabi/4.9.2/../../../../arm-none-eabi/lib/armv6k/fpu\libg.a(lib_a-strlen.o)
 .text          0x001a8ec0        0x0 c:/devkitpro/devkitarm/bin/../lib/gcc/arm-none-eabi/4.9.2/../../../../arm-none-eabi/lib/armv6k/fpu\libg.a(lib_a-strncat.o)
 .text          0x001a8ec0        0x0 c:/devkitpro/devkitarm/bin/../lib/gcc/arm-none-eabi/4.9.2/../../../../arm-none-eabi/lib/armv6k/fpu\libg.a(lib_a-strncmp.o)
 .text          0x001a8ec0        0x0 c:/devkitpro/devkitarm/bin/../lib/gcc/arm-none-eabi/4.9.2/../../../../arm-none-eabi/lib/armv6k/fpu\libg.a(lib_a-strncpy.o)
 .text          0x001a8ec0        0x0 c:/devkitpro/devkitarm/bin/../lib/gcc/arm-none-eabi/4.9.2/../../../../arm-none-eabi/lib/armv6k/fpu\libg.a(lib_a-strrchr.o)