Archive member included to satisfy reference by file (symbol)

c:/devkitPro/libctru/lib\libsfil.a(sfil_png.o)
                              main.o (sfil_load_PNG_buffer)
c:/devkitPro/portlibs/armv6k/lib\libpng.a(png.o)
                              c:/devkitPro/libctru/lib\libsfil.a(sfil_png.o) (png_set_sig_bytes)
c:/devkitPro/portlibs/armv6k/lib\libpng.a(pngerror.o)
                              c:/devkitPro/portlibs/armv6k/lib\libpng.a(png.o) (png_safecat)
c:/devkitPro/portlibs/armv6k/lib\libpng.a(pngget.o)
                              c:/devkitPro/libctru/lib\libsfil.a(sfil_png.o) (png_get_valid)
c:/devkitPro/portlibs/armv6k/lib\libpng.a(pngmem.o)
                              c:/devkitPro/portlibs/armv6k/lib\libpng.a(png.o) (png_calloc)
c:/devkitPro/portlibs/armv6k/lib\libpng.a(pngread.o)
                              c:/devkitPro/libctru/lib\libsfil.a(sfil_png.o) (png_create_read_struct)
c:/devkitPro/portlibs/armv6k/lib\libpng.a(pngrio.o)
                              c:/devkitPro/libctru/lib\libsfil.a(sfil_png.o) (png_set_read_fn)
c:/devkitPro/portlibs/armv6k/lib\libpng.a(pngrtran.o)
                              c:/devkitPro/portlibs/armv6k/lib\libpng.a(pngread.o) (png_set_background_fixed)
c:/devkitPro/portlibs/armv6k/lib\libpng.a(pngrutil.o)
                              c:/devkitPro/portlibs/armv6k/lib\libpng.a(pngread.o) (png_read_sig)
c:/devkitPro/portlibs/armv6k/lib\libpng.a(pngset.o)
                              c:/devkitPro/portlibs/armv6k/lib\libpng.a(pngrutil.o) (png_set_bKGD)
c:/devkitPro/portlibs/armv6k/lib\libpng.a(pngtrans.o)
                              c:/devkitPro/portlibs/armv6k/lib\libpng.a(pngread.o) (png_set_bgr)
c:/devkitPro/portlibs/armv6k/lib\libpng.a(pngwrite.o)
                              c:/devkitPro/portlibs/armv6k/lib\libpng.a(png.o) (png_destroy_write_struct)
c:/devkitPro/portlibs/armv6k/lib\libpng.a(pngwtran.o)
                              c:/devkitPro/portlibs/armv6k/lib\libpng.a(pngwrite.o) (png_do_write_transformations)
c:/devkitPro/portlibs/armv6k/lib\libpng.a(pngwutil.o)
                              c:/devkitPro/portlibs/armv6k/lib\libpng.a(png.o) (png_save_uint_32)
c:/devkitPro/portlibs/armv6k/lib\libpng.a(pngwio.o)
                              c:/devkitPro/portlibs/armv6k/lib\libpng.a(pngwutil.o) (png_write_data)
c:/devkitPro/libctru/lib\libsftd.a(sftd.o)
                              main.o (sftd_init)
c:/devkitPro/libctru/lib\libsftd.a(texture_atlas.o)
                              c:/devkitPro/libctru/lib\libsftd.a(sftd.o) (texture_atlas_create)
c:/devkitPro/libctru/lib\libsftd.a(bin_packing_2d.o)
                              c:/devkitPro/libctru/lib\libsftd.a(texture_atlas.o) (bp2d_create)
c:/devkitPro/libctru/lib\libsftd.a(int_htab.o)
                              c:/devkitPro/libctru/lib\libsftd.a(texture_atlas.o) (int_htab_create)
c:/devkitPro/portlibs/armv6k/lib\libfreetype.a(ftinit.o)
                              c:/devkitPro/libctru/lib\libsftd.a(sftd.o) (FT_Init_FreeType)
c:/devkitPro/portlibs/armv6k/lib\libfreetype.a(ftbase.o)
                              c:/devkitPro/libctru/lib\libsftd.a(sftd.o) (FT_Get_Kerning)
c:/devkitPro/portlibs/armv6k/lib\libfreetype.a(truetype.o)
                              c:/devkitPro/portlibs/armv6k/lib\libfreetype.a(ftinit.o) (tt_driver_class)
c:/devkitPro/portlibs/armv6k/lib\libfreetype.a(type1.o)
                              c:/devkitPro/portlibs/armv6k/lib\libfreetype.a(ftinit.o) (t1_driver_class)
c:/devkitPro/portlibs/armv6k/lib\libfreetype.a(cff.o)
                              c:/devkitPro/portlibs/armv6k/lib\libfreetype.a(ftinit.o) (cff_driver_class)
c:/devkitPro/portlibs/armv6k/lib\libfreetype.a(type1cid.o)
                              c:/devkitPro/portlibs/armv6k/lib\libfreetype.a(ftinit.o) (t1cid_driver_class)
c:/devkitPro/portlibs/armv6k/lib\libfreetype.a(pfr.o)
                              c:/devkitPro/portlibs/armv6k/lib\libfreetype.a(ftinit.o) (pfr_driver_class)
c:/devkitPro/portlibs/armv6k/lib\libfreetype.a(type42.o)
                              c:/devkitPro/portlibs/armv6k/lib\libfreetype.a(ftinit.o) (t42_driver_class)
c:/devkitPro/portlibs/armv6k/lib\libfreetype.a(winfnt.o)
                              c:/devkitPro/portlibs/armv6k/lib\libfreetype.a(ftinit.o) (winfnt_driver_class)
c:/devkitPro/portlibs/armv6k/lib\libfreetype.a(pcf.o)
                              c:/devkitPro/portlibs/armv6k/lib\libfreetype.a(ftinit.o) (pcf_driver_class)
c:/devkitPro/portlibs/armv6k/lib\libfreetype.a(bdf.o)
                              c:/devkitPro/portlibs/armv6k/lib\libfreetype.a(ftinit.o) (bdf_driver_class)
c:/devkitPro/portlibs/armv6k/lib\libfreetype.a(sfnt.o)
                              c:/devkitPro/portlibs/armv6k/lib\libfreetype.a(ftinit.o) (sfnt_module_class)
c:/devkitPro/portlibs/armv6k/lib\libfreetype.a(autofit.o)
                              c:/devkitPro/portlibs/armv6k/lib\libfreetype.a(ftinit.o) (autofit_module_class)
c:/devkitPro/portlibs/armv6k/lib\libfreetype.a(pshinter.o)
[...]
Memory Configuration

Name             Origin             Length             Attributes
*default*        0x00000000         0xffffffff

Linker script and memory map

                0x00100000                . = 0x100000
                0x00100000                __start__ = .

.text           0x00100000    0xd279c
 *(.crt0)
 .crt0          0x00100000       0x94 c:/devkitpro/devkitarm/bin/../lib/gcc/arm-none-eabi/4.9.2/../../../../arm-none-eabi/lib/armv6k/fpu/3dsx_crt0.o
                0x00100000                _start
                0x00100008                __service_ptr
                0x0010000c                __apt_appid
                0x00100010                __heap_size
                0x00100014                __linear_heap_size
                0x00100018                __system_arglist
                0x0010001c                __system_runflags
 *(.init)
 .init          0x00100094        0xc c:/devkitpro/devkitarm/bin/../lib/gcc/arm-none-eabi/4.9.2/armv6k/fpu/crti.o
                0x00100094                _init
 .init          0x001000a0        0xc c:/devkitpro/devkitarm/bin/../lib/gcc/arm-none-eabi/4.9.2/armv6k/fpu/crtn.o
                0x001000ac                . = ALIGN (0x4)
 *(.text)
 .text          0x001000ac        0x0 c:/devkitpro/devkitarm/bin/../lib/gcc/arm-none-eabi/4.9.2/../../../../arm-none-eabi/lib/armv6k/fpu/3dsx_crt0.o
 .text          0x001000ac        0x0 c:/devkitpro/devkitarm/bin/../lib/gcc/arm-none-eabi/4.9.2/armv6k/fpu/crti.o
 .text          0x001000ac      0x108 c:/devkitpro/devkitarm/bin/../lib/gcc/arm-none-eabi/4.9.2/armv6k/fpu/crtbegin.o
 .text          0x001001b4        0x0 eightbit.ttf.o
 .text          0x001001b4        0x0 friskBack.png.o
 .text          0x001001b4        0x0 friskFace.png.o
 .text          0x001001b4        0x0 friskLeft1.png.o
 .text          0x001001b4        0x0 friskLeft2.png.o
 .text          0x001001b4        0x0 friskRight1.png.o
 .text          0x001001b4        0x0 friskRight2.png.o
 .text          0x001001b4        0x0 torielHouse1.png.o
 .text          0x001001b4      0x10c main.o
                0x001001b4                render
 .text          0x001002c0      0x3e8 c:/devkitPro/libctru/lib\libsfil.a(sfil_png.o)
                0x001005c0                sfil_load_PNG_file
                0x0010065c                sfil_load_PNG_buffer
 .text          0x001006a8     0x6cc8 c:/devkitPro/portlibs/armv6k/lib\libpng.a(png.o)
                0x001006a8                png_zalloc
                0x00100700                png_zfree
                0x00101000                png_set_sig_bytes
                0x00101040                png_sig_cmp
                0x001010b0                png_reset_crc
                0x001010d0                png_calculate_crc
                0x00101124                png_user_version_check
                0x00101224                png_create_png_struct
                0x00101338                png_create_info_struct
                0x00101378                png_destroy_info_struct
                0x00101700                png_info_init_3
                0x00101758                png_data_freer
                0x001017a4                png_free_data
                0x001017b4                png_get_io_ptr
                0x001017c0                png_init_io
                0x001017cc                png_save_int_32
                0x001017d0                png_convert_to_rfc1123_buffer
                0x001019b4                png_convert_to_rfc1123
                0x00101ba8                png_get_copyright
                0x00101bb4                png_get_libpng_ver
                0x00101bc0                png_get_header_ver
                0x00101bcc                png_get_header_version
                0x00101bd8                png_build_grayscale_palette
                0x00101c38                png_handle_as_unknown
                0x00101cac                png_chunk_unknown_handling
                0x00101d3c                png_reset_zstream
                0x00101d54                png_access_version_number
                0x00101d60                png_zstream_error
                0x00101e44                png_colorspace_set_gamma
                0x00101fb0                png_colorspace_sync_info
                0x00102020                png_colorspace_sync
                0x001020a8                png_colorspace_set_sRGB
                0x0010232c                png_icc_check_length
                0x001024c4                png_icc_check_header
                0x00102820                png_icc_check_tag_table
                0x00102958                png_icc_set_sRGB
                0x00102bac                png_colorspace_set_ICC
                0x00102f84                png_colorspace_set_rgb_coefficients
                0x0010322c                png_check_IHDR
                0x001034e4                png_check_fp_number
                0x0010377c                png_check_fp_string
                0x00103a3c                png_ascii_from_fp
                0x00104368                png_ascii_from_fixed
                0x00104798                png_fixed
                0x00104820                png_muldiv
                0x001048d8                png_muldiv_warn
                0x00104994                png_reciprocal
                0x00104a20                png_colorspace_set_endpoints
                0x00105a20                png_colorspace_set_chromaticities
                0x001064f4                png_gamma_significant
                0x00106514                png_reciprocal2
                0x001065d0                png_gamma_8bit_correct
                0x00106658                png_gamma_16bit_correct
                0x001066ec                png_gamma_correct
                0x001067fc                png_destroy_gamma_table
                0x00106930                png_build_gamma_table
                0x0010726c                png_set_option
                0x001072cc                png_image_free
                0x00107308                png_image_error
 .text          0x00107370     0x1a6c c:/devkitPro/portlibs/armv6k/lib\libpng.a(pngerror.o)
                0x001075dc                png_safecat
                0x00107650                png_format_number
                0x001077bc                png_warning
                0x00107904                png_warning_parameter
                0x00107980                png_warning_parameter_unsigned
                0x00107a14                png_warning_parameter_signed
                0x00107ae0                png_formatted_warning
                0x00107db8                png_chunk_warning
                0x00107f64                png_free_jmpbuf
                0x00107ff4                png_longjmp
                0x00108020                png_error
                0x00108080                png_app_warning
                0x001081d8                png_app_error
                0x00108330                png_chunk_error
                0x0010835c                png_chunk_benign_error
                0x00108500                png_benign_error
                0x001087d0                png_fixed_error
                0x00108850                png_set_longjmp_fn
                0x00108934                png_chunk_report
                0x00108c0c                png_set_error_fn
                0x00108c20                png_get_error_ptr
                0x00108c2c                png_safe_error
                0x00108cd0                png_safe_warning
                0x00108d44                png_safe_execute
 *fill*         0x00108ddc        0x4 
 .text          0x00108de0     0x12d0 c:/devkitPro/portlibs/armv6k/lib\libpng.a(pngget.o)
                0x00108de0                png_get_valid
                0x00108dfc                png_get_rowbytes
                0x00108e14                png_get_rows
                0x00108e2c                png_get_image_width
                0x00108e44                png_get_image_height
                0x00108e5c                png_get_bit_depth
                0x00108e74                png_get_color_type
                0x00108e8c                png_get_filter_type
                0x00108ea4                png_get_interlace_type
                0x00108ebc                png_get_compression_type
                0x00108ed4                png_get_x_pixels_per_meter
                0x00108f08                png_get_y_pixels_per_meter
                0x00108f3c                png_get_pixels_per_meter
                0x00108f88                png_get_pixel_aspect_ratio
                0x00108fd0                png_get_pixel_aspect_ratio_fixed
                0x00109060                png_get_x_offset_microns
                0x00109094                png_get_y_offset_microns
                0x001090c8                png_get_x_offset_pixels
                0x001090fc                png_get_y_offset_pixels
                0x00109130                png_get_pixels_per_inch
                0x001091bc                png_get_x_pixels_per_inch
                0x00109238                png_get_y_pixels_per_inch
                0x001092b4                png_get_x_offset_inches_fixed
                0x00109304                png_get_y_offset_inches_fixed
                0x00109354                png_get_x_offset_inches
                0x001093a4                png_get_y_offset_inches
                0x001093f4                png_get_pHYs_dpi
                0x001094c0                png_get_channels
                0x001094d8                png_get_signature
                0x001094f0                png_get_bKGD
                0x0010952c                png_get_cHRM
                0x00109640                png_get_cHRM_XYZ
                0x00109770                png_get_cHRM_XYZ_fixed
                0x00109848                png_get_cHRM_fixed
                0x0010990c                png_get_gAMA_fixed
                0x00109944                png_get_gAMA
                0x00109998                png_get_sRGB
                0x001099d4                png_get_iCCP
                0x00109a78                png_get_sPLT
                0x00109aa8                png_get_hIST
                0x00109ae4                png_get_IHDR
                0x00109ba0                png_get_oFFs
                0x00109c0c                png_get_pCAL
                0x00109cdc                png_get_sCAL_fixed
                0x00109d64                png_get_sCAL
                0x00109dbc                png_get_sCAL_s
                0x00109e00                png_get_pHYs
                0x00109e60                png_get_PLTE
                0x00109ea4                png_get_sBIT
                0x00109ee0                png_get_text
                0x00109f28                png_get_tIME
                0x00109f64                png_get_tRNS
                0x00109ff4                png_get_unknown_chunks
                0x0010a024                png_get_rgb_to_gray_status
                0x0010a030                png_get_user_chunk_ptr
                0x0010a03c                png_get_compression_buffer_size
                0x0010a058                png_get_user_width_max
                0x0010a064                png_get_user_height_max
                0x0010a070                png_get_chunk_cache_max
                0x0010a07c                png_get_chunk_malloc_max
                0x0010a088                png_get_io_state
                0x0010a090                png_get_io_chunk_type
                0x0010a098                png_get_palette_max
 .text          0x0010a0b0      0x3ec c:/devkitPro/portlibs/armv6k/lib\libpng.a(pngmem.o)
                0x0010a0b0                png_destroy_png_struct
                0x0010a118                png_calloc
                0x0010a190                png_malloc_base
                0x0010a1c0                png_malloc_array
                0x0010a23c                png_realloc_array
                0x0010a344                png_malloc
                0x0010a3a0                png_malloc_default
                0x0010a3e0                png_malloc_warn
                0x0010a444                png_free
                0x0010a468                png_free_default
                0x0010a47c                png_set_mem_fn
                0x0010a490                png_get_mem_ptr
 .text          0x0010a49c     0x76f8 c:/devkitPro/portlibs/armv6k/lib\libpng.a(pngread.o)
                0x001100e8                png_create_read_struct
                0x00110140                png_create_read_struct_2
                0x0011019c                png_read_info
                0x001101ac                png_read_update_info
                0x001101f0                png_start_read_image
                0x00110214                png_read_row
                0x0011056c                png_read_rows
                0x00110960                png_read_image
                0x00110cfc                png_read_end
                0x0011118c                png_destroy_read_struct
                0x00111410                png_set_read_status_fn
                0x0011141c                png_read_png
                0x001116d4                png_image_begin_read_from_stdio
                0x00111884                png_image_begin_read_from_file
                0x0011194c                png_image_begin_read_from_memory
                0x001119e8                png_image_finish_read
 .text          0x00111b94       0xac c:/devkitPro/portlibs/armv6k/lib\libpng.a(pngrio.o)
                0x00111b94                png_default_read_data
                0x00111bd0                png_read_data
                0x00111bf0                png_set_read_fn
 .text          0x00111c40     0x5ff8 c:/devkitPro/portlibs/armv6k/lib\libpng.a(pngrtran.o)
                0x00112f8c                png_set_crc_action
                0x00113068                png_set_background_fixed
                0x00113120                png_set_background
                0x001131f8                png_set_scale_16
                0x00113230                png_set_strip_16
                0x00113268                png_set_strip_alpha
                0x001132a0                png_set_alpha_mode_fixed
                0x0011349c                png_set_alpha_mode
                0x0011374c                png_set_quantize
                0x00113ff4                png_set_gamma_fixed
                0x001140fc                png_set_gamma
                0x00114330                png_set_expand
                0x0011436c                png_set_palette_to_rgb
                0x001143a8                png_set_expand_gray_1_2_4_to_8
                0x001143e0                png_set_tRNS_to_alpha
                0x0011441c                png_set_expand_16
                0x00114458                png_set_gray_to_rgb
                0x00114490                png_set_rgb_to_gray_fixed
                0x001145e8                png_set_rgb_to_gray
                0x0011478c                png_set_read_user_transform_fn
                0x001147a0                png_init_read_transformations
                0x00115488                png_read_transform_info
                0x00115754                png_do_read_transformations
 .text          0x00117c38     0x5320 c:/devkitPro/portlibs/armv6k/lib\libpng.a(pngrutil.o)
                0x00118870                png_get_uint_31
                0x001188ac                png_get_uint_32
                0x001188d0                png_get_int_32
                0x00118908                png_get_uint_16
                0x0011891c                png_read_sig
                0x001189c8                png_read_chunk_header
                0x00118b38                png_crc_read
                0x00118b68                png_crc_finish
                0x00118ce8                png_crc_error
                0x00118d88                png_handle_IHDR
                0x00118f00                png_handle_PLTE
                0x00119150                png_handle_IEND
                0x001191a4                png_handle_gAMA
                0x00119288                png_handle_sBIT
                0x0011949c                png_handle_cHRM
                0x0011975c                png_handle_sRGB
                0x00119864                png_handle_iCCP
                0x00119e48                png_handle_sPLT
                0x0011a168                png_handle_tRNS
                0x0011a3a4                png_handle_bKGD
                0x0011a5d4                png_handle_hIST
                0x0011a70c                png_handle_pHYs
                0x0011a848                png_handle_oFFs
                0x0011a9e8                png_handle_pCAL
                0x0011ad98                png_handle_sCAL
                0x0011b020                png_handle_tIME
                0x0011b134                png_handle_tEXt
                0x0011b2f4                png_handle_zTXt
                0x0011b548                png_handle_iTXt
                0x0011b8b0                png_handle_unknown
                0x0011bc08                png_check_chunk_name
                0x0011bcd0                png_combine_row
                0x0011c1c0                png_do_read_interlace
                0x0011c64c                png_read_filter_row
                0x0011c6d4                png_read_IDAT_data
                0x0011ca50                png_read_finish_IDAT
                0x0011cac8                png_read_finish_row
                0x0011cc18                png_read_start_row
 .text          0x0011cf58     0x1eb8 c:/devkitPro/portlibs/armv6k/lib\libpng.a(pngset.o)
                0x0011d2b8                png_set_bKGD
                0x0011d304                png_set_cHRM_fixed
                0x0011d394                png_set_cHRM_XYZ_fixed
                0x0011d42c                png_set_cHRM
                0x0011d580                png_set_cHRM_XYZ
                0x0011d6f4                png_set_gAMA_fixed
                0x0011d724                png_set_gAMA
                0x0011d768                png_set_hIST
                0x0011d814                png_set_IHDR
                0x0011d8f0                png_set_oFFs
                0x0011d91c                png_set_pCAL
                0x0011db9c                png_set_sCAL_s
                0x0011dd00                png_set_sCAL
                0x0011decc                png_set_sCAL_fixed
                0x0011e07c                png_set_pHYs
                0x0011e0a8                png_set_PLTE
                0x0011e1dc                png_set_sBIT
                0x0011e220                png_set_sRGB
                0x0011e250                png_set_sRGB_gAMA_and_cHRM
                0x0011e290                png_set_iCCP
                0x0011e3e4                png_set_text
                0x0011e428                png_set_text_2
                0x0011e460                png_set_tIME
                0x0011e500                png_set_tRNS
                0x0011e640                png_set_sPLT
                0x0011e7b0                png_set_unknown_chunks
                0x0011e940                png_set_unknown_chunk_location
                0x0011e9ec                png_permit_mng_features
                0x0011ea00                png_set_keep_unknown_chunks
                0x0011ecb4                png_set_read_user_chunk_fn
                0x0011ecc4                png_set_rows
                0x0011ed20                png_set_compression_buffer_size
                0x0011eda4                png_set_invalid
                0x0011edbc                png_set_user_limits
                0x0011edcc                png_set_chunk_cache_max
                0x0011edd8                png_set_chunk_malloc_max
                0x0011ede4                png_set_benign_errors
                0x0011edfc                png_set_check_for_invalid_index
 .text          0x0011ee10      0xa8c c:/devkitPro/portlibs/armv6k/lib\libpng.a(pngtrans.o)
                0x0011ee10                png_set_bgr
                0x0011ee24                png_set_swap
                0x0011ee44                png_set_packing
                0x0011ee6c                png_set_packswap
                0x0011ee8c                png_set_shift
                0x0011eeb4                png_set_interlace_handling
                0x0011eee4                png_set_filler
                0x0011ef6c                png_set_add_alpha
                0x0011f014                png_set_swap_alpha
                0x0011f028                png_set_invert_alpha
                0x0011f03c                png_set_invert_mono
                0x0011f050                png_do_invert
                0x0011f240                png_do_swap
                0x0011f28c                png_do_packswap
                0x0011f2f8                png_do_strip_channel
                0x0011f524                png_do_bgr
                0x0011f660                png_do_check_palette_indexes
                0x0011f82c                png_set_user_transform_info
                0x0011f870                png_get_user_transform_ptr
                0x0011f87c                png_get_current_row_number
                0x0011f88c                png_get_current_pass_number
 .text          0x0011f89c     0x37ac c:/devkitPro/portlibs/armv6k/lib\libpng.a(pngwrite.o)
                0x0011feb0                png_write_info_before_PLTE
                0x001204f0                png_write_info
                0x00120500                png_write_end
                0x0012074c                png_convert_from_struct_tm
                0x0012078c                png_convert_from_time_t
                0x001207ec                png_create_write_struct
                0x00120878                png_create_write_struct_2
                0x00120908                png_write_rows
                0x00120cd8                png_write_image
                0x001210b8                png_write_row
                0x00121b60                png_set_flush
                0x00121b70                png_write_flush
                0x00121bb4                png_destroy_write_struct
                0x00121c64                png_set_filter
                0x00122600                png_set_filter_heuristics
                0x00122604                png_set_filter_heuristics_fixed
                0x00122608                png_set_compression_level
                0x00122614                png_set_compression_mem_level
                0x00122620                png_set_compression_strategy
                0x00122638                png_set_compression_window_bits
                0x0012268c                png_set_compression_method
                0x001226bc                png_set_text_compression_level
                0x001226c8                png_set_text_compression_mem_level
                0x001226d4                png_set_text_compression_strategy
                0x001226e0                png_set_text_compression_window_bits
                0x00122734                png_set_text_compression_method
                0x00122764                png_set_write_status_fn
                0x00122770                png_set_write_user_transform_fn
                0x00122788                png_write_png
                0x00122cb8                png_image_write_to_stdio
                0x00122f08                png_image_write_to_file
 .text          0x00123048      0x778 c:/devkitPro/portlibs/armv6k/lib\libpng.a(pngwtran.o)
                0x00123048                png_do_write_transformations
 .text          0x001237c0     0x40cc c:/devkitPro/portlibs/armv6k/lib\libpng.a(pngwutil.o)
                0x00124174                png_save_uint_32
                0x00124194                png_save_uint_16
                0x001241a4                png_write_sig
                0x00124200                png_write_chunk_start
                0x001242ac                png_write_chunk_data
                0x001242e8                png_write_chunk_end
                0x00124334                png_write_chunk
                0x00124460                png_free_buffer_list
                0x00124498                png_write_IHDR
                0x00124830                png_write_PLTE
                0x00124a00                png_compress_IDAT
                0x00124e3c                png_write_IEND
                0x00124f04                png_write_gAMA_fixed
                0x00125004                png_write_sRGB
                0x0012510c                png_write_iCCP
                0x00125374                png_write_sPLT
                0x001255c4                png_write_sBIT
                0x001256cc                png_write_cHRM_fixed
                0x00125820                png_write_tRNS
                0x001259f8                png_write_bKGD
                0x00125bf8                png_write_hIST
                0x00125d34                png_write_tEXt
                0x00125ee4                png_write_zTXt
                0x0012612c                png_write_iTXt
                0x001264f4                png_write_oFFs
                0x0012661c                png_write_pCAL
                0x0012692c                png_write_sCAL_s
                0x001269d0                png_write_pHYs
                0x00126b1c                png_write_tIME
                0x00126bb8                png_write_start_row
                0x00126d0c                png_write_finish_row
                0x00126e4c                png_do_write_interlace
                0x001270bc                png_write_find_filter
 .text          0x0012788c       0xd8 c:/devkitPro/portlibs/armv6k/lib\libpng.a(pngwio.o)
                0x0012788c                png_default_write_data
                0x001278c8                png_default_flush
                0x001278d8                png_write_data
                0x001278f8                png_flush
                0x00127908                png_set_write_fn
 .text          0x00127964     0x10ac c:/devkitPro/libctru/lib\libsftd.a(sftd.o)
                0x00127ad4                sftd_init
                0x00127b14                sftd_fini
                0x00127b58                sftd_load_font_file
                0x00127c38                sftd_load_font_mem
                0x00127cfc                sftd_free_font
                0x00127d4c                sftd_draw_text
                0x00127f74                sftd_draw_textf
                0x00127fd4                sftd_draw_wtext
                0x001281fc                sftd_draw_wtextf
                0x00128268                sftd_get_text_width
                0x00128410                sftd_draw_text_wrap
                0x001286f0                sftd_calc_bounding_box
                0x001289a8                sftd_draw_textf_wrap
 .text          0x00128a10      0x244 c:/devkitPro/libctru/lib\libsftd.a(texture_atlas.o)
                0x00128a10                texture_atlas_create
                0x00128a8c                texture_atlas_free
                0x00128ab8                texture_atlas_insert
                0x00128bd0                texture_atlas_exists
                0x00128be8                texture_atlas_get
 .text          0x00128c54      0x1c8 c:/devkitPro/libctru/lib\libsftd.a(bin_packing_2d.o)
                0x00128c54                bp2d_create
                0x00128ca0                bp2d_free
                0x00128cd4                bp2d_insert
 .text          0x00128e1c      0x33c c:/devkitPro/libctru/lib\libsftd.a(int_htab.o)
                0x00128e1c                int_htab_create
                0x00128e64                int_htab_free
                0x00128eb0                int_htab_insert
                0x00128f9c                int_htab_resize
                0x00129010                int_htab_find
                0x001290b0                int_htab_erase
 .text          0x00129158       0xc8 c:/devkitPro/portlibs/armv6k/lib\libfreetype.a(ftinit.o)
                0x00129158                FT_Add_Default_Modules
                0x00129188                FT_Init_FreeType
                0x001291f4                FT_Done_FreeType
 .text          0x00129220     0xd0bc c:/devkitPro/portlibs/armv6k/lib\libfreetype.a(ftbase.o)
                0x00129d4c                FT_RoundFix
                0x00129d60                FT_CeilFix
                0x00129d74                FT_FloorFix
                0x00129d80                FT_Hypot
                0x00129ea4                FT_MulDiv
                0x00129fa4                FT_MulDiv_No_Round
                0x0012a084                FT_MulFix
                0x0012a0a4                FT_DivFix
                0x0012a1b4                FT_Matrix_Multiply
                0x0012a2e4                FT_Matrix_Invert
                0x0012a3a8                FT_Matrix_Multiply_Scaled
                0x0012a4b0                FT_Vector_Transform_Scaled
                0x0012a708                FT_Vector_NormLen
                0x0012a8bc                ft_corner_orientation
                0x0012a9d0                ft_corner_is_flat
                0x0012aa60                FT_GlyphLoader_New
                0x0012aaa4                FT_GlyphLoader_Rewind
                0x0012aadc                FT_GlyphLoader_Reset
                0x0012b1ac                FT_GlyphLoader_Done
                0x0012b2b0                FT_GlyphLoader_CreateExtra
                0x0012b390                FT_GlyphLoader_CheckSubGlyphs
                0x0012b4bc                FT_GlyphLoader_Prepare
                0x0012b538                FT_GlyphLoader_Add
                0x0012b76c                ft_service_list_lookup
                0x0012b7cc                ft_validator_init
                0x0012b7e4                ft_validator_run
                0x0012b7ec                ft_validator_error
                0x0012b800                FT_Stream_New
                0x0012b918                FT_Stream_Free
                0x0012b95c                ft_glyphslot_free_bitmap
                0x0012b9c0                ft_glyphslot_set_bitmap
                0x0012ba18                ft_glyphslot_alloc_bitmap
                0x0012bac8                FT_New_GlyphSlot
                0x0012bc34                FT_Done_GlyphSlot
                0x0012bcc8                FT_Set_Transform
                0x0012bd7c                FT_Attach_File
                0x0012be7c                FT_Attach_Stream
                0x0012c010                FT_Reference_Face
                0x0012c030                FT_Done_Face
                0x0012c104                FT_New_Size
                0x0012c284                FT_Done_Size
                0x0012c3bc                FT_Match_Size
                0x0012c4ec                ft_synthesize_vertical_metrics
                0x0012c55c                FT_Select_Metrics
                0x0012c7f8                FT_Request_Metrics
                0x0012cb84                FT_Select_Size
                0x0012cbf0                FT_Request_Size
                0x0012cc80                FT_Set_Char_Size
                0x0012cd48                FT_Set_Pixel_Sizes
                0x0012ce1c                FT_Get_Kerning
                0x0012cf44                FT_Get_Track_Kerning
                0x0012cfc4                FT_Select_Charmap
                0x0012d0d4                FT_Set_Charmap
                0x0012d1bc                FT_Get_Charmap_Index
                0x0012d228                FT_Get_Char_Index
                0x0012d270                FT_Get_First_Char
                0x0012d334                FT_Get_Next_Char
                0x0012d3cc                FT_Face_GetCharVariantIndex
                0x0012d4dc                FT_Face_GetCharVariantIsDefault
                0x0012d5c4                FT_Face_GetVariantSelectors
                0x0012d6a4                FT_Face_GetVariantsOfChar
                0x0012d78c                FT_Face_GetCharsOfVariant
                0x0012d874                FT_Get_Name_Index
                0x0012d920                FT_Get_Glyph_Name
                0x0012da0c                FT_Get_Postscript_Name
                0x0012da94                FT_Get_Sfnt_Table
                0x0012db00                FT_Load_Sfnt_Table
                0x0012db84                FT_Sfnt_Table_Info
                0x0012dc10                FT_Get_CMap_Language_ID
                0x0012dc90                FT_Get_CMap_Format
                0x0012dd0c                FT_Activate_Size
                0x0012dd48                FT_Lookup_Renderer
                0x0012ddac                FT_Get_Renderer
                0x0012ddfc                FT_Set_Renderer
                0x0012defc                FT_Render_Glyph_Internal
                0x0012dff4                FT_Render_Glyph
                0x0012e024                FT_Get_Module
                0x0012e090                FT_Get_Module_Interface
                0x0012e100                ft_module_get_service
                0x0012e184                FT_Remove_Module
                0x0012e1a8                FT_Property_Set
                0x0012e29c                FT_Property_Get
                0x0012e390                FT_Reference_Library
                0x0012e3ac                FT_New_Library
                0x0012e428                FT_Library_Version
                0x0012e460                FT_Done_Library
                0x0012e62c                FT_Set_Debug_Hook
                0x0012e658                FT_Get_TrueType_Engine_Type
                0x0012e72c                FT_Get_SubGlyph_Info
                0x0012e7c0                FT_Outline_Decompose
                0x0012ebd0                FT_Outline_Check
                0x0012ec78                FT_Outline_Copy
                0x0012ed20                FT_Outline_Done_Internal
                0x0012edcc                FT_Outline_Done
                0x0012ee8c                FT_Outline_Get_CBox
                0x0012ef28                FT_Outline_Translate
                0x0012ef7c                FT_Outline_Reverse
                0x0012f048                FT_Outline_Render
                0x0012f118                FT_Outline_Get_Bitmap
                0x0012f1f4                FT_Vector_Transform
                0x0012f29c                FT_Outline_Transform
                0x0012fa38                FT_Load_Glyph
                0x0012fdf4                FT_Get_Advances
                0x0012fe6c                FT_Get_Advance
                0x0013016c                FT_Load_Char
                0x001301d0                FT_Outline_Get_Orientation
                0x0013031c                FT_Outline_EmboldenXY
                0x00130700                FT_Outline_Embolden
                0x00130708                FT_Raccess_Guess
                0x00130820                FT_Get_Sfnt_Name_Count
                0x00130844                FT_Stream_OpenMemory
                0x0013085c                FT_Stream_Close
                0x00130874                FT_Stream_Seek
                0x001308c0                FT_Stream_Skip
                0x00130924                FT_Stream_Pos
                0x0013092c                FT_Stream_Read
                0x001309b0                FT_Stream_ReadAt
                0x00130a30                FT_Stream_TryRead
                0x00130aa0                FT_Stream_ExtractFrame
                0x00130be0                FT_Stream_ReleaseFrame
                0x00130c20                FT_Stream_EnterFrame
                0x00130d40                FT_Stream_ExitFrame
                0x00130d84                FT_Stream_GetChar
                0x00130da8                FT_Stream_GetUShort
                0x00130dd8                FT_Stream_GetUShortLE
                0x00130e08                FT_Stream_GetUOffset
                0x00130e44                FT_Stream_GetULong
                0x00130e88                FT_Stream_GetULongLE
                0x00130ecc                FT_Stream_ReadChar
                0x00130f5c                FT_Stream_ReadUShort
                0x00130ff4                FT_Raccess_Get_HeaderInfo
                0x00131264                FT_Stream_ReadUShortLE
                0x001312fc                FT_Stream_ReadUOffset
                0x001313a0                FT_Stream_ReadULong
                0x00131f1c                FT_Stream_ReadULongLE
                0x00131fc8                FT_Stream_ReadFields
                0x0013223c                FT_Cos
                0x00132308                FT_Sin
                0x001323d4                FT_Tan
                0x001324ac                FT_Atan2
                0x00132514                FT_Vector_Unit
                0x001325fc                FT_Vector_Rotate
                0x00132844                FT_Vector_Length
                0x0013298c                FT_Vector_Polarize
                0x00132adc                FT_Vector_From_Polar
                0x00132d10                FT_Angle_Diff
                0x00132d4c                ft_mem_alloc
                0x00132dac                FT_Add_Module
                0x001330bc                ft_mem_qalloc
                0x00133100                ft_mem_realloc
                0x00133204                FT_GlyphLoader_CheckPoints
                0x0013342c                FT_CMap_Done
                0x00133560                FT_CMap_New
                0x001336cc                FT_Outline_New_Internal
                0x00133830                FT_Raccess_Get_DataOffsets
                0x00134784                FT_Open_Face
                0x001350ac                FT_New_Face
                0x001350ec                FT_New_Memory_Face
                0x0013584c                FT_Get_Sfnt_Name
                0x0013599c                FT_Outline_New
                0x00135ae0                FT_GlyphLoader_CopyPoints
                0x00135e48                ft_mem_qrealloc
                0x00135f68                ft_mem_free
                0x00135f78                ft_mem_dup
                0x00135fe8                ft_mem_strdup
                0x00136074                ft_mem_strcpyn
                0x001360d8                FT_List_Find
                0x0013611c                FT_List_Add
                0x00136150                FT_List_Insert
                0x00136184                FT_List_Remove
                0x001361b4                FT_List_Up
                0x001361f8                FT_List_Iterate
                0x0013624c                FT_List_Finalize
 .text          0x001362dc     0xc09c c:/devkitPro/portlibs/armv6k/lib\libfreetype.a(truetype.o)
                0x0013c858                TT_RunIns
                0x00140b90                TT_New_Context
 .text          0x00142378     0x5bfc c:/devkitPro/portlibs/armv6k/lib\libfreetype.a(type1.o)
 .text          0x00147f74     0xe128 c:/devkitPro/portlibs/armv6k/lib\libfreetype.a(cff.o)
 .text          0x0015609c     0x1c90 c:/devkitPro/portlibs/armv6k/lib\libfreetype.a(type1cid.o)
 .text          0x00157d2c     0x3318 c:/devkitPro/portlibs/armv6k/lib\libfreetype.a(pfr.o)
 .text          0x0015b044     0x1e58 c:/devkitPro/portlibs/armv6k/lib\libfreetype.a(type42.o)
 .text          0x0015ce9c     0x10e4 c:/devkitPro/portlibs/armv6k/lib\libfreetype.a(winfnt.o)
 .text          0x0015df80     0x21b0 c:/devkitPro/portlibs/armv6k/lib\libfreetype.a(pcf.o)
 .text          0x00160130     0x5210 c:/devkitPro/portlibs/armv6k/lib\libfreetype.a(bdf.o)
 .text          0x00165340     0xa014 c:/devkitPro/portlibs/armv6k/lib\libfreetype.a(sfnt.o)
 .text          0x0016f354     0x8d0c c:/devkitPro/portlibs/armv6k/lib\libfreetype.a(autofit.o)
                0x0017801c                af_get_coverage
                0x00178024                af_get_char_index
 .text          0x00178060     0x4408 c:/devkitPro/portlibs/armv6k/lib\libfreetype.a(pshinter.o)
                0x0017aff0                ps_hints_apply
 .text          0x0017c468      0xc64 c:/devkitPro/portlibs/armv6k/lib\libfreetype.a(raster.o)
 .text          0x0017d0cc     0x263c c:/devkitPro/portlibs/armv6k/lib\libfreetype.a(smooth.o)
 .text          0x0017f708     0x3c7c c:/devkitPro/portlibs/armv6k/lib\libfreetype.a(ftcache.o)
                0x0018167c                FTC_Manager_LookupSize
                0x001817d0                FTC_Manager_LookupFace
                0x00181898                FTC_Manager_New
                0x0018199c                FTC_Manager_Done
                0x00181b00                FTC_Manager_Reset
                0x00181c54                FTC_Manager_RemoveFaceID
                0x00181f08                FTC_Node_Unref
                0x00181f30                FTC_CMapCache_New
                0x0018202c                FTC_CMapCache_Lookup
                0x001822c4                FTC_ImageCache_New
                0x001823c0                FTC_ImageCache_Lookup
                0x001826dc                FTC_ImageCache_LookupScaler
                0x00182aa0                FTC_SBitCache_New
                0x00182b9c                FTC_SBitCache_Lookup
                0x00182f40                FTC_SBitCache_LookupScaler
 .text          0x00183384      0x9a4 c:/devkitPro/portlibs/armv6k/lib\libfreetype.a(ftgzip.o)
                0x00183694                FT_Stream_OpenGzip
                0x00183c20                FT_Gzip_Uncompress
 .text          0x00183d28     0x14a8 c:/devkitPro/portlibs/armv6k/lib\libfreetype.a(ftlzw.o)
                0x00183f50                FT_Stream_OpenLZW
                0x00184138                ft_lzwstate_reset
                0x00184164                ft_lzwstate_init
                0x001841d0                ft_lzwstate_done
                0x00184240                ft_lzwstate_io
 .text          0x001851d0     0x6bb4 c:/devkitPro/portlibs/armv6k/lib\libfreetype.a(psaux.o)
 .text          0x0018bd84      0xa78 c:/devkitPro/portlibs/armv6k/lib\libfreetype.a(psnames.o)
 .text          0x0018c7fc      0x194 c:/devkitPro/portlibs/armv6k/lib\libfreetype.a(ftsystem.o)
                0x0018c898                FT_Stream_Open
                0x0018c948                FT_New_Memory
                0x0018c98c                FT_Done_Memory
 .text          0x0018c990      0xf78 c:/devkitPro/portlibs/armv6k/lib\libfreetype.a(ftbitmap.o)
                0x0018c990                FT_Bitmap_Init
                0x0018c9c0                FT_Bitmap_New
                0x0018c9f0                FT_Bitmap_Copy
                0x0018cb9c                FT_Bitmap_Convert
                0x0018d0c0                FT_Bitmap_Embolden
                0x0018d7f8                FT_GlyphSlot_Own_Bitmap
                0x0018d8ac                FT_Bitmap_Done
 .text          0x0018d908      0x840 c:/devkitPro/portlibs/armv6k/lib\libfreetype.a(ftglyph.o)
                0x0018db20                FT_Glyph_Copy
                0x0018dc14                FT_Get_Glyph
                0x0018dd34                FT_Glyph_Transform
                0x0018dd98                FT_Glyph_Get_CBox
                0x0018de3c                FT_Done_Glyph
                0x0018de70                FT_Glyph_To_Bitmap
 .text          0x0018e148      0x5c0 c:/devkitPro/portlibs/armv6k/lib\libz.a(adler32.o)
                0x0018e148                adler32
                0x0018e590                adler32_combine
                0x0018e64c                adler32_combine64
 .text          0x0018e708      0x5d8 c:/devkitPro/portlibs/armv6k/lib\libz.a(crc32.o)
                0x0018e91c                get_crc_table
                0x0018e928                crc32
                0x0018ecd8                crc32_combine
                0x0018ecdc                crc32_combine64
 .text          0x0018ece0     0x40e0 c:/devkitPro/portlibs/armv6k/lib\libz.a(deflate.o)
                0x0019035c                deflateSetDictionary
                0x00190574                deflateResetKeep
                0x0019064c                deflateReset
                0x001907b4                deflateSetHeader
                0x001907e8                deflatePending
                0x00190834                deflatePrime
                0x001908dc                deflateTune
                0x00190914                deflateBound
                0x00190a28                deflate
                0x00192278                deflateParams
                0x00192394                deflateEnd
                0x001924b4                deflateInit2_
                0x0019287c                deflateInit_
                0x00192bbc                deflateCopy
 .text          0x00192dc0     0x2c58 c:/devkitPro/portlibs/armv6k/lib\libz.a(inflate.o)
                0x00192dc0                inflateResetKeep
                0x00192e50                inflateReset
                0x00192eec                inflateReset2
                0x0019300c                inflateInit2_
                0x00193194                inflateInit_
                0x001932f8                inflatePrime
                0x00193370                inflate
                0x0019520c                inflateEnd
                0x00195270                inflateGetDictionary
                0x00195308                inflateSetDictionary
                0x001954b0                inflateGetHeader
                0x001954ec                inflateSync
                0x001957a4                inflateSyncPoint
                0x001957e4                inflateCopy
                0x00195990                inflateUndermine
                0x001959c0                inflateMark
 .text          0x00195a18      0xbf4 c:/devkitPro/portlibs/armv6k/lib\libz.a(inftrees.o)
                0x00195a18                inflate_table
 .text          0x0019660c     0x257c c:/devkitPro/portlibs/armv6k/lib\libz.a(trees.o)
                0x00197b3c                _tr_init
                0x00197c08                _tr_stored_block
                0x00197d9c                _tr_flush_bits
                0x00197e38                _tr_align
                0x00197fbc                _tr_flush_block
                0x00198ad0                _tr_tally
 .text          0x00198b88       0x38 c:/devkitPro/portlibs/armv6k/lib\libz.a(zutil.o)
                0x00198b88                zlibVersion
                0x00198b94                zlibCompileFlags
                0x00198b9c                zError
                0x00198bb0                zcalloc
                0x00198bb8                zcfree
 .text          0x00198bc0      0xbe4 c:/devkitPro/portlibs/armv6k/lib\libz.a(inffast.o)
                0x00198bc0                inflate_fast
 .text          0x001997a4      0x75c c:/devkitPro/libctru/lib\libsf2d.a(sf2d.o)
                0x001999bc                sf2d_init
                0x001999e4                sf2d_init_advanced
                0x00199a04                sf2d_fini
                0x00199a68                sf2d_set_3D
                0x00199a74                sf2d_start_frame
                0x00199c04                sf2d_end_frame
                0x00199d1c                sf2d_swapbuffers
                0x00199dcc                sf2d_set_vblank_wait
                0x00199ddc                sf2d_get_fps
                0x00199dec                sf2d_pool_malloc
                0x00199e18                sf2d_pool_memalign
                0x00199e58                sf2d_pool_space_free
                0x00199e70                sf2d_pool_reset
                0x00199e84                sf2d_set_clear_color
                0x00199e94                sf2d_set_scissor_test
                0x00199ee0                sf2d_get_current_screen
                0x00199ef0                sf2d_get_current_side
 .text          0x00199f00      0x4b8 c:/devkitPro/libctru/lib\libsf2d.a(sf2d_private.o)
                0x00199f00                GPU_SetDummyTexEnv
                0x00199f34                vector_mult_matrix4x4
                0x00199fb8                matrix_gpu_set_uniform
                0x00199fc8                matrix_copy
                0x0019a004                matrix_identity4x4
                0x0019a050                matrix_mult4x4
                0x0019a0c4                matrix_set_z_rotation
                0x0019a138                matrix_rotate_z
                0x0019a198                matrix_set_scaling
                0x0019a1e4                matrix_swap_xy
                0x0019a284                matrix_init_orthographic
                0x0019a398                next_pow2
 .text          0x0019a3b8     0x2138 c:/devkitPro/libctru/lib\libsf2d.a(sf2d_texture.o)
                0x0019a4dc                sf2d_create_texture
                0x0019a6dc                sf2d_free_texture
                0x0019a72c                sf2d_fill_texture_from_RGBA8
                0x0019a7e4                sf2d_create_texture_mem_RGBA8
                0x0019a828                sf2d_bind_texture
                0x0019a8a0                sf2d_bind_texture_color
                0x0019a920                sf2d_bind_texture_parameters
                0x0019a998                sf2d_texture_set_params
                0x0019a9a0                sf2d_texture_get_params
                0x0019a9a8                sf2d_draw_texture
                0x0019aae8                sf2d_draw_texture_blend
                0x0019ac2c                sf2d_draw_texture_rotate_hotspot
                0x0019addc                sf2d_draw_texture_rotate_hotspot_blend
                0x0019af90                sf2d_draw_texture_rotate
                0x0019b154                sf2d_draw_texture_rotate_blend
                0x0019b31c                sf2d_draw_texture_part
                0x0019b498                sf2d_draw_texture_part_blend
                0x0019b618                sf2d_draw_texture_scale
                0x0019b780                sf2d_draw_texture_scale_blend
                0x0019b8ec                sf2d_draw_texture_part_scale
                0x0019ba40                sf2d_draw_texture_part_scale_blend
                0x0019bb98                sf2d_draw_texture_part_rotate_scale
                0x0019bdb0                sf2d_draw_texture_part_rotate_scale_blend
                0x0019bfcc                sf2d_draw_texture_depth
                0x0019c12c                sf2d_draw_texture_depth_blend
                0x0019c290                sf2d_draw_quad_uv
                0x0019c3bc                sf2d_set_pixel
                0x0019c450                sf2d_get_pixel
                0x0019c4e0                sf2d_texture_tile32
 .text          0x0019c4f0        0x0 c:/devkitPro/libctru/lib\libsf2d.a(shader.vsh.o)
 .text          0x0019c4f0      0x1d4 c:/devkitPro/libctru/lib\libctru.a(linear.o)
                0x0019c518                linearMemAlign
                0x0019c658                linearAlloc
                0x0019c660                linearRealloc
                0x0019c668                linearFree
                0x0019c6b8                linearSpaceFree
 .text          0x0019c6c4      0x35c c:/devkitPro/libctru/lib\libctru.a(mem_pool.o)
                0x0019c6c4                MemPool::CoalesceRight(MemBlock*)
                0x0019c764                MemPool::Allocate(MemChunk&, unsigned long, int)
                0x0019c8ec                MemPool::Deallocate(MemChunk const&)
                0x0019c9f0                MemPool::GetFreeSpace()
 .text          0x0019ca20      0x1c4 c:/devkitPro/libctru/lib\libctru.a(vram.o)
                0x0019ca48                vramMemAlign
                0x0019cb78                vramAlloc
                0x0019cb80                vramRealloc
                0x0019cb88                vramFree
                0x0019cbd8                vramSpaceFree
 .text          0x0019cbe4      0x748 c:/devkitPro/libctru/lib\libctru.a(gfx.o)
                0x0019cc70                gfxSet3D
                0x0019cc80                gfxSetScreenFormat
                0x0019cc98                gfxGetScreenFormat
                0x0019ccb0                gfxSetDoubleBuffering
                0x0019ccc4                gfxSetFramebufferInfo
                0x0019cd34                gfxWriteFramebufferInfo
                0x0019cdf8                gfxInit
                0x0019cfd8                gfxInitDefault
                0x0019cfe8                gfxExit
                0x0019d0d0                gfxGetFramebuffer
                0x0019d180                gfxFlushBuffers
                0x0019d25c                gfxSwapBuffers
                0x0019d2d0                gfxSwapBuffersGpu
 *fill*         0x0019d32c        0x4 
 .text          0x0019d330      0x550 c:/devkitPro/libctru/lib\libctru.a(os.o)
                0x0019d464                osConvertVirtToPhys
                0x0019d4b0                osConvertOldLINEARMemToNew
                0x0019d4d0                __libctru_gtod
                0x0019d5c4                osGetTime
                0x0019d638                osGetFirmVersion
                0x0019d64c                osGetKernelVersion
                0x0019d660                osStrError
                0x0019d680                osGetWifiStrength
                0x0019d690                __ctru_speedup_config
                0x0019d6c4                osSetSpeedupEnable
                0x0019d6d4                osGetSystemVersionData
                0x0019d804                osGetSystemVersionDataString
 .text          0x0019d880      0xa8c c:/devkitPro/libctru/lib\libctru.a(romfs_dev.o)
                0x0019e000                romfsInit
                0x0019e288                romfsInitFromFile
                0x0019e2b0                romfsExit
 .text          0x0019e30c      0x3b8 c:/devkitPro/libctru/lib\libctru.a(srv.o)
                0x0019e30c                __get_handle_from_list
                0x0019e3a4                __destroy_handle_list
                0x0019e3f8                srvExit
                0x0019e420                srvGetSessionHandle
                0x0019e42c                srvRegisterClient
                0x0019e464                srvInit
                0x0019e4cc                srvGetServiceHandle
                0x0019e54c                srvRegisterService
                0x0019e5a8                srvUnregisterService
                0x0019e5f4                srvPmInit
                0x0019e648                srvRegisterProcess
                0x0019e690                srvUnregisterProcess
 .text          0x0019e6c4     0x1a58 c:/devkitPro/libctru/lib\libctru.a(gpu.o)
                0x0019e744                GPU_Init
                0x0019e770                GPUCMD_SetBuffer
                0x0019e79c                GPUCMD_SetBufferOffset
                0x0019e7ac                GPUCMD_GetBuffer
                0x0019e7ec                GPUCMD_AddRawCommands
                0x0019e838                GPUCMD_Run
                0x0019e898                GPUCMD_FlushAndRun
                0x0019e90c                GPUCMD_Add
                0x0019e9f0                GPUCMD_Finalize
                0x0019ea88                GPU_Reset
                0x0019f268                GPU_SetFloatUniform
                0x0019f2e0                GPU_SetViewport
                0x0019f4d4                GPU_SetScissorTest
                0x0019f520                GPU_DepthMap
                0x0019f59c                GPU_SetAlphaTest
                0x0019f5d4                GPU_SetStencilTest
                0x0019f61c                GPU_SetStencilOp
                0x0019f650                GPU_SetDepthTestAndWriteMask
                0x0019f688                GPU_SetAlphaBlending
                0x0019f6f0                GPU_SetColorLogicOp
                0x0019f734                GPU_SetBlendingColor
                0x0019f770                GPU_SetTextureEnable
                0x0019f7bc                GPU_SetTexture
                0x0019f954                GPU_SetTextureBorderColor
                0x0019f9e8                GPU_SetAttributeBuffers
                0x0019fbe4                GPU_SetAttributeBuffersAddress
                0x0019fc10                GPU_SetFaceCulling
                0x0019fc3c                GPU_SetCombinerBufferWrite
                0x0019fc70                GPU_SetTexEnv
                0x0019fce8                GPU_DrawArray
                0x0019fe18                GPU_DrawElements
                0x0019ff4c                GPU_FinishDrawing
                0x0019ffa8                GPU_SetShaderOutmap
                0x0019fff0                GPU_SendShaderCode
                0x001a00a8                GPU_SendOperandDescriptors
 .text          0x001a011c        0x0 c:/devkitPro/libctru/lib\libctru.a(gpuResetSequence.o)
 .text          0x001a011c      0x7f4 c:/devkitPro/libctru/lib\libctru.a(shaderProgram.o)
                0x001a011c                shaderInstanceInit
                0x001a0324                shaderInstanceFree
                0x001a035c                shaderInstanceSetBool
                0x001a039c                shaderInstanceGetBool
                0x001a03e8                shaderInstanceGetUniformLocation
                0x001a0408                shaderProgramInit
                0x001a0420                shaderProgramFree
                0x001a0450                shaderProgramSetVsh
                0x001a04bc                shaderProgramSetGsh
                0x001a0530                shaderProgramUse
 .text          0x001a0910      0x348 c:/devkitPro/libctru/lib\libctru.a(shbin.o)
                0x001a0910                DVLB_Free
                0x001a094c                DVLE_GetUniformRegister
                0x001a09c8                DVLE_GenerateOutmap
                0x001a0ac0                DVLB_ParseFile
 .text          0x001a0c58     0x1e3c c:/devkitPro/libctru/lib\libctru.a(apt.o)
                0x001a0cbc                _aptDebug
                0x001a0cc0                aptInitCaptureInfo
                0x001a0d70                aptWaitStatusEvent
                0x001a0d98                aptHook
                0x001a0dd0                aptUnhook
                0x001a0dfc                aptGetStatus
                0x001a0e34                aptSetStatus
                0x001a0ea4                aptGetStatusPower
                0x001a0edc                aptSetStatusPower
                0x001a0f14                aptOpenSession
                0x001a0f38                aptCloseSession
                0x001a0f60                aptSignalReadyForSleep
                0x001a0f70                APT_GetLockHandle
                0x001a0fc0                APT_Initialize
                0x001a1028                APT_Finalize
                0x001a1064                APT_HardwareResetAsync
                0x001a1098                APT_Enable
                0x001a10d4                APT_GetAppletManInfo
                0x001a1154                aptGetMenuAppID
                0x001a1190                APT_GetAppletInfo
                0x001a1228                APT_GetAppletProgramInfo
                0x001a127c                APT_GetProgramID
                0x001a12ec                APT_IsRegistered
                0x001a133c                APT_InquireNotification
                0x001a138c                APT_PrepareToJumpToHomeMenu
                0x001a13c0                APT_JumpToHomeMenu
                0x001a1410                APT_PrepareToJumpToApplication
                0x001a144c                APT_JumpToApplication
                0x001a149c                APT_NotifyToWait
                0x001a14d8                APT_AppletUtility
                0x001a1560                aptAppletUtility_Exit_RetToApp
                0x001a1680                aptAppletClosed
                0x001a1790                aptInit
                0x001a1958                APT_GlanceParameter
                0x001a19cc                APT_ReceiveParameter
                0x001a1a40                APT_SendParameter
                0x001a1ab0                APT_SendCaptureBufferInfo
                0x001a1afc                aptReturnToMenu
                0x001a1cd0                APT_ReplySleepQuery
                0x001a1d10                APT_ReplySleepNotificationComplete
                0x001a1d4c                aptEventHandler
                0x001a2050                APT_PrepareToCloseApplication
                0x001a208c                APT_CloseApplication
                0x001a20e4                aptExit
                0x001a22d0                APT_SetAppCpuTimeLimit
                0x001a2314                APT_GetAppCpuTimeLimit
                0x001a2368                APT_CheckNew3DS_Application
                0x001a23c4                APT_CheckNew3DS_System
                0x001a2420                APT_CheckNew3DS
                0x001a2494                APT_PrepareToDoAppJump
                0x001a24e0                APT_DoAppJump
                0x001a2548                APT_PrepareToStartLibraryApplet
                0x001a2584                APT_StartLibraryApplet
                0x001a25e4                aptAppletStarted
                0x001a26e8                aptMainLoop
                0x001a2860                APT_LaunchLibraryApplet
                0x001a29f8                APT_PrepareToStartSystemApplet
                0x001a2a34                APT_StartSystemApplet
 .text          0x001a2a94      0x288 c:/devkitPro/libctru/lib\libctru.a(cfgu.o)
                0x001a2a94                initCfgu
                0x001a2ae8                exitCfgu
                0x001a2b08                CFGU_SecureInfoGetRegion
                0x001a2b40                CFGU_GenHashConsoleUnique
                0x001a2b98                CFGU_GetRegionCanadaUSA
                0x001a2bd0                CFGU_GetSystemModel
                0x001a2c08                CFGU_GetModelNintendo2DS
                0x001a2c40                CFGU_GetCountryCodeString
                0x001a2c80                CFGU_GetCountryCodeID
                0x001a2cc0                CFGU_GetConfigInfoBlk2
                0x001a2d08                CFGU_GetSystemLanguage
 .text          0x001a2d1c      0xb7c c:/devkitPro/libctru/lib\libctru.a(csnd.o)
                0x001a2d1c                CSND_AcquireCapUnit
                0x001a2d54                CSND_ReleaseCapUnit
                0x001a2d88                CSND_Reset
                0x001a2db4                csndInit
                0x001a2f1c                csndExit
                0x001a2fb0                csndAddCmd
                0x001a3070                csndWriteCmd
                0x001a30b0                csndExecCmds
                0x001a314c                CSND_SetPlayStateR
                0x001a316c                CSND_SetPlayState
                0x001a318c                CSND_SetEncoding
                0x001a31ac                CSND_SetBlock
                0x001a31dc                CSND_SetLooping
                0x001a31fc                CSND_SetBit7
                0x001a321c                CSND_SetInterp
                0x001a323c                CSND_SetDuty
                0x001a325c                CSND_SetTimer
                0x001a327c                CSND_SetVol
                0x001a32a4                CSND_SetAdpcmState
                0x001a32e0                CSND_SetAdpcmReload
                0x001a3300                CSND_SetChnRegs
                0x001a3340                CSND_SetChnRegsPSG
                0x001a3370                CSND_SetChnRegsNoise
                0x001a3398                CSND_CapEnable
                0x001a33b8                CSND_CapSetRepeat
                0x001a33e0                CSND_CapSetFormat
                0x001a3404                CSND_CapSetBit2
                0x001a3428                CSND_CapSetTimer
                0x001a344c                CSND_CapSetBuffer
                0x001a3478                CSND_SetCapRegs
                0x001a34ac                CSND_SetDspFlags
                0x001a34c8                CSND_UpdateInfo
                0x001a34e4                csndPlaySound
                0x001a3730                csndGetDspFlags
                0x001a3788                csndGetChnInfo
                0x001a37c8                csndGetCapInfo
                0x001a37f0                csndGetState
                0x001a3870                csndIsPlaying
 .text          0x001a3898      0xd4c c:/devkitPro/libctru/lib\libctru.a(fs.o)
                0x001a3898                FS_makePath
                0x001a38c4                fsExit
                0x001a38e8                fsGetSessionHandle
                0x001a38f4                FSUSER_Initialize
                0x001a3968                fsInit
                0x001a39d4                FSUSER_OpenFile
                0x001a3a80                FSUSER_OpenFileDirectly
                0x001a3b4c                FSUSER_DeleteFile
                0x001a3bd4                FSUSER_RenameFile
                0x001a3c98                FSUSER_DeleteDirectory
                0x001a3d20                FSUSER_DeleteDirectoryRecursively
                0x001a3da8                FSUSER_CreateFile
                0x001a3e40                FSUSER_CreateDirectory
                0x001a3ecc                FSUSER_RenameDirectory
                0x001a3f90                FSUSER_OpenDirectory
                0x001a4024                FSUSER_OpenArchive
                0x001a40ac                FSUSER_CloseArchive
                0x001a4104                FSUSER_GetSdmcArchiveResource
                0x001a4180                FSUSER_GetNandArchiveResource
                0x001a41fc                FSUSER_IsSdmcDetected
                0x001a4248                FSUSER_GetProductInfo
                0x001a42c0                FSUSER_GetMediaType
                0x001a430c                FSUSER_IsSdmcWritable
                0x001a4358                FSFILE_Close
                0x001a439c                FSFILE_Read
                0x001a43f8                FSFILE_Write
                0x001a445c                FSFILE_GetSize
                0x001a449c                FSFILE_SetSize
                0x001a44c8                FSFILE_GetAttributes
                0x001a4500                FSFILE_SetAttributes
                0x001a4528                FSFILE_Flush
                0x001a454c                FSDIR_Read
                0x001a45a0                FSDIR_Close
 .text          0x001a45e4      0x934 c:/devkitPro/libctru/lib\libctru.a(gsp.o)
                0x001a46c8                gspInit
                0x001a46dc                gspExit
                0x001a46f4                gspInitEventHandler
                0x001a47c0                gspExitEventHandler
                0x001a4818                gspWaitForEvent
                0x001a4870                GSPGPU_WriteHWRegs
                0x001a48e0                GSPGPU_WriteHWRegsWithMask
                0x001a496c                GSPGPU_ReadHWRegs
                0x001a49dc                GSPGPU_SetBufferSwap
                0x001a4a50                GSPGPU_FlushDataCache
                0x001a4aa4                GSPGPU_InvalidateDataCache
                0x001a4af8                GSPGPU_SetLcdForceBlack
                0x001a4b34                GSPGPU_TriggerCmdReqQueue
                0x001a4b68                GSPGPU_RegisterInterruptRelayQueue
                0x001a4bd4                GSPGPU_UnregisterInterruptRelayQueue
                0x001a4c08                GSPGPU_AcquireRight
                0x001a4c58                GSPGPU_ReleaseRight
                0x001a4c8c                GSPGPU_ImportDisplayCaptureInfo
                0x001a4d10                GSPGPU_SaveVramSysArea
                0x001a4d44                GSPGPU_RestoreVramSysArea
                0x001a4d78                GSPGPU_SubmitGxCommand
                0x001a4e84                gspLcdInit
                0x001a4e98                gspLcdExit
                0x001a4eb0                GSPLCD_PowerOffBacklight
                0x001a4ee4                GSPLCD_PowerOnBacklight
 .text          0x001a4f18      0x264 c:/devkitPro/libctru/lib\libctru.a(gx.o)
                0x001a4f18                GX_RequestDma
                0x001a4f6c                GX_SetCommandList_Last
                0x001a4fd4                GX_SetMemoryFill
                0x001a5048                GX_SetDisplayTransfer
                0x001a50ac                GX_SetTextureCopy
                0x001a5114                GX_SetCommandList_First
 .text          0x001a517c      0x754 c:/devkitPro/libctru/lib\libctru.a(hid.o)
                0x001a517c                hidExit
                0x001a524c                hidWaitForEvent
                0x001a52a4                hidCheckSectionUpdateTime
                0x001a52e0                hidScanInput
                0x001a5528                hidKeysHeld
                0x001a5538                hidKeysDown
                0x001a5548                hidKeysUp
                0x001a5558                hidTouchRead
                0x001a5570                hidCircleRead
                0x001a5588                hidAccelRead
                0x001a55a8                hidGyroRead
                0x001a55c8                HIDUSER_GetHandles
                0x001a5658                hidInit
                0x001a57ac                HIDUSER_EnableAccelerometer
                0x001a57d8                HIDUSER_DisableAccelerometer
                0x001a5804                HIDUSER_EnableGyroscope
                0x001a5830                HIDUSER_DisableGyroscope
                0x001a585c                HIDUSER_GetGyroscopeRawToDpsCoefficient
                0x001a5898                HIDUSER_GetSoundVolume
 .text          0x001a58d0      0x3c0 c:/devkitPro/libctru/lib\libctru.a(irrst.o)
                0x001a58d0                irrstWaitForEvent
                0x001a591c                irrstCheckSectionUpdateTime
                0x001a5958                irrstScanInput
                0x001a5a0c                irrstKeysHeld
                0x001a5a24                irrstCstickRead
                0x001a5a3c                IRRST_GetHandles
                0x001a5a8c                IRRST_Initialize
                0x001a5ac4                irrstInit
                0x001a5bc4                IRRST_Shutdown
                0x001a5bf0                irrstExit
 .text          0x001a5c90      0x1bc c:/devkitPro/libctru/lib\libctru.a(ptm.o)
                0x001a5c90                ptmInit
                0x001a5ca4                ptmExit
                0x001a5cb4                ptmSysmInit
                0x001a5cc8                ptmSysmExit
                0x001a5cd8                PTMU_GetShellState
                0x001a5d18                PTMU_GetBatteryLevel
                0x001a5d58                PTMU_GetBatteryChargeState
                0x001a5d98                PTMU_GetPedometerState
                0x001a5dd8                PTMU_GetTotalStepCount
                0x001a5e18                PTMSYSM_ConfigureNew3DSCPU
 .text          0x001a5e4c       0x70 c:/devkitPro/libctru/lib\libctru.a(rbtree_find.o)
                0x001a5e4c                rbtree_find
 .text          0x001a5ebc       0x14 c:/devkitPro/libctru/lib\libctru.a(rbtree_init.o)
                0x001a5ebc                rbtree_init
 .text          0x001a5ed0      0x1f4 c:/devkitPro/libctru/lib\libctru.a(rbtree_insert.o)
                0x001a60b4                rbtree_insert
                0x001a60bc                rbtree_insert_multi
 .text          0x001a60c4      0x340 c:/devkitPro/libctru/lib\libctru.a(rbtree_remove.o)
                0x001a60c4                rbtree_remove
 .text          0x001a6404       0xac c:/devkitPro/libctru/lib\libctru.a(rbtree_rotate.o)
                0x001a6404                rbtree_rotate
 .text          0x001a64b0       0xb8 c:/devkitPro/libctru/lib\libctru.a(utf8_to_utf16.o)
                0x001a64b0                utf8_to_utf16
 .text          0x001a6568       0xa4 c:/devkitPro/libctru/lib\libctru.a(allocateHeaps.o)
                0x001a6568                __system_allocateHeaps
 .text          0x001a660c       0xf4 c:/devkitPro/libctru/lib\libctru.a(initArgv.o)
                0x001a660c                __system_initArgv
 .text          0x001a6700       0x4c c:/devkitPro/libctru/lib\libctru.a(initSystem.o)
                0x001a6700                __libctru_init
 *fill*         0x001a674c        0x4 
 .text          0x001a6750      0x460 c:/devkitPro/libctru/lib\libctru.a(svc.o)
                0x001a6750                svcControlMemory
                0x001a6770                svcQueryMemory
                0x001a67a0                svcExitProcess
                0x001a67a8                svcCreateThread
                0x001a67c8                svcExitThread
                0x001a67d0                svcSleepThread
                0x001a67d8                svcGetThreadPriority
                0x001a67ec                svcSetThreadPriority
                0x001a67f4                svcGetThreadAffinityMask
                0x001a67fc                svcSetThreadAffinityMask
                0x001a6804                svcGetThreadIdealProcessor
                0x001a6818                svcSetThreadIdealProcessor
                0x001a6820                svcGetProcessorID
                0x001a6828                svcCreateMutex
                0x001a683c                svcReleaseMutex
                0x001a6844                svcCreateSemaphore
                0x001a6858                svcReleaseSemaphore
                0x001a686c                svcCreateEvent
                0x001a6880                svcSignalEvent
                0x001a6888                svcClearEvent
                0x001a6890                svcCreateTimer
                0x001a68a4                svcSetTimer
                0x001a68ac                svcCancelTimer
                0x001a68b4                svcClearTimer
                0x001a68bc                svcCreateMemoryBlock
                0x001a68d4                svcMapMemoryBlock
                0x001a68dc                svcUnmapMemoryBlock
                0x001a68e4                svcCreateAddressArbiter
                0x001a68f8                svcArbitrateAddress
                0x001a6918                svcCloseHandle
                0x001a6920                svcWaitSynchronization
                0x001a6928                svcWaitSynchronizationN
                0x001a6950                svcDuplicateHandle
                0x001a6964                svcGetSystemTick
                0x001a696c                svcGetSystemInfo
                0x001a6984                svcGetProcessInfo
                0x001a699c                svcGetThreadInfo
                0x001a69b4                svcConnectToPort
                0x001a69c8                svcSendSyncRequest
                0x001a69d0                svcOpenProcess
                0x001a69e4                svcOpenThread
                0x001a69f8                svcGetProcessId
                0x001a6a0c                svcGetProcessIdOfThread
                0x001a6a20                svcGetThreadId
                0x001a6a34                svcBreak
                0x001a6a3c                svcOutputDebugString
                0x001a6a44                svcCreatePort
                0x001a6a64                svcAcceptSession
                0x001a6a7c                svcReplyAndReceive
                0x001a6a94                svcInvalidateProcessDataCache
                0x001a6a9c                svcFlushProcessDataCache
                0x001a6aa4                svcStartInterProcessDma
                0x001a6ac4                svcStopDma
                0x001a6acc                svcGetDmaState
                0x001a6ae0                svcDebugActiveProcess
                0x001a6af4                svcBreakDebugProcess
                0x001a6afc                svcTerminateDebugProcess
                0x001a6b04                svcGetProcessDebugEvent
                0x001a6b0c                svcContinueDebugEvent
                0x001a6b14                svcGetProcessList
                0x001a6b34                svcReadProcessMemory
                0x001a6b3c                svcWriteProcessMemory
                0x001a6b44                svcControlProcessMemory
                0x001a6b5c                svcMapProcessMemory
                0x001a6b64                svcUnmapProcessMemory
                0x001a6b6c                svcTerminateProcess
                0x001a6b74                svcBackdoor
                0x001a6b7c                svcKernelSetState
                0x001a6b84                svcQueryProcessMemory
 .text          0x001a6bb0       0x64 c:/devkitPro/libctru/lib\libctru.a(stack_adjust.o)
                0x001a6bb0                initSystem
                0x001a6bf4                __ctru_exit
 .text          0x001a6c14      0x178 c:/devkitPro/libctru/lib\libctru.a(mappable.o)
                0x001a6c3c                mappableAlloc
                0x001a6d30                mappableFree
                0x001a6d80                mappableSpaceFree
 .text          0x001a6d8c      0x118 c:/devkitPro/libctru/lib\libctru.a(rbtree_iterator.o)
                0x001a6d8c                rbtree_node_next
                0x001a6e18                rbtree_node_prev
 .text          0x001a6ea4      0x138 c:/devkitPro/libctru/lib\libctru.a(decode_utf8.o)
                0x001a6ea4                decode_utf8
 .text          0x001a6fdc       0x68 c:/devkitPro/libctru/lib\libctru.a(encode_utf16.o)
                0x001a6fdc                encode_utf16
 .text          0x001a7044       0x1c c:/devkitPro/libctru/lib\libctru.a(appExit.o)
                0x001a7044                __appExit
 .text          0x001a7060       0x1c c:/devkitPro/libctru/lib\libctru.a(appInit.o)
                0x001a7060                __appInit
 .text          0x001a707c       0x90 c:/devkitPro/libctru/lib\libctru.a(ctru_exit.o)
                0x001a707c                __libctru_exit
 .text          0x001a710c      0xffc c:/devkitPro/libctru/lib\libctru.a(sdmc_dev.o)
                0x001a7f88                sdmcInit
                0x001a80b8                sdmcExit
 .text          0x001a8108       0xe8 c:/devkitPro/libctru/lib\libctru.a(utf16_to_utf8.o)
                0x001a8108                utf16_to_utf8
 .text          0x001a81f0       0x60 c:/devkitPro/libctru/lib\libctru.a(decode_utf16.o)
                0x001a81f0                decode_utf16
 .text          0x001a8250      0x104 c:/devkitPro/libctru/lib\libctru.a(encode_utf8.o)
                0x001a8250                encode_utf8
 .text          0x001a8354        0x0 c:/devkitpro/devkitarm/bin/../lib/gcc/arm-none-eabi/4.9.2/../../../../arm-none-eabi/lib/armv6k/fpu\libm.a(lib_a-sf_cos.o)
 .text          0x001a8354        0x0 c:/devkitpro/devkitarm/bin/../lib/gcc/arm-none-eabi/4.9.2/../../../../arm-none-eabi/lib/armv6k/fpu\libm.a(lib_a-s_floor.o)
 .text          0x001a8354        0x0 c:/devkitpro/devkitarm/bin/../lib/gcc/arm-none-eabi/4.9.2/../../../../arm-none-eabi/lib/armv6k/fpu\libm.a(lib_a-s_frexp.o)
 .text          0x001a8354        0x0 c:/devkitpro/devkitarm/bin/../lib/gcc/arm-none-eabi/4.9.2/../../../../arm-none-eabi/lib/armv6k/fpu\libm.a(lib_a-sf_sin.o)
 .text          0x001a8354        0x0 c:/devkitpro/devkitarm/bin/../lib/gcc/arm-none-eabi/4.9.2/../../../../arm-none-eabi/lib/armv6k/fpu\libm.a(lib_a-s_modf.o)
 .text          0x001a8354        0x0 c:/devkitpro/devkitarm/bin/../lib/gcc/arm-none-eabi/4.9.2/../../../../arm-none-eabi/lib/armv6k/fpu\libm.a(lib_a-w_pow.o)
 .text          0x001a8354        0x0 c:/devkitpro/devkitarm/bin/../lib/gcc/arm-none-eabi/4.9.2/../../../../arm-none-eabi/lib/armv6k/fpu\libm.a(lib_a-ef_rem_pio2.o)
 .text          0x001a8354        0x0 c:/devkitpro/devkitarm/bin/../lib/gcc/arm-none-eabi/4.9.2/../../../../arm-none-eabi/lib/armv6k/fpu\libm.a(lib_a-e_pow.o)
 .text          0x001a8354        0x0 c:/devkitpro/devkitarm/bin/../lib/gcc/arm-none-eabi/4.9.2/../../../../arm-none-eabi/lib/armv6k/fpu\libm.a(lib_a-e_sqrt.o)
 .text          0x001a8354        0x0 c:/devkitpro/devkitarm/bin/../lib/gcc/arm-none-eabi/4.9.2/../../../../arm-none-eabi/lib/armv6k/fpu\libm.a(lib_a-kf_cos.o)
 .text          0x001a8354        0x0 c:/devkitpro/devkitarm/bin/../lib/gcc/arm-none-eabi/4.9.2/../../../../arm-none-eabi/lib/armv6k/fpu\libm.a(lib_a-kf_rem_pio2.o)
 .text          0x001a8354        0x0 c:/devkitpro/devkitarm/bin/../lib/gcc/arm-none-eabi/4.9.2/../../../../arm-none-eabi/lib/armv6k/fpu\libm.a(lib_a-kf_sin.o)
 .text          0x001a8354        0x0 c:/devkitpro/devkitarm/bin/../lib/gcc/arm-none-eabi/4.9.2/../../../../arm-none-eabi/lib/armv6k/fpu\libm.a(lib_a-s_fabs.o)
 .text          0x001a8354        0x0 c:/devkitpro/devkitarm/bin/../lib/gcc/arm-none-eabi/4.9.2/../../../../arm-none-eabi/lib/armv6k/fpu\libm.a(lib_a-sf_fabs.o)
 .text          0x001a8354        0x0 c:/devkitpro/devkitarm/bin/../lib/gcc/arm-none-eabi/4.9.2/../../../../arm-none-eabi/lib/armv6k/fpu\libm.a(lib_a-sf_floor.o)
 .text          0x001a8354        0x0 c:/devkitpro/devkitarm/bin/../lib/gcc/arm-none-eabi/4.9.2/../../../../arm-none-eabi/lib/armv6k/fpu\libm.a(lib_a-s_finite.o)
 .text          0x001a8354        0x0 c:/devkitpro/devkitarm/bin/../lib/gcc/arm-none-eabi/4.9.2/../../../../arm-none-eabi/lib/armv6k/fpu\libm.a(lib_a-s_fpclassify.o)
 .text          0x001a8354        0x0 c:/devkitpro/devkitarm/bin/../lib/gcc/arm-none-eabi/4.9.2/../../../../arm-none-eabi/lib/armv6k/fpu\libm.a(lib_a-sf_scalbn.o)
 .text          0x001a8354        0x0 c:/devkitpro/devkitarm/bin/../lib/gcc/arm-none-eabi/4.9.2/../../../../arm-none-eabi/lib/armv6k/fpu\libm.a(lib_a-s_lib_ver.o)
 .text          0x001a8354        0x0 c:/devkitpro/devkitarm/bin/../lib/gcc/arm-none-eabi/4.9.2/../../../../arm-none-eabi/lib/armv6k/fpu\libm.a(lib_a-s_matherr.o)
 .text          0x001a8354        0x0 c:/devkitpro/devkitarm/bin/../lib/gcc/arm-none-eabi/4.9.2/../../../../arm-none-eabi/lib/armv6k/fpu\libm.a(lib_a-s_nan.o)
 .text          0x001a8354        0x0 c:/devkitpro/devkitarm/bin/../lib/gcc/arm-none-eabi/4.9.2/../../../../arm-none-eabi/lib/armv6k/fpu\libm.a(lib_a-s_rint.o)
 .text          0x001a8354        0x0 c:/devkitpro/devkitarm/bin/../lib/gcc/arm-none-eabi/4.9.2/../../../../arm-none-eabi/lib/armv6k/fpu\libm.a(lib_a-s_scalbn.o)
 .text          0x001a8354        0x0 c:/devkitpro/devkitarm/bin/../lib/gcc/arm-none-eabi/4.9.2/../../../../arm-none-eabi/lib/armv6k/fpu\libm.a(lib_a-s_copysign.o)
 .text          0x001a8354        0x0 c:/devkitpro/devkitarm/bin/../lib/gcc/arm-none-eabi/4.9.2/../../../../arm-none-eabi/lib/armv6k/fpu\libm.a(lib_a-sf_copysign.o)
 .text          0x001a8354      0x20c c:/devkitpro/devkitarm/bin/../lib/gcc/arm-none-eabi/4.9.2/armv6k/fpu\libgcc.a(_udivsi3.o)
                0x001a8354                __aeabi_uidiv
                0x001a8354                __udivsi3
                0x001a8540                __aeabi_uidivmod
 .text          0x001a8560      0x240 c:/devkitpro/devkitarm/bin/../lib/gcc/arm-none-eabi/4.9.2/armv6k/fpu\libgcc.a(_divsi3.o)
                0x001a8560                __divsi3
                0x001a8560                __aeabi_idiv
                0x001a8780                __aeabi_idivmod
 .text          0x001a87a0        0x4 c:/devkitpro/devkitarm/bin/../lib/gcc/arm-none-eabi/4.9.2/armv6k/fpu\libgcc.a(_dvmd_tls.o)
                0x001a87a0                __aeabi_idiv0
                0x001a87a0                __aeabi_ldiv0
 .text          0x001a87a4      0x250 c:/devkitpro/devkitarm/bin/../lib/gcc/arm-none-eabi/4.9.2/armv6k/fpu\libgcc.a(_arm_addsubsf3.o)
                0x001a87a4                __aeabi_frsub
                0x001a87ac                __subsf3
                0x001a87ac                __aeabi_fsub
                0x001a87b0                __aeabi_fadd
                0x001a87b0                __addsf3
                0x001a8940                __aeabi_ui2f
                0x001a8940                __floatunsisf
                0x001a8948                __aeabi_i2f
                0x001a8948                __floatsisf
                0x001a8968                __aeabi_ul2f
                0x001a8968                __floatundisf
                0x001a8978                __aeabi_l2f
                0x001a8978                __floatdisf
 .text          0x001a89f4       0x44 c:/devkitpro/devkitarm/bin/../lib/gcc/arm-none-eabi/4.9.2/armv6k/fpu\libgcc.a(_popcountsi2.o)
                0x001a89f4                __popcountsi2
 .text          0x001a8a38        0x0 c:/devkitpro/devkitarm/bin/../lib/gcc/arm-none-eabi/4.9.2/../../../../arm-none-eabi/lib/armv6k/fpu\libg.a(lib_a-abort.o)
 .text          0x001a8a38        0x0 c:/devkitpro/devkitarm/bin/../lib/gcc/arm-none-eabi/4.9.2/../../../../arm-none-eabi/lib/armv6k/fpu\libg.a(lib_a-atof.o)
 .text          0x001a8a38        0x0 c:/devkitpro/devkitarm/bin/../lib/gcc/arm-none-eabi/4.9.2/../../../../arm-none-eabi/lib/armv6k/fpu\libg.a(lib_a-atol.o)
 .text          0x001a8a38        0x0 c:/devkitpro/devkitarm/bin/../lib/gcc/arm-none-eabi/4.9.2/../../../../arm-none-eabi/lib/armv6k/fpu\libg.a(lib_a-bsearch.o)
 .text          0x001a8a38        0x0 c:/devkitpro/devkitarm/bin/../lib/gcc/arm-none-eabi/4.9.2/../../../../arm-none-eabi/lib/armv6k/fpu\libg.a(lib_a-errno.o)
 .text          0x001a8a38        0x0 c:/devkitpro/devkitarm/bin/../lib/gcc/arm-none-eabi/4.9.2/../../../../arm-none-eabi/lib/armv6k/fpu\libg.a(lib_a-fclose.o)
 .text          0x001a8a38        0x0 c:/devkitpro/devkitarm/bin/../lib/gcc/arm-none-eabi/4.9.2/../../../../arm-none-eabi/lib/armv6k/fpu\libg.a(lib_a-fflush.o)
 .text          0x001a8a38        0x0 c:/devkitpro/devkitarm/bin/../lib/gcc/arm-none-eabi/4.9.2/../../../../arm-none-eabi/lib/armv6k/fpu\libg.a(lib_a-findfp.o)
 .text          0x001a8a38        0x0 c:/devkitpro/devkitarm/bin/../lib/gcc/arm-none-eabi/4.9.2/../../../../arm-none-eabi/lib/armv6k/fpu\libg.a(lib_a-fini.o)
 .text          0x001a8a38        0x0 c:/devkitpro/devkitarm/bin/../lib/gcc/arm-none-eabi/4.9.2/../../../../arm-none-eabi/lib/armv6k/fpu\libg.a(lib_a-fopen.o)
 .text          0x001a8a38        0x0 c:/devkitpro/devkitarm/bin/../lib/gcc/arm-none-eabi/4.9.2/../../../../arm-none-eabi/lib/armv6k/fpu\libg.a(lib_a-fprintf.o)
 .text          0x001a8a38        0x0 c:/devkitpro/devkitarm/bin/../lib/gcc/arm-none-eabi/4.9.2/../../../../arm-none-eabi/lib/armv6k/fpu\libg.a(lib_a-fputc.o)
 .text          0x001a8a38        0x0 c:/devkitpro/devkitarm/bin/../lib/gcc/arm-none-eabi/4.9.2/../../../../arm-none-eabi/lib/armv6k/fpu\libg.a(lib_a-fread.o)
 .text          0x001a8a38        0x0 c:/devkitpro/devkitarm/bin/../lib/gcc/arm-none-eabi/4.9.2/../../../../arm-none-eabi/lib/armv6k/fpu\libg.a(lib_a-freer.o)
 .text          0x001a8a38        0x0 c:/devkitpro/devkitarm/bin/../lib/gcc/arm-none-eabi/4.9.2/../../../../arm-none-eabi/lib/armv6k/fpu\libg.a(lib_a-fseek.o)
 .text          0x001a8a38        0x0 c:/devkitpro/devkitarm/bin/../lib/gcc/arm-none-eabi/4.9.2/../../../../arm-none-eabi/lib/armv6k/fpu\libg.a(lib_a-fseeko.o)
 .text          0x001a8a38        0x0 c:/devkitpro/devkitarm/bin/../lib/gcc/arm-none-eabi/4.9.2/../../../../arm-none-eabi/lib/armv6k/fpu\libg.a(lib_a-ftell.o)
 .text          0x001a8a38        0x0 c:/devkitpro/devkitarm/bin/../lib/gcc/arm-none-eabi/4.9.2/../../../../arm-none-eabi/lib/armv6k/fpu\libg.a(lib_a-ftello.o)
 .text          0x001a8a38        0x0 c:/devkitpro/devkitarm/bin/../lib/gcc/arm-none-eabi/4.9.2/../../../../arm-none-eabi/lib/armv6k/fpu\libg.a(lib_a-fwalk.o)
 .text          0x001a8a38        0x0 c:/devkitpro/devkitarm/bin/../lib/gcc/arm-none-eabi/4.9.2/../../../../arm-none-eabi/lib/armv6k/fpu\libg.a(lib_a-fwrite.o)
 .text          0x001a8a38        0x0 c:/devkitpro/devkitarm/bin/../lib/gcc/arm-none-eabi/4.9.2/../../../../arm-none-eabi/lib/armv6k/fpu\libg.a(lib_a-gmtime.o)
 .text          0x001a8a38        0x0 c:/devkitpro/devkitarm/bin/../lib/gcc/arm-none-eabi/4.9.2/../../../../arm-none-eabi/lib/armv6k/fpu\libg.a(lib_a-gmtime_r.o)
 .text          0x001a8a38        0x0 c:/devkitpro/devkitarm/bin/../lib/gcc/arm-none-eabi/4.9.2/../../../../arm-none-eabi/lib/armv6k/fpu\libg.a(lib_a-impure.o)
 .text          0x001a8a38        0x0 c:/devkitpro/devkitarm/bin/../lib/gcc/arm-none-eabi/4.9.2/../../../../arm-none-eabi/lib/armv6k/fpu\libg.a(lib_a-init.o)
 .text          0x001a8a38        0x0 c:/devkitpro/devkitarm/bin/../lib/gcc/arm-none-eabi/4.9.2/../../../../arm-none-eabi/lib/armv6k/fpu\libg.a(lib_a-makebuf.o)
 .text          0x001a8a38        0x0 c:/devkitpro/devkitarm/bin/../lib/gcc/arm-none-eabi/4.9.2/../../../../arm-none-eabi/lib/armv6k/fpu\libg.a(lib_a-malloc.o)
 .text          0x001a8a38        0x0 c:/devkitpro/devkitarm/bin/../lib/gcc/arm-none-eabi/4.9.2/../../../../arm-none-eabi/lib/armv6k/fpu\libg.a(lib_a-mallocr.o)
 .text          0x001a8a38        0x0 c:/devkitpro/devkitarm/bin/../lib/gcc/arm-none-eabi/4.9.2/../../../../arm-none-eabi/lib/armv6k/fpu\libg.a(lib_a-memchr.o)
 .text          0x001a8a38        0x0 c:/devkitpro/devkitarm/bin/../lib/gcc/arm-none-eabi/4.9.2/../../../../arm-none-eabi/lib/armv6k/fpu\libg.a(lib_a-memcmp.o)
 .text          0x001a8a38        0x0 c:/devkitpro/devkitarm/bin/../lib/gcc/arm-none-eabi/4.9.2/../../../../arm-none-eabi/lib/armv6k/fpu\libg.a(lib_a-memcpy.o)
 .text          0x001a8a38        0x0 c:/devkitpro/devkitarm/bin/../lib/gcc/arm-none-eabi/4.9.2/../../../../arm-none-eabi/lib/armv6k/fpu\libg.a(lib_a-memmove.o)
 .text          0x001a8a38        0x0 c:/devkitpro/devkitarm/bin/../lib/gcc/arm-none-eabi/4.9.2/../../../../arm-none-eabi/lib/armv6k/fpu\libg.a(lib_a-memset.o)
 .text          0x001a8a38        0x0 c:/devkitpro/devkitarm/bin/../lib/gcc/arm-none-eabi/4.9.2/../../../../arm-none-eabi/lib/armv6k/fpu\libg.a(lib_a-mlock.o)
 .text          0x001a8a38        0x0 c:/devkitpro/devkitarm/bin/../lib/gcc/arm-none-eabi/4.9.2/../../../../arm-none-eabi/lib/armv6k/fpu\libg.a(lib_a-month_lengths.o)
 .text          0x001a8a38        0x0 c:/devkitpro/devkitarm/bin/../lib/gcc/arm-none-eabi/4.9.2/../../../../arm-none-eabi/lib/armv6k/fpu\libg.a(lib_a-putc.o)
 .text          0x001a8a38        0x0 c:/devkitpro/devkitarm/bin/../lib/gcc/arm-none-eabi/4.9.2/../../../../arm-none-eabi/lib/armv6k/fpu\libg.a(lib_a-qsort.o)
 .text          0x001a8a38        0x0 c:/devkitpro/devkitarm/bin/../lib/gcc/arm-none-eabi/4.9.2/../../../../arm-none-eabi/lib/armv6k/fpu\libg.a(lib_a-realloc.o)
 .text          0x001a8a38        0x0 c:/devkitpro/devkitarm/bin/../lib/gcc/arm-none-eabi/4.9.2/../../../../arm-none-eabi/lib/armv6k/fpu\libg.a(lib_a-reallocr.o)
 .text          0x001a8a38        0x0 c:/devkitpro/devkitarm/bin/../lib/gcc/arm-none-eabi/4.9.2/../../../../arm-none-eabi/lib/armv6k/fpu\libg.a(lib_a-refill.o)
 .text          0x001a8a38        0x0 c:/devkitpro/devkitarm/bin/../lib/gcc/arm-none-eabi/4.9.2/../../../../arm-none-eabi/lib/armv6k/fpu\libg.a(lib_a-remove.o)
 .text          0x001a8a38       0x2c c:/devkitpro/devkitarm/bin/../lib/gcc/arm-none-eabi/4.9.2/../../../../arm-none-eabi/lib/armv6k/fpu\libg.a(lib_a-setjmp.o)
                0x001a8a38                setjmp
                0x001a8a4c                longjmp
 .text          0x001a8a64        0x0 c:/devkitpro/devkitarm/bin/../lib/gcc/arm-none-eabi/4.9.2/../../../../arm-none-eabi/lib/armv6k/fpu\libg.a(lib_a-signal.o)
 .text          0x001a8a64        0x0 c:/devkitpro/devkitarm/bin/../lib/gcc/arm-none-eabi/4.9.2/../../../../arm-none-eabi/lib/armv6k/fpu\libg.a(lib_a-snprintf.o)
 .text          0x001a8a64        0x0 c:/devkitpro/devkitarm/bin/../lib/gcc/arm-none-eabi/4.9.2/../../../../arm-none-eabi/lib/armv6k/fpu\libg.a(lib_a-sprintf.o)
 .text          0x001a8a64        0x0 c:/devkitpro/devkitarm/bin/../lib/gcc/arm-none-eabi/4.9.2/../../../../arm-none-eabi/lib/armv6k/fpu\libg.a(lib_a-stdio.o)
 .text          0x001a8a64        0x0 c:/devkitpro/devkitarm/bin/../lib/gcc/arm-none-eabi/4.9.2/../../../../arm-none-eabi/lib/armv6k/fpu\libg.a(lib_a-strchr.o)
 *fill*         0x001a8a64       0x1c 
 .text          0x001a8a80      0x3a0 c:/devkitpro/devkitarm/bin/../lib/gcc/arm-none-eabi/4.9.2/../../../../arm-none-eabi/lib/armv6k/fpu\libg.a(lib_a-strcmp.o)
                0x001a8a88                strcmp
 .text          0x001a8e20        0x0 c:/devkitpro/devkitarm/bin/../lib/gcc/arm-none-eabi/4.9.2/../../../../arm-none-eabi/lib/armv6k/fpu\libg.a(lib_a-strcpy.o)
 .text          0x001a8e20        0x0 c:/devkitpro/devkitarm/bin/../lib/gcc/arm-none-eabi/4.9.2/../../../../arm-none-eabi/lib/armv6k/fpu\libg.a(lib_a-strerror.o)
 .text          0x001a8e20        0x0 c:/devkitpro/devkitarm/bin/../lib/gcc/arm-none-eabi/4.9.2/../../../../arm-none-eabi/lib/armv6k/fpu\libg.a(lib_a-strlen.o)
 .text          0x001a8e20        0x0 c:/devkitpro/devkitarm/bin/../lib/gcc/arm-none-eabi/4.9.2/../../../../arm-none-eabi/lib/armv6k/fpu\libg.a(lib_a-strncat.o)
 .text          0x001a8e20        0x0 c:/devkitpro/devkitarm/bin/../lib/gcc/arm-none-eabi/4.9.2/../../../../arm-none-eabi/lib/armv6k/fpu\libg.a(lib_a-strncmp.o)
 .text          0x001a8e20        0x0 c:/devkitpro/devkitarm/bin/../lib/gcc/arm-none-eabi/4.9.2/../../../../arm-none-eabi/lib/armv6k/fpu\libg.a(lib_a-strncpy.o)
 .text          0x001a8e20        0x0 c:/devkitpro/devkitarm/bin/../lib/gcc/arm-none-eabi/4.9.2/../../../../arm-none-eabi/lib/armv6k/fpu\libg.a(lib_a-strrchr.o)
 .text          0x001a8e20        0x0 c:/devkitpro/devkitarm/bin/../lib/gcc/arm-none-eabi/4.9.2/../../../../arm-none-eabi/lib/armv6k/fpu\libg.a(lib_a-strstr.o)
 .text          0x001a8e20        0x0 c:/devkitpro/devkitarm/bin/../lib/gcc/arm-none-eabi/4.9.2/../../../../arm-none-eabi/lib/armv6k/fpu\libg.a(lib_a-strtod.o)
 .text          0x001a8e20        0x0 c:/devkitpro/devkitarm/bin/../lib/gcc/arm-none-eabi/4.9.2/../../../../arm-none-eabi/lib/armv6k/fpu\libg.a(lib_a-strtok.o)
 .text          0x001a8e20        0x0 c:/devkitpro/devkitarm/bin/../lib/gcc/arm-none-eabi/4.9.2/../../../../arm-none-eabi/lib/armv6k/fpu\libg.a(lib_a-strtok_r.o)
 .text          0x001a8e20        0x0 c:/devkitpro/devkitarm/bin/../lib/gcc/arm-none-eabi/4.9.2/../../../../arm-none-eabi/lib/armv6k/fpu\libg.a(lib_a-strtol.o)