Archive member included to satisfy reference by file (symbol)

c:/devkitPro/libctru/lib\libsfil.a(sfil_png.o)
                              main.o (sfil_load_PNG_buffer)
c:/devkitPro/portlibs/armv6k/lib\libpng.a(png.o)
                              c:/devkitPro/libctru/lib\libsfil.a(sfil_png.o) (png_set_sig_bytes)
c:/devkitPro/portlibs/armv6k/lib\libpng.a(pngerror.o)
                              c:/devkitPro/portlibs/armv6k/lib\libpng.a(png.o) (png_safecat)
c:/devkitPro/portlibs/armv6k/lib\libpng.a(pngget.o)
                              c:/devkitPro/libctru/lib\libsfil.a(sfil_png.o) (png_get_valid)
c:/devkitPro/portlibs/armv6k/lib\libpng.a(pngmem.o)
                              c:/devkitPro/portlibs/armv6k/lib\libpng.a(png.o) (png_calloc)
c:/devkitPro/portlibs/armv6k/lib\libpng.a(pngread.o)
                              c:/devkitPro/libctru/lib\libsfil.a(sfil_png.o) (png_create_read_struct)
c:/devkitPro/portlibs/armv6k/lib\libpng.a(pngrio.o)
                              c:/devkitPro/libctru/lib\libsfil.a(sfil_png.o) (png_set_read_fn)
c:/devkitPro/portlibs/armv6k/lib\libpng.a(pngrtran.o)
                              c:/devkitPro/portlibs/armv6k/lib\libpng.a(pngread.o) (png_set_background_fixed)
c:/devkitPro/portlibs/armv6k/lib\libpng.a(pngrutil.o)
                              c:/devkitPro/portlibs/armv6k/lib\libpng.a(pngread.o) (png_read_sig)
c:/devkitPro/portlibs/armv6k/lib\libpng.a(pngset.o)
                              c:/devkitPro/portlibs/armv6k/lib\libpng.a(pngrutil.o) (png_set_bKGD)
c:/devkitPro/portlibs/armv6k/lib\libpng.a(pngtrans.o)
                              c:/devkitPro/portlibs/armv6k/lib\libpng.a(pngread.o) (png_set_bgr)
c:/devkitPro/portlibs/armv6k/lib\libpng.a(pngwrite.o)
                              c:/devkitPro/portlibs/armv6k/lib\libpng.a(png.o) (png_destroy_write_struct)
c:/devkitPro/portlibs/armv6k/lib\libpng.a(pngwtran.o)
                              c:/devkitPro/portlibs/armv6k/lib\libpng.a(pngwrite.o) (png_do_write_transformations)
c:/devkitPro/portlibs/armv6k/lib\libpng.a(pngwutil.o)
                              c:/devkitPro/portlibs/armv6k/lib\libpng.a(png.o) (png_save_uint_32)
c:/devkitPro/portlibs/armv6k/lib\libpng.a(pngwio.o)
                              c:/devkitPro/portlibs/armv6k/lib\libpng.a(pngwutil.o) (png_write_data)
c:/devkitPro/libctru/lib\libsftd.a(sftd.o)
                              main.o (sftd_init)
c:/devkitPro/libctru/lib\libsftd.a(texture_atlas.o)
                              c:/devkitPro/libctru/lib\libsftd.a(sftd.o) (texture_atlas_create)
c:/devkitPro/libctru/lib\libsftd.a(bin_packing_2d.o)
                              c:/devkitPro/libctru/lib\libsftd.a(texture_atlas.o) (bp2d_create)
c:/devkitPro/libctru/lib\libsftd.a(int_htab.o)
                              c:/devkitPro/libctru/lib\libsftd.a(texture_atlas.o) (int_htab_create)
c:/devkitPro/portlibs/armv6k/lib\libfreetype.a(ftinit.o)
                              c:/devkitPro/libctru/lib\libsftd.a(sftd.o) (FT_Init_FreeType)
c:/devkitPro/portlibs/armv6k/lib\libfreetype.a(ftbase.o)
                              c:/devkitPro/libctru/lib\libsftd.a(sftd.o) (FT_Get_Kerning)
c:/devkitPro/portlibs/armv6k/lib\libfreetype.a(truetype.o)
                              c:/devkitPro/portlibs/armv6k/lib\libfreetype.a(ftinit.o) (tt_driver_class)
c:/devkitPro/portlibs/armv6k/lib\libfreetype.a(type1.o)
                              c:/devkitPro/portlibs/armv6k/lib\libfreetype.a(ftinit.o) (t1_driver_class)
c:/devkitPro/portlibs/armv6k/lib\libfreetype.a(cff.o)
                              c:/devkitPro/portlibs/armv6k/lib\libfreetype.a(ftinit.o) (cff_driver_class)
c:/devkitPro/portlibs/armv6k/lib\libfreetype.a(type1cid.o)
                              c:/devkitPro/portlibs/armv6k/lib\libfreetype.a(ftinit.o) (t1cid_driver_class)
c:/devkitPro/portlibs/armv6k/lib\libfreetype.a(pfr.o)
                              c:/devkitPro/portlibs/armv6k/lib\libfreetype.a(ftinit.o) (pfr_driver_class)
c:/devkitPro/portlibs/armv6k/lib\libfreetype.a(type42.o)
                              c:/devkitPro/portlibs/armv6k/lib\libfreetype.a(ftinit.o) (t42_driver_class)
c:/devkitPro/portlibs/armv6k/lib\libfreetype.a(winfnt.o)
                              c:/devkitPro/portlibs/armv6k/lib\libfreetype.a(ftinit.o) (winfnt_driver_class)
c:/devkitPro/portlibs/armv6k/lib\libfreetype.a(pcf.o)
                              c:/devkitPro/portlibs/armv6k/lib\libfreetype.a(ftinit.o) (pcf_driver_class)
c:/devkitPro/portlibs/armv6k/lib\libfreetype.a(bdf.o)
                              c:/devkitPro/portlibs/armv6k/lib\libfreetype.a(ftinit.o) (bdf_driver_class)
c:/devkitPro/portlibs/armv6k/lib\libfreetype.a(sfnt.o)
                              c:/devkitPro/portlibs/armv6k/lib\libfreetype.a(ftinit.o) (sfnt_module_class)
c:/devkitPro/portlibs/armv6k/lib\libfreetype.a(autofit.o)
                              c:/devkitPro/portlibs/armv6k/lib\libfreetype.a(ftinit.o) (autofit_module_class)
c:/devkitPro/portlibs/armv6k/lib\libfreetype.a(pshinter.o)
[...]
Memory Configuration

Name             Origin             Length             Attributes
*default*        0x00000000         0xffffffff

Linker script and memory map

                0x00100000                . = 0x100000
                0x00100000                __start__ = .

.text           0x00100000    0xd2e5c
 *(.crt0)
 .crt0          0x00100000       0x94 c:/devkitpro/devkitarm/bin/../lib/gcc/arm-none-eabi/4.9.2/../../../../arm-none-eabi/lib/armv6k/fpu/3dsx_crt0.o
                0x00100000                _start
                0x00100008                __service_ptr
                0x0010000c                __apt_appid
                0x00100010                __heap_size
                0x00100014                __linear_heap_size
                0x00100018                __system_arglist
                0x0010001c                __system_runflags
 *(.init)
 .init          0x00100094        0xc c:/devkitpro/devkitarm/bin/../lib/gcc/arm-none-eabi/4.9.2/armv6k/fpu/crti.o
                0x00100094                _init
 .init          0x001000a0        0xc c:/devkitpro/devkitarm/bin/../lib/gcc/arm-none-eabi/4.9.2/armv6k/fpu/crtn.o
                0x001000ac                . = ALIGN (0x4)
 *(.text)
 .text          0x001000ac        0x0 c:/devkitpro/devkitarm/bin/../lib/gcc/arm-none-eabi/4.9.2/../../../../arm-none-eabi/lib/armv6k/fpu/3dsx_crt0.o
 .text          0x001000ac        0x0 c:/devkitpro/devkitarm/bin/../lib/gcc/arm-none-eabi/4.9.2/armv6k/fpu/crti.o
 .text          0x001000ac      0x108 c:/devkitpro/devkitarm/bin/../lib/gcc/arm-none-eabi/4.9.2/armv6k/fpu/crtbegin.o
 .text          0x001001b4        0x0 eightbit.ttf.o
 .text          0x001001b4        0x0 friskBack0.png.o
 .text          0x001001b4        0x0 friskBack1.png.o
 .text          0x001001b4        0x0 friskBack2.png.o
 .text          0x001001b4        0x0 friskBack3.png.o
 .text          0x001001b4        0x0 friskFace0.png.o
 .text          0x001001b4        0x0 friskFace1.png.o
 .text          0x001001b4        0x0 friskFace2.png.o
 .text          0x001001b4        0x0 friskFace3.png.o
 .text          0x001001b4        0x0 friskLeft0.png.o
 .text          0x001001b4        0x0 friskLeft1.png.o
 .text          0x001001b4        0x0 friskRight0.png.o
 .text          0x001001b4        0x0 friskRight1.png.o
 .text          0x001001b4        0x0 torielHouse-old.png.o
 .text          0x001001b4        0x0 torielHouse1.png.o
 .text          0x001001b4        0x0 torielHouse2.png.o
 .text          0x001001b4        0x0 torielHouse3.png.o
 .text          0x001001b4        0x0 torielHouse4.png.o
 .text          0x001001b4        0x0 torielHouse5.png.o
 .text          0x001001b4        0x0 torielHouse6.png.o
 *fill*         0x001001b4        0x4 
 .text          0x001001b8      0x1f0 main.o
                0x001001b8                render
                0x00100344                timerStep
 .text          0x001003a8      0x3e8 c:/devkitPro/libctru/lib\libsfil.a(sfil_png.o)
                0x001006a8                sfil_load_PNG_file
                0x00100744                sfil_load_PNG_buffer
 .text          0x00100790     0x6cc8 c:/devkitPro/portlibs/armv6k/lib\libpng.a(png.o)
                0x00100790                png_zalloc
                0x001007e8                png_zfree
                0x001010e8                png_set_sig_bytes
                0x00101128                png_sig_cmp
                0x00101198                png_reset_crc
                0x001011b8                png_calculate_crc
                0x0010120c                png_user_version_check
                0x0010130c                png_create_png_struct
                0x00101420                png_create_info_struct
                0x00101460                png_destroy_info_struct
                0x001017e8                png_info_init_3
                0x00101840                png_data_freer
                0x0010188c                png_free_data
                0x0010189c                png_get_io_ptr
                0x001018a8                png_init_io
                0x001018b4                png_save_int_32
                0x001018b8                png_convert_to_rfc1123_buffer
                0x00101a9c                png_convert_to_rfc1123
                0x00101c90                png_get_copyright
                0x00101c9c                png_get_libpng_ver
                0x00101ca8                png_get_header_ver
                0x00101cb4                png_get_header_version
                0x00101cc0                png_build_grayscale_palette
                0x00101d20                png_handle_as_unknown
                0x00101d94                png_chunk_unknown_handling
                0x00101e24                png_reset_zstream
                0x00101e3c                png_access_version_number
                0x00101e48                png_zstream_error
                0x00101f2c                png_colorspace_set_gamma
                0x00102098                png_colorspace_sync_info
                0x00102108                png_colorspace_sync
                0x00102190                png_colorspace_set_sRGB
                0x00102414                png_icc_check_length
                0x001025ac                png_icc_check_header
                0x00102908                png_icc_check_tag_table
                0x00102a40                png_icc_set_sRGB
                0x00102c94                png_colorspace_set_ICC
                0x0010306c                png_colorspace_set_rgb_coefficients
                0x00103314                png_check_IHDR
                0x001035cc                png_check_fp_number
                0x00103864                png_check_fp_string
                0x00103b24                png_ascii_from_fp
                0x00104450                png_ascii_from_fixed
                0x00104880                png_fixed
                0x00104908                png_muldiv
                0x001049c0                png_muldiv_warn
                0x00104a7c                png_reciprocal
                0x00104b08                png_colorspace_set_endpoints
                0x00105b08                png_colorspace_set_chromaticities
                0x001065dc                png_gamma_significant
                0x001065fc                png_reciprocal2
                0x001066b8                png_gamma_8bit_correct
                0x00106740                png_gamma_16bit_correct
                0x001067d4                png_gamma_correct
                0x001068e4                png_destroy_gamma_table
                0x00106a18                png_build_gamma_table
                0x00107354                png_set_option
                0x001073b4                png_image_free
                0x001073f0                png_image_error
 .text          0x00107458     0x1a6c c:/devkitPro/portlibs/armv6k/lib\libpng.a(pngerror.o)
                0x001076c4                png_safecat
                0x00107738                png_format_number
                0x001078a4                png_warning
                0x001079ec                png_warning_parameter
                0x00107a68                png_warning_parameter_unsigned
                0x00107afc                png_warning_parameter_signed
                0x00107bc8                png_formatted_warning
                0x00107ea0                png_chunk_warning
                0x0010804c                png_free_jmpbuf
                0x001080dc                png_longjmp
                0x00108108                png_error
                0x00108168                png_app_warning
                0x001082c0                png_app_error
                0x00108418                png_chunk_error
                0x00108444                png_chunk_benign_error
                0x001085e8                png_benign_error
                0x001088b8                png_fixed_error
                0x00108938                png_set_longjmp_fn
                0x00108a1c                png_chunk_report
                0x00108cf4                png_set_error_fn
                0x00108d08                png_get_error_ptr
                0x00108d14                png_safe_error
                0x00108db8                png_safe_warning
                0x00108e2c                png_safe_execute
 *fill*         0x00108ec4        0x4 
 .text          0x00108ec8     0x12d0 c:/devkitPro/portlibs/armv6k/lib\libpng.a(pngget.o)
                0x00108ec8                png_get_valid
                0x00108ee4                png_get_rowbytes
                0x00108efc                png_get_rows
                0x00108f14                png_get_image_width
                0x00108f2c                png_get_image_height
                0x00108f44                png_get_bit_depth
                0x00108f5c                png_get_color_type
                0x00108f74                png_get_filter_type
                0x00108f8c                png_get_interlace_type
                0x00108fa4                png_get_compression_type
                0x00108fbc                png_get_x_pixels_per_meter
                0x00108ff0                png_get_y_pixels_per_meter
                0x00109024                png_get_pixels_per_meter
                0x00109070                png_get_pixel_aspect_ratio
                0x001090b8                png_get_pixel_aspect_ratio_fixed
                0x00109148                png_get_x_offset_microns
                0x0010917c                png_get_y_offset_microns
                0x001091b0                png_get_x_offset_pixels
                0x001091e4                png_get_y_offset_pixels
                0x00109218                png_get_pixels_per_inch
                0x001092a4                png_get_x_pixels_per_inch
                0x00109320                png_get_y_pixels_per_inch
                0x0010939c                png_get_x_offset_inches_fixed
                0x001093ec                png_get_y_offset_inches_fixed
                0x0010943c                png_get_x_offset_inches
                0x0010948c                png_get_y_offset_inches
                0x001094dc                png_get_pHYs_dpi
                0x001095a8                png_get_channels
                0x001095c0                png_get_signature
                0x001095d8                png_get_bKGD
                0x00109614                png_get_cHRM
                0x00109728                png_get_cHRM_XYZ
                0x00109858                png_get_cHRM_XYZ_fixed
                0x00109930                png_get_cHRM_fixed
                0x001099f4                png_get_gAMA_fixed
                0x00109a2c                png_get_gAMA
                0x00109a80                png_get_sRGB
                0x00109abc                png_get_iCCP
                0x00109b60                png_get_sPLT
                0x00109b90                png_get_hIST
                0x00109bcc                png_get_IHDR
                0x00109c88                png_get_oFFs
                0x00109cf4                png_get_pCAL
                0x00109dc4                png_get_sCAL_fixed
                0x00109e4c                png_get_sCAL
                0x00109ea4                png_get_sCAL_s
                0x00109ee8                png_get_pHYs
                0x00109f48                png_get_PLTE
                0x00109f8c                png_get_sBIT
                0x00109fc8                png_get_text
                0x0010a010                png_get_tIME
                0x0010a04c                png_get_tRNS
                0x0010a0dc                png_get_unknown_chunks
                0x0010a10c                png_get_rgb_to_gray_status
                0x0010a118                png_get_user_chunk_ptr
                0x0010a124                png_get_compression_buffer_size
                0x0010a140                png_get_user_width_max
                0x0010a14c                png_get_user_height_max
                0x0010a158                png_get_chunk_cache_max
                0x0010a164                png_get_chunk_malloc_max
                0x0010a170                png_get_io_state
                0x0010a178                png_get_io_chunk_type
                0x0010a180                png_get_palette_max
 .text          0x0010a198      0x3ec c:/devkitPro/portlibs/armv6k/lib\libpng.a(pngmem.o)
                0x0010a198                png_destroy_png_struct
                0x0010a200                png_calloc
                0x0010a278                png_malloc_base
                0x0010a2a8                png_malloc_array
                0x0010a324                png_realloc_array
                0x0010a42c                png_malloc
                0x0010a488                png_malloc_default
                0x0010a4c8                png_malloc_warn
                0x0010a52c                png_free
                0x0010a550                png_free_default
                0x0010a564                png_set_mem_fn
                0x0010a578                png_get_mem_ptr
 .text          0x0010a584     0x76f8 c:/devkitPro/portlibs/armv6k/lib\libpng.a(pngread.o)
                0x001101d0                png_create_read_struct
                0x00110228                png_create_read_struct_2
                0x00110284                png_read_info
                0x00110294                png_read_update_info
                0x001102d8                png_start_read_image
                0x001102fc                png_read_row
                0x00110654                png_read_rows
                0x00110a48                png_read_image
                0x00110de4                png_read_end
                0x00111274                png_destroy_read_struct
                0x001114f8                png_set_read_status_fn
                0x00111504                png_read_png
                0x001117bc                png_image_begin_read_from_stdio
                0x0011196c                png_image_begin_read_from_file
                0x00111a34                png_image_begin_read_from_memory
                0x00111ad0                png_image_finish_read
 .text          0x00111c7c       0xac c:/devkitPro/portlibs/armv6k/lib\libpng.a(pngrio.o)
                0x00111c7c                png_default_read_data
                0x00111cb8                png_read_data
                0x00111cd8                png_set_read_fn
 .text          0x00111d28     0x5ff8 c:/devkitPro/portlibs/armv6k/lib\libpng.a(pngrtran.o)
                0x00113074                png_set_crc_action
                0x00113150                png_set_background_fixed
                0x00113208                png_set_background
                0x001132e0                png_set_scale_16
                0x00113318                png_set_strip_16
                0x00113350                png_set_strip_alpha
                0x00113388                png_set_alpha_mode_fixed
                0x00113584                png_set_alpha_mode
                0x00113834                png_set_quantize
                0x001140dc                png_set_gamma_fixed
                0x001141e4                png_set_gamma
                0x00114418                png_set_expand
                0x00114454                png_set_palette_to_rgb
                0x00114490                png_set_expand_gray_1_2_4_to_8
                0x001144c8                png_set_tRNS_to_alpha
                0x00114504                png_set_expand_16
                0x00114540                png_set_gray_to_rgb
                0x00114578                png_set_rgb_to_gray_fixed
                0x001146d0                png_set_rgb_to_gray
                0x00114874                png_set_read_user_transform_fn
                0x00114888                png_init_read_transformations
                0x00115570                png_read_transform_info
                0x0011583c                png_do_read_transformations
 .text          0x00117d20     0x5320 c:/devkitPro/portlibs/armv6k/lib\libpng.a(pngrutil.o)
                0x00118958                png_get_uint_31
                0x00118994                png_get_uint_32
                0x001189b8                png_get_int_32
                0x001189f0                png_get_uint_16
                0x00118a04                png_read_sig
                0x00118ab0                png_read_chunk_header
                0x00118c20                png_crc_read
                0x00118c50                png_crc_finish
                0x00118dd0                png_crc_error
                0x00118e70                png_handle_IHDR
                0x00118fe8                png_handle_PLTE
                0x00119238                png_handle_IEND
                0x0011928c                png_handle_gAMA
                0x00119370                png_handle_sBIT
                0x00119584                png_handle_cHRM
                0x00119844                png_handle_sRGB
                0x0011994c                png_handle_iCCP
                0x00119f30                png_handle_sPLT
                0x0011a250                png_handle_tRNS
                0x0011a48c                png_handle_bKGD
                0x0011a6bc                png_handle_hIST
                0x0011a7f4                png_handle_pHYs
                0x0011a930                png_handle_oFFs
                0x0011aad0                png_handle_pCAL
                0x0011ae80                png_handle_sCAL
                0x0011b108                png_handle_tIME
                0x0011b21c                png_handle_tEXt
                0x0011b3dc                png_handle_zTXt
                0x0011b630                png_handle_iTXt
                0x0011b998                png_handle_unknown
                0x0011bcf0                png_check_chunk_name
                0x0011bdb8                png_combine_row
                0x0011c2a8                png_do_read_interlace
                0x0011c734                png_read_filter_row
                0x0011c7bc                png_read_IDAT_data
                0x0011cb38                png_read_finish_IDAT
                0x0011cbb0                png_read_finish_row
                0x0011cd00                png_read_start_row
 .text          0x0011d040     0x1eb8 c:/devkitPro/portlibs/armv6k/lib\libpng.a(pngset.o)
                0x0011d3a0                png_set_bKGD
                0x0011d3ec                png_set_cHRM_fixed
                0x0011d47c                png_set_cHRM_XYZ_fixed
                0x0011d514                png_set_cHRM
                0x0011d668                png_set_cHRM_XYZ
                0x0011d7dc                png_set_gAMA_fixed
                0x0011d80c                png_set_gAMA
                0x0011d850                png_set_hIST
                0x0011d8fc                png_set_IHDR
                0x0011d9d8                png_set_oFFs
                0x0011da04                png_set_pCAL
                0x0011dc84                png_set_sCAL_s
                0x0011dde8                png_set_sCAL
                0x0011dfb4                png_set_sCAL_fixed
                0x0011e164                png_set_pHYs
                0x0011e190                png_set_PLTE
                0x0011e2c4                png_set_sBIT
                0x0011e308                png_set_sRGB
                0x0011e338                png_set_sRGB_gAMA_and_cHRM
                0x0011e378                png_set_iCCP
                0x0011e4cc                png_set_text
                0x0011e510                png_set_text_2
                0x0011e548                png_set_tIME
                0x0011e5e8                png_set_tRNS
                0x0011e728                png_set_sPLT
                0x0011e898                png_set_unknown_chunks
                0x0011ea28                png_set_unknown_chunk_location
                0x0011ead4                png_permit_mng_features
                0x0011eae8                png_set_keep_unknown_chunks
                0x0011ed9c                png_set_read_user_chunk_fn
                0x0011edac                png_set_rows
                0x0011ee08                png_set_compression_buffer_size
                0x0011ee8c                png_set_invalid
                0x0011eea4                png_set_user_limits
                0x0011eeb4                png_set_chunk_cache_max
                0x0011eec0                png_set_chunk_malloc_max
                0x0011eecc                png_set_benign_errors
                0x0011eee4                png_set_check_for_invalid_index
 .text          0x0011eef8      0xa8c c:/devkitPro/portlibs/armv6k/lib\libpng.a(pngtrans.o)
                0x0011eef8                png_set_bgr
                0x0011ef0c                png_set_swap
                0x0011ef2c                png_set_packing
                0x0011ef54                png_set_packswap
                0x0011ef74                png_set_shift
                0x0011ef9c                png_set_interlace_handling
                0x0011efcc                png_set_filler
                0x0011f054                png_set_add_alpha
                0x0011f0fc                png_set_swap_alpha
                0x0011f110                png_set_invert_alpha
                0x0011f124                png_set_invert_mono
                0x0011f138                png_do_invert
                0x0011f328                png_do_swap
                0x0011f374                png_do_packswap
                0x0011f3e0                png_do_strip_channel
                0x0011f60c                png_do_bgr
                0x0011f748                png_do_check_palette_indexes
                0x0011f914                png_set_user_transform_info
                0x0011f958                png_get_user_transform_ptr
                0x0011f964                png_get_current_row_number
                0x0011f974                png_get_current_pass_number
 .text          0x0011f984     0x37ac c:/devkitPro/portlibs/armv6k/lib\libpng.a(pngwrite.o)
                0x0011ff98                png_write_info_before_PLTE
                0x001205d8                png_write_info
                0x001205e8                png_write_end
                0x00120834                png_convert_from_struct_tm
                0x00120874                png_convert_from_time_t
                0x001208d4                png_create_write_struct
                0x00120960                png_create_write_struct_2
                0x001209f0                png_write_rows
                0x00120dc0                png_write_image
                0x001211a0                png_write_row
                0x00121c48                png_set_flush
                0x00121c58                png_write_flush
                0x00121c9c                png_destroy_write_struct
                0x00121d4c                png_set_filter
                0x001226e8                png_set_filter_heuristics
                0x001226ec                png_set_filter_heuristics_fixed
                0x001226f0                png_set_compression_level
                0x001226fc                png_set_compression_mem_level
                0x00122708                png_set_compression_strategy
                0x00122720                png_set_compression_window_bits
                0x00122774                png_set_compression_method
                0x001227a4                png_set_text_compression_level
                0x001227b0                png_set_text_compression_mem_level
                0x001227bc                png_set_text_compression_strategy
                0x001227c8                png_set_text_compression_window_bits
                0x0012281c                png_set_text_compression_method
                0x0012284c                png_set_write_status_fn
                0x00122858                png_set_write_user_transform_fn
                0x00122870                png_write_png
                0x00122da0                png_image_write_to_stdio
                0x00122ff0                png_image_write_to_file
 .text          0x00123130      0x778 c:/devkitPro/portlibs/armv6k/lib\libpng.a(pngwtran.o)
                0x00123130                png_do_write_transformations
 .text          0x001238a8     0x40cc c:/devkitPro/portlibs/armv6k/lib\libpng.a(pngwutil.o)
                0x0012425c                png_save_uint_32
                0x0012427c                png_save_uint_16
                0x0012428c                png_write_sig
                0x001242e8                png_write_chunk_start
                0x00124394                png_write_chunk_data
                0x001243d0                png_write_chunk_end
                0x0012441c                png_write_chunk
                0x00124548                png_free_buffer_list
                0x00124580                png_write_IHDR
                0x00124918                png_write_PLTE
                0x00124ae8                png_compress_IDAT
                0x00124f24                png_write_IEND
                0x00124fec                png_write_gAMA_fixed
                0x001250ec                png_write_sRGB
                0x001251f4                png_write_iCCP
                0x0012545c                png_write_sPLT
                0x001256ac                png_write_sBIT
                0x001257b4                png_write_cHRM_fixed
                0x00125908                png_write_tRNS
                0x00125ae0                png_write_bKGD
                0x00125ce0                png_write_hIST
                0x00125e1c                png_write_tEXt
                0x00125fcc                png_write_zTXt
                0x00126214                png_write_iTXt
                0x001265dc                png_write_oFFs
                0x00126704                png_write_pCAL
                0x00126a14                png_write_sCAL_s
                0x00126ab8                png_write_pHYs
                0x00126c04                png_write_tIME
                0x00126ca0                png_write_start_row
                0x00126df4                png_write_finish_row
                0x00126f34                png_do_write_interlace
                0x001271a4                png_write_find_filter
 .text          0x00127974       0xd8 c:/devkitPro/portlibs/armv6k/lib\libpng.a(pngwio.o)
                0x00127974                png_default_write_data
                0x001279b0                png_default_flush
                0x001279c0                png_write_data
                0x001279e0                png_flush
                0x001279f0                png_set_write_fn
 .text          0x00127a4c     0x10ac c:/devkitPro/libctru/lib\libsftd.a(sftd.o)
                0x00127bbc                sftd_init
                0x00127bfc                sftd_fini
                0x00127c40                sftd_load_font_file
                0x00127d20                sftd_load_font_mem
                0x00127de4                sftd_free_font
                0x00127e34                sftd_draw_text
                0x0012805c                sftd_draw_textf
                0x001280bc                sftd_draw_wtext
                0x001282e4                sftd_draw_wtextf
                0x00128350                sftd_get_text_width
                0x001284f8                sftd_draw_text_wrap
                0x001287d8                sftd_calc_bounding_box
                0x00128a90                sftd_draw_textf_wrap
 .text          0x00128af8      0x244 c:/devkitPro/libctru/lib\libsftd.a(texture_atlas.o)
                0x00128af8                texture_atlas_create
                0x00128b74                texture_atlas_free
                0x00128ba0                texture_atlas_insert
                0x00128cb8                texture_atlas_exists
                0x00128cd0                texture_atlas_get
 .text          0x00128d3c      0x1c8 c:/devkitPro/libctru/lib\libsftd.a(bin_packing_2d.o)
                0x00128d3c                bp2d_create
                0x00128d88                bp2d_free
                0x00128dbc                bp2d_insert
 .text          0x00128f04      0x33c c:/devkitPro/libctru/lib\libsftd.a(int_htab.o)
                0x00128f04                int_htab_create
                0x00128f4c                int_htab_free
                0x00128f98                int_htab_insert
                0x00129084                int_htab_resize
                0x001290f8                int_htab_find
                0x00129198                int_htab_erase
 .text          0x00129240       0xc8 c:/devkitPro/portlibs/armv6k/lib\libfreetype.a(ftinit.o)
                0x00129240                FT_Add_Default_Modules
                0x00129270                FT_Init_FreeType
                0x001292dc                FT_Done_FreeType
 .text          0x00129308     0xd0bc c:/devkitPro/portlibs/armv6k/lib\libfreetype.a(ftbase.o)
                0x00129e34                FT_RoundFix
                0x00129e48                FT_CeilFix
                0x00129e5c                FT_FloorFix
                0x00129e68                FT_Hypot
                0x00129f8c                FT_MulDiv
                0x0012a08c                FT_MulDiv_No_Round
                0x0012a16c                FT_MulFix
                0x0012a18c                FT_DivFix
                0x0012a29c                FT_Matrix_Multiply
                0x0012a3cc                FT_Matrix_Invert
                0x0012a490                FT_Matrix_Multiply_Scaled
                0x0012a598                FT_Vector_Transform_Scaled
                0x0012a7f0                FT_Vector_NormLen
                0x0012a9a4                ft_corner_orientation
                0x0012aab8                ft_corner_is_flat
                0x0012ab48                FT_GlyphLoader_New
                0x0012ab8c                FT_GlyphLoader_Rewind
                0x0012abc4                FT_GlyphLoader_Reset
                0x0012b294                FT_GlyphLoader_Done
                0x0012b398                FT_GlyphLoader_CreateExtra
                0x0012b478                FT_GlyphLoader_CheckSubGlyphs
                0x0012b5a4                FT_GlyphLoader_Prepare
                0x0012b620                FT_GlyphLoader_Add
                0x0012b854                ft_service_list_lookup
                0x0012b8b4                ft_validator_init
                0x0012b8cc                ft_validator_run
                0x0012b8d4                ft_validator_error
                0x0012b8e8                FT_Stream_New
                0x0012ba00                FT_Stream_Free
                0x0012ba44                ft_glyphslot_free_bitmap
                0x0012baa8                ft_glyphslot_set_bitmap
                0x0012bb00                ft_glyphslot_alloc_bitmap
                0x0012bbb0                FT_New_GlyphSlot
                0x0012bd1c                FT_Done_GlyphSlot
                0x0012bdb0                FT_Set_Transform
                0x0012be64                FT_Attach_File
                0x0012bf64                FT_Attach_Stream
                0x0012c0f8                FT_Reference_Face
                0x0012c118                FT_Done_Face
                0x0012c1ec                FT_New_Size
                0x0012c36c                FT_Done_Size
                0x0012c4a4                FT_Match_Size
                0x0012c5d4                ft_synthesize_vertical_metrics
                0x0012c644                FT_Select_Metrics
                0x0012c8e0                FT_Request_Metrics
                0x0012cc6c                FT_Select_Size
                0x0012ccd8                FT_Request_Size
                0x0012cd68                FT_Set_Char_Size
                0x0012ce30                FT_Set_Pixel_Sizes
                0x0012cf04                FT_Get_Kerning
                0x0012d02c                FT_Get_Track_Kerning
                0x0012d0ac                FT_Select_Charmap
                0x0012d1bc                FT_Set_Charmap
                0x0012d2a4                FT_Get_Charmap_Index
                0x0012d310                FT_Get_Char_Index
                0x0012d358                FT_Get_First_Char
                0x0012d41c                FT_Get_Next_Char
                0x0012d4b4                FT_Face_GetCharVariantIndex
                0x0012d5c4                FT_Face_GetCharVariantIsDefault
                0x0012d6ac                FT_Face_GetVariantSelectors
                0x0012d78c                FT_Face_GetVariantsOfChar
                0x0012d874                FT_Face_GetCharsOfVariant
                0x0012d95c                FT_Get_Name_Index
                0x0012da08                FT_Get_Glyph_Name
                0x0012daf4                FT_Get_Postscript_Name
                0x0012db7c                FT_Get_Sfnt_Table
                0x0012dbe8                FT_Load_Sfnt_Table
                0x0012dc6c                FT_Sfnt_Table_Info
                0x0012dcf8                FT_Get_CMap_Language_ID
                0x0012dd78                FT_Get_CMap_Format
                0x0012ddf4                FT_Activate_Size
                0x0012de30                FT_Lookup_Renderer
                0x0012de94                FT_Get_Renderer
                0x0012dee4                FT_Set_Renderer
                0x0012dfe4                FT_Render_Glyph_Internal
                0x0012e0dc                FT_Render_Glyph
                0x0012e10c                FT_Get_Module
                0x0012e178                FT_Get_Module_Interface
                0x0012e1e8                ft_module_get_service
                0x0012e26c                FT_Remove_Module
                0x0012e290                FT_Property_Set
                0x0012e384                FT_Property_Get
                0x0012e478                FT_Reference_Library
                0x0012e494                FT_New_Library
                0x0012e510                FT_Library_Version
                0x0012e548                FT_Done_Library
                0x0012e714                FT_Set_Debug_Hook
                0x0012e740                FT_Get_TrueType_Engine_Type
                0x0012e814                FT_Get_SubGlyph_Info
                0x0012e8a8                FT_Outline_Decompose
                0x0012ecb8                FT_Outline_Check
                0x0012ed60                FT_Outline_Copy
                0x0012ee08                FT_Outline_Done_Internal
                0x0012eeb4                FT_Outline_Done
                0x0012ef74                FT_Outline_Get_CBox
                0x0012f010                FT_Outline_Translate
                0x0012f064                FT_Outline_Reverse
                0x0012f130                FT_Outline_Render
                0x0012f200                FT_Outline_Get_Bitmap
                0x0012f2dc                FT_Vector_Transform
                0x0012f384                FT_Outline_Transform
                0x0012fb20                FT_Load_Glyph
                0x0012fedc                FT_Get_Advances
                0x0012ff54                FT_Get_Advance
                0x00130254                FT_Load_Char
                0x001302b8                FT_Outline_Get_Orientation
                0x00130404                FT_Outline_EmboldenXY
                0x001307e8                FT_Outline_Embolden
                0x001307f0                FT_Raccess_Guess
                0x00130908                FT_Get_Sfnt_Name_Count
                0x0013092c                FT_Stream_OpenMemory
                0x00130944                FT_Stream_Close
                0x0013095c                FT_Stream_Seek
                0x001309a8                FT_Stream_Skip
                0x00130a0c                FT_Stream_Pos
                0x00130a14                FT_Stream_Read
                0x00130a98                FT_Stream_ReadAt
                0x00130b18                FT_Stream_TryRead
                0x00130b88                FT_Stream_ExtractFrame
                0x00130cc8                FT_Stream_ReleaseFrame
                0x00130d08                FT_Stream_EnterFrame
                0x00130e28                FT_Stream_ExitFrame
                0x00130e6c                FT_Stream_GetChar
                0x00130e90                FT_Stream_GetUShort
                0x00130ec0                FT_Stream_GetUShortLE
                0x00130ef0                FT_Stream_GetUOffset
                0x00130f2c                FT_Stream_GetULong
                0x00130f70                FT_Stream_GetULongLE
                0x00130fb4                FT_Stream_ReadChar
                0x00131044                FT_Stream_ReadUShort
                0x001310dc                FT_Raccess_Get_HeaderInfo
                0x0013134c                FT_Stream_ReadUShortLE
                0x001313e4                FT_Stream_ReadUOffset
                0x00131488                FT_Stream_ReadULong
                0x00132004                FT_Stream_ReadULongLE
                0x001320b0                FT_Stream_ReadFields
                0x00132324                FT_Cos
                0x001323f0                FT_Sin
                0x001324bc                FT_Tan
                0x00132594                FT_Atan2
                0x001325fc                FT_Vector_Unit
                0x001326e4                FT_Vector_Rotate
                0x0013292c                FT_Vector_Length
                0x00132a74                FT_Vector_Polarize
                0x00132bc4                FT_Vector_From_Polar
                0x00132df8                FT_Angle_Diff
                0x00132e34                ft_mem_alloc
                0x00132e94                FT_Add_Module
                0x001331a4                ft_mem_qalloc
                0x001331e8                ft_mem_realloc
                0x001332ec                FT_GlyphLoader_CheckPoints
                0x00133514                FT_CMap_Done
                0x00133648                FT_CMap_New
                0x001337b4                FT_Outline_New_Internal
                0x00133918                FT_Raccess_Get_DataOffsets
                0x0013486c                FT_Open_Face
                0x00135194                FT_New_Face
                0x001351d4                FT_New_Memory_Face
                0x00135934                FT_Get_Sfnt_Name
                0x00135a84                FT_Outline_New
                0x00135bc8                FT_GlyphLoader_CopyPoints
                0x00135f30                ft_mem_qrealloc
                0x00136050                ft_mem_free
                0x00136060                ft_mem_dup
                0x001360d0                ft_mem_strdup
                0x0013615c                ft_mem_strcpyn
                0x001361c0                FT_List_Find
                0x00136204                FT_List_Add
                0x00136238                FT_List_Insert
                0x0013626c                FT_List_Remove
                0x0013629c                FT_List_Up
                0x001362e0                FT_List_Iterate
                0x00136334                FT_List_Finalize
 .text          0x001363c4     0xc09c c:/devkitPro/portlibs/armv6k/lib\libfreetype.a(truetype.o)
                0x0013c940                TT_RunIns
                0x00140c78                TT_New_Context
 .text          0x00142460     0x5bfc c:/devkitPro/portlibs/armv6k/lib\libfreetype.a(type1.o)
 .text          0x0014805c     0xe128 c:/devkitPro/portlibs/armv6k/lib\libfreetype.a(cff.o)
 .text          0x00156184     0x1c90 c:/devkitPro/portlibs/armv6k/lib\libfreetype.a(type1cid.o)
 .text          0x00157e14     0x3318 c:/devkitPro/portlibs/armv6k/lib\libfreetype.a(pfr.o)
 .text          0x0015b12c     0x1e58 c:/devkitPro/portlibs/armv6k/lib\libfreetype.a(type42.o)
 .text          0x0015cf84     0x10e4 c:/devkitPro/portlibs/armv6k/lib\libfreetype.a(winfnt.o)
 .text          0x0015e068     0x21b0 c:/devkitPro/portlibs/armv6k/lib\libfreetype.a(pcf.o)
 .text          0x00160218     0x5210 c:/devkitPro/portlibs/armv6k/lib\libfreetype.a(bdf.o)
 .text          0x00165428     0xa014 c:/devkitPro/portlibs/armv6k/lib\libfreetype.a(sfnt.o)
 .text          0x0016f43c     0x8d0c c:/devkitPro/portlibs/armv6k/lib\libfreetype.a(autofit.o)
                0x00178104                af_get_coverage
                0x0017810c                af_get_char_index
 .text          0x00178148     0x4408 c:/devkitPro/portlibs/armv6k/lib\libfreetype.a(pshinter.o)
                0x0017b0d8                ps_hints_apply
 .text          0x0017c550      0xc64 c:/devkitPro/portlibs/armv6k/lib\libfreetype.a(raster.o)
 .text          0x0017d1b4     0x263c c:/devkitPro/portlibs/armv6k/lib\libfreetype.a(smooth.o)
 .text          0x0017f7f0     0x3c7c c:/devkitPro/portlibs/armv6k/lib\libfreetype.a(ftcache.o)
                0x00181764                FTC_Manager_LookupSize
                0x001818b8                FTC_Manager_LookupFace
                0x00181980                FTC_Manager_New
                0x00181a84                FTC_Manager_Done
                0x00181be8                FTC_Manager_Reset
                0x00181d3c                FTC_Manager_RemoveFaceID
                0x00181ff0                FTC_Node_Unref
                0x00182018                FTC_CMapCache_New
                0x00182114                FTC_CMapCache_Lookup
                0x001823ac                FTC_ImageCache_New
                0x001824a8                FTC_ImageCache_Lookup
                0x001827c4                FTC_ImageCache_LookupScaler
                0x00182b88                FTC_SBitCache_New
                0x00182c84                FTC_SBitCache_Lookup
                0x00183028                FTC_SBitCache_LookupScaler
 .text          0x0018346c      0x9a4 c:/devkitPro/portlibs/armv6k/lib\libfreetype.a(ftgzip.o)
                0x0018377c                FT_Stream_OpenGzip
                0x00183d08                FT_Gzip_Uncompress
 .text          0x00183e10     0x14a8 c:/devkitPro/portlibs/armv6k/lib\libfreetype.a(ftlzw.o)
                0x00184038                FT_Stream_OpenLZW
                0x00184220                ft_lzwstate_reset
                0x0018424c                ft_lzwstate_init
                0x001842b8                ft_lzwstate_done
                0x00184328                ft_lzwstate_io
 .text          0x001852b8     0x6bb4 c:/devkitPro/portlibs/armv6k/lib\libfreetype.a(psaux.o)
 .text          0x0018be6c      0xa78 c:/devkitPro/portlibs/armv6k/lib\libfreetype.a(psnames.o)
 .text          0x0018c8e4      0x194 c:/devkitPro/portlibs/armv6k/lib\libfreetype.a(ftsystem.o)
                0x0018c980                FT_Stream_Open
                0x0018ca30                FT_New_Memory
                0x0018ca74                FT_Done_Memory
 .text          0x0018ca78      0xf78 c:/devkitPro/portlibs/armv6k/lib\libfreetype.a(ftbitmap.o)
                0x0018ca78                FT_Bitmap_Init
                0x0018caa8                FT_Bitmap_New
                0x0018cad8                FT_Bitmap_Copy
                0x0018cc84                FT_Bitmap_Convert
                0x0018d1a8                FT_Bitmap_Embolden
                0x0018d8e0                FT_GlyphSlot_Own_Bitmap
                0x0018d994                FT_Bitmap_Done
 .text          0x0018d9f0      0x840 c:/devkitPro/portlibs/armv6k/lib\libfreetype.a(ftglyph.o)
                0x0018dc08                FT_Glyph_Copy
                0x0018dcfc                FT_Get_Glyph
                0x0018de1c                FT_Glyph_Transform
                0x0018de80                FT_Glyph_Get_CBox
                0x0018df24                FT_Done_Glyph
                0x0018df58                FT_Glyph_To_Bitmap
 .text          0x0018e230      0x5c0 c:/devkitPro/portlibs/armv6k/lib\libz.a(adler32.o)
                0x0018e230                adler32
                0x0018e678                adler32_combine
                0x0018e734                adler32_combine64
 .text          0x0018e7f0      0x5d8 c:/devkitPro/portlibs/armv6k/lib\libz.a(crc32.o)
                0x0018ea04                get_crc_table
                0x0018ea10                crc32
                0x0018edc0                crc32_combine
                0x0018edc4                crc32_combine64
 .text          0x0018edc8     0x40e0 c:/devkitPro/portlibs/armv6k/lib\libz.a(deflate.o)
                0x00190444                deflateSetDictionary
                0x0019065c                deflateResetKeep
                0x00190734                deflateReset
                0x0019089c                deflateSetHeader
                0x001908d0                deflatePending
                0x0019091c                deflatePrime
                0x001909c4                deflateTune
                0x001909fc                deflateBound
                0x00190b10                deflate
                0x00192360                deflateParams
                0x0019247c                deflateEnd
                0x0019259c                deflateInit2_
                0x00192964                deflateInit_
                0x00192ca4                deflateCopy
 .text          0x00192ea8     0x2c58 c:/devkitPro/portlibs/armv6k/lib\libz.a(inflate.o)
                0x00192ea8                inflateResetKeep
                0x00192f38                inflateReset
                0x00192fd4                inflateReset2
                0x001930f4                inflateInit2_
                0x0019327c                inflateInit_
                0x001933e0                inflatePrime
                0x00193458                inflate
                0x001952f4                inflateEnd
                0x00195358                inflateGetDictionary
                0x001953f0                inflateSetDictionary
                0x00195598                inflateGetHeader
                0x001955d4                inflateSync
                0x0019588c                inflateSyncPoint
                0x001958cc                inflateCopy
                0x00195a78                inflateUndermine
                0x00195aa8                inflateMark
 .text          0x00195b00      0xbf4 c:/devkitPro/portlibs/armv6k/lib\libz.a(inftrees.o)
                0x00195b00                inflate_table
 .text          0x001966f4     0x257c c:/devkitPro/portlibs/armv6k/lib\libz.a(trees.o)
                0x00197c24                _tr_init
                0x00197cf0                _tr_stored_block
                0x00197e84                _tr_flush_bits
                0x00197f20                _tr_align
                0x001980a4                _tr_flush_block
                0x00198bb8                _tr_tally
 .text          0x00198c70       0x38 c:/devkitPro/portlibs/armv6k/lib\libz.a(zutil.o)
                0x00198c70                zlibVersion
                0x00198c7c                zlibCompileFlags
                0x00198c84                zError
                0x00198c98                zcalloc
                0x00198ca0                zcfree
 .text          0x00198ca8      0xbe4 c:/devkitPro/portlibs/armv6k/lib\libz.a(inffast.o)
                0x00198ca8                inflate_fast
 .text          0x0019988c      0x75c c:/devkitPro/libctru/lib\libsf2d.a(sf2d.o)
                0x00199aa4                sf2d_init
                0x00199acc                sf2d_init_advanced
                0x00199aec                sf2d_fini
                0x00199b50                sf2d_set_3D
                0x00199b5c                sf2d_start_frame
                0x00199cec                sf2d_end_frame
                0x00199e04                sf2d_swapbuffers
                0x00199eb4                sf2d_set_vblank_wait
                0x00199ec4                sf2d_get_fps
                0x00199ed4                sf2d_pool_malloc
                0x00199f00                sf2d_pool_memalign
                0x00199f40                sf2d_pool_space_free
                0x00199f58                sf2d_pool_reset
                0x00199f6c                sf2d_set_clear_color
                0x00199f7c                sf2d_set_scissor_test
                0x00199fc8                sf2d_get_current_screen
                0x00199fd8                sf2d_get_current_side
 .text          0x00199fe8      0x4b8 c:/devkitPro/libctru/lib\libsf2d.a(sf2d_private.o)
                0x00199fe8                GPU_SetDummyTexEnv
                0x0019a01c                vector_mult_matrix4x4
                0x0019a0a0                matrix_gpu_set_uniform
                0x0019a0b0                matrix_copy
                0x0019a0ec                matrix_identity4x4
                0x0019a138                matrix_mult4x4
                0x0019a1ac                matrix_set_z_rotation
                0x0019a220                matrix_rotate_z
                0x0019a280                matrix_set_scaling
                0x0019a2cc                matrix_swap_xy
                0x0019a36c                matrix_init_orthographic
                0x0019a480                next_pow2
 .text          0x0019a4a0     0x2138 c:/devkitPro/libctru/lib\libsf2d.a(sf2d_texture.o)
                0x0019a5c4                sf2d_create_texture
                0x0019a7c4                sf2d_free_texture
                0x0019a814                sf2d_fill_texture_from_RGBA8
                0x0019a8cc                sf2d_create_texture_mem_RGBA8
                0x0019a910                sf2d_bind_texture
                0x0019a988                sf2d_bind_texture_color
                0x0019aa08                sf2d_bind_texture_parameters
                0x0019aa80                sf2d_texture_set_params
                0x0019aa88                sf2d_texture_get_params
                0x0019aa90                sf2d_draw_texture
                0x0019abd0                sf2d_draw_texture_blend
                0x0019ad14                sf2d_draw_texture_rotate_hotspot
                0x0019aec4                sf2d_draw_texture_rotate_hotspot_blend
                0x0019b078                sf2d_draw_texture_rotate
                0x0019b23c                sf2d_draw_texture_rotate_blend
                0x0019b404                sf2d_draw_texture_part
                0x0019b580                sf2d_draw_texture_part_blend
                0x0019b700                sf2d_draw_texture_scale
                0x0019b868                sf2d_draw_texture_scale_blend
                0x0019b9d4                sf2d_draw_texture_part_scale
                0x0019bb28                sf2d_draw_texture_part_scale_blend
                0x0019bc80                sf2d_draw_texture_part_rotate_scale
                0x0019be98                sf2d_draw_texture_part_rotate_scale_blend
                0x0019c0b4                sf2d_draw_texture_depth
                0x0019c214                sf2d_draw_texture_depth_blend
                0x0019c378                sf2d_draw_quad_uv
                0x0019c4a4                sf2d_set_pixel
                0x0019c538                sf2d_get_pixel
                0x0019c5c8                sf2d_texture_tile32
 .text          0x0019c5d8        0x0 c:/devkitPro/libctru/lib\libsf2d.a(shader.vsh.o)
 .text          0x0019c5d8      0x1d4 c:/devkitPro/libctru/lib\libctru.a(linear.o)
                0x0019c600                linearMemAlign
                0x0019c740                linearAlloc
                0x0019c748                linearRealloc
                0x0019c750                linearFree
                0x0019c7a0                linearSpaceFree
 .text          0x0019c7ac      0x35c c:/devkitPro/libctru/lib\libctru.a(mem_pool.o)
                0x0019c7ac                MemPool::CoalesceRight(MemBlock*)
                0x0019c84c                MemPool::Allocate(MemChunk&, unsigned long, int)
                0x0019c9d4                MemPool::Deallocate(MemChunk const&)
                0x0019cad8                MemPool::GetFreeSpace()
 .text          0x0019cb08      0x1c4 c:/devkitPro/libctru/lib\libctru.a(vram.o)
                0x0019cb30                vramMemAlign
                0x0019cc60                vramAlloc
                0x0019cc68                vramRealloc
                0x0019cc70                vramFree
                0x0019ccc0                vramSpaceFree
 .text          0x0019cccc      0x748 c:/devkitPro/libctru/lib\libctru.a(gfx.o)
                0x0019cd58                gfxSet3D
                0x0019cd68                gfxSetScreenFormat
                0x0019cd80                gfxGetScreenFormat
                0x0019cd98                gfxSetDoubleBuffering
                0x0019cdac                gfxSetFramebufferInfo
                0x0019ce1c                gfxWriteFramebufferInfo
                0x0019cee0                gfxInit
                0x0019d0c0                gfxInitDefault
                0x0019d0d0                gfxExit
                0x0019d1b8                gfxGetFramebuffer
                0x0019d268                gfxFlushBuffers
                0x0019d344                gfxSwapBuffers
                0x0019d3b8                gfxSwapBuffersGpu
 *fill*         0x0019d414        0x4 
 .text          0x0019d418      0x550 c:/devkitPro/libctru/lib\libctru.a(os.o)
                0x0019d54c                osConvertVirtToPhys
                0x0019d598                osConvertOldLINEARMemToNew
                0x0019d5b8                __libctru_gtod
                0x0019d6ac                osGetTime
                0x0019d720                osGetFirmVersion
                0x0019d734                osGetKernelVersion
                0x0019d748                osStrError
                0x0019d768                osGetWifiStrength
                0x0019d778                __ctru_speedup_config
                0x0019d7ac                osSetSpeedupEnable
                0x0019d7bc                osGetSystemVersionData
                0x0019d8ec                osGetSystemVersionDataString
 .text          0x0019d968      0xa8c c:/devkitPro/libctru/lib\libctru.a(romfs_dev.o)
                0x0019e0e8                romfsInit
                0x0019e370                romfsInitFromFile
                0x0019e398                romfsExit
 .text          0x0019e3f4      0x3b8 c:/devkitPro/libctru/lib\libctru.a(srv.o)
                0x0019e3f4                __get_handle_from_list
                0x0019e48c                __destroy_handle_list
                0x0019e4e0                srvExit
                0x0019e508                srvGetSessionHandle
                0x0019e514                srvRegisterClient
                0x0019e54c                srvInit
                0x0019e5b4                srvGetServiceHandle
                0x0019e634                srvRegisterService
                0x0019e690                srvUnregisterService
                0x0019e6dc                srvPmInit
                0x0019e730                srvRegisterProcess
                0x0019e778                srvUnregisterProcess
 .text          0x0019e7ac     0x1a58 c:/devkitPro/libctru/lib\libctru.a(gpu.o)
                0x0019e82c                GPU_Init
                0x0019e858                GPUCMD_SetBuffer
                0x0019e884                GPUCMD_SetBufferOffset
                0x0019e894                GPUCMD_GetBuffer
                0x0019e8d4                GPUCMD_AddRawCommands
                0x0019e920                GPUCMD_Run
                0x0019e980                GPUCMD_FlushAndRun
                0x0019e9f4                GPUCMD_Add
                0x0019ead8                GPUCMD_Finalize
                0x0019eb70                GPU_Reset
                0x0019f350                GPU_SetFloatUniform
                0x0019f3c8                GPU_SetViewport
                0x0019f5bc                GPU_SetScissorTest
                0x0019f608                GPU_DepthMap
                0x0019f684                GPU_SetAlphaTest
                0x0019f6bc                GPU_SetStencilTest
                0x0019f704                GPU_SetStencilOp
                0x0019f738                GPU_SetDepthTestAndWriteMask
                0x0019f770                GPU_SetAlphaBlending
                0x0019f7d8                GPU_SetColorLogicOp
                0x0019f81c                GPU_SetBlendingColor
                0x0019f858                GPU_SetTextureEnable
                0x0019f8a4                GPU_SetTexture
                0x0019fa3c                GPU_SetTextureBorderColor
                0x0019fad0                GPU_SetAttributeBuffers
                0x0019fccc                GPU_SetAttributeBuffersAddress
                0x0019fcf8                GPU_SetFaceCulling
                0x0019fd24                GPU_SetCombinerBufferWrite
                0x0019fd58                GPU_SetTexEnv
                0x0019fdd0                GPU_DrawArray
                0x0019ff00                GPU_DrawElements
                0x001a0034                GPU_FinishDrawing
                0x001a0090                GPU_SetShaderOutmap
                0x001a00d8                GPU_SendShaderCode
                0x001a0190                GPU_SendOperandDescriptors
 .text          0x001a0204        0x0 c:/devkitPro/libctru/lib\libctru.a(gpuResetSequence.o)
 .text          0x001a0204      0x7f4 c:/devkitPro/libctru/lib\libctru.a(shaderProgram.o)
                0x001a0204                shaderInstanceInit
                0x001a040c                shaderInstanceFree
                0x001a0444                shaderInstanceSetBool
                0x001a0484                shaderInstanceGetBool
                0x001a04d0                shaderInstanceGetUniformLocation
                0x001a04f0                shaderProgramInit
                0x001a0508                shaderProgramFree
                0x001a0538                shaderProgramSetVsh
                0x001a05a4                shaderProgramSetGsh
                0x001a0618                shaderProgramUse
 .text          0x001a09f8      0x348 c:/devkitPro/libctru/lib\libctru.a(shbin.o)
                0x001a09f8                DVLB_Free
                0x001a0a34                DVLE_GetUniformRegister
                0x001a0ab0                DVLE_GenerateOutmap
                0x001a0ba8                DVLB_ParseFile
 .text          0x001a0d40     0x1e3c c:/devkitPro/libctru/lib\libctru.a(apt.o)
                0x001a0da4                _aptDebug
                0x001a0da8                aptInitCaptureInfo
                0x001a0e58                aptWaitStatusEvent
                0x001a0e80                aptHook
                0x001a0eb8                aptUnhook
                0x001a0ee4                aptGetStatus
                0x001a0f1c                aptSetStatus
                0x001a0f8c                aptGetStatusPower
                0x001a0fc4                aptSetStatusPower
                0x001a0ffc                aptOpenSession
                0x001a1020                aptCloseSession
                0x001a1048                aptSignalReadyForSleep
                0x001a1058                APT_GetLockHandle
                0x001a10a8                APT_Initialize
                0x001a1110                APT_Finalize
                0x001a114c                APT_HardwareResetAsync
                0x001a1180                APT_Enable
                0x001a11bc                APT_GetAppletManInfo
                0x001a123c                aptGetMenuAppID
                0x001a1278                APT_GetAppletInfo
                0x001a1310                APT_GetAppletProgramInfo
                0x001a1364                APT_GetProgramID
                0x001a13d4                APT_IsRegistered
                0x001a1424                APT_InquireNotification
                0x001a1474                APT_PrepareToJumpToHomeMenu
                0x001a14a8                APT_JumpToHomeMenu
                0x001a14f8                APT_PrepareToJumpToApplication
                0x001a1534                APT_JumpToApplication
                0x001a1584                APT_NotifyToWait
                0x001a15c0                APT_AppletUtility
                0x001a1648                aptAppletUtility_Exit_RetToApp
                0x001a1768                aptAppletClosed
                0x001a1878                aptInit
                0x001a1a40                APT_GlanceParameter
                0x001a1ab4                APT_ReceiveParameter
                0x001a1b28                APT_SendParameter
                0x001a1b98                APT_SendCaptureBufferInfo
                0x001a1be4                aptReturnToMenu
                0x001a1db8                APT_ReplySleepQuery
                0x001a1df8                APT_ReplySleepNotificationComplete
                0x001a1e34                aptEventHandler
                0x001a2138                APT_PrepareToCloseApplication
                0x001a2174                APT_CloseApplication
                0x001a21cc                aptExit
                0x001a23b8                APT_SetAppCpuTimeLimit
                0x001a23fc                APT_GetAppCpuTimeLimit
                0x001a2450                APT_CheckNew3DS_Application
                0x001a24ac                APT_CheckNew3DS_System
                0x001a2508                APT_CheckNew3DS
                0x001a257c                APT_PrepareToDoAppJump
                0x001a25c8                APT_DoAppJump
                0x001a2630                APT_PrepareToStartLibraryApplet
                0x001a266c                APT_StartLibraryApplet
                0x001a26cc                aptAppletStarted
                0x001a27d0                aptMainLoop
                0x001a2948                APT_LaunchLibraryApplet
                0x001a2ae0                APT_PrepareToStartSystemApplet
                0x001a2b1c                APT_StartSystemApplet
 .text          0x001a2b7c      0x288 c:/devkitPro/libctru/lib\libctru.a(cfgu.o)
                0x001a2b7c                initCfgu
                0x001a2bd0                exitCfgu
                0x001a2bf0                CFGU_SecureInfoGetRegion
                0x001a2c28                CFGU_GenHashConsoleUnique
                0x001a2c80                CFGU_GetRegionCanadaUSA
                0x001a2cb8                CFGU_GetSystemModel
                0x001a2cf0                CFGU_GetModelNintendo2DS
                0x001a2d28                CFGU_GetCountryCodeString
                0x001a2d68                CFGU_GetCountryCodeID
                0x001a2da8                CFGU_GetConfigInfoBlk2
                0x001a2df0                CFGU_GetSystemLanguage
 .text          0x001a2e04      0xb7c c:/devkitPro/libctru/lib\libctru.a(csnd.o)
                0x001a2e04                CSND_AcquireCapUnit
                0x001a2e3c                CSND_ReleaseCapUnit
                0x001a2e70                CSND_Reset
                0x001a2e9c                csndInit
                0x001a3004                csndExit
                0x001a3098                csndAddCmd
                0x001a3158                csndWriteCmd
                0x001a3198                csndExecCmds
                0x001a3234                CSND_SetPlayStateR
                0x001a3254                CSND_SetPlayState
                0x001a3274                CSND_SetEncoding
                0x001a3294                CSND_SetBlock
                0x001a32c4                CSND_SetLooping
                0x001a32e4                CSND_SetBit7
                0x001a3304                CSND_SetInterp
                0x001a3324                CSND_SetDuty
                0x001a3344                CSND_SetTimer
                0x001a3364                CSND_SetVol
                0x001a338c                CSND_SetAdpcmState
                0x001a33c8                CSND_SetAdpcmReload
                0x001a33e8                CSND_SetChnRegs
                0x001a3428                CSND_SetChnRegsPSG
                0x001a3458                CSND_SetChnRegsNoise
                0x001a3480                CSND_CapEnable
                0x001a34a0                CSND_CapSetRepeat
                0x001a34c8                CSND_CapSetFormat
                0x001a34ec                CSND_CapSetBit2
                0x001a3510                CSND_CapSetTimer
                0x001a3534                CSND_CapSetBuffer
                0x001a3560                CSND_SetCapRegs
                0x001a3594                CSND_SetDspFlags
                0x001a35b0                CSND_UpdateInfo
                0x001a35cc                csndPlaySound
                0x001a3818                csndGetDspFlags
                0x001a3870                csndGetChnInfo
                0x001a38b0                csndGetCapInfo
                0x001a38d8                csndGetState
                0x001a3958                csndIsPlaying
 .text          0x001a3980      0xd4c c:/devkitPro/libctru/lib\libctru.a(fs.o)
                0x001a3980                FS_makePath
                0x001a39ac                fsExit
                0x001a39d0                fsGetSessionHandle
                0x001a39dc                FSUSER_Initialize
                0x001a3a50                fsInit
                0x001a3abc                FSUSER_OpenFile
                0x001a3b68                FSUSER_OpenFileDirectly
                0x001a3c34                FSUSER_DeleteFile
                0x001a3cbc                FSUSER_RenameFile
                0x001a3d80                FSUSER_DeleteDirectory
                0x001a3e08                FSUSER_DeleteDirectoryRecursively
                0x001a3e90                FSUSER_CreateFile
                0x001a3f28                FSUSER_CreateDirectory
                0x001a3fb4                FSUSER_RenameDirectory
                0x001a4078                FSUSER_OpenDirectory
                0x001a410c                FSUSER_OpenArchive
                0x001a4194                FSUSER_CloseArchive
                0x001a41ec                FSUSER_GetSdmcArchiveResource
                0x001a4268                FSUSER_GetNandArchiveResource
                0x001a42e4                FSUSER_IsSdmcDetected
                0x001a4330                FSUSER_GetProductInfo
                0x001a43a8                FSUSER_GetMediaType
                0x001a43f4                FSUSER_IsSdmcWritable
                0x001a4440                FSFILE_Close
                0x001a4484                FSFILE_Read
                0x001a44e0                FSFILE_Write
                0x001a4544                FSFILE_GetSize
                0x001a4584                FSFILE_SetSize
                0x001a45b0                FSFILE_GetAttributes
                0x001a45e8                FSFILE_SetAttributes
                0x001a4610                FSFILE_Flush
                0x001a4634                FSDIR_Read
                0x001a4688                FSDIR_Close
 .text          0x001a46cc      0x934 c:/devkitPro/libctru/lib\libctru.a(gsp.o)
                0x001a47b0                gspInit
                0x001a47c4                gspExit
                0x001a47dc                gspInitEventHandler
                0x001a48a8                gspExitEventHandler
                0x001a4900                gspWaitForEvent
                0x001a4958                GSPGPU_WriteHWRegs
                0x001a49c8                GSPGPU_WriteHWRegsWithMask
                0x001a4a54                GSPGPU_ReadHWRegs
                0x001a4ac4                GSPGPU_SetBufferSwap
                0x001a4b38                GSPGPU_FlushDataCache
                0x001a4b8c                GSPGPU_InvalidateDataCache
                0x001a4be0                GSPGPU_SetLcdForceBlack
                0x001a4c1c                GSPGPU_TriggerCmdReqQueue
                0x001a4c50                GSPGPU_RegisterInterruptRelayQueue
                0x001a4cbc                GSPGPU_UnregisterInterruptRelayQueue
                0x001a4cf0                GSPGPU_AcquireRight
                0x001a4d40                GSPGPU_ReleaseRight
                0x001a4d74                GSPGPU_ImportDisplayCaptureInfo
                0x001a4df8                GSPGPU_SaveVramSysArea
                0x001a4e2c                GSPGPU_RestoreVramSysArea
                0x001a4e60                GSPGPU_SubmitGxCommand
                0x001a4f6c                gspLcdInit
                0x001a4f80                gspLcdExit
                0x001a4f98                GSPLCD_PowerOffBacklight
                0x001a4fcc                GSPLCD_PowerOnBacklight
 .text          0x001a5000      0x264 c:/devkitPro/libctru/lib\libctru.a(gx.o)
                0x001a5000                GX_RequestDma
                0x001a5054                GX_SetCommandList_Last
                0x001a50bc                GX_SetMemoryFill
                0x001a5130                GX_SetDisplayTransfer
                0x001a5194                GX_SetTextureCopy
                0x001a51fc                GX_SetCommandList_First
 .text          0x001a5264      0x754 c:/devkitPro/libctru/lib\libctru.a(hid.o)
                0x001a5264                hidExit
                0x001a5334                hidWaitForEvent
                0x001a538c                hidCheckSectionUpdateTime
                0x001a53c8                hidScanInput
                0x001a5610                hidKeysHeld
                0x001a5620                hidKeysDown
                0x001a5630                hidKeysUp
                0x001a5640                hidTouchRead
                0x001a5658                hidCircleRead
                0x001a5670                hidAccelRead
                0x001a5690                hidGyroRead
                0x001a56b0                HIDUSER_GetHandles
                0x001a5740                hidInit
                0x001a5894                HIDUSER_EnableAccelerometer
                0x001a58c0                HIDUSER_DisableAccelerometer
                0x001a58ec                HIDUSER_EnableGyroscope
                0x001a5918                HIDUSER_DisableGyroscope
                0x001a5944                HIDUSER_GetGyroscopeRawToDpsCoefficient
                0x001a5980                HIDUSER_GetSoundVolume
 .text          0x001a59b8      0x3c0 c:/devkitPro/libctru/lib\libctru.a(irrst.o)
                0x001a59b8                irrstWaitForEvent
                0x001a5a04                irrstCheckSectionUpdateTime
                0x001a5a40                irrstScanInput
                0x001a5af4                irrstKeysHeld
                0x001a5b0c                irrstCstickRead
                0x001a5b24                IRRST_GetHandles
                0x001a5b74                IRRST_Initialize
                0x001a5bac                irrstInit
                0x001a5cac                IRRST_Shutdown
                0x001a5cd8                irrstExit
 .text          0x001a5d78      0x1bc c:/devkitPro/libctru/lib\libctru.a(ptm.o)
                0x001a5d78                ptmInit
                0x001a5d8c                ptmExit
                0x001a5d9c                ptmSysmInit
                0x001a5db0                ptmSysmExit
                0x001a5dc0                PTMU_GetShellState
                0x001a5e00                PTMU_GetBatteryLevel
                0x001a5e40                PTMU_GetBatteryChargeState
                0x001a5e80                PTMU_GetPedometerState
                0x001a5ec0                PTMU_GetTotalStepCount
                0x001a5f00                PTMSYSM_ConfigureNew3DSCPU
 .text          0x001a5f34       0x70 c:/devkitPro/libctru/lib\libctru.a(rbtree_find.o)
                0x001a5f34                rbtree_find
 .text          0x001a5fa4       0x14 c:/devkitPro/libctru/lib\libctru.a(rbtree_init.o)
                0x001a5fa4                rbtree_init
 .text          0x001a5fb8      0x1f4 c:/devkitPro/libctru/lib\libctru.a(rbtree_insert.o)
                0x001a619c                rbtree_insert
                0x001a61a4                rbtree_insert_multi
 .text          0x001a61ac      0x340 c:/devkitPro/libctru/lib\libctru.a(rbtree_remove.o)
                0x001a61ac                rbtree_remove
 .text          0x001a64ec       0xac c:/devkitPro/libctru/lib\libctru.a(rbtree_rotate.o)
                0x001a64ec                rbtree_rotate
 .text          0x001a6598       0xb8 c:/devkitPro/libctru/lib\libctru.a(utf8_to_utf16.o)
                0x001a6598                utf8_to_utf16
 .text          0x001a6650       0xa4 c:/devkitPro/libctru/lib\libctru.a(allocateHeaps.o)
                0x001a6650                __system_allocateHeaps
 .text          0x001a66f4       0xf4 c:/devkitPro/libctru/lib\libctru.a(initArgv.o)
                0x001a66f4                __system_initArgv
 .text          0x001a67e8       0x4c c:/devkitPro/libctru/lib\libctru.a(initSystem.o)
                0x001a67e8                __libctru_init
 *fill*         0x001a6834        0xc 
 .text          0x001a6840      0x460 c:/devkitPro/libctru/lib\libctru.a(svc.o)
                0x001a6840                svcControlMemory
                0x001a6860                svcQueryMemory
                0x001a6890                svcExitProcess
                0x001a6898                svcCreateThread
                0x001a68b8                svcExitThread
                0x001a68c0                svcSleepThread
                0x001a68c8                svcGetThreadPriority
                0x001a68dc                svcSetThreadPriority
                0x001a68e4                svcGetThreadAffinityMask
                0x001a68ec                svcSetThreadAffinityMask
                0x001a68f4                svcGetThreadIdealProcessor
                0x001a6908                svcSetThreadIdealProcessor
                0x001a6910                svcGetProcessorID
                0x001a6918                svcCreateMutex
                0x001a692c                svcReleaseMutex
                0x001a6934                svcCreateSemaphore
                0x001a6948                svcReleaseSemaphore
                0x001a695c                svcCreateEvent
                0x001a6970                svcSignalEvent
                0x001a6978                svcClearEvent
                0x001a6980                svcCreateTimer
                0x001a6994                svcSetTimer
                0x001a699c                svcCancelTimer
                0x001a69a4                svcClearTimer
                0x001a69ac                svcCreateMemoryBlock
                0x001a69c4                svcMapMemoryBlock
                0x001a69cc                svcUnmapMemoryBlock
                0x001a69d4                svcCreateAddressArbiter
                0x001a69e8                svcArbitrateAddress
                0x001a6a08                svcCloseHandle
                0x001a6a10                svcWaitSynchronization
                0x001a6a18                svcWaitSynchronizationN
                0x001a6a40                svcDuplicateHandle
                0x001a6a54                svcGetSystemTick
                0x001a6a5c                svcGetSystemInfo
                0x001a6a74                svcGetProcessInfo
                0x001a6a8c                svcGetThreadInfo
                0x001a6aa4                svcConnectToPort
                0x001a6ab8                svcSendSyncRequest
                0x001a6ac0                svcOpenProcess
                0x001a6ad4                svcOpenThread
                0x001a6ae8                svcGetProcessId
                0x001a6afc                svcGetProcessIdOfThread
                0x001a6b10                svcGetThreadId
                0x001a6b24                svcBreak
                0x001a6b2c                svcOutputDebugString
                0x001a6b34                svcCreatePort
                0x001a6b54                svcAcceptSession
                0x001a6b6c                svcReplyAndReceive
                0x001a6b84                svcInvalidateProcessDataCache
                0x001a6b8c                svcFlushProcessDataCache
                0x001a6b94                svcStartInterProcessDma
                0x001a6bb4                svcStopDma
                0x001a6bbc                svcGetDmaState
                0x001a6bd0                svcDebugActiveProcess
                0x001a6be4                svcBreakDebugProcess
                0x001a6bec                svcTerminateDebugProcess
                0x001a6bf4                svcGetProcessDebugEvent
                0x001a6bfc                svcContinueDebugEvent
                0x001a6c04                svcGetProcessList
                0x001a6c24                svcReadProcessMemory
                0x001a6c2c                svcWriteProcessMemory
                0x001a6c34                svcControlProcessMemory
                0x001a6c4c                svcMapProcessMemory
                0x001a6c54                svcUnmapProcessMemory
                0x001a6c5c                svcTerminateProcess
                0x001a6c64                svcBackdoor
                0x001a6c6c                svcKernelSetState
                0x001a6c74                svcQueryProcessMemory
 .text          0x001a6ca0       0x64 c:/devkitPro/libctru/lib\libctru.a(stack_adjust.o)
                0x001a6ca0                initSystem
                0x001a6ce4                __ctru_exit
 .text          0x001a6d04      0x178 c:/devkitPro/libctru/lib\libctru.a(mappable.o)
                0x001a6d2c                mappableAlloc
                0x001a6e20                mappableFree
                0x001a6e70                mappableSpaceFree
 .text          0x001a6e7c      0x118 c:/devkitPro/libctru/lib\libctru.a(rbtree_iterator.o)
                0x001a6e7c                rbtree_node_next
                0x001a6f08                rbtree_node_prev
 .text          0x001a6f94      0x138 c:/devkitPro/libctru/lib\libctru.a(decode_utf8.o)
                0x001a6f94                decode_utf8
 .text          0x001a70cc       0x68 c:/devkitPro/libctru/lib\libctru.a(encode_utf16.o)
                0x001a70cc                encode_utf16
 .text          0x001a7134       0x1c c:/devkitPro/libctru/lib\libctru.a(appExit.o)
                0x001a7134                __appExit
 .text          0x001a7150       0x1c c:/devkitPro/libctru/lib\libctru.a(appInit.o)
                0x001a7150                __appInit
 .text          0x001a716c       0x90 c:/devkitPro/libctru/lib\libctru.a(ctru_exit.o)
                0x001a716c                __libctru_exit
 .text          0x001a71fc      0xffc c:/devkitPro/libctru/lib\libctru.a(sdmc_dev.o)
                0x001a8078                sdmcInit
                0x001a81a8                sdmcExit
 .text          0x001a81f8       0xe8 c:/devkitPro/libctru/lib\libctru.a(utf16_to_utf8.o)
                0x001a81f8                utf16_to_utf8
 .text          0x001a82e0       0x60 c:/devkitPro/libctru/lib\libctru.a(decode_utf16.o)
                0x001a82e0                decode_utf16
 .text          0x001a8340      0x104 c:/devkitPro/libctru/lib\libctru.a(encode_utf8.o)
                0x001a8340                encode_utf8
 .text          0x001a8444        0x0 c:/devkitpro/devkitarm/bin/../lib/gcc/arm-none-eabi/4.9.2/../../../../arm-none-eabi/lib/armv6k/fpu\libm.a(lib_a-sf_cos.o)
 .text          0x001a8444        0x0 c:/devkitpro/devkitarm/bin/../lib/gcc/arm-none-eabi/4.9.2/../../../../arm-none-eabi/lib/armv6k/fpu\libm.a(lib_a-s_floor.o)
 .text          0x001a8444        0x0 c:/devkitpro/devkitarm/bin/../lib/gcc/arm-none-eabi/4.9.2/../../../../arm-none-eabi/lib/armv6k/fpu\libm.a(lib_a-s_frexp.o)
 .text          0x001a8444        0x0 c:/devkitpro/devkitarm/bin/../lib/gcc/arm-none-eabi/4.9.2/../../../../arm-none-eabi/lib/armv6k/fpu\libm.a(lib_a-sf_sin.o)
 .text          0x001a8444        0x0 c:/devkitpro/devkitarm/bin/../lib/gcc/arm-none-eabi/4.9.2/../../../../arm-none-eabi/lib/armv6k/fpu\libm.a(lib_a-s_modf.o)
 .text          0x001a8444        0x0 c:/devkitpro/devkitarm/bin/../lib/gcc/arm-none-eabi/4.9.2/../../../../arm-none-eabi/lib/armv6k/fpu\libm.a(lib_a-w_pow.o)
 .text          0x001a8444        0x0 c:/devkitpro/devkitarm/bin/../lib/gcc/arm-none-eabi/4.9.2/../../../../arm-none-eabi/lib/armv6k/fpu\libm.a(lib_a-ef_rem_pio2.o)
 .text          0x001a8444        0x0 c:/devkitpro/devkitarm/bin/../lib/gcc/arm-none-eabi/4.9.2/../../../../arm-none-eabi/lib/armv6k/fpu\libm.a(lib_a-e_pow.o)
 .text          0x001a8444        0x0 c:/devkitpro/devkitarm/bin/../lib/gcc/arm-none-eabi/4.9.2/../../../../arm-none-eabi/lib/armv6k/fpu\libm.a(lib_a-e_sqrt.o)
 .text          0x001a8444        0x0 c:/devkitpro/devkitarm/bin/../lib/gcc/arm-none-eabi/4.9.2/../../../../arm-none-eabi/lib/armv6k/fpu\libm.a(lib_a-kf_cos.o)
 .text          0x001a8444        0x0 c:/devkitpro/devkitarm/bin/../lib/gcc/arm-none-eabi/4.9.2/../../../../arm-none-eabi/lib/armv6k/fpu\libm.a(lib_a-kf_rem_pio2.o)
 .text          0x001a8444        0x0 c:/devkitpro/devkitarm/bin/../lib/gcc/arm-none-eabi/4.9.2/../../../../arm-none-eabi/lib/armv6k/fpu\libm.a(lib_a-kf_sin.o)
 .text          0x001a8444        0x0 c:/devkitpro/devkitarm/bin/../lib/gcc/arm-none-eabi/4.9.2/../../../../arm-none-eabi/lib/armv6k/fpu\libm.a(lib_a-s_fabs.o)
 .text          0x001a8444        0x0 c:/devkitpro/devkitarm/bin/../lib/gcc/arm-none-eabi/4.9.2/../../../../arm-none-eabi/lib/armv6k/fpu\libm.a(lib_a-sf_fabs.o)
 .text          0x001a8444        0x0 c:/devkitpro/devkitarm/bin/../lib/gcc/arm-none-eabi/4.9.2/../../../../arm-none-eabi/lib/armv6k/fpu\libm.a(lib_a-sf_floor.o)
 .text          0x001a8444        0x0 c:/devkitpro/devkitarm/bin/../lib/gcc/arm-none-eabi/4.9.2/../../../../arm-none-eabi/lib/armv6k/fpu\libm.a(lib_a-s_finite.o)
 .text          0x001a8444        0x0 c:/devkitpro/devkitarm/bin/../lib/gcc/arm-none-eabi/4.9.2/../../../../arm-none-eabi/lib/armv6k/fpu\libm.a(lib_a-s_fpclassify.o)
 .text          0x001a8444        0x0 c:/devkitpro/devkitarm/bin/../lib/gcc/arm-none-eabi/4.9.2/../../../../arm-none-eabi/lib/armv6k/fpu\libm.a(lib_a-sf_scalbn.o)
 .text          0x001a8444        0x0 c:/devkitpro/devkitarm/bin/../lib/gcc/arm-none-eabi/4.9.2/../../../../arm-none-eabi/lib/armv6k/fpu\libm.a(lib_a-s_lib_ver.o)
 .text          0x001a8444        0x0 c:/devkitpro/devkitarm/bin/../lib/gcc/arm-none-eabi/4.9.2/../../../../arm-none-eabi/lib/armv6k/fpu\libm.a(lib_a-s_matherr.o)
 .text          0x001a8444        0x0 c:/devkitpro/devkitarm/bin/../lib/gcc/arm-none-eabi/4.9.2/../../../../arm-none-eabi/lib/armv6k/fpu\libm.a(lib_a-s_nan.o)
 .text          0x001a8444        0x0 c:/devkitpro/devkitarm/bin/../lib/gcc/arm-none-eabi/4.9.2/../../../../arm-none-eabi/lib/armv6k/fpu\libm.a(lib_a-s_rint.o)
 .text          0x001a8444        0x0 c:/devkitpro/devkitarm/bin/../lib/gcc/arm-none-eabi/4.9.2/../../../../arm-none-eabi/lib/armv6k/fpu\libm.a(lib_a-s_scalbn.o)
 .text          0x001a8444        0x0 c:/devkitpro/devkitarm/bin/../lib/gcc/arm-none-eabi/4.9.2/../../../../arm-none-eabi/lib/armv6k/fpu\libm.a(lib_a-s_copysign.o)
 .text          0x001a8444        0x0 c:/devkitpro/devkitarm/bin/../lib/gcc/arm-none-eabi/4.9.2/../../../../arm-none-eabi/lib/armv6k/fpu\libm.a(lib_a-sf_copysign.o)
 .text          0x001a8444      0x20c c:/devkitpro/devkitarm/bin/../lib/gcc/arm-none-eabi/4.9.2/armv6k/fpu\libgcc.a(_udivsi3.o)
                0x001a8444                __aeabi_uidiv
                0x001a8444                __udivsi3
                0x001a8630                __aeabi_uidivmod
 .text          0x001a8650      0x240 c:/devkitpro/devkitarm/bin/../lib/gcc/arm-none-eabi/4.9.2/armv6k/fpu\libgcc.a(_divsi3.o)
                0x001a8650                __divsi3
                0x001a8650                __aeabi_idiv
                0x001a8870                __aeabi_idivmod
 .text          0x001a8890        0x4 c:/devkitpro/devkitarm/bin/../lib/gcc/arm-none-eabi/4.9.2/armv6k/fpu\libgcc.a(_dvmd_tls.o)
                0x001a8890                __aeabi_idiv0
                0x001a8890                __aeabi_ldiv0
 .text          0x001a8894      0x250 c:/devkitpro/devkitarm/bin/../lib/gcc/arm-none-eabi/4.9.2/armv6k/fpu\libgcc.a(_arm_addsubsf3.o)
                0x001a8894                __aeabi_frsub
                0x001a889c                __subsf3
                0x001a889c                __aeabi_fsub
                0x001a88a0                __aeabi_fadd
                0x001a88a0                __addsf3
                0x001a8a30                __aeabi_ui2f
                0x001a8a30                __floatunsisf
                0x001a8a38                __aeabi_i2f
                0x001a8a38                __floatsisf
                0x001a8a58                __aeabi_ul2f
                0x001a8a58                __floatundisf
                0x001a8a68                __aeabi_l2f
                0x001a8a68                __floatdisf
 .text          0x001a8ae4       0x44 c:/devkitpro/devkitarm/bin/../lib/gcc/arm-none-eabi/4.9.2/armv6k/fpu\libgcc.a(_popcountsi2.o)
                0x001a8ae4                __popcountsi2
 .text          0x001a8b28        0x0 c:/devkitpro/devkitarm/bin/../lib/gcc/arm-none-eabi/4.9.2/../../../../arm-none-eabi/lib/armv6k/fpu\libg.a(lib_a-abort.o)
 .text          0x001a8b28        0x0 c:/devkitpro/devkitarm/bin/../lib/gcc/arm-none-eabi/4.9.2/../../../../arm-none-eabi/lib/armv6k/fpu\libg.a(lib_a-atof.o)
 .text          0x001a8b28        0x0 c:/devkitpro/devkitarm/bin/../lib/gcc/arm-none-eabi/4.9.2/../../../../arm-none-eabi/lib/armv6k/fpu\libg.a(lib_a-atol.o)
 .text          0x001a8b28        0x0 c:/devkitpro/devkitarm/bin/../lib/gcc/arm-none-eabi/4.9.2/../../../../arm-none-eabi/lib/armv6k/fpu\libg.a(lib_a-bsearch.o)
 .text          0x001a8b28        0x0 c:/devkitpro/devkitarm/bin/../lib/gcc/arm-none-eabi/4.9.2/../../../../arm-none-eabi/lib/armv6k/fpu\libg.a(lib_a-errno.o)
 .text          0x001a8b28        0x0 c:/devkitpro/devkitarm/bin/../lib/gcc/arm-none-eabi/4.9.2/../../../../arm-none-eabi/lib/armv6k/fpu\libg.a(lib_a-fclose.o)
 .text          0x001a8b28        0x0 c:/devkitpro/devkitarm/bin/../lib/gcc/arm-none-eabi/4.9.2/../../../../arm-none-eabi/lib/armv6k/fpu\libg.a(lib_a-fflush.o)
 .text          0x001a8b28        0x0 c:/devkitpro/devkitarm/bin/../lib/gcc/arm-none-eabi/4.9.2/../../../../arm-none-eabi/lib/armv6k/fpu\libg.a(lib_a-findfp.o)
 .text          0x001a8b28        0x0 c:/devkitpro/devkitarm/bin/../lib/gcc/arm-none-eabi/4.9.2/../../../../arm-none-eabi/lib/armv6k/fpu\libg.a(lib_a-fini.o)
 .text          0x001a8b28        0x0 c:/devkitpro/devkitarm/bin/../lib/gcc/arm-none-eabi/4.9.2/../../../../arm-none-eabi/lib/armv6k/fpu\libg.a(lib_a-fopen.o)
 .text          0x001a8b28        0x0 c:/devkitpro/devkitarm/bin/../lib/gcc/arm-none-eabi/4.9.2/../../../../arm-none-eabi/lib/armv6k/fpu\libg.a(lib_a-fprintf.o)
 .text          0x001a8b28        0x0 c:/devkitpro/devkitarm/bin/../lib/gcc/arm-none-eabi/4.9.2/../../../../arm-none-eabi/lib/armv6k/fpu\libg.a(lib_a-fputc.o)
 .text          0x001a8b28        0x0 c:/devkitpro/devkitarm/bin/../lib/gcc/arm-none-eabi/4.9.2/../../../../arm-none-eabi/lib/armv6k/fpu\libg.a(lib_a-fread.o)
 .text          0x001a8b28        0x0 c:/devkitpro/devkitarm/bin/../lib/gcc/arm-none-eabi/4.9.2/../../../../arm-none-eabi/lib/armv6k/fpu\libg.a(lib_a-freer.o)
 .text          0x001a8b28        0x0 c:/devkitpro/devkitarm/bin/../lib/gcc/arm-none-eabi/4.9.2/../../../../arm-none-eabi/lib/armv6k/fpu\libg.a(lib_a-fseek.o)
 .text          0x001a8b28        0x0 c:/devkitpro/devkitarm/bin/../lib/gcc/arm-none-eabi/4.9.2/../../../../arm-none-eabi/lib/armv6k/fpu\libg.a(lib_a-fseeko.o)
 .text          0x001a8b28        0x0 c:/devkitpro/devkitarm/bin/../lib/gcc/arm-none-eabi/4.9.2/../../../../arm-none-eabi/lib/armv6k/fpu\libg.a(lib_a-ftell.o)
 .text          0x001a8b28        0x0 c:/devkitpro/devkitarm/bin/../lib/gcc/arm-none-eabi/4.9.2/../../../../arm-none-eabi/lib/armv6k/fpu\libg.a(lib_a-ftello.o)
 .text          0x001a8b28        0x0 c:/devkitpro/devkitarm/bin/../lib/gcc/arm-none-eabi/4.9.2/../../../../arm-none-eabi/lib/armv6k/fpu\libg.a(lib_a-fwalk.o)
 .text          0x001a8b28        0x0 c:/devkitpro/devkitarm/bin/../lib/gcc/arm-none-eabi/4.9.2/../../../../arm-none-eabi/lib/armv6k/fpu\libg.a(lib_a-fwrite.o)
 .text          0x001a8b28        0x0 c:/devkitpro/devkitarm/bin/../lib/gcc/arm-none-eabi/4.9.2/../../../../arm-none-eabi/lib/armv6k/fpu\libg.a(lib_a-gmtime.o)
 .text          0x001a8b28        0x0 c:/devkitpro/devkitarm/bin/../lib/gcc/arm-none-eabi/4.9.2/../../../../arm-none-eabi/lib/armv6k/fpu\libg.a(lib_a-gmtime_r.o)
 .text          0x001a8b28        0x0 c:/devkitpro/devkitarm/bin/../lib/gcc/arm-none-eabi/4.9.2/../../../../arm-none-eabi/lib/armv6k/fpu\libg.a(lib_a-impure.o)
 .text          0x001a8b28        0x0 c:/devkitpro/devkitarm/bin/../lib/gcc/arm-none-eabi/4.9.2/../../../../arm-none-eabi/lib/armv6k/fpu\libg.a(lib_a-init.o)
 .text          0x001a8b28        0x0 c:/devkitpro/devkitarm/bin/../lib/gcc/arm-none-eabi/4.9.2/../../../../arm-none-eabi/lib/armv6k/fpu\libg.a(lib_a-makebuf.o)
 .text          0x001a8b28        0x0 c:/devkitpro/devkitarm/bin/../lib/gcc/arm-none-eabi/4.9.2/../../../../arm-none-eabi/lib/armv6k/fpu\libg.a(lib_a-malloc.o)
 .text          0x001a8b28        0x0 c:/devkitpro/devkitarm/bin/../lib/gcc/arm-none-eabi/4.9.2/../../../../arm-none-eabi/lib/armv6k/fpu\libg.a(lib_a-mallocr.o)
 .text          0x001a8b28        0x0 c:/devkitpro/devkitarm/bin/../lib/gcc/arm-none-eabi/4.9.2/../../../../arm-none-eabi/lib/armv6k/fpu\libg.a(lib_a-memchr.o)
 .text          0x001a8b28        0x0 c:/devkitpro/devkitarm/bin/../lib/gcc/arm-none-eabi/4.9.2/../../../../arm-none-eabi/lib/armv6k/fpu\libg.a(lib_a-memcmp.o)
 .text          0x001a8b28        0x0 c:/devkitpro/devkitarm/bin/../lib/gcc/arm-none-eabi/4.9.2/../../../../arm-none-eabi/lib/armv6k/fpu\libg.a(lib_a-memcpy.o)
 .text          0x001a8b28        0x0 c:/devkitpro/devkitarm/bin/../lib/gcc/arm-none-eabi/4.9.2/../../../../arm-none-eabi/lib/armv6k/fpu\libg.a(lib_a-memmove.o)
 .text          0x001a8b28        0x0 c:/devkitpro/devkitarm/bin/../lib/gcc/arm-none-eabi/4.9.2/../../../../arm-none-eabi/lib/armv6k/fpu\libg.a(lib_a-memset.o)
 .text          0x001a8b28        0x0 c:/devkitpro/devkitarm/bin/../lib/gcc/arm-none-eabi/4.9.2/../../../../arm-none-eabi/lib/armv6k/fpu\libg.a(lib_a-mlock.o)
 .text          0x001a8b28        0x0 c:/devkitpro/devkitarm/bin/../lib/gcc/arm-none-eabi/4.9.2/../../../../arm-none-eabi/lib/armv6k/fpu\libg.a(lib_a-month_lengths.o)
 .text          0x001a8b28        0x0 c:/devkitpro/devkitarm/bin/../lib/gcc/arm-none-eabi/4.9.2/../../../../arm-none-eabi/lib/armv6k/fpu\libg.a(lib_a-putc.o)
 .text          0x001a8b28        0x0 c:/devkitpro/devkitarm/bin/../lib/gcc/arm-none-eabi/4.9.2/../../../../arm-none-eabi/lib/armv6k/fpu\libg.a(lib_a-qsort.o)
 .text          0x001a8b28        0x0 c:/devkitpro/devkitarm/bin/../lib/gcc/arm-none-eabi/4.9.2/../../../../arm-none-eabi/lib/armv6k/fpu\libg.a(lib_a-realloc.o)
 .text          0x001a8b28        0x0 c:/devkitpro/devkitarm/bin/../lib/gcc/arm-none-eabi/4.9.2/../../../../arm-none-eabi/lib/armv6k/fpu\libg.a(lib_a-reallocr.o)
 .text          0x001a8b28        0x0 c:/devkitpro/devkitarm/bin/../lib/gcc/arm-none-eabi/4.9.2/../../../../arm-none-eabi/lib/armv6k/fpu\libg.a(lib_a-refill.o)
 .text          0x001a8b28        0x0 c:/devkitpro/devkitarm/bin/../lib/gcc/arm-none-eabi/4.9.2/../../../../arm-none-eabi/lib/armv6k/fpu\libg.a(lib_a-remove.o)
 .text          0x001a8b28       0x2c c:/devkitpro/devkitarm/bin/../lib/gcc/arm-none-eabi/4.9.2/../../../../arm-none-eabi/lib/armv6k/fpu\libg.a(lib_a-setjmp.o)
                0x001a8b28                setjmp
                0x001a8b3c                longjmp
 .text          0x001a8b54        0x0 c:/devkitpro/devkitarm/bin/../lib/gcc/arm-none-eabi/4.9.2/../../../../arm-none-eabi/lib/armv6k/fpu\libg.a(lib_a-signal.o)
 .text          0x001a8b54        0x0 c:/devkitpro/devkitarm/bin/../lib/gcc/arm-none-eabi/4.9.2/../../../../arm-none-eabi/lib/armv6k/fpu\libg.a(lib_a-snprintf.o)
 .text          0x001a8b54        0x0 c:/devkitpro/devkitarm/bin/../lib/gcc/arm-none-eabi/4.9.2/../../../../arm-none-eabi/lib/armv6k/fpu\libg.a(lib_a-sprintf.o)
 .text          0x001a8b54        0x0 c:/devkitpro/devkitarm/bin/../lib/gcc/arm-none-eabi/4.9.2/../../../../arm-none-eabi/lib/armv6k/fpu\libg.a(lib_a-stdio.o)
 .text          0x001a8b54        0x0 c:/devkitpro/devkitarm/bin/../lib/gcc/arm-none-eabi/4.9.2/../../../../arm-none-eabi/lib/armv6k/fpu\libg.a(lib_a-strchr.o)
 *fill*         0x001a8b54        0xc 
 .text          0x001a8b60      0x3a0 c:/devkitpro/devkitarm/bin/../lib/gcc/arm-none-eabi/4.9.2/../../../../arm-none-eabi/lib/armv6k/fpu\libg.a(lib_a-strcmp.o)
                0x001a8b68                strcmp
 .text          0x001a8f00        0x0 c:/devkitpro/devkitarm/bin/../lib/gcc/arm-none-eabi/4.9.2/../../../../arm-none-eabi/lib/armv6k/fpu\libg.a(lib_a-strcpy.o)
 .text          0x001a8f00        0x0 c:/devkitpro/devkitarm/bin/../lib/gcc/arm-none-eabi/4.9.2/../../../../arm-none-eabi/lib/armv6k/fpu\libg.a(lib_a-strerror.o)
 .text          0x001a8f00        0x0 c:/devkitpro/devkitarm/bin/../lib/gcc/arm-none-eabi/4.9.2/../../../../arm-none-eabi/lib/armv6k/fpu\libg.a(lib_a-strlen.o)
 .text          0x001a8f00        0x0 c:/devkitpro/devkitarm/bin/../lib/gcc/arm-none-eabi/4.9.2/../../../../arm-none-eabi/lib/armv6k/fpu\libg.a(lib_a-strncat.o)
 .text          0x001a8f00        0x0 c:/devkitpro/devkitarm/bin/../lib/gcc/arm-none-eabi/4.9.2/../../../../arm-none-eabi/lib/armv6k/fpu\libg.a(lib_a-strncmp.o)
 .text          0x001a8f00        0x0 c:/devkitpro/devkitarm/bin/../lib/gcc/arm-none-eabi/4.9.2/../../../../arm-none-eabi/lib/armv6k/fpu\libg.a(lib_a-strncpy.o)
 .text          0x001a8f00        0x0 c:/devkitpro/devkitarm/bin/../lib/gcc/arm-none-eabi/4.9.2/../../../../arm-none-eabi/lib/armv6k/fpu\libg.a(lib_a-strrchr.o)