Archive member included to satisfy reference by file (symbol)

c:/devkitPro/libctru/lib\libsfil.a(sfil_png.o)
                              main.o (sfil_load_PNG_buffer)
c:/devkitPro/portlibs/armv6k/lib\libpng.a(png.o)
                              c:/devkitPro/libctru/lib\libsfil.a(sfil_png.o) (png_set_sig_bytes)
c:/devkitPro/portlibs/armv6k/lib\libpng.a(pngerror.o)
                              c:/devkitPro/portlibs/armv6k/lib\libpng.a(png.o) (png_safecat)
c:/devkitPro/portlibs/armv6k/lib\libpng.a(pngget.o)
                              c:/devkitPro/libctru/lib\libsfil.a(sfil_png.o) (png_get_valid)
c:/devkitPro/portlibs/armv6k/lib\libpng.a(pngmem.o)
                              c:/devkitPro/portlibs/armv6k/lib\libpng.a(png.o) (png_calloc)
c:/devkitPro/portlibs/armv6k/lib\libpng.a(pngread.o)
                              c:/devkitPro/libctru/lib\libsfil.a(sfil_png.o) (png_create_read_struct)
c:/devkitPro/portlibs/armv6k/lib\libpng.a(pngrio.o)
                              c:/devkitPro/libctru/lib\libsfil.a(sfil_png.o) (png_set_read_fn)
c:/devkitPro/portlibs/armv6k/lib\libpng.a(pngrtran.o)
                              c:/devkitPro/portlibs/armv6k/lib\libpng.a(pngread.o) (png_set_background_fixed)
c:/devkitPro/portlibs/armv6k/lib\libpng.a(pngrutil.o)
                              c:/devkitPro/portlibs/armv6k/lib\libpng.a(pngread.o) (png_read_sig)
c:/devkitPro/portlibs/armv6k/lib\libpng.a(pngset.o)
                              c:/devkitPro/portlibs/armv6k/lib\libpng.a(pngrutil.o) (png_set_bKGD)
c:/devkitPro/portlibs/armv6k/lib\libpng.a(pngtrans.o)
                              c:/devkitPro/portlibs/armv6k/lib\libpng.a(pngread.o) (png_set_bgr)
c:/devkitPro/portlibs/armv6k/lib\libpng.a(pngwrite.o)
                              c:/devkitPro/portlibs/armv6k/lib\libpng.a(png.o) (png_destroy_write_struct)
c:/devkitPro/portlibs/armv6k/lib\libpng.a(pngwtran.o)
                              c:/devkitPro/portlibs/armv6k/lib\libpng.a(pngwrite.o) (png_do_write_transformations)
c:/devkitPro/portlibs/armv6k/lib\libpng.a(pngwutil.o)
                              c:/devkitPro/portlibs/armv6k/lib\libpng.a(png.o) (png_save_uint_32)
c:/devkitPro/portlibs/armv6k/lib\libpng.a(pngwio.o)
                              c:/devkitPro/portlibs/armv6k/lib\libpng.a(pngwutil.o) (png_write_data)
c:/devkitPro/libctru/lib\libsftd.a(sftd.o)
                              main.o (sftd_init)
c:/devkitPro/libctru/lib\libsftd.a(texture_atlas.o)
                              c:/devkitPro/libctru/lib\libsftd.a(sftd.o) (texture_atlas_create)
c:/devkitPro/libctru/lib\libsftd.a(bin_packing_2d.o)
                              c:/devkitPro/libctru/lib\libsftd.a(texture_atlas.o) (bp2d_create)
c:/devkitPro/libctru/lib\libsftd.a(int_htab.o)
                              c:/devkitPro/libctru/lib\libsftd.a(texture_atlas.o) (int_htab_create)
c:/devkitPro/portlibs/armv6k/lib\libfreetype.a(ftinit.o)
                              c:/devkitPro/libctru/lib\libsftd.a(sftd.o) (FT_Init_FreeType)
c:/devkitPro/portlibs/armv6k/lib\libfreetype.a(ftbase.o)
                              c:/devkitPro/libctru/lib\libsftd.a(sftd.o) (FT_Get_Kerning)
c:/devkitPro/portlibs/armv6k/lib\libfreetype.a(truetype.o)
                              c:/devkitPro/portlibs/armv6k/lib\libfreetype.a(ftinit.o) (tt_driver_class)
c:/devkitPro/portlibs/armv6k/lib\libfreetype.a(type1.o)
                              c:/devkitPro/portlibs/armv6k/lib\libfreetype.a(ftinit.o) (t1_driver_class)
c:/devkitPro/portlibs/armv6k/lib\libfreetype.a(cff.o)
                              c:/devkitPro/portlibs/armv6k/lib\libfreetype.a(ftinit.o) (cff_driver_class)
c:/devkitPro/portlibs/armv6k/lib\libfreetype.a(type1cid.o)
                              c:/devkitPro/portlibs/armv6k/lib\libfreetype.a(ftinit.o) (t1cid_driver_class)
c:/devkitPro/portlibs/armv6k/lib\libfreetype.a(pfr.o)
                              c:/devkitPro/portlibs/armv6k/lib\libfreetype.a(ftinit.o) (pfr_driver_class)
c:/devkitPro/portlibs/armv6k/lib\libfreetype.a(type42.o)
                              c:/devkitPro/portlibs/armv6k/lib\libfreetype.a(ftinit.o) (t42_driver_class)
c:/devkitPro/portlibs/armv6k/lib\libfreetype.a(winfnt.o)
                              c:/devkitPro/portlibs/armv6k/lib\libfreetype.a(ftinit.o) (winfnt_driver_class)
c:/devkitPro/portlibs/armv6k/lib\libfreetype.a(pcf.o)
                              c:/devkitPro/portlibs/armv6k/lib\libfreetype.a(ftinit.o) (pcf_driver_class)
c:/devkitPro/portlibs/armv6k/lib\libfreetype.a(bdf.o)
                              c:/devkitPro/portlibs/armv6k/lib\libfreetype.a(ftinit.o) (bdf_driver_class)
c:/devkitPro/portlibs/armv6k/lib\libfreetype.a(sfnt.o)
                              c:/devkitPro/portlibs/armv6k/lib\libfreetype.a(ftinit.o) (sfnt_module_class)
c:/devkitPro/portlibs/armv6k/lib\libfreetype.a(autofit.o)
                              c:/devkitPro/portlibs/armv6k/lib\libfreetype.a(ftinit.o) (autofit_module_class)
c:/devkitPro/portlibs/armv6k/lib\libfreetype.a(pshinter.o)
[...]
Memory Configuration

Name             Origin             Length             Attributes
*default*        0x00000000         0xffffffff

Linker script and memory map

                0x00100000                . = 0x100000
                0x00100000                __start__ = .

.text           0x00100000    0xd2e1c
 *(.crt0)
 .crt0          0x00100000       0x94 c:/devkitpro/devkitarm/bin/../lib/gcc/arm-none-eabi/4.9.2/../../../../arm-none-eabi/lib/armv6k/fpu/3dsx_crt0.o
                0x00100000                _start
                0x00100008                __service_ptr
                0x0010000c                __apt_appid
                0x00100010                __heap_size
                0x00100014                __linear_heap_size
                0x00100018                __system_arglist
                0x0010001c                __system_runflags
 *(.init)
 .init          0x00100094        0xc c:/devkitpro/devkitarm/bin/../lib/gcc/arm-none-eabi/4.9.2/armv6k/fpu/crti.o
                0x00100094                _init
 .init          0x001000a0        0xc c:/devkitpro/devkitarm/bin/../lib/gcc/arm-none-eabi/4.9.2/armv6k/fpu/crtn.o
                0x001000ac                . = ALIGN (0x4)
 *(.text)
 .text          0x001000ac        0x0 c:/devkitpro/devkitarm/bin/../lib/gcc/arm-none-eabi/4.9.2/../../../../arm-none-eabi/lib/armv6k/fpu/3dsx_crt0.o
 .text          0x001000ac        0x0 c:/devkitpro/devkitarm/bin/../lib/gcc/arm-none-eabi/4.9.2/armv6k/fpu/crti.o
 .text          0x001000ac      0x108 c:/devkitpro/devkitarm/bin/../lib/gcc/arm-none-eabi/4.9.2/armv6k/fpu/crtbegin.o
 .text          0x001001b4        0x0 eightbit.ttf.o
 .text          0x001001b4        0x0 friskBack0.png.o
 .text          0x001001b4        0x0 friskBack1.png.o
 .text          0x001001b4        0x0 friskBack2.png.o
 .text          0x001001b4        0x0 friskBack3.png.o
 .text          0x001001b4        0x0 friskFace0.png.o
 .text          0x001001b4        0x0 friskFace1.png.o
 .text          0x001001b4        0x0 friskFace2.png.o
 .text          0x001001b4        0x0 friskFace3.png.o
 .text          0x001001b4        0x0 friskLeft0.png.o
 .text          0x001001b4        0x0 friskLeft1.png.o
 .text          0x001001b4        0x0 friskRight0.png.o
 .text          0x001001b4        0x0 friskRight1.png.o
 .text          0x001001b4        0x0 torielHouse-old.png.o
 .text          0x001001b4        0x0 torielHouse1.png.o
 .text          0x001001b4        0x0 torielHouse2.png.o
 .text          0x001001b4        0x0 torielHouse3.png.o
 .text          0x001001b4        0x0 torielHouse4.png.o
 .text          0x001001b4        0x0 torielHouse5.png.o
 .text          0x001001b4        0x0 torielHouse6.png.o
 *fill*         0x001001b4        0x4 
 .text          0x001001b8      0x1b0 main.o
                0x001001b8                render
                0x00100304                timerStep
 .text          0x00100368      0x3e8 c:/devkitPro/libctru/lib\libsfil.a(sfil_png.o)
                0x00100668                sfil_load_PNG_file
                0x00100704                sfil_load_PNG_buffer
 .text          0x00100750     0x6cc8 c:/devkitPro/portlibs/armv6k/lib\libpng.a(png.o)
                0x00100750                png_zalloc
                0x001007a8                png_zfree
                0x001010a8                png_set_sig_bytes
                0x001010e8                png_sig_cmp
                0x00101158                png_reset_crc
                0x00101178                png_calculate_crc
                0x001011cc                png_user_version_check
                0x001012cc                png_create_png_struct
                0x001013e0                png_create_info_struct
                0x00101420                png_destroy_info_struct
                0x001017a8                png_info_init_3
                0x00101800                png_data_freer
                0x0010184c                png_free_data
                0x0010185c                png_get_io_ptr
                0x00101868                png_init_io
                0x00101874                png_save_int_32
                0x00101878                png_convert_to_rfc1123_buffer
                0x00101a5c                png_convert_to_rfc1123
                0x00101c50                png_get_copyright
                0x00101c5c                png_get_libpng_ver
                0x00101c68                png_get_header_ver
                0x00101c74                png_get_header_version
                0x00101c80                png_build_grayscale_palette
                0x00101ce0                png_handle_as_unknown
                0x00101d54                png_chunk_unknown_handling
                0x00101de4                png_reset_zstream
                0x00101dfc                png_access_version_number
                0x00101e08                png_zstream_error
                0x00101eec                png_colorspace_set_gamma
                0x00102058                png_colorspace_sync_info
                0x001020c8                png_colorspace_sync
                0x00102150                png_colorspace_set_sRGB
                0x001023d4                png_icc_check_length
                0x0010256c                png_icc_check_header
                0x001028c8                png_icc_check_tag_table
                0x00102a00                png_icc_set_sRGB
                0x00102c54                png_colorspace_set_ICC
                0x0010302c                png_colorspace_set_rgb_coefficients
                0x001032d4                png_check_IHDR
                0x0010358c                png_check_fp_number
                0x00103824                png_check_fp_string
                0x00103ae4                png_ascii_from_fp
                0x00104410                png_ascii_from_fixed
                0x00104840                png_fixed
                0x001048c8                png_muldiv
                0x00104980                png_muldiv_warn
                0x00104a3c                png_reciprocal
                0x00104ac8                png_colorspace_set_endpoints
                0x00105ac8                png_colorspace_set_chromaticities
                0x0010659c                png_gamma_significant
                0x001065bc                png_reciprocal2
                0x00106678                png_gamma_8bit_correct
                0x00106700                png_gamma_16bit_correct
                0x00106794                png_gamma_correct
                0x001068a4                png_destroy_gamma_table
                0x001069d8                png_build_gamma_table
                0x00107314                png_set_option
                0x00107374                png_image_free
                0x001073b0                png_image_error
 .text          0x00107418     0x1a6c c:/devkitPro/portlibs/armv6k/lib\libpng.a(pngerror.o)
                0x00107684                png_safecat
                0x001076f8                png_format_number
                0x00107864                png_warning
                0x001079ac                png_warning_parameter
                0x00107a28                png_warning_parameter_unsigned
                0x00107abc                png_warning_parameter_signed
                0x00107b88                png_formatted_warning
                0x00107e60                png_chunk_warning
                0x0010800c                png_free_jmpbuf
                0x0010809c                png_longjmp
                0x001080c8                png_error
                0x00108128                png_app_warning
                0x00108280                png_app_error
                0x001083d8                png_chunk_error
                0x00108404                png_chunk_benign_error
                0x001085a8                png_benign_error
                0x00108878                png_fixed_error
                0x001088f8                png_set_longjmp_fn
                0x001089dc                png_chunk_report
                0x00108cb4                png_set_error_fn
                0x00108cc8                png_get_error_ptr
                0x00108cd4                png_safe_error
                0x00108d78                png_safe_warning
                0x00108dec                png_safe_execute
 *fill*         0x00108e84        0x4 
 .text          0x00108e88     0x12d0 c:/devkitPro/portlibs/armv6k/lib\libpng.a(pngget.o)
                0x00108e88                png_get_valid
                0x00108ea4                png_get_rowbytes
                0x00108ebc                png_get_rows
                0x00108ed4                png_get_image_width
                0x00108eec                png_get_image_height
                0x00108f04                png_get_bit_depth
                0x00108f1c                png_get_color_type
                0x00108f34                png_get_filter_type
                0x00108f4c                png_get_interlace_type
                0x00108f64                png_get_compression_type
                0x00108f7c                png_get_x_pixels_per_meter
                0x00108fb0                png_get_y_pixels_per_meter
                0x00108fe4                png_get_pixels_per_meter
                0x00109030                png_get_pixel_aspect_ratio
                0x00109078                png_get_pixel_aspect_ratio_fixed
                0x00109108                png_get_x_offset_microns
                0x0010913c                png_get_y_offset_microns
                0x00109170                png_get_x_offset_pixels
                0x001091a4                png_get_y_offset_pixels
                0x001091d8                png_get_pixels_per_inch
                0x00109264                png_get_x_pixels_per_inch
                0x001092e0                png_get_y_pixels_per_inch
                0x0010935c                png_get_x_offset_inches_fixed
                0x001093ac                png_get_y_offset_inches_fixed
                0x001093fc                png_get_x_offset_inches
                0x0010944c                png_get_y_offset_inches
                0x0010949c                png_get_pHYs_dpi
                0x00109568                png_get_channels
                0x00109580                png_get_signature
                0x00109598                png_get_bKGD
                0x001095d4                png_get_cHRM
                0x001096e8                png_get_cHRM_XYZ
                0x00109818                png_get_cHRM_XYZ_fixed
                0x001098f0                png_get_cHRM_fixed
                0x001099b4                png_get_gAMA_fixed
                0x001099ec                png_get_gAMA
                0x00109a40                png_get_sRGB
                0x00109a7c                png_get_iCCP
                0x00109b20                png_get_sPLT
                0x00109b50                png_get_hIST
                0x00109b8c                png_get_IHDR
                0x00109c48                png_get_oFFs
                0x00109cb4                png_get_pCAL
                0x00109d84                png_get_sCAL_fixed
                0x00109e0c                png_get_sCAL
                0x00109e64                png_get_sCAL_s
                0x00109ea8                png_get_pHYs
                0x00109f08                png_get_PLTE
                0x00109f4c                png_get_sBIT
                0x00109f88                png_get_text
                0x00109fd0                png_get_tIME
                0x0010a00c                png_get_tRNS
                0x0010a09c                png_get_unknown_chunks
                0x0010a0cc                png_get_rgb_to_gray_status
                0x0010a0d8                png_get_user_chunk_ptr
                0x0010a0e4                png_get_compression_buffer_size
                0x0010a100                png_get_user_width_max
                0x0010a10c                png_get_user_height_max
                0x0010a118                png_get_chunk_cache_max
                0x0010a124                png_get_chunk_malloc_max
                0x0010a130                png_get_io_state
                0x0010a138                png_get_io_chunk_type
                0x0010a140                png_get_palette_max
 .text          0x0010a158      0x3ec c:/devkitPro/portlibs/armv6k/lib\libpng.a(pngmem.o)
                0x0010a158                png_destroy_png_struct
                0x0010a1c0                png_calloc
                0x0010a238                png_malloc_base
                0x0010a268                png_malloc_array
                0x0010a2e4                png_realloc_array
                0x0010a3ec                png_malloc
                0x0010a448                png_malloc_default
                0x0010a488                png_malloc_warn
                0x0010a4ec                png_free
                0x0010a510                png_free_default
                0x0010a524                png_set_mem_fn
                0x0010a538                png_get_mem_ptr
 .text          0x0010a544     0x76f8 c:/devkitPro/portlibs/armv6k/lib\libpng.a(pngread.o)
                0x00110190                png_create_read_struct
                0x001101e8                png_create_read_struct_2
                0x00110244                png_read_info
                0x00110254                png_read_update_info
                0x00110298                png_start_read_image
                0x001102bc                png_read_row
                0x00110614                png_read_rows
                0x00110a08                png_read_image
                0x00110da4                png_read_end
                0x00111234                png_destroy_read_struct
                0x001114b8                png_set_read_status_fn
                0x001114c4                png_read_png
                0x0011177c                png_image_begin_read_from_stdio
                0x0011192c                png_image_begin_read_from_file
                0x001119f4                png_image_begin_read_from_memory
                0x00111a90                png_image_finish_read
 .text          0x00111c3c       0xac c:/devkitPro/portlibs/armv6k/lib\libpng.a(pngrio.o)
                0x00111c3c                png_default_read_data
                0x00111c78                png_read_data
                0x00111c98                png_set_read_fn
 .text          0x00111ce8     0x5ff8 c:/devkitPro/portlibs/armv6k/lib\libpng.a(pngrtran.o)
                0x00113034                png_set_crc_action
                0x00113110                png_set_background_fixed
                0x001131c8                png_set_background
                0x001132a0                png_set_scale_16
                0x001132d8                png_set_strip_16
                0x00113310                png_set_strip_alpha
                0x00113348                png_set_alpha_mode_fixed
                0x00113544                png_set_alpha_mode
                0x001137f4                png_set_quantize
                0x0011409c                png_set_gamma_fixed
                0x001141a4                png_set_gamma
                0x001143d8                png_set_expand
                0x00114414                png_set_palette_to_rgb
                0x00114450                png_set_expand_gray_1_2_4_to_8
                0x00114488                png_set_tRNS_to_alpha
                0x001144c4                png_set_expand_16
                0x00114500                png_set_gray_to_rgb
                0x00114538                png_set_rgb_to_gray_fixed
                0x00114690                png_set_rgb_to_gray
                0x00114834                png_set_read_user_transform_fn
                0x00114848                png_init_read_transformations
                0x00115530                png_read_transform_info
                0x001157fc                png_do_read_transformations
 .text          0x00117ce0     0x5320 c:/devkitPro/portlibs/armv6k/lib\libpng.a(pngrutil.o)
                0x00118918                png_get_uint_31
                0x00118954                png_get_uint_32
                0x00118978                png_get_int_32
                0x001189b0                png_get_uint_16
                0x001189c4                png_read_sig
                0x00118a70                png_read_chunk_header
                0x00118be0                png_crc_read
                0x00118c10                png_crc_finish
                0x00118d90                png_crc_error
                0x00118e30                png_handle_IHDR
                0x00118fa8                png_handle_PLTE
                0x001191f8                png_handle_IEND
                0x0011924c                png_handle_gAMA
                0x00119330                png_handle_sBIT
                0x00119544                png_handle_cHRM
                0x00119804                png_handle_sRGB
                0x0011990c                png_handle_iCCP
                0x00119ef0                png_handle_sPLT
                0x0011a210                png_handle_tRNS
                0x0011a44c                png_handle_bKGD
                0x0011a67c                png_handle_hIST
                0x0011a7b4                png_handle_pHYs
                0x0011a8f0                png_handle_oFFs
                0x0011aa90                png_handle_pCAL
                0x0011ae40                png_handle_sCAL
                0x0011b0c8                png_handle_tIME
                0x0011b1dc                png_handle_tEXt
                0x0011b39c                png_handle_zTXt
                0x0011b5f0                png_handle_iTXt
                0x0011b958                png_handle_unknown
                0x0011bcb0                png_check_chunk_name
                0x0011bd78                png_combine_row
                0x0011c268                png_do_read_interlace
                0x0011c6f4                png_read_filter_row
                0x0011c77c                png_read_IDAT_data
                0x0011caf8                png_read_finish_IDAT
                0x0011cb70                png_read_finish_row
                0x0011ccc0                png_read_start_row
 .text          0x0011d000     0x1eb8 c:/devkitPro/portlibs/armv6k/lib\libpng.a(pngset.o)
                0x0011d360                png_set_bKGD
                0x0011d3ac                png_set_cHRM_fixed
                0x0011d43c                png_set_cHRM_XYZ_fixed
                0x0011d4d4                png_set_cHRM
                0x0011d628                png_set_cHRM_XYZ
                0x0011d79c                png_set_gAMA_fixed
                0x0011d7cc                png_set_gAMA
                0x0011d810                png_set_hIST
                0x0011d8bc                png_set_IHDR
                0x0011d998                png_set_oFFs
                0x0011d9c4                png_set_pCAL
                0x0011dc44                png_set_sCAL_s
                0x0011dda8                png_set_sCAL
                0x0011df74                png_set_sCAL_fixed
                0x0011e124                png_set_pHYs
                0x0011e150                png_set_PLTE
                0x0011e284                png_set_sBIT
                0x0011e2c8                png_set_sRGB
                0x0011e2f8                png_set_sRGB_gAMA_and_cHRM
                0x0011e338                png_set_iCCP
                0x0011e48c                png_set_text
                0x0011e4d0                png_set_text_2
                0x0011e508                png_set_tIME
                0x0011e5a8                png_set_tRNS
                0x0011e6e8                png_set_sPLT
                0x0011e858                png_set_unknown_chunks
                0x0011e9e8                png_set_unknown_chunk_location
                0x0011ea94                png_permit_mng_features
                0x0011eaa8                png_set_keep_unknown_chunks
                0x0011ed5c                png_set_read_user_chunk_fn
                0x0011ed6c                png_set_rows
                0x0011edc8                png_set_compression_buffer_size
                0x0011ee4c                png_set_invalid
                0x0011ee64                png_set_user_limits
                0x0011ee74                png_set_chunk_cache_max
                0x0011ee80                png_set_chunk_malloc_max
                0x0011ee8c                png_set_benign_errors
                0x0011eea4                png_set_check_for_invalid_index
 .text          0x0011eeb8      0xa8c c:/devkitPro/portlibs/armv6k/lib\libpng.a(pngtrans.o)
                0x0011eeb8                png_set_bgr
                0x0011eecc                png_set_swap
                0x0011eeec                png_set_packing
                0x0011ef14                png_set_packswap
                0x0011ef34                png_set_shift
                0x0011ef5c                png_set_interlace_handling
                0x0011ef8c                png_set_filler
                0x0011f014                png_set_add_alpha
                0x0011f0bc                png_set_swap_alpha
                0x0011f0d0                png_set_invert_alpha
                0x0011f0e4                png_set_invert_mono
                0x0011f0f8                png_do_invert
                0x0011f2e8                png_do_swap
                0x0011f334                png_do_packswap
                0x0011f3a0                png_do_strip_channel
                0x0011f5cc                png_do_bgr
                0x0011f708                png_do_check_palette_indexes
                0x0011f8d4                png_set_user_transform_info
                0x0011f918                png_get_user_transform_ptr
                0x0011f924                png_get_current_row_number
                0x0011f934                png_get_current_pass_number
 .text          0x0011f944     0x37ac c:/devkitPro/portlibs/armv6k/lib\libpng.a(pngwrite.o)
                0x0011ff58                png_write_info_before_PLTE
                0x00120598                png_write_info
                0x001205a8                png_write_end
                0x001207f4                png_convert_from_struct_tm
                0x00120834                png_convert_from_time_t
                0x00120894                png_create_write_struct
                0x00120920                png_create_write_struct_2
                0x001209b0                png_write_rows
                0x00120d80                png_write_image
                0x00121160                png_write_row
                0x00121c08                png_set_flush
                0x00121c18                png_write_flush
                0x00121c5c                png_destroy_write_struct
                0x00121d0c                png_set_filter
                0x001226a8                png_set_filter_heuristics
                0x001226ac                png_set_filter_heuristics_fixed
                0x001226b0                png_set_compression_level
                0x001226bc                png_set_compression_mem_level
                0x001226c8                png_set_compression_strategy
                0x001226e0                png_set_compression_window_bits
                0x00122734                png_set_compression_method
                0x00122764                png_set_text_compression_level
                0x00122770                png_set_text_compression_mem_level
                0x0012277c                png_set_text_compression_strategy
                0x00122788                png_set_text_compression_window_bits
                0x001227dc                png_set_text_compression_method
                0x0012280c                png_set_write_status_fn
                0x00122818                png_set_write_user_transform_fn
                0x00122830                png_write_png
                0x00122d60                png_image_write_to_stdio
                0x00122fb0                png_image_write_to_file
 .text          0x001230f0      0x778 c:/devkitPro/portlibs/armv6k/lib\libpng.a(pngwtran.o)
                0x001230f0                png_do_write_transformations
 .text          0x00123868     0x40cc c:/devkitPro/portlibs/armv6k/lib\libpng.a(pngwutil.o)
                0x0012421c                png_save_uint_32
                0x0012423c                png_save_uint_16
                0x0012424c                png_write_sig
                0x001242a8                png_write_chunk_start
                0x00124354                png_write_chunk_data
                0x00124390                png_write_chunk_end
                0x001243dc                png_write_chunk
                0x00124508                png_free_buffer_list
                0x00124540                png_write_IHDR
                0x001248d8                png_write_PLTE
                0x00124aa8                png_compress_IDAT
                0x00124ee4                png_write_IEND
                0x00124fac                png_write_gAMA_fixed
                0x001250ac                png_write_sRGB
                0x001251b4                png_write_iCCP
                0x0012541c                png_write_sPLT
                0x0012566c                png_write_sBIT
                0x00125774                png_write_cHRM_fixed
                0x001258c8                png_write_tRNS
                0x00125aa0                png_write_bKGD
                0x00125ca0                png_write_hIST
                0x00125ddc                png_write_tEXt
                0x00125f8c                png_write_zTXt
                0x001261d4                png_write_iTXt
                0x0012659c                png_write_oFFs
                0x001266c4                png_write_pCAL
                0x001269d4                png_write_sCAL_s
                0x00126a78                png_write_pHYs
                0x00126bc4                png_write_tIME
                0x00126c60                png_write_start_row
                0x00126db4                png_write_finish_row
                0x00126ef4                png_do_write_interlace
                0x00127164                png_write_find_filter
 .text          0x00127934       0xd8 c:/devkitPro/portlibs/armv6k/lib\libpng.a(pngwio.o)
                0x00127934                png_default_write_data
                0x00127970                png_default_flush
                0x00127980                png_write_data
                0x001279a0                png_flush
                0x001279b0                png_set_write_fn
 .text          0x00127a0c     0x10ac c:/devkitPro/libctru/lib\libsftd.a(sftd.o)
                0x00127b7c                sftd_init
                0x00127bbc                sftd_fini
                0x00127c00                sftd_load_font_file
                0x00127ce0                sftd_load_font_mem
                0x00127da4                sftd_free_font
                0x00127df4                sftd_draw_text
                0x0012801c                sftd_draw_textf
                0x0012807c                sftd_draw_wtext
                0x001282a4                sftd_draw_wtextf
                0x00128310                sftd_get_text_width
                0x001284b8                sftd_draw_text_wrap
                0x00128798                sftd_calc_bounding_box
                0x00128a50                sftd_draw_textf_wrap
 .text          0x00128ab8      0x244 c:/devkitPro/libctru/lib\libsftd.a(texture_atlas.o)
                0x00128ab8                texture_atlas_create
                0x00128b34                texture_atlas_free
                0x00128b60                texture_atlas_insert
                0x00128c78                texture_atlas_exists
                0x00128c90                texture_atlas_get
 .text          0x00128cfc      0x1c8 c:/devkitPro/libctru/lib\libsftd.a(bin_packing_2d.o)
                0x00128cfc                bp2d_create
                0x00128d48                bp2d_free
                0x00128d7c                bp2d_insert
 .text          0x00128ec4      0x33c c:/devkitPro/libctru/lib\libsftd.a(int_htab.o)
                0x00128ec4                int_htab_create
                0x00128f0c                int_htab_free
                0x00128f58                int_htab_insert
                0x00129044                int_htab_resize
                0x001290b8                int_htab_find
                0x00129158                int_htab_erase
 .text          0x00129200       0xc8 c:/devkitPro/portlibs/armv6k/lib\libfreetype.a(ftinit.o)
                0x00129200                FT_Add_Default_Modules
                0x00129230                FT_Init_FreeType
                0x0012929c                FT_Done_FreeType
 .text          0x001292c8     0xd0bc c:/devkitPro/portlibs/armv6k/lib\libfreetype.a(ftbase.o)
                0x00129df4                FT_RoundFix
                0x00129e08                FT_CeilFix
                0x00129e1c                FT_FloorFix
                0x00129e28                FT_Hypot
                0x00129f4c                FT_MulDiv
                0x0012a04c                FT_MulDiv_No_Round
                0x0012a12c                FT_MulFix
                0x0012a14c                FT_DivFix
                0x0012a25c                FT_Matrix_Multiply
                0x0012a38c                FT_Matrix_Invert
                0x0012a450                FT_Matrix_Multiply_Scaled
                0x0012a558                FT_Vector_Transform_Scaled
                0x0012a7b0                FT_Vector_NormLen
                0x0012a964                ft_corner_orientation
                0x0012aa78                ft_corner_is_flat
                0x0012ab08                FT_GlyphLoader_New
                0x0012ab4c                FT_GlyphLoader_Rewind
                0x0012ab84                FT_GlyphLoader_Reset
                0x0012b254                FT_GlyphLoader_Done
                0x0012b358                FT_GlyphLoader_CreateExtra
                0x0012b438                FT_GlyphLoader_CheckSubGlyphs
                0x0012b564                FT_GlyphLoader_Prepare
                0x0012b5e0                FT_GlyphLoader_Add
                0x0012b814                ft_service_list_lookup
                0x0012b874                ft_validator_init
                0x0012b88c                ft_validator_run
                0x0012b894                ft_validator_error
                0x0012b8a8                FT_Stream_New
                0x0012b9c0                FT_Stream_Free
                0x0012ba04                ft_glyphslot_free_bitmap
                0x0012ba68                ft_glyphslot_set_bitmap
                0x0012bac0                ft_glyphslot_alloc_bitmap
                0x0012bb70                FT_New_GlyphSlot
                0x0012bcdc                FT_Done_GlyphSlot
                0x0012bd70                FT_Set_Transform
                0x0012be24                FT_Attach_File
                0x0012bf24                FT_Attach_Stream
                0x0012c0b8                FT_Reference_Face
                0x0012c0d8                FT_Done_Face
                0x0012c1ac                FT_New_Size
                0x0012c32c                FT_Done_Size
                0x0012c464                FT_Match_Size
                0x0012c594                ft_synthesize_vertical_metrics
                0x0012c604                FT_Select_Metrics
                0x0012c8a0                FT_Request_Metrics
                0x0012cc2c                FT_Select_Size
                0x0012cc98                FT_Request_Size
                0x0012cd28                FT_Set_Char_Size
                0x0012cdf0                FT_Set_Pixel_Sizes
                0x0012cec4                FT_Get_Kerning
                0x0012cfec                FT_Get_Track_Kerning
                0x0012d06c                FT_Select_Charmap
                0x0012d17c                FT_Set_Charmap
                0x0012d264                FT_Get_Charmap_Index
                0x0012d2d0                FT_Get_Char_Index
                0x0012d318                FT_Get_First_Char
                0x0012d3dc                FT_Get_Next_Char
                0x0012d474                FT_Face_GetCharVariantIndex
                0x0012d584                FT_Face_GetCharVariantIsDefault
                0x0012d66c                FT_Face_GetVariantSelectors
                0x0012d74c                FT_Face_GetVariantsOfChar
                0x0012d834                FT_Face_GetCharsOfVariant
                0x0012d91c                FT_Get_Name_Index
                0x0012d9c8                FT_Get_Glyph_Name
                0x0012dab4                FT_Get_Postscript_Name
                0x0012db3c                FT_Get_Sfnt_Table
                0x0012dba8                FT_Load_Sfnt_Table
                0x0012dc2c                FT_Sfnt_Table_Info
                0x0012dcb8                FT_Get_CMap_Language_ID
                0x0012dd38                FT_Get_CMap_Format
                0x0012ddb4                FT_Activate_Size
                0x0012ddf0                FT_Lookup_Renderer
                0x0012de54                FT_Get_Renderer
                0x0012dea4                FT_Set_Renderer
                0x0012dfa4                FT_Render_Glyph_Internal
                0x0012e09c                FT_Render_Glyph
                0x0012e0cc                FT_Get_Module
                0x0012e138                FT_Get_Module_Interface
                0x0012e1a8                ft_module_get_service
                0x0012e22c                FT_Remove_Module
                0x0012e250                FT_Property_Set
                0x0012e344                FT_Property_Get
                0x0012e438                FT_Reference_Library
                0x0012e454                FT_New_Library
                0x0012e4d0                FT_Library_Version
                0x0012e508                FT_Done_Library
                0x0012e6d4                FT_Set_Debug_Hook
                0x0012e700                FT_Get_TrueType_Engine_Type
                0x0012e7d4                FT_Get_SubGlyph_Info
                0x0012e868                FT_Outline_Decompose
                0x0012ec78                FT_Outline_Check
                0x0012ed20                FT_Outline_Copy
                0x0012edc8                FT_Outline_Done_Internal
                0x0012ee74                FT_Outline_Done
                0x0012ef34                FT_Outline_Get_CBox
                0x0012efd0                FT_Outline_Translate
                0x0012f024                FT_Outline_Reverse
                0x0012f0f0                FT_Outline_Render
                0x0012f1c0                FT_Outline_Get_Bitmap
                0x0012f29c                FT_Vector_Transform
                0x0012f344                FT_Outline_Transform
                0x0012fae0                FT_Load_Glyph
                0x0012fe9c                FT_Get_Advances
                0x0012ff14                FT_Get_Advance
                0x00130214                FT_Load_Char
                0x00130278                FT_Outline_Get_Orientation
                0x001303c4                FT_Outline_EmboldenXY
                0x001307a8                FT_Outline_Embolden
                0x001307b0                FT_Raccess_Guess
                0x001308c8                FT_Get_Sfnt_Name_Count
                0x001308ec                FT_Stream_OpenMemory
                0x00130904                FT_Stream_Close
                0x0013091c                FT_Stream_Seek
                0x00130968                FT_Stream_Skip
                0x001309cc                FT_Stream_Pos
                0x001309d4                FT_Stream_Read
                0x00130a58                FT_Stream_ReadAt
                0x00130ad8                FT_Stream_TryRead
                0x00130b48                FT_Stream_ExtractFrame
                0x00130c88                FT_Stream_ReleaseFrame
                0x00130cc8                FT_Stream_EnterFrame
                0x00130de8                FT_Stream_ExitFrame
                0x00130e2c                FT_Stream_GetChar
                0x00130e50                FT_Stream_GetUShort
                0x00130e80                FT_Stream_GetUShortLE
                0x00130eb0                FT_Stream_GetUOffset
                0x00130eec                FT_Stream_GetULong
                0x00130f30                FT_Stream_GetULongLE
                0x00130f74                FT_Stream_ReadChar
                0x00131004                FT_Stream_ReadUShort
                0x0013109c                FT_Raccess_Get_HeaderInfo
                0x0013130c                FT_Stream_ReadUShortLE
                0x001313a4                FT_Stream_ReadUOffset
                0x00131448                FT_Stream_ReadULong
                0x00131fc4                FT_Stream_ReadULongLE
                0x00132070                FT_Stream_ReadFields
                0x001322e4                FT_Cos
                0x001323b0                FT_Sin
                0x0013247c                FT_Tan
                0x00132554                FT_Atan2
                0x001325bc                FT_Vector_Unit
                0x001326a4                FT_Vector_Rotate
                0x001328ec                FT_Vector_Length
                0x00132a34                FT_Vector_Polarize
                0x00132b84                FT_Vector_From_Polar
                0x00132db8                FT_Angle_Diff
                0x00132df4                ft_mem_alloc
                0x00132e54                FT_Add_Module
                0x00133164                ft_mem_qalloc
                0x001331a8                ft_mem_realloc
                0x001332ac                FT_GlyphLoader_CheckPoints
                0x001334d4                FT_CMap_Done
                0x00133608                FT_CMap_New
                0x00133774                FT_Outline_New_Internal
                0x001338d8                FT_Raccess_Get_DataOffsets
                0x0013482c                FT_Open_Face
                0x00135154                FT_New_Face
                0x00135194                FT_New_Memory_Face
                0x001358f4                FT_Get_Sfnt_Name
                0x00135a44                FT_Outline_New
                0x00135b88                FT_GlyphLoader_CopyPoints
                0x00135ef0                ft_mem_qrealloc
                0x00136010                ft_mem_free
                0x00136020                ft_mem_dup
                0x00136090                ft_mem_strdup
                0x0013611c                ft_mem_strcpyn
                0x00136180                FT_List_Find
                0x001361c4                FT_List_Add
                0x001361f8                FT_List_Insert
                0x0013622c                FT_List_Remove
                0x0013625c                FT_List_Up
                0x001362a0                FT_List_Iterate
                0x001362f4                FT_List_Finalize
 .text          0x00136384     0xc09c c:/devkitPro/portlibs/armv6k/lib\libfreetype.a(truetype.o)
                0x0013c900                TT_RunIns
                0x00140c38                TT_New_Context
 .text          0x00142420     0x5bfc c:/devkitPro/portlibs/armv6k/lib\libfreetype.a(type1.o)
 .text          0x0014801c     0xe128 c:/devkitPro/portlibs/armv6k/lib\libfreetype.a(cff.o)
 .text          0x00156144     0x1c90 c:/devkitPro/portlibs/armv6k/lib\libfreetype.a(type1cid.o)
 .text          0x00157dd4     0x3318 c:/devkitPro/portlibs/armv6k/lib\libfreetype.a(pfr.o)
 .text          0x0015b0ec     0x1e58 c:/devkitPro/portlibs/armv6k/lib\libfreetype.a(type42.o)
 .text          0x0015cf44     0x10e4 c:/devkitPro/portlibs/armv6k/lib\libfreetype.a(winfnt.o)
 .text          0x0015e028     0x21b0 c:/devkitPro/portlibs/armv6k/lib\libfreetype.a(pcf.o)
 .text          0x001601d8     0x5210 c:/devkitPro/portlibs/armv6k/lib\libfreetype.a(bdf.o)
 .text          0x001653e8     0xa014 c:/devkitPro/portlibs/armv6k/lib\libfreetype.a(sfnt.o)
 .text          0x0016f3fc     0x8d0c c:/devkitPro/portlibs/armv6k/lib\libfreetype.a(autofit.o)
                0x001780c4                af_get_coverage
                0x001780cc                af_get_char_index
 .text          0x00178108     0x4408 c:/devkitPro/portlibs/armv6k/lib\libfreetype.a(pshinter.o)
                0x0017b098                ps_hints_apply
 .text          0x0017c510      0xc64 c:/devkitPro/portlibs/armv6k/lib\libfreetype.a(raster.o)
 .text          0x0017d174     0x263c c:/devkitPro/portlibs/armv6k/lib\libfreetype.a(smooth.o)
 .text          0x0017f7b0     0x3c7c c:/devkitPro/portlibs/armv6k/lib\libfreetype.a(ftcache.o)
                0x00181724                FTC_Manager_LookupSize
                0x00181878                FTC_Manager_LookupFace
                0x00181940                FTC_Manager_New
                0x00181a44                FTC_Manager_Done
                0x00181ba8                FTC_Manager_Reset
                0x00181cfc                FTC_Manager_RemoveFaceID
                0x00181fb0                FTC_Node_Unref
                0x00181fd8                FTC_CMapCache_New
                0x001820d4                FTC_CMapCache_Lookup
                0x0018236c                FTC_ImageCache_New
                0x00182468                FTC_ImageCache_Lookup
                0x00182784                FTC_ImageCache_LookupScaler
                0x00182b48                FTC_SBitCache_New
                0x00182c44                FTC_SBitCache_Lookup
                0x00182fe8                FTC_SBitCache_LookupScaler
 .text          0x0018342c      0x9a4 c:/devkitPro/portlibs/armv6k/lib\libfreetype.a(ftgzip.o)
                0x0018373c                FT_Stream_OpenGzip
                0x00183cc8                FT_Gzip_Uncompress
 .text          0x00183dd0     0x14a8 c:/devkitPro/portlibs/armv6k/lib\libfreetype.a(ftlzw.o)
                0x00183ff8                FT_Stream_OpenLZW
                0x001841e0                ft_lzwstate_reset
                0x0018420c                ft_lzwstate_init
                0x00184278                ft_lzwstate_done
                0x001842e8                ft_lzwstate_io
 .text          0x00185278     0x6bb4 c:/devkitPro/portlibs/armv6k/lib\libfreetype.a(psaux.o)
 .text          0x0018be2c      0xa78 c:/devkitPro/portlibs/armv6k/lib\libfreetype.a(psnames.o)
 .text          0x0018c8a4      0x194 c:/devkitPro/portlibs/armv6k/lib\libfreetype.a(ftsystem.o)
                0x0018c940                FT_Stream_Open
                0x0018c9f0                FT_New_Memory
                0x0018ca34                FT_Done_Memory
 .text          0x0018ca38      0xf78 c:/devkitPro/portlibs/armv6k/lib\libfreetype.a(ftbitmap.o)
                0x0018ca38                FT_Bitmap_Init
                0x0018ca68                FT_Bitmap_New
                0x0018ca98                FT_Bitmap_Copy
                0x0018cc44                FT_Bitmap_Convert
                0x0018d168                FT_Bitmap_Embolden
                0x0018d8a0                FT_GlyphSlot_Own_Bitmap
                0x0018d954                FT_Bitmap_Done
 .text          0x0018d9b0      0x840 c:/devkitPro/portlibs/armv6k/lib\libfreetype.a(ftglyph.o)
                0x0018dbc8                FT_Glyph_Copy
                0x0018dcbc                FT_Get_Glyph
                0x0018dddc                FT_Glyph_Transform
                0x0018de40                FT_Glyph_Get_CBox
                0x0018dee4                FT_Done_Glyph
                0x0018df18                FT_Glyph_To_Bitmap
 .text          0x0018e1f0      0x5c0 c:/devkitPro/portlibs/armv6k/lib\libz.a(adler32.o)
                0x0018e1f0                adler32
                0x0018e638                adler32_combine
                0x0018e6f4                adler32_combine64
 .text          0x0018e7b0      0x5d8 c:/devkitPro/portlibs/armv6k/lib\libz.a(crc32.o)
                0x0018e9c4                get_crc_table
                0x0018e9d0                crc32
                0x0018ed80                crc32_combine
                0x0018ed84                crc32_combine64
 .text          0x0018ed88     0x40e0 c:/devkitPro/portlibs/armv6k/lib\libz.a(deflate.o)
                0x00190404                deflateSetDictionary
                0x0019061c                deflateResetKeep
                0x001906f4                deflateReset
                0x0019085c                deflateSetHeader
                0x00190890                deflatePending
                0x001908dc                deflatePrime
                0x00190984                deflateTune
                0x001909bc                deflateBound
                0x00190ad0                deflate
                0x00192320                deflateParams
                0x0019243c                deflateEnd
                0x0019255c                deflateInit2_
                0x00192924                deflateInit_
                0x00192c64                deflateCopy
 .text          0x00192e68     0x2c58 c:/devkitPro/portlibs/armv6k/lib\libz.a(inflate.o)
                0x00192e68                inflateResetKeep
                0x00192ef8                inflateReset
                0x00192f94                inflateReset2
                0x001930b4                inflateInit2_
                0x0019323c                inflateInit_
                0x001933a0                inflatePrime
                0x00193418                inflate
                0x001952b4                inflateEnd
                0x00195318                inflateGetDictionary
                0x001953b0                inflateSetDictionary
                0x00195558                inflateGetHeader
                0x00195594                inflateSync
                0x0019584c                inflateSyncPoint
                0x0019588c                inflateCopy
                0x00195a38                inflateUndermine
                0x00195a68                inflateMark
 .text          0x00195ac0      0xbf4 c:/devkitPro/portlibs/armv6k/lib\libz.a(inftrees.o)
                0x00195ac0                inflate_table
 .text          0x001966b4     0x257c c:/devkitPro/portlibs/armv6k/lib\libz.a(trees.o)
                0x00197be4                _tr_init
                0x00197cb0                _tr_stored_block
                0x00197e44                _tr_flush_bits
                0x00197ee0                _tr_align
                0x00198064                _tr_flush_block
                0x00198b78                _tr_tally
 .text          0x00198c30       0x38 c:/devkitPro/portlibs/armv6k/lib\libz.a(zutil.o)
                0x00198c30                zlibVersion
                0x00198c3c                zlibCompileFlags
                0x00198c44                zError
                0x00198c58                zcalloc
                0x00198c60                zcfree
 .text          0x00198c68      0xbe4 c:/devkitPro/portlibs/armv6k/lib\libz.a(inffast.o)
                0x00198c68                inflate_fast
 .text          0x0019984c      0x75c c:/devkitPro/libctru/lib\libsf2d.a(sf2d.o)
                0x00199a64                sf2d_init
                0x00199a8c                sf2d_init_advanced
                0x00199aac                sf2d_fini
                0x00199b10                sf2d_set_3D
                0x00199b1c                sf2d_start_frame
                0x00199cac                sf2d_end_frame
                0x00199dc4                sf2d_swapbuffers
                0x00199e74                sf2d_set_vblank_wait
                0x00199e84                sf2d_get_fps
                0x00199e94                sf2d_pool_malloc
                0x00199ec0                sf2d_pool_memalign
                0x00199f00                sf2d_pool_space_free
                0x00199f18                sf2d_pool_reset
                0x00199f2c                sf2d_set_clear_color
                0x00199f3c                sf2d_set_scissor_test
                0x00199f88                sf2d_get_current_screen
                0x00199f98                sf2d_get_current_side
 .text          0x00199fa8      0x4b8 c:/devkitPro/libctru/lib\libsf2d.a(sf2d_private.o)
                0x00199fa8                GPU_SetDummyTexEnv
                0x00199fdc                vector_mult_matrix4x4
                0x0019a060                matrix_gpu_set_uniform
                0x0019a070                matrix_copy
                0x0019a0ac                matrix_identity4x4
                0x0019a0f8                matrix_mult4x4
                0x0019a16c                matrix_set_z_rotation
                0x0019a1e0                matrix_rotate_z
                0x0019a240                matrix_set_scaling
                0x0019a28c                matrix_swap_xy
                0x0019a32c                matrix_init_orthographic
                0x0019a440                next_pow2
 .text          0x0019a460     0x2138 c:/devkitPro/libctru/lib\libsf2d.a(sf2d_texture.o)
                0x0019a584                sf2d_create_texture
                0x0019a784                sf2d_free_texture
                0x0019a7d4                sf2d_fill_texture_from_RGBA8
                0x0019a88c                sf2d_create_texture_mem_RGBA8
                0x0019a8d0                sf2d_bind_texture
                0x0019a948                sf2d_bind_texture_color
                0x0019a9c8                sf2d_bind_texture_parameters
                0x0019aa40                sf2d_texture_set_params
                0x0019aa48                sf2d_texture_get_params
                0x0019aa50                sf2d_draw_texture
                0x0019ab90                sf2d_draw_texture_blend
                0x0019acd4                sf2d_draw_texture_rotate_hotspot
                0x0019ae84                sf2d_draw_texture_rotate_hotspot_blend
                0x0019b038                sf2d_draw_texture_rotate
                0x0019b1fc                sf2d_draw_texture_rotate_blend
                0x0019b3c4                sf2d_draw_texture_part
                0x0019b540                sf2d_draw_texture_part_blend
                0x0019b6c0                sf2d_draw_texture_scale
                0x0019b828                sf2d_draw_texture_scale_blend
                0x0019b994                sf2d_draw_texture_part_scale
                0x0019bae8                sf2d_draw_texture_part_scale_blend
                0x0019bc40                sf2d_draw_texture_part_rotate_scale
                0x0019be58                sf2d_draw_texture_part_rotate_scale_blend
                0x0019c074                sf2d_draw_texture_depth
                0x0019c1d4                sf2d_draw_texture_depth_blend
                0x0019c338                sf2d_draw_quad_uv
                0x0019c464                sf2d_set_pixel
                0x0019c4f8                sf2d_get_pixel
                0x0019c588                sf2d_texture_tile32
 .text          0x0019c598        0x0 c:/devkitPro/libctru/lib\libsf2d.a(shader.vsh.o)
 .text          0x0019c598      0x1d4 c:/devkitPro/libctru/lib\libctru.a(linear.o)
                0x0019c5c0                linearMemAlign
                0x0019c700                linearAlloc
                0x0019c708                linearRealloc
                0x0019c710                linearFree
                0x0019c760                linearSpaceFree
 .text          0x0019c76c      0x35c c:/devkitPro/libctru/lib\libctru.a(mem_pool.o)
                0x0019c76c                MemPool::CoalesceRight(MemBlock*)
                0x0019c80c                MemPool::Allocate(MemChunk&, unsigned long, int)
                0x0019c994                MemPool::Deallocate(MemChunk const&)
                0x0019ca98                MemPool::GetFreeSpace()
 .text          0x0019cac8      0x1c4 c:/devkitPro/libctru/lib\libctru.a(vram.o)
                0x0019caf0                vramMemAlign
                0x0019cc20                vramAlloc
                0x0019cc28                vramRealloc
                0x0019cc30                vramFree
                0x0019cc80                vramSpaceFree
 .text          0x0019cc8c      0x748 c:/devkitPro/libctru/lib\libctru.a(gfx.o)
                0x0019cd18                gfxSet3D
                0x0019cd28                gfxSetScreenFormat
                0x0019cd40                gfxGetScreenFormat
                0x0019cd58                gfxSetDoubleBuffering
                0x0019cd6c                gfxSetFramebufferInfo
                0x0019cddc                gfxWriteFramebufferInfo
                0x0019cea0                gfxInit
                0x0019d080                gfxInitDefault
                0x0019d090                gfxExit
                0x0019d178                gfxGetFramebuffer
                0x0019d228                gfxFlushBuffers
                0x0019d304                gfxSwapBuffers
                0x0019d378                gfxSwapBuffersGpu
 *fill*         0x0019d3d4        0x4 
 .text          0x0019d3d8      0x550 c:/devkitPro/libctru/lib\libctru.a(os.o)
                0x0019d50c                osConvertVirtToPhys
                0x0019d558                osConvertOldLINEARMemToNew
                0x0019d578                __libctru_gtod
                0x0019d66c                osGetTime
                0x0019d6e0                osGetFirmVersion
                0x0019d6f4                osGetKernelVersion
                0x0019d708                osStrError
                0x0019d728                osGetWifiStrength
                0x0019d738                __ctru_speedup_config
                0x0019d76c                osSetSpeedupEnable
                0x0019d77c                osGetSystemVersionData
                0x0019d8ac                osGetSystemVersionDataString
 .text          0x0019d928      0xa8c c:/devkitPro/libctru/lib\libctru.a(romfs_dev.o)
                0x0019e0a8                romfsInit
                0x0019e330                romfsInitFromFile
                0x0019e358                romfsExit
 .text          0x0019e3b4      0x3b8 c:/devkitPro/libctru/lib\libctru.a(srv.o)
                0x0019e3b4                __get_handle_from_list
                0x0019e44c                __destroy_handle_list
                0x0019e4a0                srvExit
                0x0019e4c8                srvGetSessionHandle
                0x0019e4d4                srvRegisterClient
                0x0019e50c                srvInit
                0x0019e574                srvGetServiceHandle
                0x0019e5f4                srvRegisterService
                0x0019e650                srvUnregisterService
                0x0019e69c                srvPmInit
                0x0019e6f0                srvRegisterProcess
                0x0019e738                srvUnregisterProcess
 .text          0x0019e76c     0x1a58 c:/devkitPro/libctru/lib\libctru.a(gpu.o)
                0x0019e7ec                GPU_Init
                0x0019e818                GPUCMD_SetBuffer
                0x0019e844                GPUCMD_SetBufferOffset
                0x0019e854                GPUCMD_GetBuffer
                0x0019e894                GPUCMD_AddRawCommands
                0x0019e8e0                GPUCMD_Run
                0x0019e940                GPUCMD_FlushAndRun
                0x0019e9b4                GPUCMD_Add
                0x0019ea98                GPUCMD_Finalize
                0x0019eb30                GPU_Reset
                0x0019f310                GPU_SetFloatUniform
                0x0019f388                GPU_SetViewport
                0x0019f57c                GPU_SetScissorTest
                0x0019f5c8                GPU_DepthMap
                0x0019f644                GPU_SetAlphaTest
                0x0019f67c                GPU_SetStencilTest
                0x0019f6c4                GPU_SetStencilOp
                0x0019f6f8                GPU_SetDepthTestAndWriteMask
                0x0019f730                GPU_SetAlphaBlending
                0x0019f798                GPU_SetColorLogicOp
                0x0019f7dc                GPU_SetBlendingColor
                0x0019f818                GPU_SetTextureEnable
                0x0019f864                GPU_SetTexture
                0x0019f9fc                GPU_SetTextureBorderColor
                0x0019fa90                GPU_SetAttributeBuffers
                0x0019fc8c                GPU_SetAttributeBuffersAddress
                0x0019fcb8                GPU_SetFaceCulling
                0x0019fce4                GPU_SetCombinerBufferWrite
                0x0019fd18                GPU_SetTexEnv
                0x0019fd90                GPU_DrawArray
                0x0019fec0                GPU_DrawElements
                0x0019fff4                GPU_FinishDrawing
                0x001a0050                GPU_SetShaderOutmap
                0x001a0098                GPU_SendShaderCode
                0x001a0150                GPU_SendOperandDescriptors
 .text          0x001a01c4        0x0 c:/devkitPro/libctru/lib\libctru.a(gpuResetSequence.o)
 .text          0x001a01c4      0x7f4 c:/devkitPro/libctru/lib\libctru.a(shaderProgram.o)
                0x001a01c4                shaderInstanceInit
                0x001a03cc                shaderInstanceFree
                0x001a0404                shaderInstanceSetBool
                0x001a0444                shaderInstanceGetBool
                0x001a0490                shaderInstanceGetUniformLocation
                0x001a04b0                shaderProgramInit
                0x001a04c8                shaderProgramFree
                0x001a04f8                shaderProgramSetVsh
                0x001a0564                shaderProgramSetGsh
                0x001a05d8                shaderProgramUse
 .text          0x001a09b8      0x348 c:/devkitPro/libctru/lib\libctru.a(shbin.o)
                0x001a09b8                DVLB_Free
                0x001a09f4                DVLE_GetUniformRegister
                0x001a0a70                DVLE_GenerateOutmap
                0x001a0b68                DVLB_ParseFile
 .text          0x001a0d00     0x1e3c c:/devkitPro/libctru/lib\libctru.a(apt.o)
                0x001a0d64                _aptDebug
                0x001a0d68                aptInitCaptureInfo
                0x001a0e18                aptWaitStatusEvent
                0x001a0e40                aptHook
                0x001a0e78                aptUnhook
                0x001a0ea4                aptGetStatus
                0x001a0edc                aptSetStatus
                0x001a0f4c                aptGetStatusPower
                0x001a0f84                aptSetStatusPower
                0x001a0fbc                aptOpenSession
                0x001a0fe0                aptCloseSession
                0x001a1008                aptSignalReadyForSleep
                0x001a1018                APT_GetLockHandle
                0x001a1068                APT_Initialize
                0x001a10d0                APT_Finalize
                0x001a110c                APT_HardwareResetAsync
                0x001a1140                APT_Enable
                0x001a117c                APT_GetAppletManInfo
                0x001a11fc                aptGetMenuAppID
                0x001a1238                APT_GetAppletInfo
                0x001a12d0                APT_GetAppletProgramInfo
                0x001a1324                APT_GetProgramID
                0x001a1394                APT_IsRegistered
                0x001a13e4                APT_InquireNotification
                0x001a1434                APT_PrepareToJumpToHomeMenu
                0x001a1468                APT_JumpToHomeMenu
                0x001a14b8                APT_PrepareToJumpToApplication
                0x001a14f4                APT_JumpToApplication
                0x001a1544                APT_NotifyToWait
                0x001a1580                APT_AppletUtility
                0x001a1608                aptAppletUtility_Exit_RetToApp
                0x001a1728                aptAppletClosed
                0x001a1838                aptInit
                0x001a1a00                APT_GlanceParameter
                0x001a1a74                APT_ReceiveParameter
                0x001a1ae8                APT_SendParameter
                0x001a1b58                APT_SendCaptureBufferInfo
                0x001a1ba4                aptReturnToMenu
                0x001a1d78                APT_ReplySleepQuery
                0x001a1db8                APT_ReplySleepNotificationComplete
                0x001a1df4                aptEventHandler
                0x001a20f8                APT_PrepareToCloseApplication
                0x001a2134                APT_CloseApplication
                0x001a218c                aptExit
                0x001a2378                APT_SetAppCpuTimeLimit
                0x001a23bc                APT_GetAppCpuTimeLimit
                0x001a2410                APT_CheckNew3DS_Application
                0x001a246c                APT_CheckNew3DS_System
                0x001a24c8                APT_CheckNew3DS
                0x001a253c                APT_PrepareToDoAppJump
                0x001a2588                APT_DoAppJump
                0x001a25f0                APT_PrepareToStartLibraryApplet
                0x001a262c                APT_StartLibraryApplet
                0x001a268c                aptAppletStarted
                0x001a2790                aptMainLoop
                0x001a2908                APT_LaunchLibraryApplet
                0x001a2aa0                APT_PrepareToStartSystemApplet
                0x001a2adc                APT_StartSystemApplet
 .text          0x001a2b3c      0x288 c:/devkitPro/libctru/lib\libctru.a(cfgu.o)
                0x001a2b3c                initCfgu
                0x001a2b90                exitCfgu
                0x001a2bb0                CFGU_SecureInfoGetRegion
                0x001a2be8                CFGU_GenHashConsoleUnique
                0x001a2c40                CFGU_GetRegionCanadaUSA
                0x001a2c78                CFGU_GetSystemModel
                0x001a2cb0                CFGU_GetModelNintendo2DS
                0x001a2ce8                CFGU_GetCountryCodeString
                0x001a2d28                CFGU_GetCountryCodeID
                0x001a2d68                CFGU_GetConfigInfoBlk2
                0x001a2db0                CFGU_GetSystemLanguage
 .text          0x001a2dc4      0xb7c c:/devkitPro/libctru/lib\libctru.a(csnd.o)
                0x001a2dc4                CSND_AcquireCapUnit
                0x001a2dfc                CSND_ReleaseCapUnit
                0x001a2e30                CSND_Reset
                0x001a2e5c                csndInit
                0x001a2fc4                csndExit
                0x001a3058                csndAddCmd
                0x001a3118                csndWriteCmd
                0x001a3158                csndExecCmds
                0x001a31f4                CSND_SetPlayStateR
                0x001a3214                CSND_SetPlayState
                0x001a3234                CSND_SetEncoding
                0x001a3254                CSND_SetBlock
                0x001a3284                CSND_SetLooping
                0x001a32a4                CSND_SetBit7
                0x001a32c4                CSND_SetInterp
                0x001a32e4                CSND_SetDuty
                0x001a3304                CSND_SetTimer
                0x001a3324                CSND_SetVol
                0x001a334c                CSND_SetAdpcmState
                0x001a3388                CSND_SetAdpcmReload
                0x001a33a8                CSND_SetChnRegs
                0x001a33e8                CSND_SetChnRegsPSG
                0x001a3418                CSND_SetChnRegsNoise
                0x001a3440                CSND_CapEnable
                0x001a3460                CSND_CapSetRepeat
                0x001a3488                CSND_CapSetFormat
                0x001a34ac                CSND_CapSetBit2
                0x001a34d0                CSND_CapSetTimer
                0x001a34f4                CSND_CapSetBuffer
                0x001a3520                CSND_SetCapRegs
                0x001a3554                CSND_SetDspFlags
                0x001a3570                CSND_UpdateInfo
                0x001a358c                csndPlaySound
                0x001a37d8                csndGetDspFlags
                0x001a3830                csndGetChnInfo
                0x001a3870                csndGetCapInfo
                0x001a3898                csndGetState
                0x001a3918                csndIsPlaying
 .text          0x001a3940      0xd4c c:/devkitPro/libctru/lib\libctru.a(fs.o)
                0x001a3940                FS_makePath
                0x001a396c                fsExit
                0x001a3990                fsGetSessionHandle
                0x001a399c                FSUSER_Initialize
                0x001a3a10                fsInit
                0x001a3a7c                FSUSER_OpenFile
                0x001a3b28                FSUSER_OpenFileDirectly
                0x001a3bf4                FSUSER_DeleteFile
                0x001a3c7c                FSUSER_RenameFile
                0x001a3d40                FSUSER_DeleteDirectory
                0x001a3dc8                FSUSER_DeleteDirectoryRecursively
                0x001a3e50                FSUSER_CreateFile
                0x001a3ee8                FSUSER_CreateDirectory
                0x001a3f74                FSUSER_RenameDirectory
                0x001a4038                FSUSER_OpenDirectory
                0x001a40cc                FSUSER_OpenArchive
                0x001a4154                FSUSER_CloseArchive
                0x001a41ac                FSUSER_GetSdmcArchiveResource
                0x001a4228                FSUSER_GetNandArchiveResource
                0x001a42a4                FSUSER_IsSdmcDetected
                0x001a42f0                FSUSER_GetProductInfo
                0x001a4368                FSUSER_GetMediaType
                0x001a43b4                FSUSER_IsSdmcWritable
                0x001a4400                FSFILE_Close
                0x001a4444                FSFILE_Read
                0x001a44a0                FSFILE_Write
                0x001a4504                FSFILE_GetSize
                0x001a4544                FSFILE_SetSize
                0x001a4570                FSFILE_GetAttributes
                0x001a45a8                FSFILE_SetAttributes
                0x001a45d0                FSFILE_Flush
                0x001a45f4                FSDIR_Read
                0x001a4648                FSDIR_Close
 .text          0x001a468c      0x934 c:/devkitPro/libctru/lib\libctru.a(gsp.o)
                0x001a4770                gspInit
                0x001a4784                gspExit
                0x001a479c                gspInitEventHandler
                0x001a4868                gspExitEventHandler
                0x001a48c0                gspWaitForEvent
                0x001a4918                GSPGPU_WriteHWRegs
                0x001a4988                GSPGPU_WriteHWRegsWithMask
                0x001a4a14                GSPGPU_ReadHWRegs
                0x001a4a84                GSPGPU_SetBufferSwap
                0x001a4af8                GSPGPU_FlushDataCache
                0x001a4b4c                GSPGPU_InvalidateDataCache
                0x001a4ba0                GSPGPU_SetLcdForceBlack
                0x001a4bdc                GSPGPU_TriggerCmdReqQueue
                0x001a4c10                GSPGPU_RegisterInterruptRelayQueue
                0x001a4c7c                GSPGPU_UnregisterInterruptRelayQueue
                0x001a4cb0                GSPGPU_AcquireRight
                0x001a4d00                GSPGPU_ReleaseRight
                0x001a4d34                GSPGPU_ImportDisplayCaptureInfo
                0x001a4db8                GSPGPU_SaveVramSysArea
                0x001a4dec                GSPGPU_RestoreVramSysArea
                0x001a4e20                GSPGPU_SubmitGxCommand
                0x001a4f2c                gspLcdInit
                0x001a4f40                gspLcdExit
                0x001a4f58                GSPLCD_PowerOffBacklight
                0x001a4f8c                GSPLCD_PowerOnBacklight
 .text          0x001a4fc0      0x264 c:/devkitPro/libctru/lib\libctru.a(gx.o)
                0x001a4fc0                GX_RequestDma
                0x001a5014                GX_SetCommandList_Last
                0x001a507c                GX_SetMemoryFill
                0x001a50f0                GX_SetDisplayTransfer
                0x001a5154                GX_SetTextureCopy
                0x001a51bc                GX_SetCommandList_First
 .text          0x001a5224      0x754 c:/devkitPro/libctru/lib\libctru.a(hid.o)
                0x001a5224                hidExit
                0x001a52f4                hidWaitForEvent
                0x001a534c                hidCheckSectionUpdateTime
                0x001a5388                hidScanInput
                0x001a55d0                hidKeysHeld
                0x001a55e0                hidKeysDown
                0x001a55f0                hidKeysUp
                0x001a5600                hidTouchRead
                0x001a5618                hidCircleRead
                0x001a5630                hidAccelRead
                0x001a5650                hidGyroRead
                0x001a5670                HIDUSER_GetHandles
                0x001a5700                hidInit
                0x001a5854                HIDUSER_EnableAccelerometer
                0x001a5880                HIDUSER_DisableAccelerometer
                0x001a58ac                HIDUSER_EnableGyroscope
                0x001a58d8                HIDUSER_DisableGyroscope
                0x001a5904                HIDUSER_GetGyroscopeRawToDpsCoefficient
                0x001a5940                HIDUSER_GetSoundVolume
 .text          0x001a5978      0x3c0 c:/devkitPro/libctru/lib\libctru.a(irrst.o)
                0x001a5978                irrstWaitForEvent
                0x001a59c4                irrstCheckSectionUpdateTime
                0x001a5a00                irrstScanInput
                0x001a5ab4                irrstKeysHeld
                0x001a5acc                irrstCstickRead
                0x001a5ae4                IRRST_GetHandles
                0x001a5b34                IRRST_Initialize
                0x001a5b6c                irrstInit
                0x001a5c6c                IRRST_Shutdown
                0x001a5c98                irrstExit
 .text          0x001a5d38      0x1bc c:/devkitPro/libctru/lib\libctru.a(ptm.o)
                0x001a5d38                ptmInit
                0x001a5d4c                ptmExit
                0x001a5d5c                ptmSysmInit
                0x001a5d70                ptmSysmExit
                0x001a5d80                PTMU_GetShellState
                0x001a5dc0                PTMU_GetBatteryLevel
                0x001a5e00                PTMU_GetBatteryChargeState
                0x001a5e40                PTMU_GetPedometerState
                0x001a5e80                PTMU_GetTotalStepCount
                0x001a5ec0                PTMSYSM_ConfigureNew3DSCPU
 .text          0x001a5ef4       0x70 c:/devkitPro/libctru/lib\libctru.a(rbtree_find.o)
                0x001a5ef4                rbtree_find
 .text          0x001a5f64       0x14 c:/devkitPro/libctru/lib\libctru.a(rbtree_init.o)
                0x001a5f64                rbtree_init
 .text          0x001a5f78      0x1f4 c:/devkitPro/libctru/lib\libctru.a(rbtree_insert.o)
                0x001a615c                rbtree_insert
                0x001a6164                rbtree_insert_multi
 .text          0x001a616c      0x340 c:/devkitPro/libctru/lib\libctru.a(rbtree_remove.o)
                0x001a616c                rbtree_remove
 .text          0x001a64ac       0xac c:/devkitPro/libctru/lib\libctru.a(rbtree_rotate.o)
                0x001a64ac                rbtree_rotate
 .text          0x001a6558       0xb8 c:/devkitPro/libctru/lib\libctru.a(utf8_to_utf16.o)
                0x001a6558                utf8_to_utf16
 .text          0x001a6610       0xa4 c:/devkitPro/libctru/lib\libctru.a(allocateHeaps.o)
                0x001a6610                __system_allocateHeaps
 .text          0x001a66b4       0xf4 c:/devkitPro/libctru/lib\libctru.a(initArgv.o)
                0x001a66b4                __system_initArgv
 .text          0x001a67a8       0x4c c:/devkitPro/libctru/lib\libctru.a(initSystem.o)
                0x001a67a8                __libctru_init
 *fill*         0x001a67f4        0xc 
 .text          0x001a6800      0x460 c:/devkitPro/libctru/lib\libctru.a(svc.o)
                0x001a6800                svcControlMemory
                0x001a6820                svcQueryMemory
                0x001a6850                svcExitProcess
                0x001a6858                svcCreateThread
                0x001a6878                svcExitThread
                0x001a6880                svcSleepThread
                0x001a6888                svcGetThreadPriority
                0x001a689c                svcSetThreadPriority
                0x001a68a4                svcGetThreadAffinityMask
                0x001a68ac                svcSetThreadAffinityMask
                0x001a68b4                svcGetThreadIdealProcessor
                0x001a68c8                svcSetThreadIdealProcessor
                0x001a68d0                svcGetProcessorID
                0x001a68d8                svcCreateMutex
                0x001a68ec                svcReleaseMutex
                0x001a68f4                svcCreateSemaphore
                0x001a6908                svcReleaseSemaphore
                0x001a691c                svcCreateEvent
                0x001a6930                svcSignalEvent
                0x001a6938                svcClearEvent
                0x001a6940                svcCreateTimer
                0x001a6954                svcSetTimer
                0x001a695c                svcCancelTimer
                0x001a6964                svcClearTimer
                0x001a696c                svcCreateMemoryBlock
                0x001a6984                svcMapMemoryBlock
                0x001a698c                svcUnmapMemoryBlock
                0x001a6994                svcCreateAddressArbiter
                0x001a69a8                svcArbitrateAddress
                0x001a69c8                svcCloseHandle
                0x001a69d0                svcWaitSynchronization
                0x001a69d8                svcWaitSynchronizationN
                0x001a6a00                svcDuplicateHandle
                0x001a6a14                svcGetSystemTick
                0x001a6a1c                svcGetSystemInfo
                0x001a6a34                svcGetProcessInfo
                0x001a6a4c                svcGetThreadInfo
                0x001a6a64                svcConnectToPort
                0x001a6a78                svcSendSyncRequest
                0x001a6a80                svcOpenProcess
                0x001a6a94                svcOpenThread
                0x001a6aa8                svcGetProcessId
                0x001a6abc                svcGetProcessIdOfThread
                0x001a6ad0                svcGetThreadId
                0x001a6ae4                svcBreak
                0x001a6aec                svcOutputDebugString
                0x001a6af4                svcCreatePort
                0x001a6b14                svcAcceptSession
                0x001a6b2c                svcReplyAndReceive
                0x001a6b44                svcInvalidateProcessDataCache
                0x001a6b4c                svcFlushProcessDataCache
                0x001a6b54                svcStartInterProcessDma
                0x001a6b74                svcStopDma
                0x001a6b7c                svcGetDmaState
                0x001a6b90                svcDebugActiveProcess
                0x001a6ba4                svcBreakDebugProcess
                0x001a6bac                svcTerminateDebugProcess
                0x001a6bb4                svcGetProcessDebugEvent
                0x001a6bbc                svcContinueDebugEvent
                0x001a6bc4                svcGetProcessList
                0x001a6be4                svcReadProcessMemory
                0x001a6bec                svcWriteProcessMemory
                0x001a6bf4                svcControlProcessMemory
                0x001a6c0c                svcMapProcessMemory
                0x001a6c14                svcUnmapProcessMemory
                0x001a6c1c                svcTerminateProcess
                0x001a6c24                svcBackdoor
                0x001a6c2c                svcKernelSetState
                0x001a6c34                svcQueryProcessMemory
 .text          0x001a6c60       0x64 c:/devkitPro/libctru/lib\libctru.a(stack_adjust.o)
                0x001a6c60                initSystem
                0x001a6ca4                __ctru_exit
 .text          0x001a6cc4      0x178 c:/devkitPro/libctru/lib\libctru.a(mappable.o)
                0x001a6cec                mappableAlloc
                0x001a6de0                mappableFree
                0x001a6e30                mappableSpaceFree
 .text          0x001a6e3c      0x118 c:/devkitPro/libctru/lib\libctru.a(rbtree_iterator.o)
                0x001a6e3c                rbtree_node_next
                0x001a6ec8                rbtree_node_prev
 .text          0x001a6f54      0x138 c:/devkitPro/libctru/lib\libctru.a(decode_utf8.o)
                0x001a6f54                decode_utf8
 .text          0x001a708c       0x68 c:/devkitPro/libctru/lib\libctru.a(encode_utf16.o)
                0x001a708c                encode_utf16
 .text          0x001a70f4       0x1c c:/devkitPro/libctru/lib\libctru.a(appExit.o)
                0x001a70f4                __appExit
 .text          0x001a7110       0x1c c:/devkitPro/libctru/lib\libctru.a(appInit.o)
                0x001a7110                __appInit
 .text          0x001a712c       0x90 c:/devkitPro/libctru/lib\libctru.a(ctru_exit.o)
                0x001a712c                __libctru_exit
 .text          0x001a71bc      0xffc c:/devkitPro/libctru/lib\libctru.a(sdmc_dev.o)
                0x001a8038                sdmcInit
                0x001a8168                sdmcExit
 .text          0x001a81b8       0xe8 c:/devkitPro/libctru/lib\libctru.a(utf16_to_utf8.o)
                0x001a81b8                utf16_to_utf8
 .text          0x001a82a0       0x60 c:/devkitPro/libctru/lib\libctru.a(decode_utf16.o)
                0x001a82a0                decode_utf16
 .text          0x001a8300      0x104 c:/devkitPro/libctru/lib\libctru.a(encode_utf8.o)
                0x001a8300                encode_utf8
 .text          0x001a8404        0x0 c:/devkitpro/devkitarm/bin/../lib/gcc/arm-none-eabi/4.9.2/../../../../arm-none-eabi/lib/armv6k/fpu\libm.a(lib_a-sf_cos.o)
 .text          0x001a8404        0x0 c:/devkitpro/devkitarm/bin/../lib/gcc/arm-none-eabi/4.9.2/../../../../arm-none-eabi/lib/armv6k/fpu\libm.a(lib_a-s_floor.o)
 .text          0x001a8404        0x0 c:/devkitpro/devkitarm/bin/../lib/gcc/arm-none-eabi/4.9.2/../../../../arm-none-eabi/lib/armv6k/fpu\libm.a(lib_a-s_frexp.o)
 .text          0x001a8404        0x0 c:/devkitpro/devkitarm/bin/../lib/gcc/arm-none-eabi/4.9.2/../../../../arm-none-eabi/lib/armv6k/fpu\libm.a(lib_a-sf_sin.o)
 .text          0x001a8404        0x0 c:/devkitpro/devkitarm/bin/../lib/gcc/arm-none-eabi/4.9.2/../../../../arm-none-eabi/lib/armv6k/fpu\libm.a(lib_a-s_modf.o)
 .text          0x001a8404        0x0 c:/devkitpro/devkitarm/bin/../lib/gcc/arm-none-eabi/4.9.2/../../../../arm-none-eabi/lib/armv6k/fpu\libm.a(lib_a-w_pow.o)
 .text          0x001a8404        0x0 c:/devkitpro/devkitarm/bin/../lib/gcc/arm-none-eabi/4.9.2/../../../../arm-none-eabi/lib/armv6k/fpu\libm.a(lib_a-ef_rem_pio2.o)
 .text          0x001a8404        0x0 c:/devkitpro/devkitarm/bin/../lib/gcc/arm-none-eabi/4.9.2/../../../../arm-none-eabi/lib/armv6k/fpu\libm.a(lib_a-e_pow.o)
 .text          0x001a8404        0x0 c:/devkitpro/devkitarm/bin/../lib/gcc/arm-none-eabi/4.9.2/../../../../arm-none-eabi/lib/armv6k/fpu\libm.a(lib_a-e_sqrt.o)
 .text          0x001a8404        0x0 c:/devkitpro/devkitarm/bin/../lib/gcc/arm-none-eabi/4.9.2/../../../../arm-none-eabi/lib/armv6k/fpu\libm.a(lib_a-kf_cos.o)
 .text          0x001a8404        0x0 c:/devkitpro/devkitarm/bin/../lib/gcc/arm-none-eabi/4.9.2/../../../../arm-none-eabi/lib/armv6k/fpu\libm.a(lib_a-kf_rem_pio2.o)
 .text          0x001a8404        0x0 c:/devkitpro/devkitarm/bin/../lib/gcc/arm-none-eabi/4.9.2/../../../../arm-none-eabi/lib/armv6k/fpu\libm.a(lib_a-kf_sin.o)
 .text          0x001a8404        0x0 c:/devkitpro/devkitarm/bin/../lib/gcc/arm-none-eabi/4.9.2/../../../../arm-none-eabi/lib/armv6k/fpu\libm.a(lib_a-s_fabs.o)
 .text          0x001a8404        0x0 c:/devkitpro/devkitarm/bin/../lib/gcc/arm-none-eabi/4.9.2/../../../../arm-none-eabi/lib/armv6k/fpu\libm.a(lib_a-sf_fabs.o)
 .text          0x001a8404        0x0 c:/devkitpro/devkitarm/bin/../lib/gcc/arm-none-eabi/4.9.2/../../../../arm-none-eabi/lib/armv6k/fpu\libm.a(lib_a-sf_floor.o)
 .text          0x001a8404        0x0 c:/devkitpro/devkitarm/bin/../lib/gcc/arm-none-eabi/4.9.2/../../../../arm-none-eabi/lib/armv6k/fpu\libm.a(lib_a-s_finite.o)
 .text          0x001a8404        0x0 c:/devkitpro/devkitarm/bin/../lib/gcc/arm-none-eabi/4.9.2/../../../../arm-none-eabi/lib/armv6k/fpu\libm.a(lib_a-s_fpclassify.o)
 .text          0x001a8404        0x0 c:/devkitpro/devkitarm/bin/../lib/gcc/arm-none-eabi/4.9.2/../../../../arm-none-eabi/lib/armv6k/fpu\libm.a(lib_a-sf_scalbn.o)
 .text          0x001a8404        0x0 c:/devkitpro/devkitarm/bin/../lib/gcc/arm-none-eabi/4.9.2/../../../../arm-none-eabi/lib/armv6k/fpu\libm.a(lib_a-s_lib_ver.o)
 .text          0x001a8404        0x0 c:/devkitpro/devkitarm/bin/../lib/gcc/arm-none-eabi/4.9.2/../../../../arm-none-eabi/lib/armv6k/fpu\libm.a(lib_a-s_matherr.o)
 .text          0x001a8404        0x0 c:/devkitpro/devkitarm/bin/../lib/gcc/arm-none-eabi/4.9.2/../../../../arm-none-eabi/lib/armv6k/fpu\libm.a(lib_a-s_nan.o)
 .text          0x001a8404        0x0 c:/devkitpro/devkitarm/bin/../lib/gcc/arm-none-eabi/4.9.2/../../../../arm-none-eabi/lib/armv6k/fpu\libm.a(lib_a-s_rint.o)
 .text          0x001a8404        0x0 c:/devkitpro/devkitarm/bin/../lib/gcc/arm-none-eabi/4.9.2/../../../../arm-none-eabi/lib/armv6k/fpu\libm.a(lib_a-s_scalbn.o)
 .text          0x001a8404        0x0 c:/devkitpro/devkitarm/bin/../lib/gcc/arm-none-eabi/4.9.2/../../../../arm-none-eabi/lib/armv6k/fpu\libm.a(lib_a-s_copysign.o)
 .text          0x001a8404        0x0 c:/devkitpro/devkitarm/bin/../lib/gcc/arm-none-eabi/4.9.2/../../../../arm-none-eabi/lib/armv6k/fpu\libm.a(lib_a-sf_copysign.o)
 .text          0x001a8404      0x20c c:/devkitpro/devkitarm/bin/../lib/gcc/arm-none-eabi/4.9.2/armv6k/fpu\libgcc.a(_udivsi3.o)
                0x001a8404                __aeabi_uidiv
                0x001a8404                __udivsi3
                0x001a85f0                __aeabi_uidivmod
 .text          0x001a8610      0x240 c:/devkitpro/devkitarm/bin/../lib/gcc/arm-none-eabi/4.9.2/armv6k/fpu\libgcc.a(_divsi3.o)
                0x001a8610                __divsi3
                0x001a8610                __aeabi_idiv
                0x001a8830                __aeabi_idivmod
 .text          0x001a8850        0x4 c:/devkitpro/devkitarm/bin/../lib/gcc/arm-none-eabi/4.9.2/armv6k/fpu\libgcc.a(_dvmd_tls.o)
                0x001a8850                __aeabi_idiv0
                0x001a8850                __aeabi_ldiv0
 .text          0x001a8854      0x250 c:/devkitpro/devkitarm/bin/../lib/gcc/arm-none-eabi/4.9.2/armv6k/fpu\libgcc.a(_arm_addsubsf3.o)
                0x001a8854                __aeabi_frsub
                0x001a885c                __subsf3
                0x001a885c                __aeabi_fsub
                0x001a8860                __aeabi_fadd
                0x001a8860                __addsf3
                0x001a89f0                __aeabi_ui2f
                0x001a89f0                __floatunsisf
                0x001a89f8                __aeabi_i2f
                0x001a89f8                __floatsisf
                0x001a8a18                __aeabi_ul2f
                0x001a8a18                __floatundisf
                0x001a8a28                __aeabi_l2f
                0x001a8a28                __floatdisf
 .text          0x001a8aa4       0x44 c:/devkitpro/devkitarm/bin/../lib/gcc/arm-none-eabi/4.9.2/armv6k/fpu\libgcc.a(_popcountsi2.o)
                0x001a8aa4                __popcountsi2
 .text          0x001a8ae8        0x0 c:/devkitpro/devkitarm/bin/../lib/gcc/arm-none-eabi/4.9.2/../../../../arm-none-eabi/lib/armv6k/fpu\libg.a(lib_a-abort.o)
 .text          0x001a8ae8        0x0 c:/devkitpro/devkitarm/bin/../lib/gcc/arm-none-eabi/4.9.2/../../../../arm-none-eabi/lib/armv6k/fpu\libg.a(lib_a-atof.o)
 .text          0x001a8ae8        0x0 c:/devkitpro/devkitarm/bin/../lib/gcc/arm-none-eabi/4.9.2/../../../../arm-none-eabi/lib/armv6k/fpu\libg.a(lib_a-atol.o)
 .text          0x001a8ae8        0x0 c:/devkitpro/devkitarm/bin/../lib/gcc/arm-none-eabi/4.9.2/../../../../arm-none-eabi/lib/armv6k/fpu\libg.a(lib_a-bsearch.o)
 .text          0x001a8ae8        0x0 c:/devkitpro/devkitarm/bin/../lib/gcc/arm-none-eabi/4.9.2/../../../../arm-none-eabi/lib/armv6k/fpu\libg.a(lib_a-errno.o)
 .text          0x001a8ae8        0x0 c:/devkitpro/devkitarm/bin/../lib/gcc/arm-none-eabi/4.9.2/../../../../arm-none-eabi/lib/armv6k/fpu\libg.a(lib_a-fclose.o)
 .text          0x001a8ae8        0x0 c:/devkitpro/devkitarm/bin/../lib/gcc/arm-none-eabi/4.9.2/../../../../arm-none-eabi/lib/armv6k/fpu\libg.a(lib_a-fflush.o)
 .text          0x001a8ae8        0x0 c:/devkitpro/devkitarm/bin/../lib/gcc/arm-none-eabi/4.9.2/../../../../arm-none-eabi/lib/armv6k/fpu\libg.a(lib_a-findfp.o)
 .text          0x001a8ae8        0x0 c:/devkitpro/devkitarm/bin/../lib/gcc/arm-none-eabi/4.9.2/../../../../arm-none-eabi/lib/armv6k/fpu\libg.a(lib_a-fini.o)
 .text          0x001a8ae8        0x0 c:/devkitpro/devkitarm/bin/../lib/gcc/arm-none-eabi/4.9.2/../../../../arm-none-eabi/lib/armv6k/fpu\libg.a(lib_a-fopen.o)
 .text          0x001a8ae8        0x0 c:/devkitpro/devkitarm/bin/../lib/gcc/arm-none-eabi/4.9.2/../../../../arm-none-eabi/lib/armv6k/fpu\libg.a(lib_a-fprintf.o)
 .text          0x001a8ae8        0x0 c:/devkitpro/devkitarm/bin/../lib/gcc/arm-none-eabi/4.9.2/../../../../arm-none-eabi/lib/armv6k/fpu\libg.a(lib_a-fputc.o)
 .text          0x001a8ae8        0x0 c:/devkitpro/devkitarm/bin/../lib/gcc/arm-none-eabi/4.9.2/../../../../arm-none-eabi/lib/armv6k/fpu\libg.a(lib_a-fread.o)
 .text          0x001a8ae8        0x0 c:/devkitpro/devkitarm/bin/../lib/gcc/arm-none-eabi/4.9.2/../../../../arm-none-eabi/lib/armv6k/fpu\libg.a(lib_a-freer.o)
 .text          0x001a8ae8        0x0 c:/devkitpro/devkitarm/bin/../lib/gcc/arm-none-eabi/4.9.2/../../../../arm-none-eabi/lib/armv6k/fpu\libg.a(lib_a-fseek.o)
 .text          0x001a8ae8        0x0 c:/devkitpro/devkitarm/bin/../lib/gcc/arm-none-eabi/4.9.2/../../../../arm-none-eabi/lib/armv6k/fpu\libg.a(lib_a-fseeko.o)
 .text          0x001a8ae8        0x0 c:/devkitpro/devkitarm/bin/../lib/gcc/arm-none-eabi/4.9.2/../../../../arm-none-eabi/lib/armv6k/fpu\libg.a(lib_a-ftell.o)
 .text          0x001a8ae8        0x0 c:/devkitpro/devkitarm/bin/../lib/gcc/arm-none-eabi/4.9.2/../../../../arm-none-eabi/lib/armv6k/fpu\libg.a(lib_a-ftello.o)
 .text          0x001a8ae8        0x0 c:/devkitpro/devkitarm/bin/../lib/gcc/arm-none-eabi/4.9.2/../../../../arm-none-eabi/lib/armv6k/fpu\libg.a(lib_a-fwalk.o)
 .text          0x001a8ae8        0x0 c:/devkitpro/devkitarm/bin/../lib/gcc/arm-none-eabi/4.9.2/../../../../arm-none-eabi/lib/armv6k/fpu\libg.a(lib_a-fwrite.o)
 .text          0x001a8ae8        0x0 c:/devkitpro/devkitarm/bin/../lib/gcc/arm-none-eabi/4.9.2/../../../../arm-none-eabi/lib/armv6k/fpu\libg.a(lib_a-gmtime.o)
 .text          0x001a8ae8        0x0 c:/devkitpro/devkitarm/bin/../lib/gcc/arm-none-eabi/4.9.2/../../../../arm-none-eabi/lib/armv6k/fpu\libg.a(lib_a-gmtime_r.o)
 .text          0x001a8ae8        0x0 c:/devkitpro/devkitarm/bin/../lib/gcc/arm-none-eabi/4.9.2/../../../../arm-none-eabi/lib/armv6k/fpu\libg.a(lib_a-impure.o)
 .text          0x001a8ae8        0x0 c:/devkitpro/devkitarm/bin/../lib/gcc/arm-none-eabi/4.9.2/../../../../arm-none-eabi/lib/armv6k/fpu\libg.a(lib_a-init.o)
 .text          0x001a8ae8        0x0 c:/devkitpro/devkitarm/bin/../lib/gcc/arm-none-eabi/4.9.2/../../../../arm-none-eabi/lib/armv6k/fpu\libg.a(lib_a-makebuf.o)
 .text          0x001a8ae8        0x0 c:/devkitpro/devkitarm/bin/../lib/gcc/arm-none-eabi/4.9.2/../../../../arm-none-eabi/lib/armv6k/fpu\libg.a(lib_a-malloc.o)
 .text          0x001a8ae8        0x0 c:/devkitpro/devkitarm/bin/../lib/gcc/arm-none-eabi/4.9.2/../../../../arm-none-eabi/lib/armv6k/fpu\libg.a(lib_a-mallocr.o)
 .text          0x001a8ae8        0x0 c:/devkitpro/devkitarm/bin/../lib/gcc/arm-none-eabi/4.9.2/../../../../arm-none-eabi/lib/armv6k/fpu\libg.a(lib_a-memchr.o)
 .text          0x001a8ae8        0x0 c:/devkitpro/devkitarm/bin/../lib/gcc/arm-none-eabi/4.9.2/../../../../arm-none-eabi/lib/armv6k/fpu\libg.a(lib_a-memcmp.o)
 .text          0x001a8ae8        0x0 c:/devkitpro/devkitarm/bin/../lib/gcc/arm-none-eabi/4.9.2/../../../../arm-none-eabi/lib/armv6k/fpu\libg.a(lib_a-memcpy.o)
 .text          0x001a8ae8        0x0 c:/devkitpro/devkitarm/bin/../lib/gcc/arm-none-eabi/4.9.2/../../../../arm-none-eabi/lib/armv6k/fpu\libg.a(lib_a-memmove.o)
 .text          0x001a8ae8        0x0 c:/devkitpro/devkitarm/bin/../lib/gcc/arm-none-eabi/4.9.2/../../../../arm-none-eabi/lib/armv6k/fpu\libg.a(lib_a-memset.o)
 .text          0x001a8ae8        0x0 c:/devkitpro/devkitarm/bin/../lib/gcc/arm-none-eabi/4.9.2/../../../../arm-none-eabi/lib/armv6k/fpu\libg.a(lib_a-mlock.o)
 .text          0x001a8ae8        0x0 c:/devkitpro/devkitarm/bin/../lib/gcc/arm-none-eabi/4.9.2/../../../../arm-none-eabi/lib/armv6k/fpu\libg.a(lib_a-month_lengths.o)
 .text          0x001a8ae8        0x0 c:/devkitpro/devkitarm/bin/../lib/gcc/arm-none-eabi/4.9.2/../../../../arm-none-eabi/lib/armv6k/fpu\libg.a(lib_a-putc.o)
 .text          0x001a8ae8        0x0 c:/devkitpro/devkitarm/bin/../lib/gcc/arm-none-eabi/4.9.2/../../../../arm-none-eabi/lib/armv6k/fpu\libg.a(lib_a-qsort.o)
 .text          0x001a8ae8        0x0 c:/devkitpro/devkitarm/bin/../lib/gcc/arm-none-eabi/4.9.2/../../../../arm-none-eabi/lib/armv6k/fpu\libg.a(lib_a-realloc.o)
 .text          0x001a8ae8        0x0 c:/devkitpro/devkitarm/bin/../lib/gcc/arm-none-eabi/4.9.2/../../../../arm-none-eabi/lib/armv6k/fpu\libg.a(lib_a-reallocr.o)
 .text          0x001a8ae8        0x0 c:/devkitpro/devkitarm/bin/../lib/gcc/arm-none-eabi/4.9.2/../../../../arm-none-eabi/lib/armv6k/fpu\libg.a(lib_a-refill.o)
 .text          0x001a8ae8        0x0 c:/devkitpro/devkitarm/bin/../lib/gcc/arm-none-eabi/4.9.2/../../../../arm-none-eabi/lib/armv6k/fpu\libg.a(lib_a-remove.o)
 .text          0x001a8ae8       0x2c c:/devkitpro/devkitarm/bin/../lib/gcc/arm-none-eabi/4.9.2/../../../../arm-none-eabi/lib/armv6k/fpu\libg.a(lib_a-setjmp.o)
                0x001a8ae8                setjmp
                0x001a8afc                longjmp
 .text          0x001a8b14        0x0 c:/devkitpro/devkitarm/bin/../lib/gcc/arm-none-eabi/4.9.2/../../../../arm-none-eabi/lib/armv6k/fpu\libg.a(lib_a-signal.o)
 .text          0x001a8b14        0x0 c:/devkitpro/devkitarm/bin/../lib/gcc/arm-none-eabi/4.9.2/../../../../arm-none-eabi/lib/armv6k/fpu\libg.a(lib_a-snprintf.o)
 .text          0x001a8b14        0x0 c:/devkitpro/devkitarm/bin/../lib/gcc/arm-none-eabi/4.9.2/../../../../arm-none-eabi/lib/armv6k/fpu\libg.a(lib_a-sprintf.o)
 .text          0x001a8b14        0x0 c:/devkitpro/devkitarm/bin/../lib/gcc/arm-none-eabi/4.9.2/../../../../arm-none-eabi/lib/armv6k/fpu\libg.a(lib_a-stdio.o)
 .text          0x001a8b14        0x0 c:/devkitpro/devkitarm/bin/../lib/gcc/arm-none-eabi/4.9.2/../../../../arm-none-eabi/lib/armv6k/fpu\libg.a(lib_a-strchr.o)
 *fill*         0x001a8b14        0xc 
 .text          0x001a8b20      0x3a0 c:/devkitpro/devkitarm/bin/../lib/gcc/arm-none-eabi/4.9.2/../../../../arm-none-eabi/lib/armv6k/fpu\libg.a(lib_a-strcmp.o)
                0x001a8b28                strcmp
 .text          0x001a8ec0        0x0 c:/devkitpro/devkitarm/bin/../lib/gcc/arm-none-eabi/4.9.2/../../../../arm-none-eabi/lib/armv6k/fpu\libg.a(lib_a-strcpy.o)
 .text          0x001a8ec0        0x0 c:/devkitpro/devkitarm/bin/../lib/gcc/arm-none-eabi/4.9.2/../../../../arm-none-eabi/lib/armv6k/fpu\libg.a(lib_a-strerror.o)
 .text          0x001a8ec0        0x0 c:/devkitpro/devkitarm/bin/../lib/gcc/arm-none-eabi/4.9.2/../../../../arm-none-eabi/lib/armv6k/fpu\libg.a(lib_a-strlen.o)
 .text          0x001a8ec0        0x0 c:/devkitpro/devkitarm/bin/../lib/gcc/arm-none-eabi/4.9.2/../../../../arm-none-eabi/lib/armv6k/fpu\libg.a(lib_a-strncat.o)
 .text          0x001a8ec0        0x0 c:/devkitpro/devkitarm/bin/../lib/gcc/arm-none-eabi/4.9.2/../../../../arm-none-eabi/lib/armv6k/fpu\libg.a(lib_a-strncmp.o)
 .text          0x001a8ec0        0x0 c:/devkitpro/devkitarm/bin/../lib/gcc/arm-none-eabi/4.9.2/../../../../arm-none-eabi/lib/armv6k/fpu\libg.a(lib_a-strncpy.o)
 .text          0x001a8ec0        0x0 c:/devkitpro/devkitarm/bin/../lib/gcc/arm-none-eabi/4.9.2/../../../../arm-none-eabi/lib/armv6k/fpu\libg.a(lib_a-strrchr.o)