Archive member included to satisfy reference by file (symbol)

c:/devkitPro/libctru/lib\libsfil.a(sfil_png.o)
                              main.o (sfil_load_PNG_buffer)
c:/devkitPro/portlibs/armv6k/lib\libpng.a(png.o)
                              c:/devkitPro/libctru/lib\libsfil.a(sfil_png.o) (png_set_sig_bytes)
c:/devkitPro/portlibs/armv6k/lib\libpng.a(pngerror.o)
                              c:/devkitPro/portlibs/armv6k/lib\libpng.a(png.o) (png_safecat)
c:/devkitPro/portlibs/armv6k/lib\libpng.a(pngget.o)
                              c:/devkitPro/libctru/lib\libsfil.a(sfil_png.o) (png_get_valid)
c:/devkitPro/portlibs/armv6k/lib\libpng.a(pngmem.o)
                              c:/devkitPro/portlibs/armv6k/lib\libpng.a(png.o) (png_calloc)
c:/devkitPro/portlibs/armv6k/lib\libpng.a(pngread.o)
                              c:/devkitPro/libctru/lib\libsfil.a(sfil_png.o) (png_create_read_struct)
c:/devkitPro/portlibs/armv6k/lib\libpng.a(pngrio.o)
                              c:/devkitPro/libctru/lib\libsfil.a(sfil_png.o) (png_set_read_fn)
c:/devkitPro/portlibs/armv6k/lib\libpng.a(pngrtran.o)
                              c:/devkitPro/portlibs/armv6k/lib\libpng.a(pngread.o) (png_set_background_fixed)
c:/devkitPro/portlibs/armv6k/lib\libpng.a(pngrutil.o)
                              c:/devkitPro/portlibs/armv6k/lib\libpng.a(pngread.o) (png_read_sig)
c:/devkitPro/portlibs/armv6k/lib\libpng.a(pngset.o)
                              c:/devkitPro/portlibs/armv6k/lib\libpng.a(pngrutil.o) (png_set_bKGD)
c:/devkitPro/portlibs/armv6k/lib\libpng.a(pngtrans.o)
                              c:/devkitPro/portlibs/armv6k/lib\libpng.a(pngread.o) (png_set_bgr)
c:/devkitPro/portlibs/armv6k/lib\libpng.a(pngwrite.o)
                              c:/devkitPro/portlibs/armv6k/lib\libpng.a(png.o) (png_destroy_write_struct)
c:/devkitPro/portlibs/armv6k/lib\libpng.a(pngwtran.o)
                              c:/devkitPro/portlibs/armv6k/lib\libpng.a(pngwrite.o) (png_do_write_transformations)
c:/devkitPro/portlibs/armv6k/lib\libpng.a(pngwutil.o)
                              c:/devkitPro/portlibs/armv6k/lib\libpng.a(png.o) (png_save_uint_32)
c:/devkitPro/portlibs/armv6k/lib\libpng.a(pngwio.o)
                              c:/devkitPro/portlibs/armv6k/lib\libpng.a(pngwutil.o) (png_write_data)
c:/devkitPro/libctru/lib\libsftd.a(sftd.o)
                              main.o (sftd_init)
c:/devkitPro/libctru/lib\libsftd.a(texture_atlas.o)
                              c:/devkitPro/libctru/lib\libsftd.a(sftd.o) (texture_atlas_create)
c:/devkitPro/libctru/lib\libsftd.a(bin_packing_2d.o)
                              c:/devkitPro/libctru/lib\libsftd.a(texture_atlas.o) (bp2d_create)
c:/devkitPro/libctru/lib\libsftd.a(int_htab.o)
                              c:/devkitPro/libctru/lib\libsftd.a(texture_atlas.o) (int_htab_create)
c:/devkitPro/portlibs/armv6k/lib\libfreetype.a(ftinit.o)
                              c:/devkitPro/libctru/lib\libsftd.a(sftd.o) (FT_Init_FreeType)
c:/devkitPro/portlibs/armv6k/lib\libfreetype.a(ftbase.o)
                              c:/devkitPro/libctru/lib\libsftd.a(sftd.o) (FT_Get_Kerning)
c:/devkitPro/portlibs/armv6k/lib\libfreetype.a(truetype.o)
                              c:/devkitPro/portlibs/armv6k/lib\libfreetype.a(ftinit.o) (tt_driver_class)
c:/devkitPro/portlibs/armv6k/lib\libfreetype.a(type1.o)
                              c:/devkitPro/portlibs/armv6k/lib\libfreetype.a(ftinit.o) (t1_driver_class)
c:/devkitPro/portlibs/armv6k/lib\libfreetype.a(cff.o)
                              c:/devkitPro/portlibs/armv6k/lib\libfreetype.a(ftinit.o) (cff_driver_class)
c:/devkitPro/portlibs/armv6k/lib\libfreetype.a(type1cid.o)
                              c:/devkitPro/portlibs/armv6k/lib\libfreetype.a(ftinit.o) (t1cid_driver_class)
c:/devkitPro/portlibs/armv6k/lib\libfreetype.a(pfr.o)
                              c:/devkitPro/portlibs/armv6k/lib\libfreetype.a(ftinit.o) (pfr_driver_class)
c:/devkitPro/portlibs/armv6k/lib\libfreetype.a(type42.o)
                              c:/devkitPro/portlibs/armv6k/lib\libfreetype.a(ftinit.o) (t42_driver_class)
c:/devkitPro/portlibs/armv6k/lib\libfreetype.a(winfnt.o)
                              c:/devkitPro/portlibs/armv6k/lib\libfreetype.a(ftinit.o) (winfnt_driver_class)
c:/devkitPro/portlibs/armv6k/lib\libfreetype.a(pcf.o)
                              c:/devkitPro/portlibs/armv6k/lib\libfreetype.a(ftinit.o) (pcf_driver_class)
c:/devkitPro/portlibs/armv6k/lib\libfreetype.a(bdf.o)
                              c:/devkitPro/portlibs/armv6k/lib\libfreetype.a(ftinit.o) (bdf_driver_class)
c:/devkitPro/portlibs/armv6k/lib\libfreetype.a(sfnt.o)
                              c:/devkitPro/portlibs/armv6k/lib\libfreetype.a(ftinit.o) (sfnt_module_class)
c:/devkitPro/portlibs/armv6k/lib\libfreetype.a(autofit.o)
                              c:/devkitPro/portlibs/armv6k/lib\libfreetype.a(ftinit.o) (autofit_module_class)
c:/devkitPro/portlibs/armv6k/lib\libfreetype.a(pshinter.o)
[...]
Memory Configuration

Name             Origin             Length             Attributes
*default*        0x00000000         0xffffffff

Linker script and memory map

                0x00100000                . = 0x100000
                0x00100000                __start__ = .

.text           0x00100000    0xd279c
 *(.crt0)
 .crt0          0x00100000       0x94 c:/devkitpro/devkitarm/bin/../lib/gcc/arm-none-eabi/4.9.2/../../../../arm-none-eabi/lib/armv6k/fpu/3dsx_crt0.o
                0x00100000                _start
                0x00100008                __service_ptr
                0x0010000c                __apt_appid
                0x00100010                __heap_size
                0x00100014                __linear_heap_size
                0x00100018                __system_arglist
                0x0010001c                __system_runflags
 *(.init)
 .init          0x00100094        0xc c:/devkitpro/devkitarm/bin/../lib/gcc/arm-none-eabi/4.9.2/armv6k/fpu/crti.o
                0x00100094                _init
 .init          0x001000a0        0xc c:/devkitpro/devkitarm/bin/../lib/gcc/arm-none-eabi/4.9.2/armv6k/fpu/crtn.o
                0x001000ac                . = ALIGN (0x4)
 *(.text)
 .text          0x001000ac        0x0 c:/devkitpro/devkitarm/bin/../lib/gcc/arm-none-eabi/4.9.2/../../../../arm-none-eabi/lib/armv6k/fpu/3dsx_crt0.o
 .text          0x001000ac        0x0 c:/devkitpro/devkitarm/bin/../lib/gcc/arm-none-eabi/4.9.2/armv6k/fpu/crti.o
 .text          0x001000ac      0x108 c:/devkitpro/devkitarm/bin/../lib/gcc/arm-none-eabi/4.9.2/armv6k/fpu/crtbegin.o
 .text          0x001001b4        0x0 eightbit.ttf.o
 .text          0x001001b4        0x0 friskBack.png.o
 .text          0x001001b4        0x0 friskFace.png.o
 .text          0x001001b4        0x0 friskLeft1.png.o
 .text          0x001001b4        0x0 friskLeft2.png.o
 .text          0x001001b4        0x0 friskRight1.png.o
 .text          0x001001b4        0x0 friskRight2.png.o
 .text          0x001001b4        0x0 torielHouse1.png.o
 .text          0x001001b4        0x0 main.o
 .text          0x001001b4      0x3e8 c:/devkitPro/libctru/lib\libsfil.a(sfil_png.o)
                0x001004b4                sfil_load_PNG_file
                0x00100550                sfil_load_PNG_buffer
 *fill*         0x0010059c        0x4 
 .text          0x001005a0     0x6cc8 c:/devkitPro/portlibs/armv6k/lib\libpng.a(png.o)
                0x001005a0                png_zalloc
                0x001005f8                png_zfree
                0x00100ef8                png_set_sig_bytes
                0x00100f38                png_sig_cmp
                0x00100fa8                png_reset_crc
                0x00100fc8                png_calculate_crc
                0x0010101c                png_user_version_check
                0x0010111c                png_create_png_struct
                0x00101230                png_create_info_struct
                0x00101270                png_destroy_info_struct
                0x001015f8                png_info_init_3
                0x00101650                png_data_freer
                0x0010169c                png_free_data
                0x001016ac                png_get_io_ptr
                0x001016b8                png_init_io
                0x001016c4                png_save_int_32
                0x001016c8                png_convert_to_rfc1123_buffer
                0x001018ac                png_convert_to_rfc1123
                0x00101aa0                png_get_copyright
                0x00101aac                png_get_libpng_ver
                0x00101ab8                png_get_header_ver
                0x00101ac4                png_get_header_version
                0x00101ad0                png_build_grayscale_palette
                0x00101b30                png_handle_as_unknown
                0x00101ba4                png_chunk_unknown_handling
                0x00101c34                png_reset_zstream
                0x00101c4c                png_access_version_number
                0x00101c58                png_zstream_error
                0x00101d3c                png_colorspace_set_gamma
                0x00101ea8                png_colorspace_sync_info
                0x00101f18                png_colorspace_sync
                0x00101fa0                png_colorspace_set_sRGB
                0x00102224                png_icc_check_length
                0x001023bc                png_icc_check_header
                0x00102718                png_icc_check_tag_table
                0x00102850                png_icc_set_sRGB
                0x00102aa4                png_colorspace_set_ICC
                0x00102e7c                png_colorspace_set_rgb_coefficients
                0x00103124                png_check_IHDR
                0x001033dc                png_check_fp_number
                0x00103674                png_check_fp_string
                0x00103934                png_ascii_from_fp
                0x00104260                png_ascii_from_fixed
                0x00104690                png_fixed
                0x00104718                png_muldiv
                0x001047d0                png_muldiv_warn
                0x0010488c                png_reciprocal
                0x00104918                png_colorspace_set_endpoints
                0x00105918                png_colorspace_set_chromaticities
                0x001063ec                png_gamma_significant
                0x0010640c                png_reciprocal2
                0x001064c8                png_gamma_8bit_correct
                0x00106550                png_gamma_16bit_correct
                0x001065e4                png_gamma_correct
                0x001066f4                png_destroy_gamma_table
                0x00106828                png_build_gamma_table
                0x00107164                png_set_option
                0x001071c4                png_image_free
                0x00107200                png_image_error
 .text          0x00107268     0x1a6c c:/devkitPro/portlibs/armv6k/lib\libpng.a(pngerror.o)
                0x001074d4                png_safecat
                0x00107548                png_format_number
                0x001076b4                png_warning
                0x001077fc                png_warning_parameter
                0x00107878                png_warning_parameter_unsigned
                0x0010790c                png_warning_parameter_signed
                0x001079d8                png_formatted_warning
                0x00107cb0                png_chunk_warning
                0x00107e5c                png_free_jmpbuf
                0x00107eec                png_longjmp
                0x00107f18                png_error
                0x00107f78                png_app_warning
                0x001080d0                png_app_error
                0x00108228                png_chunk_error
                0x00108254                png_chunk_benign_error
                0x001083f8                png_benign_error
                0x001086c8                png_fixed_error
                0x00108748                png_set_longjmp_fn
                0x0010882c                png_chunk_report
                0x00108b04                png_set_error_fn
                0x00108b18                png_get_error_ptr
                0x00108b24                png_safe_error
                0x00108bc8                png_safe_warning
                0x00108c3c                png_safe_execute
 *fill*         0x00108cd4        0x4 
 .text          0x00108cd8     0x12d0 c:/devkitPro/portlibs/armv6k/lib\libpng.a(pngget.o)
                0x00108cd8                png_get_valid
                0x00108cf4                png_get_rowbytes
                0x00108d0c                png_get_rows
                0x00108d24                png_get_image_width
                0x00108d3c                png_get_image_height
                0x00108d54                png_get_bit_depth
                0x00108d6c                png_get_color_type
                0x00108d84                png_get_filter_type
                0x00108d9c                png_get_interlace_type
                0x00108db4                png_get_compression_type
                0x00108dcc                png_get_x_pixels_per_meter
                0x00108e00                png_get_y_pixels_per_meter
                0x00108e34                png_get_pixels_per_meter
                0x00108e80                png_get_pixel_aspect_ratio
                0x00108ec8                png_get_pixel_aspect_ratio_fixed
                0x00108f58                png_get_x_offset_microns
                0x00108f8c                png_get_y_offset_microns
                0x00108fc0                png_get_x_offset_pixels
                0x00108ff4                png_get_y_offset_pixels
                0x00109028                png_get_pixels_per_inch
                0x001090b4                png_get_x_pixels_per_inch
                0x00109130                png_get_y_pixels_per_inch
                0x001091ac                png_get_x_offset_inches_fixed
                0x001091fc                png_get_y_offset_inches_fixed
                0x0010924c                png_get_x_offset_inches
                0x0010929c                png_get_y_offset_inches
                0x001092ec                png_get_pHYs_dpi
                0x001093b8                png_get_channels
                0x001093d0                png_get_signature
                0x001093e8                png_get_bKGD
                0x00109424                png_get_cHRM
                0x00109538                png_get_cHRM_XYZ
                0x00109668                png_get_cHRM_XYZ_fixed
                0x00109740                png_get_cHRM_fixed
                0x00109804                png_get_gAMA_fixed
                0x0010983c                png_get_gAMA
                0x00109890                png_get_sRGB
                0x001098cc                png_get_iCCP
                0x00109970                png_get_sPLT
                0x001099a0                png_get_hIST
                0x001099dc                png_get_IHDR
                0x00109a98                png_get_oFFs
                0x00109b04                png_get_pCAL
                0x00109bd4                png_get_sCAL_fixed
                0x00109c5c                png_get_sCAL
                0x00109cb4                png_get_sCAL_s
                0x00109cf8                png_get_pHYs
                0x00109d58                png_get_PLTE
                0x00109d9c                png_get_sBIT
                0x00109dd8                png_get_text
                0x00109e20                png_get_tIME
                0x00109e5c                png_get_tRNS
                0x00109eec                png_get_unknown_chunks
                0x00109f1c                png_get_rgb_to_gray_status
                0x00109f28                png_get_user_chunk_ptr
                0x00109f34                png_get_compression_buffer_size
                0x00109f50                png_get_user_width_max
                0x00109f5c                png_get_user_height_max
                0x00109f68                png_get_chunk_cache_max
                0x00109f74                png_get_chunk_malloc_max
                0x00109f80                png_get_io_state
                0x00109f88                png_get_io_chunk_type
                0x00109f90                png_get_palette_max
 .text          0x00109fa8      0x3ec c:/devkitPro/portlibs/armv6k/lib\libpng.a(pngmem.o)
                0x00109fa8                png_destroy_png_struct
                0x0010a010                png_calloc
                0x0010a088                png_malloc_base
                0x0010a0b8                png_malloc_array
                0x0010a134                png_realloc_array
                0x0010a23c                png_malloc
                0x0010a298                png_malloc_default
                0x0010a2d8                png_malloc_warn
                0x0010a33c                png_free
                0x0010a360                png_free_default
                0x0010a374                png_set_mem_fn
                0x0010a388                png_get_mem_ptr
 .text          0x0010a394     0x76f8 c:/devkitPro/portlibs/armv6k/lib\libpng.a(pngread.o)
                0x0010ffe0                png_create_read_struct
                0x00110038                png_create_read_struct_2
                0x00110094                png_read_info
                0x001100a4                png_read_update_info
                0x001100e8                png_start_read_image
                0x0011010c                png_read_row
                0x00110464                png_read_rows
                0x00110858                png_read_image
                0x00110bf4                png_read_end
                0x00111084                png_destroy_read_struct
                0x00111308                png_set_read_status_fn
                0x00111314                png_read_png
                0x001115cc                png_image_begin_read_from_stdio
                0x0011177c                png_image_begin_read_from_file
                0x00111844                png_image_begin_read_from_memory
                0x001118e0                png_image_finish_read
 .text          0x00111a8c       0xac c:/devkitPro/portlibs/armv6k/lib\libpng.a(pngrio.o)
                0x00111a8c                png_default_read_data
                0x00111ac8                png_read_data
                0x00111ae8                png_set_read_fn
 .text          0x00111b38     0x5ff8 c:/devkitPro/portlibs/armv6k/lib\libpng.a(pngrtran.o)
                0x00112e84                png_set_crc_action
                0x00112f60                png_set_background_fixed
                0x00113018                png_set_background
                0x001130f0                png_set_scale_16
                0x00113128                png_set_strip_16
                0x00113160                png_set_strip_alpha
                0x00113198                png_set_alpha_mode_fixed
                0x00113394                png_set_alpha_mode
                0x00113644                png_set_quantize
                0x00113eec                png_set_gamma_fixed
                0x00113ff4                png_set_gamma
                0x00114228                png_set_expand
                0x00114264                png_set_palette_to_rgb
                0x001142a0                png_set_expand_gray_1_2_4_to_8
                0x001142d8                png_set_tRNS_to_alpha
                0x00114314                png_set_expand_16
                0x00114350                png_set_gray_to_rgb
                0x00114388                png_set_rgb_to_gray_fixed
                0x001144e0                png_set_rgb_to_gray
                0x00114684                png_set_read_user_transform_fn
                0x00114698                png_init_read_transformations
                0x00115380                png_read_transform_info
                0x0011564c                png_do_read_transformations
 .text          0x00117b30     0x5320 c:/devkitPro/portlibs/armv6k/lib\libpng.a(pngrutil.o)
                0x00118768                png_get_uint_31
                0x001187a4                png_get_uint_32
                0x001187c8                png_get_int_32
                0x00118800                png_get_uint_16
                0x00118814                png_read_sig
                0x001188c0                png_read_chunk_header
                0x00118a30                png_crc_read
                0x00118a60                png_crc_finish
                0x00118be0                png_crc_error
                0x00118c80                png_handle_IHDR
                0x00118df8                png_handle_PLTE
                0x00119048                png_handle_IEND
                0x0011909c                png_handle_gAMA
                0x00119180                png_handle_sBIT
                0x00119394                png_handle_cHRM
                0x00119654                png_handle_sRGB
                0x0011975c                png_handle_iCCP
                0x00119d40                png_handle_sPLT
                0x0011a060                png_handle_tRNS
                0x0011a29c                png_handle_bKGD
                0x0011a4cc                png_handle_hIST
                0x0011a604                png_handle_pHYs
                0x0011a740                png_handle_oFFs
                0x0011a8e0                png_handle_pCAL
                0x0011ac90                png_handle_sCAL
                0x0011af18                png_handle_tIME
                0x0011b02c                png_handle_tEXt
                0x0011b1ec                png_handle_zTXt
                0x0011b440                png_handle_iTXt
                0x0011b7a8                png_handle_unknown
                0x0011bb00                png_check_chunk_name
                0x0011bbc8                png_combine_row
                0x0011c0b8                png_do_read_interlace
                0x0011c544                png_read_filter_row
                0x0011c5cc                png_read_IDAT_data
                0x0011c948                png_read_finish_IDAT
                0x0011c9c0                png_read_finish_row
                0x0011cb10                png_read_start_row
 .text          0x0011ce50     0x1eb8 c:/devkitPro/portlibs/armv6k/lib\libpng.a(pngset.o)
                0x0011d1b0                png_set_bKGD
                0x0011d1fc                png_set_cHRM_fixed
                0x0011d28c                png_set_cHRM_XYZ_fixed
                0x0011d324                png_set_cHRM
                0x0011d478                png_set_cHRM_XYZ
                0x0011d5ec                png_set_gAMA_fixed
                0x0011d61c                png_set_gAMA
                0x0011d660                png_set_hIST
                0x0011d70c                png_set_IHDR
                0x0011d7e8                png_set_oFFs
                0x0011d814                png_set_pCAL
                0x0011da94                png_set_sCAL_s
                0x0011dbf8                png_set_sCAL
                0x0011ddc4                png_set_sCAL_fixed
                0x0011df74                png_set_pHYs
                0x0011dfa0                png_set_PLTE
                0x0011e0d4                png_set_sBIT
                0x0011e118                png_set_sRGB
                0x0011e148                png_set_sRGB_gAMA_and_cHRM
                0x0011e188                png_set_iCCP
                0x0011e2dc                png_set_text
                0x0011e320                png_set_text_2
                0x0011e358                png_set_tIME
                0x0011e3f8                png_set_tRNS
                0x0011e538                png_set_sPLT
                0x0011e6a8                png_set_unknown_chunks
                0x0011e838                png_set_unknown_chunk_location
                0x0011e8e4                png_permit_mng_features
                0x0011e8f8                png_set_keep_unknown_chunks
                0x0011ebac                png_set_read_user_chunk_fn
                0x0011ebbc                png_set_rows
                0x0011ec18                png_set_compression_buffer_size
                0x0011ec9c                png_set_invalid
                0x0011ecb4                png_set_user_limits
                0x0011ecc4                png_set_chunk_cache_max
                0x0011ecd0                png_set_chunk_malloc_max
                0x0011ecdc                png_set_benign_errors
                0x0011ecf4                png_set_check_for_invalid_index
 .text          0x0011ed08      0xa8c c:/devkitPro/portlibs/armv6k/lib\libpng.a(pngtrans.o)
                0x0011ed08                png_set_bgr
                0x0011ed1c                png_set_swap
                0x0011ed3c                png_set_packing
                0x0011ed64                png_set_packswap
                0x0011ed84                png_set_shift
                0x0011edac                png_set_interlace_handling
                0x0011eddc                png_set_filler
                0x0011ee64                png_set_add_alpha
                0x0011ef0c                png_set_swap_alpha
                0x0011ef20                png_set_invert_alpha
                0x0011ef34                png_set_invert_mono
                0x0011ef48                png_do_invert
                0x0011f138                png_do_swap
                0x0011f184                png_do_packswap
                0x0011f1f0                png_do_strip_channel
                0x0011f41c                png_do_bgr
                0x0011f558                png_do_check_palette_indexes
                0x0011f724                png_set_user_transform_info
                0x0011f768                png_get_user_transform_ptr
                0x0011f774                png_get_current_row_number
                0x0011f784                png_get_current_pass_number
 .text          0x0011f794     0x37ac c:/devkitPro/portlibs/armv6k/lib\libpng.a(pngwrite.o)
                0x0011fda8                png_write_info_before_PLTE
                0x001203e8                png_write_info
                0x001203f8                png_write_end
                0x00120644                png_convert_from_struct_tm
                0x00120684                png_convert_from_time_t
                0x001206e4                png_create_write_struct
                0x00120770                png_create_write_struct_2
                0x00120800                png_write_rows
                0x00120bd0                png_write_image
                0x00120fb0                png_write_row
                0x00121a58                png_set_flush
                0x00121a68                png_write_flush
                0x00121aac                png_destroy_write_struct
                0x00121b5c                png_set_filter
                0x001224f8                png_set_filter_heuristics
                0x001224fc                png_set_filter_heuristics_fixed
                0x00122500                png_set_compression_level
                0x0012250c                png_set_compression_mem_level
                0x00122518                png_set_compression_strategy
                0x00122530                png_set_compression_window_bits
                0x00122584                png_set_compression_method
                0x001225b4                png_set_text_compression_level
                0x001225c0                png_set_text_compression_mem_level
                0x001225cc                png_set_text_compression_strategy
                0x001225d8                png_set_text_compression_window_bits
                0x0012262c                png_set_text_compression_method
                0x0012265c                png_set_write_status_fn
                0x00122668                png_set_write_user_transform_fn
                0x00122680                png_write_png
                0x00122bb0                png_image_write_to_stdio
                0x00122e00                png_image_write_to_file
 .text          0x00122f40      0x778 c:/devkitPro/portlibs/armv6k/lib\libpng.a(pngwtran.o)
                0x00122f40                png_do_write_transformations
 .text          0x001236b8     0x40cc c:/devkitPro/portlibs/armv6k/lib\libpng.a(pngwutil.o)
                0x0012406c                png_save_uint_32
                0x0012408c                png_save_uint_16
                0x0012409c                png_write_sig
                0x001240f8                png_write_chunk_start
                0x001241a4                png_write_chunk_data
                0x001241e0                png_write_chunk_end
                0x0012422c                png_write_chunk
                0x00124358                png_free_buffer_list
                0x00124390                png_write_IHDR
                0x00124728                png_write_PLTE
                0x001248f8                png_compress_IDAT
                0x00124d34                png_write_IEND
                0x00124dfc                png_write_gAMA_fixed
                0x00124efc                png_write_sRGB
                0x00125004                png_write_iCCP
                0x0012526c                png_write_sPLT
                0x001254bc                png_write_sBIT
                0x001255c4                png_write_cHRM_fixed
                0x00125718                png_write_tRNS
                0x001258f0                png_write_bKGD
                0x00125af0                png_write_hIST
                0x00125c2c                png_write_tEXt
                0x00125ddc                png_write_zTXt
                0x00126024                png_write_iTXt
                0x001263ec                png_write_oFFs
                0x00126514                png_write_pCAL
                0x00126824                png_write_sCAL_s
                0x001268c8                png_write_pHYs
                0x00126a14                png_write_tIME
                0x00126ab0                png_write_start_row
                0x00126c04                png_write_finish_row
                0x00126d44                png_do_write_interlace
                0x00126fb4                png_write_find_filter
 .text          0x00127784       0xd8 c:/devkitPro/portlibs/armv6k/lib\libpng.a(pngwio.o)
                0x00127784                png_default_write_data
                0x001277c0                png_default_flush
                0x001277d0                png_write_data
                0x001277f0                png_flush
                0x00127800                png_set_write_fn
 .text          0x0012785c     0x10ac c:/devkitPro/libctru/lib\libsftd.a(sftd.o)
                0x001279cc                sftd_init
                0x00127a0c                sftd_fini
                0x00127a50                sftd_load_font_file
                0x00127b30                sftd_load_font_mem
                0x00127bf4                sftd_free_font
                0x00127c44                sftd_draw_text
                0x00127e6c                sftd_draw_textf
                0x00127ecc                sftd_draw_wtext
                0x001280f4                sftd_draw_wtextf
                0x00128160                sftd_get_text_width
                0x00128308                sftd_draw_text_wrap
                0x001285e8                sftd_calc_bounding_box
                0x001288a0                sftd_draw_textf_wrap
 .text          0x00128908      0x244 c:/devkitPro/libctru/lib\libsftd.a(texture_atlas.o)
                0x00128908                texture_atlas_create
                0x00128984                texture_atlas_free
                0x001289b0                texture_atlas_insert
                0x00128ac8                texture_atlas_exists
                0x00128ae0                texture_atlas_get
 .text          0x00128b4c      0x1c8 c:/devkitPro/libctru/lib\libsftd.a(bin_packing_2d.o)
                0x00128b4c                bp2d_create
                0x00128b98                bp2d_free
                0x00128bcc                bp2d_insert
 .text          0x00128d14      0x33c c:/devkitPro/libctru/lib\libsftd.a(int_htab.o)
                0x00128d14                int_htab_create
                0x00128d5c                int_htab_free
                0x00128da8                int_htab_insert
                0x00128e94                int_htab_resize
                0x00128f08                int_htab_find
                0x00128fa8                int_htab_erase
 .text          0x00129050       0xc8 c:/devkitPro/portlibs/armv6k/lib\libfreetype.a(ftinit.o)
                0x00129050                FT_Add_Default_Modules
                0x00129080                FT_Init_FreeType
                0x001290ec                FT_Done_FreeType
 .text          0x00129118     0xd0bc c:/devkitPro/portlibs/armv6k/lib\libfreetype.a(ftbase.o)
                0x00129c44                FT_RoundFix
                0x00129c58                FT_CeilFix
                0x00129c6c                FT_FloorFix
                0x00129c78                FT_Hypot
                0x00129d9c                FT_MulDiv
                0x00129e9c                FT_MulDiv_No_Round
                0x00129f7c                FT_MulFix
                0x00129f9c                FT_DivFix
                0x0012a0ac                FT_Matrix_Multiply
                0x0012a1dc                FT_Matrix_Invert
                0x0012a2a0                FT_Matrix_Multiply_Scaled
                0x0012a3a8                FT_Vector_Transform_Scaled
                0x0012a600                FT_Vector_NormLen
                0x0012a7b4                ft_corner_orientation
                0x0012a8c8                ft_corner_is_flat
                0x0012a958                FT_GlyphLoader_New
                0x0012a99c                FT_GlyphLoader_Rewind
                0x0012a9d4                FT_GlyphLoader_Reset
                0x0012b0a4                FT_GlyphLoader_Done
                0x0012b1a8                FT_GlyphLoader_CreateExtra
                0x0012b288                FT_GlyphLoader_CheckSubGlyphs
                0x0012b3b4                FT_GlyphLoader_Prepare
                0x0012b430                FT_GlyphLoader_Add
                0x0012b664                ft_service_list_lookup
                0x0012b6c4                ft_validator_init
                0x0012b6dc                ft_validator_run
                0x0012b6e4                ft_validator_error
                0x0012b6f8                FT_Stream_New
                0x0012b810                FT_Stream_Free
                0x0012b854                ft_glyphslot_free_bitmap
                0x0012b8b8                ft_glyphslot_set_bitmap
                0x0012b910                ft_glyphslot_alloc_bitmap
                0x0012b9c0                FT_New_GlyphSlot
                0x0012bb2c                FT_Done_GlyphSlot
                0x0012bbc0                FT_Set_Transform
                0x0012bc74                FT_Attach_File
                0x0012bd74                FT_Attach_Stream
                0x0012bf08                FT_Reference_Face
                0x0012bf28                FT_Done_Face
                0x0012bffc                FT_New_Size
                0x0012c17c                FT_Done_Size
                0x0012c2b4                FT_Match_Size
                0x0012c3e4                ft_synthesize_vertical_metrics
                0x0012c454                FT_Select_Metrics
                0x0012c6f0                FT_Request_Metrics
                0x0012ca7c                FT_Select_Size
                0x0012cae8                FT_Request_Size
                0x0012cb78                FT_Set_Char_Size
                0x0012cc40                FT_Set_Pixel_Sizes
                0x0012cd14                FT_Get_Kerning
                0x0012ce3c                FT_Get_Track_Kerning
                0x0012cebc                FT_Select_Charmap
                0x0012cfcc                FT_Set_Charmap
                0x0012d0b4                FT_Get_Charmap_Index
                0x0012d120                FT_Get_Char_Index
                0x0012d168                FT_Get_First_Char
                0x0012d22c                FT_Get_Next_Char
                0x0012d2c4                FT_Face_GetCharVariantIndex
                0x0012d3d4                FT_Face_GetCharVariantIsDefault
                0x0012d4bc                FT_Face_GetVariantSelectors
                0x0012d59c                FT_Face_GetVariantsOfChar
                0x0012d684                FT_Face_GetCharsOfVariant
                0x0012d76c                FT_Get_Name_Index
                0x0012d818                FT_Get_Glyph_Name
                0x0012d904                FT_Get_Postscript_Name
                0x0012d98c                FT_Get_Sfnt_Table
                0x0012d9f8                FT_Load_Sfnt_Table
                0x0012da7c                FT_Sfnt_Table_Info
                0x0012db08                FT_Get_CMap_Language_ID
                0x0012db88                FT_Get_CMap_Format
                0x0012dc04                FT_Activate_Size
                0x0012dc40                FT_Lookup_Renderer
                0x0012dca4                FT_Get_Renderer
                0x0012dcf4                FT_Set_Renderer
                0x0012ddf4                FT_Render_Glyph_Internal
                0x0012deec                FT_Render_Glyph
                0x0012df1c                FT_Get_Module
                0x0012df88                FT_Get_Module_Interface
                0x0012dff8                ft_module_get_service
                0x0012e07c                FT_Remove_Module
                0x0012e0a0                FT_Property_Set
                0x0012e194                FT_Property_Get
                0x0012e288                FT_Reference_Library
                0x0012e2a4                FT_New_Library
                0x0012e320                FT_Library_Version
                0x0012e358                FT_Done_Library
                0x0012e524                FT_Set_Debug_Hook
                0x0012e550                FT_Get_TrueType_Engine_Type
                0x0012e624                FT_Get_SubGlyph_Info
                0x0012e6b8                FT_Outline_Decompose
                0x0012eac8                FT_Outline_Check
                0x0012eb70                FT_Outline_Copy
                0x0012ec18                FT_Outline_Done_Internal
                0x0012ecc4                FT_Outline_Done
                0x0012ed84                FT_Outline_Get_CBox
                0x0012ee20                FT_Outline_Translate
                0x0012ee74                FT_Outline_Reverse
                0x0012ef40                FT_Outline_Render
                0x0012f010                FT_Outline_Get_Bitmap
                0x0012f0ec                FT_Vector_Transform
                0x0012f194                FT_Outline_Transform
                0x0012f930                FT_Load_Glyph
                0x0012fcec                FT_Get_Advances
                0x0012fd64                FT_Get_Advance
                0x00130064                FT_Load_Char
                0x001300c8                FT_Outline_Get_Orientation
                0x00130214                FT_Outline_EmboldenXY
                0x001305f8                FT_Outline_Embolden
                0x00130600                FT_Raccess_Guess
                0x00130718                FT_Get_Sfnt_Name_Count
                0x0013073c                FT_Stream_OpenMemory
                0x00130754                FT_Stream_Close
                0x0013076c                FT_Stream_Seek
                0x001307b8                FT_Stream_Skip
                0x0013081c                FT_Stream_Pos
                0x00130824                FT_Stream_Read
                0x001308a8                FT_Stream_ReadAt
                0x00130928                FT_Stream_TryRead
                0x00130998                FT_Stream_ExtractFrame
                0x00130ad8                FT_Stream_ReleaseFrame
                0x00130b18                FT_Stream_EnterFrame
                0x00130c38                FT_Stream_ExitFrame
                0x00130c7c                FT_Stream_GetChar
                0x00130ca0                FT_Stream_GetUShort
                0x00130cd0                FT_Stream_GetUShortLE
                0x00130d00                FT_Stream_GetUOffset
                0x00130d3c                FT_Stream_GetULong
                0x00130d80                FT_Stream_GetULongLE
                0x00130dc4                FT_Stream_ReadChar
                0x00130e54                FT_Stream_ReadUShort
                0x00130eec                FT_Raccess_Get_HeaderInfo
                0x0013115c                FT_Stream_ReadUShortLE
                0x001311f4                FT_Stream_ReadUOffset
                0x00131298                FT_Stream_ReadULong
                0x00131e14                FT_Stream_ReadULongLE
                0x00131ec0                FT_Stream_ReadFields
                0x00132134                FT_Cos
                0x00132200                FT_Sin
                0x001322cc                FT_Tan
                0x001323a4                FT_Atan2
                0x0013240c                FT_Vector_Unit
                0x001324f4                FT_Vector_Rotate
                0x0013273c                FT_Vector_Length
                0x00132884                FT_Vector_Polarize
                0x001329d4                FT_Vector_From_Polar
                0x00132c08                FT_Angle_Diff
                0x00132c44                ft_mem_alloc
                0x00132ca4                FT_Add_Module
                0x00132fb4                ft_mem_qalloc
                0x00132ff8                ft_mem_realloc
                0x001330fc                FT_GlyphLoader_CheckPoints
                0x00133324                FT_CMap_Done
                0x00133458                FT_CMap_New
                0x001335c4                FT_Outline_New_Internal
                0x00133728                FT_Raccess_Get_DataOffsets
                0x0013467c                FT_Open_Face
                0x00134fa4                FT_New_Face
                0x00134fe4                FT_New_Memory_Face
                0x00135744                FT_Get_Sfnt_Name
                0x00135894                FT_Outline_New
                0x001359d8                FT_GlyphLoader_CopyPoints
                0x00135d40                ft_mem_qrealloc
                0x00135e60                ft_mem_free
                0x00135e70                ft_mem_dup
                0x00135ee0                ft_mem_strdup
                0x00135f6c                ft_mem_strcpyn
                0x00135fd0                FT_List_Find
                0x00136014                FT_List_Add
                0x00136048                FT_List_Insert
                0x0013607c                FT_List_Remove
                0x001360ac                FT_List_Up
                0x001360f0                FT_List_Iterate
                0x00136144                FT_List_Finalize
 .text          0x001361d4     0xc09c c:/devkitPro/portlibs/armv6k/lib\libfreetype.a(truetype.o)
                0x0013c750                TT_RunIns
                0x00140a88                TT_New_Context
 .text          0x00142270     0x5bfc c:/devkitPro/portlibs/armv6k/lib\libfreetype.a(type1.o)
 .text          0x00147e6c     0xe128 c:/devkitPro/portlibs/armv6k/lib\libfreetype.a(cff.o)
 .text          0x00155f94     0x1c90 c:/devkitPro/portlibs/armv6k/lib\libfreetype.a(type1cid.o)
 .text          0x00157c24     0x3318 c:/devkitPro/portlibs/armv6k/lib\libfreetype.a(pfr.o)
 .text          0x0015af3c     0x1e58 c:/devkitPro/portlibs/armv6k/lib\libfreetype.a(type42.o)
 .text          0x0015cd94     0x10e4 c:/devkitPro/portlibs/armv6k/lib\libfreetype.a(winfnt.o)
 .text          0x0015de78     0x21b0 c:/devkitPro/portlibs/armv6k/lib\libfreetype.a(pcf.o)
 .text          0x00160028     0x5210 c:/devkitPro/portlibs/armv6k/lib\libfreetype.a(bdf.o)
 .text          0x00165238     0xa014 c:/devkitPro/portlibs/armv6k/lib\libfreetype.a(sfnt.o)
 .text          0x0016f24c     0x8d0c c:/devkitPro/portlibs/armv6k/lib\libfreetype.a(autofit.o)
                0x00177f14                af_get_coverage
                0x00177f1c                af_get_char_index
 .text          0x00177f58     0x4408 c:/devkitPro/portlibs/armv6k/lib\libfreetype.a(pshinter.o)
                0x0017aee8                ps_hints_apply
 .text          0x0017c360      0xc64 c:/devkitPro/portlibs/armv6k/lib\libfreetype.a(raster.o)
 .text          0x0017cfc4     0x263c c:/devkitPro/portlibs/armv6k/lib\libfreetype.a(smooth.o)
 .text          0x0017f600     0x3c7c c:/devkitPro/portlibs/armv6k/lib\libfreetype.a(ftcache.o)
                0x00181574                FTC_Manager_LookupSize
                0x001816c8                FTC_Manager_LookupFace
                0x00181790                FTC_Manager_New
                0x00181894                FTC_Manager_Done
                0x001819f8                FTC_Manager_Reset
                0x00181b4c                FTC_Manager_RemoveFaceID
                0x00181e00                FTC_Node_Unref
                0x00181e28                FTC_CMapCache_New
                0x00181f24                FTC_CMapCache_Lookup
                0x001821bc                FTC_ImageCache_New
                0x001822b8                FTC_ImageCache_Lookup
                0x001825d4                FTC_ImageCache_LookupScaler
                0x00182998                FTC_SBitCache_New
                0x00182a94                FTC_SBitCache_Lookup
                0x00182e38                FTC_SBitCache_LookupScaler
 .text          0x0018327c      0x9a4 c:/devkitPro/portlibs/armv6k/lib\libfreetype.a(ftgzip.o)
                0x0018358c                FT_Stream_OpenGzip
                0x00183b18                FT_Gzip_Uncompress
 .text          0x00183c20     0x14a8 c:/devkitPro/portlibs/armv6k/lib\libfreetype.a(ftlzw.o)
                0x00183e48                FT_Stream_OpenLZW
                0x00184030                ft_lzwstate_reset
                0x0018405c                ft_lzwstate_init
                0x001840c8                ft_lzwstate_done
                0x00184138                ft_lzwstate_io
 .text          0x001850c8     0x6bb4 c:/devkitPro/portlibs/armv6k/lib\libfreetype.a(psaux.o)
 .text          0x0018bc7c      0xa78 c:/devkitPro/portlibs/armv6k/lib\libfreetype.a(psnames.o)
 .text          0x0018c6f4      0x194 c:/devkitPro/portlibs/armv6k/lib\libfreetype.a(ftsystem.o)
                0x0018c790                FT_Stream_Open
                0x0018c840                FT_New_Memory
                0x0018c884                FT_Done_Memory
 .text          0x0018c888      0xf78 c:/devkitPro/portlibs/armv6k/lib\libfreetype.a(ftbitmap.o)
                0x0018c888                FT_Bitmap_Init
                0x0018c8b8                FT_Bitmap_New
                0x0018c8e8                FT_Bitmap_Copy
                0x0018ca94                FT_Bitmap_Convert
                0x0018cfb8                FT_Bitmap_Embolden
                0x0018d6f0                FT_GlyphSlot_Own_Bitmap
                0x0018d7a4                FT_Bitmap_Done
 .text          0x0018d800      0x840 c:/devkitPro/portlibs/armv6k/lib\libfreetype.a(ftglyph.o)
                0x0018da18                FT_Glyph_Copy
                0x0018db0c                FT_Get_Glyph
                0x0018dc2c                FT_Glyph_Transform
                0x0018dc90                FT_Glyph_Get_CBox
                0x0018dd34                FT_Done_Glyph
                0x0018dd68                FT_Glyph_To_Bitmap
 .text          0x0018e040      0x5c0 c:/devkitPro/portlibs/armv6k/lib\libz.a(adler32.o)
                0x0018e040                adler32
                0x0018e488                adler32_combine
                0x0018e544                adler32_combine64
 .text          0x0018e600      0x5d8 c:/devkitPro/portlibs/armv6k/lib\libz.a(crc32.o)
                0x0018e814                get_crc_table
                0x0018e820                crc32
                0x0018ebd0                crc32_combine
                0x0018ebd4                crc32_combine64
 .text          0x0018ebd8     0x40e0 c:/devkitPro/portlibs/armv6k/lib\libz.a(deflate.o)
                0x00190254                deflateSetDictionary
                0x0019046c                deflateResetKeep
                0x00190544                deflateReset
                0x001906ac                deflateSetHeader
                0x001906e0                deflatePending
                0x0019072c                deflatePrime
                0x001907d4                deflateTune
                0x0019080c                deflateBound
                0x00190920                deflate
                0x00192170                deflateParams
                0x0019228c                deflateEnd
                0x001923ac                deflateInit2_
                0x00192774                deflateInit_
                0x00192ab4                deflateCopy
 .text          0x00192cb8     0x2c58 c:/devkitPro/portlibs/armv6k/lib\libz.a(inflate.o)
                0x00192cb8                inflateResetKeep
                0x00192d48                inflateReset
                0x00192de4                inflateReset2
                0x00192f04                inflateInit2_
                0x0019308c                inflateInit_
                0x001931f0                inflatePrime
                0x00193268                inflate
                0x00195104                inflateEnd
                0x00195168                inflateGetDictionary
                0x00195200                inflateSetDictionary
                0x001953a8                inflateGetHeader
                0x001953e4                inflateSync
                0x0019569c                inflateSyncPoint
                0x001956dc                inflateCopy
                0x00195888                inflateUndermine
                0x001958b8                inflateMark
 .text          0x00195910      0xbf4 c:/devkitPro/portlibs/armv6k/lib\libz.a(inftrees.o)
                0x00195910                inflate_table
 .text          0x00196504     0x257c c:/devkitPro/portlibs/armv6k/lib\libz.a(trees.o)
                0x00197a34                _tr_init
                0x00197b00                _tr_stored_block
                0x00197c94                _tr_flush_bits
                0x00197d30                _tr_align
                0x00197eb4                _tr_flush_block
                0x001989c8                _tr_tally
 .text          0x00198a80       0x38 c:/devkitPro/portlibs/armv6k/lib\libz.a(zutil.o)
                0x00198a80                zlibVersion
                0x00198a8c                zlibCompileFlags
                0x00198a94                zError
                0x00198aa8                zcalloc
                0x00198ab0                zcfree
 .text          0x00198ab8      0xbe4 c:/devkitPro/portlibs/armv6k/lib\libz.a(inffast.o)
                0x00198ab8                inflate_fast
 .text          0x0019969c      0x75c c:/devkitPro/libctru/lib\libsf2d.a(sf2d.o)
                0x001998b4                sf2d_init
                0x001998dc                sf2d_init_advanced
                0x001998fc                sf2d_fini
                0x00199960                sf2d_set_3D
                0x0019996c                sf2d_start_frame
                0x00199afc                sf2d_end_frame
                0x00199c14                sf2d_swapbuffers
                0x00199cc4                sf2d_set_vblank_wait
                0x00199cd4                sf2d_get_fps
                0x00199ce4                sf2d_pool_malloc
                0x00199d10                sf2d_pool_memalign
                0x00199d50                sf2d_pool_space_free
                0x00199d68                sf2d_pool_reset
                0x00199d7c                sf2d_set_clear_color
                0x00199d8c                sf2d_set_scissor_test
                0x00199dd8                sf2d_get_current_screen
                0x00199de8                sf2d_get_current_side
 .text          0x00199df8      0x4b8 c:/devkitPro/libctru/lib\libsf2d.a(sf2d_private.o)
                0x00199df8                GPU_SetDummyTexEnv
                0x00199e2c                vector_mult_matrix4x4
                0x00199eb0                matrix_gpu_set_uniform
                0x00199ec0                matrix_copy
                0x00199efc                matrix_identity4x4
                0x00199f48                matrix_mult4x4
                0x00199fbc                matrix_set_z_rotation
                0x0019a030                matrix_rotate_z
                0x0019a090                matrix_set_scaling
                0x0019a0dc                matrix_swap_xy
                0x0019a17c                matrix_init_orthographic
                0x0019a290                next_pow2
 .text          0x0019a2b0     0x2138 c:/devkitPro/libctru/lib\libsf2d.a(sf2d_texture.o)
                0x0019a3d4                sf2d_create_texture
                0x0019a5d4                sf2d_free_texture
                0x0019a624                sf2d_fill_texture_from_RGBA8
                0x0019a6dc                sf2d_create_texture_mem_RGBA8
                0x0019a720                sf2d_bind_texture
                0x0019a798                sf2d_bind_texture_color
                0x0019a818                sf2d_bind_texture_parameters
                0x0019a890                sf2d_texture_set_params
                0x0019a898                sf2d_texture_get_params
                0x0019a8a0                sf2d_draw_texture
                0x0019a9e0                sf2d_draw_texture_blend
                0x0019ab24                sf2d_draw_texture_rotate_hotspot
                0x0019acd4                sf2d_draw_texture_rotate_hotspot_blend
                0x0019ae88                sf2d_draw_texture_rotate
                0x0019b04c                sf2d_draw_texture_rotate_blend
                0x0019b214                sf2d_draw_texture_part
                0x0019b390                sf2d_draw_texture_part_blend
                0x0019b510                sf2d_draw_texture_scale
                0x0019b678                sf2d_draw_texture_scale_blend
                0x0019b7e4                sf2d_draw_texture_part_scale
                0x0019b938                sf2d_draw_texture_part_scale_blend
                0x0019ba90                sf2d_draw_texture_part_rotate_scale
                0x0019bca8                sf2d_draw_texture_part_rotate_scale_blend
                0x0019bec4                sf2d_draw_texture_depth
                0x0019c024                sf2d_draw_texture_depth_blend
                0x0019c188                sf2d_draw_quad_uv
                0x0019c2b4                sf2d_set_pixel
                0x0019c348                sf2d_get_pixel
                0x0019c3d8                sf2d_texture_tile32
 .text          0x0019c3e8        0x0 c:/devkitPro/libctru/lib\libsf2d.a(shader.vsh.o)
 .text          0x0019c3e8      0x1d4 c:/devkitPro/libctru/lib\libctru.a(linear.o)
                0x0019c410                linearMemAlign
                0x0019c550                linearAlloc
                0x0019c558                linearRealloc
                0x0019c560                linearFree
                0x0019c5b0                linearSpaceFree
 .text          0x0019c5bc      0x35c c:/devkitPro/libctru/lib\libctru.a(mem_pool.o)
                0x0019c5bc                MemPool::CoalesceRight(MemBlock*)
                0x0019c65c                MemPool::Allocate(MemChunk&, unsigned long, int)
                0x0019c7e4                MemPool::Deallocate(MemChunk const&)
                0x0019c8e8                MemPool::GetFreeSpace()
 .text          0x0019c918      0x1c4 c:/devkitPro/libctru/lib\libctru.a(vram.o)
                0x0019c940                vramMemAlign
                0x0019ca70                vramAlloc
                0x0019ca78                vramRealloc
                0x0019ca80                vramFree
                0x0019cad0                vramSpaceFree
 .text          0x0019cadc      0x748 c:/devkitPro/libctru/lib\libctru.a(gfx.o)
                0x0019cb68                gfxSet3D
                0x0019cb78                gfxSetScreenFormat
                0x0019cb90                gfxGetScreenFormat
                0x0019cba8                gfxSetDoubleBuffering
                0x0019cbbc                gfxSetFramebufferInfo
                0x0019cc2c                gfxWriteFramebufferInfo
                0x0019ccf0                gfxInit
                0x0019ced0                gfxInitDefault
                0x0019cee0                gfxExit
                0x0019cfc8                gfxGetFramebuffer
                0x0019d078                gfxFlushBuffers
                0x0019d154                gfxSwapBuffers
                0x0019d1c8                gfxSwapBuffersGpu
 *fill*         0x0019d224        0x4 
 .text          0x0019d228      0x550 c:/devkitPro/libctru/lib\libctru.a(os.o)
                0x0019d35c                osConvertVirtToPhys
                0x0019d3a8                osConvertOldLINEARMemToNew
                0x0019d3c8                __libctru_gtod
                0x0019d4bc                osGetTime
                0x0019d530                osGetFirmVersion
                0x0019d544                osGetKernelVersion
                0x0019d558                osStrError
                0x0019d578                osGetWifiStrength
                0x0019d588                __ctru_speedup_config
                0x0019d5bc                osSetSpeedupEnable
                0x0019d5cc                osGetSystemVersionData
                0x0019d6fc                osGetSystemVersionDataString
 .text          0x0019d778      0xa8c c:/devkitPro/libctru/lib\libctru.a(romfs_dev.o)
                0x0019def8                romfsInit
                0x0019e180                romfsInitFromFile
                0x0019e1a8                romfsExit
 .text          0x0019e204      0x3b8 c:/devkitPro/libctru/lib\libctru.a(srv.o)
                0x0019e204                __get_handle_from_list
                0x0019e29c                __destroy_handle_list
                0x0019e2f0                srvExit
                0x0019e318                srvGetSessionHandle
                0x0019e324                srvRegisterClient
                0x0019e35c                srvInit
                0x0019e3c4                srvGetServiceHandle
                0x0019e444                srvRegisterService
                0x0019e4a0                srvUnregisterService
                0x0019e4ec                srvPmInit
                0x0019e540                srvRegisterProcess
                0x0019e588                srvUnregisterProcess
 .text          0x0019e5bc     0x1a58 c:/devkitPro/libctru/lib\libctru.a(gpu.o)
                0x0019e63c                GPU_Init
                0x0019e668                GPUCMD_SetBuffer
                0x0019e694                GPUCMD_SetBufferOffset
                0x0019e6a4                GPUCMD_GetBuffer
                0x0019e6e4                GPUCMD_AddRawCommands
                0x0019e730                GPUCMD_Run
                0x0019e790                GPUCMD_FlushAndRun
                0x0019e804                GPUCMD_Add
                0x0019e8e8                GPUCMD_Finalize
                0x0019e980                GPU_Reset
                0x0019f160                GPU_SetFloatUniform
                0x0019f1d8                GPU_SetViewport
                0x0019f3cc                GPU_SetScissorTest
                0x0019f418                GPU_DepthMap
                0x0019f494                GPU_SetAlphaTest
                0x0019f4cc                GPU_SetStencilTest
                0x0019f514                GPU_SetStencilOp
                0x0019f548                GPU_SetDepthTestAndWriteMask
                0x0019f580                GPU_SetAlphaBlending
                0x0019f5e8                GPU_SetColorLogicOp
                0x0019f62c                GPU_SetBlendingColor
                0x0019f668                GPU_SetTextureEnable
                0x0019f6b4                GPU_SetTexture
                0x0019f84c                GPU_SetTextureBorderColor
                0x0019f8e0                GPU_SetAttributeBuffers
                0x0019fadc                GPU_SetAttributeBuffersAddress
                0x0019fb08                GPU_SetFaceCulling
                0x0019fb34                GPU_SetCombinerBufferWrite
                0x0019fb68                GPU_SetTexEnv
                0x0019fbe0                GPU_DrawArray
                0x0019fd10                GPU_DrawElements
                0x0019fe44                GPU_FinishDrawing
                0x0019fea0                GPU_SetShaderOutmap
                0x0019fee8                GPU_SendShaderCode
                0x0019ffa0                GPU_SendOperandDescriptors
 .text          0x001a0014        0x0 c:/devkitPro/libctru/lib\libctru.a(gpuResetSequence.o)
 .text          0x001a0014      0x7f4 c:/devkitPro/libctru/lib\libctru.a(shaderProgram.o)
                0x001a0014                shaderInstanceInit
                0x001a021c                shaderInstanceFree
                0x001a0254                shaderInstanceSetBool
                0x001a0294                shaderInstanceGetBool
                0x001a02e0                shaderInstanceGetUniformLocation
                0x001a0300                shaderProgramInit
                0x001a0318                shaderProgramFree
                0x001a0348                shaderProgramSetVsh
                0x001a03b4                shaderProgramSetGsh
                0x001a0428                shaderProgramUse
 .text          0x001a0808      0x348 c:/devkitPro/libctru/lib\libctru.a(shbin.o)
                0x001a0808                DVLB_Free
                0x001a0844                DVLE_GetUniformRegister
                0x001a08c0                DVLE_GenerateOutmap
                0x001a09b8                DVLB_ParseFile
 .text          0x001a0b50     0x1e3c c:/devkitPro/libctru/lib\libctru.a(apt.o)
                0x001a0bb4                _aptDebug
                0x001a0bb8                aptInitCaptureInfo
                0x001a0c68                aptWaitStatusEvent
                0x001a0c90                aptHook
                0x001a0cc8                aptUnhook
                0x001a0cf4                aptGetStatus
                0x001a0d2c                aptSetStatus
                0x001a0d9c                aptGetStatusPower
                0x001a0dd4                aptSetStatusPower
                0x001a0e0c                aptOpenSession
                0x001a0e30                aptCloseSession
                0x001a0e58                aptSignalReadyForSleep
                0x001a0e68                APT_GetLockHandle
                0x001a0eb8                APT_Initialize
                0x001a0f20                APT_Finalize
                0x001a0f5c                APT_HardwareResetAsync
                0x001a0f90                APT_Enable
                0x001a0fcc                APT_GetAppletManInfo
                0x001a104c                aptGetMenuAppID
                0x001a1088                APT_GetAppletInfo
                0x001a1120                APT_GetAppletProgramInfo
                0x001a1174                APT_GetProgramID
                0x001a11e4                APT_IsRegistered
                0x001a1234                APT_InquireNotification
                0x001a1284                APT_PrepareToJumpToHomeMenu
                0x001a12b8                APT_JumpToHomeMenu
                0x001a1308                APT_PrepareToJumpToApplication
                0x001a1344                APT_JumpToApplication
                0x001a1394                APT_NotifyToWait
                0x001a13d0                APT_AppletUtility
                0x001a1458                aptAppletUtility_Exit_RetToApp
                0x001a1578                aptAppletClosed
                0x001a1688                aptInit
                0x001a1850                APT_GlanceParameter
                0x001a18c4                APT_ReceiveParameter
                0x001a1938                APT_SendParameter
                0x001a19a8                APT_SendCaptureBufferInfo
                0x001a19f4                aptReturnToMenu
                0x001a1bc8                APT_ReplySleepQuery
                0x001a1c08                APT_ReplySleepNotificationComplete
                0x001a1c44                aptEventHandler
                0x001a1f48                APT_PrepareToCloseApplication
                0x001a1f84                APT_CloseApplication
                0x001a1fdc                aptExit
                0x001a21c8                APT_SetAppCpuTimeLimit
                0x001a220c                APT_GetAppCpuTimeLimit
                0x001a2260                APT_CheckNew3DS_Application
                0x001a22bc                APT_CheckNew3DS_System
                0x001a2318                APT_CheckNew3DS
                0x001a238c                APT_PrepareToDoAppJump
                0x001a23d8                APT_DoAppJump
                0x001a2440                APT_PrepareToStartLibraryApplet
                0x001a247c                APT_StartLibraryApplet
                0x001a24dc                aptAppletStarted
                0x001a25e0                aptMainLoop
                0x001a2758                APT_LaunchLibraryApplet
                0x001a28f0                APT_PrepareToStartSystemApplet
                0x001a292c                APT_StartSystemApplet
 .text          0x001a298c      0x288 c:/devkitPro/libctru/lib\libctru.a(cfgu.o)
                0x001a298c                initCfgu
                0x001a29e0                exitCfgu
                0x001a2a00                CFGU_SecureInfoGetRegion
                0x001a2a38                CFGU_GenHashConsoleUnique
                0x001a2a90                CFGU_GetRegionCanadaUSA
                0x001a2ac8                CFGU_GetSystemModel
                0x001a2b00                CFGU_GetModelNintendo2DS
                0x001a2b38                CFGU_GetCountryCodeString
                0x001a2b78                CFGU_GetCountryCodeID
                0x001a2bb8                CFGU_GetConfigInfoBlk2
                0x001a2c00                CFGU_GetSystemLanguage
 .text          0x001a2c14      0xb7c c:/devkitPro/libctru/lib\libctru.a(csnd.o)
                0x001a2c14                CSND_AcquireCapUnit
                0x001a2c4c                CSND_ReleaseCapUnit
                0x001a2c80                CSND_Reset
                0x001a2cac                csndInit
                0x001a2e14                csndExit
                0x001a2ea8                csndAddCmd
                0x001a2f68                csndWriteCmd
                0x001a2fa8                csndExecCmds
                0x001a3044                CSND_SetPlayStateR
                0x001a3064                CSND_SetPlayState
                0x001a3084                CSND_SetEncoding
                0x001a30a4                CSND_SetBlock
                0x001a30d4                CSND_SetLooping
                0x001a30f4                CSND_SetBit7
                0x001a3114                CSND_SetInterp
                0x001a3134                CSND_SetDuty
                0x001a3154                CSND_SetTimer
                0x001a3174                CSND_SetVol
                0x001a319c                CSND_SetAdpcmState
                0x001a31d8                CSND_SetAdpcmReload
                0x001a31f8                CSND_SetChnRegs
                0x001a3238                CSND_SetChnRegsPSG
                0x001a3268                CSND_SetChnRegsNoise
                0x001a3290                CSND_CapEnable
                0x001a32b0                CSND_CapSetRepeat
                0x001a32d8                CSND_CapSetFormat
                0x001a32fc                CSND_CapSetBit2
                0x001a3320                CSND_CapSetTimer
                0x001a3344                CSND_CapSetBuffer
                0x001a3370                CSND_SetCapRegs
                0x001a33a4                CSND_SetDspFlags
                0x001a33c0                CSND_UpdateInfo
                0x001a33dc                csndPlaySound
                0x001a3628                csndGetDspFlags
                0x001a3680                csndGetChnInfo
                0x001a36c0                csndGetCapInfo
                0x001a36e8                csndGetState
                0x001a3768                csndIsPlaying
 .text          0x001a3790      0xd4c c:/devkitPro/libctru/lib\libctru.a(fs.o)
                0x001a3790                FS_makePath
                0x001a37bc                fsExit
                0x001a37e0                fsGetSessionHandle
                0x001a37ec                FSUSER_Initialize
                0x001a3860                fsInit
                0x001a38cc                FSUSER_OpenFile
                0x001a3978                FSUSER_OpenFileDirectly
                0x001a3a44                FSUSER_DeleteFile
                0x001a3acc                FSUSER_RenameFile
                0x001a3b90                FSUSER_DeleteDirectory
                0x001a3c18                FSUSER_DeleteDirectoryRecursively
                0x001a3ca0                FSUSER_CreateFile
                0x001a3d38                FSUSER_CreateDirectory
                0x001a3dc4                FSUSER_RenameDirectory
                0x001a3e88                FSUSER_OpenDirectory
                0x001a3f1c                FSUSER_OpenArchive
                0x001a3fa4                FSUSER_CloseArchive
                0x001a3ffc                FSUSER_GetSdmcArchiveResource
                0x001a4078                FSUSER_GetNandArchiveResource
                0x001a40f4                FSUSER_IsSdmcDetected
                0x001a4140                FSUSER_GetProductInfo
                0x001a41b8                FSUSER_GetMediaType
                0x001a4204                FSUSER_IsSdmcWritable
                0x001a4250                FSFILE_Close
                0x001a4294                FSFILE_Read
                0x001a42f0                FSFILE_Write
                0x001a4354                FSFILE_GetSize
                0x001a4394                FSFILE_SetSize
                0x001a43c0                FSFILE_GetAttributes
                0x001a43f8                FSFILE_SetAttributes
                0x001a4420                FSFILE_Flush
                0x001a4444                FSDIR_Read
                0x001a4498                FSDIR_Close
 .text          0x001a44dc      0x934 c:/devkitPro/libctru/lib\libctru.a(gsp.o)
                0x001a45c0                gspInit
                0x001a45d4                gspExit
                0x001a45ec                gspInitEventHandler
                0x001a46b8                gspExitEventHandler
                0x001a4710                gspWaitForEvent
                0x001a4768                GSPGPU_WriteHWRegs
                0x001a47d8                GSPGPU_WriteHWRegsWithMask
                0x001a4864                GSPGPU_ReadHWRegs
                0x001a48d4                GSPGPU_SetBufferSwap
                0x001a4948                GSPGPU_FlushDataCache
                0x001a499c                GSPGPU_InvalidateDataCache
                0x001a49f0                GSPGPU_SetLcdForceBlack
                0x001a4a2c                GSPGPU_TriggerCmdReqQueue
                0x001a4a60                GSPGPU_RegisterInterruptRelayQueue
                0x001a4acc                GSPGPU_UnregisterInterruptRelayQueue
                0x001a4b00                GSPGPU_AcquireRight
                0x001a4b50                GSPGPU_ReleaseRight
                0x001a4b84                GSPGPU_ImportDisplayCaptureInfo
                0x001a4c08                GSPGPU_SaveVramSysArea
                0x001a4c3c                GSPGPU_RestoreVramSysArea
                0x001a4c70                GSPGPU_SubmitGxCommand
                0x001a4d7c                gspLcdInit
                0x001a4d90                gspLcdExit
                0x001a4da8                GSPLCD_PowerOffBacklight
                0x001a4ddc                GSPLCD_PowerOnBacklight
 .text          0x001a4e10      0x264 c:/devkitPro/libctru/lib\libctru.a(gx.o)
                0x001a4e10                GX_RequestDma
                0x001a4e64                GX_SetCommandList_Last
                0x001a4ecc                GX_SetMemoryFill
                0x001a4f40                GX_SetDisplayTransfer
                0x001a4fa4                GX_SetTextureCopy
                0x001a500c                GX_SetCommandList_First
 .text          0x001a5074      0x754 c:/devkitPro/libctru/lib\libctru.a(hid.o)
                0x001a5074                hidExit
                0x001a5144                hidWaitForEvent
                0x001a519c                hidCheckSectionUpdateTime
                0x001a51d8                hidScanInput
                0x001a5420                hidKeysHeld
                0x001a5430                hidKeysDown
                0x001a5440                hidKeysUp
                0x001a5450                hidTouchRead
                0x001a5468                hidCircleRead
                0x001a5480                hidAccelRead
                0x001a54a0                hidGyroRead
                0x001a54c0                HIDUSER_GetHandles
                0x001a5550                hidInit
                0x001a56a4                HIDUSER_EnableAccelerometer
                0x001a56d0                HIDUSER_DisableAccelerometer
                0x001a56fc                HIDUSER_EnableGyroscope
                0x001a5728                HIDUSER_DisableGyroscope
                0x001a5754                HIDUSER_GetGyroscopeRawToDpsCoefficient
                0x001a5790                HIDUSER_GetSoundVolume
 .text          0x001a57c8      0x3c0 c:/devkitPro/libctru/lib\libctru.a(irrst.o)
                0x001a57c8                irrstWaitForEvent
                0x001a5814                irrstCheckSectionUpdateTime
                0x001a5850                irrstScanInput
                0x001a5904                irrstKeysHeld
                0x001a591c                irrstCstickRead
                0x001a5934                IRRST_GetHandles
                0x001a5984                IRRST_Initialize
                0x001a59bc                irrstInit
                0x001a5abc                IRRST_Shutdown
                0x001a5ae8                irrstExit
 .text          0x001a5b88      0x1bc c:/devkitPro/libctru/lib\libctru.a(ptm.o)
                0x001a5b88                ptmInit
                0x001a5b9c                ptmExit
                0x001a5bac                ptmSysmInit
                0x001a5bc0                ptmSysmExit
                0x001a5bd0                PTMU_GetShellState
                0x001a5c10                PTMU_GetBatteryLevel
                0x001a5c50                PTMU_GetBatteryChargeState
                0x001a5c90                PTMU_GetPedometerState
                0x001a5cd0                PTMU_GetTotalStepCount
                0x001a5d10                PTMSYSM_ConfigureNew3DSCPU
 .text          0x001a5d44       0x70 c:/devkitPro/libctru/lib\libctru.a(rbtree_find.o)
                0x001a5d44                rbtree_find
 .text          0x001a5db4       0x14 c:/devkitPro/libctru/lib\libctru.a(rbtree_init.o)
                0x001a5db4                rbtree_init
 .text          0x001a5dc8      0x1f4 c:/devkitPro/libctru/lib\libctru.a(rbtree_insert.o)
                0x001a5fac                rbtree_insert
                0x001a5fb4                rbtree_insert_multi
 .text          0x001a5fbc      0x340 c:/devkitPro/libctru/lib\libctru.a(rbtree_remove.o)
                0x001a5fbc                rbtree_remove
 .text          0x001a62fc       0xac c:/devkitPro/libctru/lib\libctru.a(rbtree_rotate.o)
                0x001a62fc                rbtree_rotate
 .text          0x001a63a8       0xb8 c:/devkitPro/libctru/lib\libctru.a(utf8_to_utf16.o)
                0x001a63a8                utf8_to_utf16
 .text          0x001a6460       0xa4 c:/devkitPro/libctru/lib\libctru.a(allocateHeaps.o)
                0x001a6460                __system_allocateHeaps
 .text          0x001a6504       0xf4 c:/devkitPro/libctru/lib\libctru.a(initArgv.o)
                0x001a6504                __system_initArgv
 .text          0x001a65f8       0x4c c:/devkitPro/libctru/lib\libctru.a(initSystem.o)
                0x001a65f8                __libctru_init
 *fill*         0x001a6644        0xc 
 .text          0x001a6650      0x460 c:/devkitPro/libctru/lib\libctru.a(svc.o)
                0x001a6650                svcControlMemory
                0x001a6670                svcQueryMemory
                0x001a66a0                svcExitProcess
                0x001a66a8                svcCreateThread
                0x001a66c8                svcExitThread
                0x001a66d0                svcSleepThread
                0x001a66d8                svcGetThreadPriority
                0x001a66ec                svcSetThreadPriority
                0x001a66f4                svcGetThreadAffinityMask
                0x001a66fc                svcSetThreadAffinityMask
                0x001a6704                svcGetThreadIdealProcessor
                0x001a6718                svcSetThreadIdealProcessor
                0x001a6720                svcGetProcessorID
                0x001a6728                svcCreateMutex
                0x001a673c                svcReleaseMutex
                0x001a6744                svcCreateSemaphore
                0x001a6758                svcReleaseSemaphore
                0x001a676c                svcCreateEvent
                0x001a6780                svcSignalEvent
                0x001a6788                svcClearEvent
                0x001a6790                svcCreateTimer
                0x001a67a4                svcSetTimer
                0x001a67ac                svcCancelTimer
                0x001a67b4                svcClearTimer
                0x001a67bc                svcCreateMemoryBlock
                0x001a67d4                svcMapMemoryBlock
                0x001a67dc                svcUnmapMemoryBlock
                0x001a67e4                svcCreateAddressArbiter
                0x001a67f8                svcArbitrateAddress
                0x001a6818                svcCloseHandle
                0x001a6820                svcWaitSynchronization
                0x001a6828                svcWaitSynchronizationN
                0x001a6850                svcDuplicateHandle
                0x001a6864                svcGetSystemTick
                0x001a686c                svcGetSystemInfo
                0x001a6884                svcGetProcessInfo
                0x001a689c                svcGetThreadInfo
                0x001a68b4                svcConnectToPort
                0x001a68c8                svcSendSyncRequest
                0x001a68d0                svcOpenProcess
                0x001a68e4                svcOpenThread
                0x001a68f8                svcGetProcessId
                0x001a690c                svcGetProcessIdOfThread
                0x001a6920                svcGetThreadId
                0x001a6934                svcBreak
                0x001a693c                svcOutputDebugString
                0x001a6944                svcCreatePort
                0x001a6964                svcAcceptSession
                0x001a697c                svcReplyAndReceive
                0x001a6994                svcInvalidateProcessDataCache
                0x001a699c                svcFlushProcessDataCache
                0x001a69a4                svcStartInterProcessDma
                0x001a69c4                svcStopDma
                0x001a69cc                svcGetDmaState
                0x001a69e0                svcDebugActiveProcess
                0x001a69f4                svcBreakDebugProcess
                0x001a69fc                svcTerminateDebugProcess
                0x001a6a04                svcGetProcessDebugEvent
                0x001a6a0c                svcContinueDebugEvent
                0x001a6a14                svcGetProcessList
                0x001a6a34                svcReadProcessMemory
                0x001a6a3c                svcWriteProcessMemory
                0x001a6a44                svcControlProcessMemory
                0x001a6a5c                svcMapProcessMemory
                0x001a6a64                svcUnmapProcessMemory
                0x001a6a6c                svcTerminateProcess
                0x001a6a74                svcBackdoor
                0x001a6a7c                svcKernelSetState
                0x001a6a84                svcQueryProcessMemory
 .text          0x001a6ab0       0x64 c:/devkitPro/libctru/lib\libctru.a(stack_adjust.o)
                0x001a6ab0                initSystem
                0x001a6af4                __ctru_exit
 .text          0x001a6b14      0x178 c:/devkitPro/libctru/lib\libctru.a(mappable.o)
                0x001a6b3c                mappableAlloc
                0x001a6c30                mappableFree
                0x001a6c80                mappableSpaceFree
 .text          0x001a6c8c      0x118 c:/devkitPro/libctru/lib\libctru.a(rbtree_iterator.o)
                0x001a6c8c                rbtree_node_next
                0x001a6d18                rbtree_node_prev
 .text          0x001a6da4      0x138 c:/devkitPro/libctru/lib\libctru.a(decode_utf8.o)
                0x001a6da4                decode_utf8
 .text          0x001a6edc       0x68 c:/devkitPro/libctru/lib\libctru.a(encode_utf16.o)
                0x001a6edc                encode_utf16
 .text          0x001a6f44       0x1c c:/devkitPro/libctru/lib\libctru.a(appExit.o)
                0x001a6f44                __appExit
 .text          0x001a6f60       0x1c c:/devkitPro/libctru/lib\libctru.a(appInit.o)
                0x001a6f60                __appInit
 .text          0x001a6f7c       0x90 c:/devkitPro/libctru/lib\libctru.a(ctru_exit.o)
                0x001a6f7c                __libctru_exit
 .text          0x001a700c      0xffc c:/devkitPro/libctru/lib\libctru.a(sdmc_dev.o)
                0x001a7e88                sdmcInit
                0x001a7fb8                sdmcExit
 .text          0x001a8008       0xe8 c:/devkitPro/libctru/lib\libctru.a(utf16_to_utf8.o)
                0x001a8008                utf16_to_utf8
 .text          0x001a80f0       0x60 c:/devkitPro/libctru/lib\libctru.a(decode_utf16.o)
                0x001a80f0                decode_utf16
 .text          0x001a8150      0x104 c:/devkitPro/libctru/lib\libctru.a(encode_utf8.o)
                0x001a8150                encode_utf8
 .text          0x001a8254        0x0 c:/devkitpro/devkitarm/bin/../lib/gcc/arm-none-eabi/4.9.2/../../../../arm-none-eabi/lib/armv6k/fpu\libm.a(lib_a-sf_cos.o)
 .text          0x001a8254        0x0 c:/devkitpro/devkitarm/bin/../lib/gcc/arm-none-eabi/4.9.2/../../../../arm-none-eabi/lib/armv6k/fpu\libm.a(lib_a-s_floor.o)
 .text          0x001a8254        0x0 c:/devkitpro/devkitarm/bin/../lib/gcc/arm-none-eabi/4.9.2/../../../../arm-none-eabi/lib/armv6k/fpu\libm.a(lib_a-s_frexp.o)
 .text          0x001a8254        0x0 c:/devkitpro/devkitarm/bin/../lib/gcc/arm-none-eabi/4.9.2/../../../../arm-none-eabi/lib/armv6k/fpu\libm.a(lib_a-sf_sin.o)
 .text          0x001a8254        0x0 c:/devkitpro/devkitarm/bin/../lib/gcc/arm-none-eabi/4.9.2/../../../../arm-none-eabi/lib/armv6k/fpu\libm.a(lib_a-s_modf.o)
 .text          0x001a8254        0x0 c:/devkitpro/devkitarm/bin/../lib/gcc/arm-none-eabi/4.9.2/../../../../arm-none-eabi/lib/armv6k/fpu\libm.a(lib_a-w_pow.o)
 .text          0x001a8254        0x0 c:/devkitpro/devkitarm/bin/../lib/gcc/arm-none-eabi/4.9.2/../../../../arm-none-eabi/lib/armv6k/fpu\libm.a(lib_a-ef_rem_pio2.o)
 .text          0x001a8254        0x0 c:/devkitpro/devkitarm/bin/../lib/gcc/arm-none-eabi/4.9.2/../../../../arm-none-eabi/lib/armv6k/fpu\libm.a(lib_a-e_pow.o)
 .text          0x001a8254        0x0 c:/devkitpro/devkitarm/bin/../lib/gcc/arm-none-eabi/4.9.2/../../../../arm-none-eabi/lib/armv6k/fpu\libm.a(lib_a-e_sqrt.o)
 .text          0x001a8254        0x0 c:/devkitpro/devkitarm/bin/../lib/gcc/arm-none-eabi/4.9.2/../../../../arm-none-eabi/lib/armv6k/fpu\libm.a(lib_a-kf_cos.o)
 .text          0x001a8254        0x0 c:/devkitpro/devkitarm/bin/../lib/gcc/arm-none-eabi/4.9.2/../../../../arm-none-eabi/lib/armv6k/fpu\libm.a(lib_a-kf_rem_pio2.o)
 .text          0x001a8254        0x0 c:/devkitpro/devkitarm/bin/../lib/gcc/arm-none-eabi/4.9.2/../../../../arm-none-eabi/lib/armv6k/fpu\libm.a(lib_a-kf_sin.o)
 .text          0x001a8254        0x0 c:/devkitpro/devkitarm/bin/../lib/gcc/arm-none-eabi/4.9.2/../../../../arm-none-eabi/lib/armv6k/fpu\libm.a(lib_a-s_fabs.o)
 .text          0x001a8254        0x0 c:/devkitpro/devkitarm/bin/../lib/gcc/arm-none-eabi/4.9.2/../../../../arm-none-eabi/lib/armv6k/fpu\libm.a(lib_a-sf_fabs.o)
 .text          0x001a8254        0x0 c:/devkitpro/devkitarm/bin/../lib/gcc/arm-none-eabi/4.9.2/../../../../arm-none-eabi/lib/armv6k/fpu\libm.a(lib_a-sf_floor.o)
 .text          0x001a8254        0x0 c:/devkitpro/devkitarm/bin/../lib/gcc/arm-none-eabi/4.9.2/../../../../arm-none-eabi/lib/armv6k/fpu\libm.a(lib_a-s_finite.o)
 .text          0x001a8254        0x0 c:/devkitpro/devkitarm/bin/../lib/gcc/arm-none-eabi/4.9.2/../../../../arm-none-eabi/lib/armv6k/fpu\libm.a(lib_a-s_fpclassify.o)
 .text          0x001a8254        0x0 c:/devkitpro/devkitarm/bin/../lib/gcc/arm-none-eabi/4.9.2/../../../../arm-none-eabi/lib/armv6k/fpu\libm.a(lib_a-sf_scalbn.o)
 .text          0x001a8254        0x0 c:/devkitpro/devkitarm/bin/../lib/gcc/arm-none-eabi/4.9.2/../../../../arm-none-eabi/lib/armv6k/fpu\libm.a(lib_a-s_lib_ver.o)
 .text          0x001a8254        0x0 c:/devkitpro/devkitarm/bin/../lib/gcc/arm-none-eabi/4.9.2/../../../../arm-none-eabi/lib/armv6k/fpu\libm.a(lib_a-s_matherr.o)
 .text          0x001a8254        0x0 c:/devkitpro/devkitarm/bin/../lib/gcc/arm-none-eabi/4.9.2/../../../../arm-none-eabi/lib/armv6k/fpu\libm.a(lib_a-s_nan.o)
 .text          0x001a8254        0x0 c:/devkitpro/devkitarm/bin/../lib/gcc/arm-none-eabi/4.9.2/../../../../arm-none-eabi/lib/armv6k/fpu\libm.a(lib_a-s_rint.o)
 .text          0x001a8254        0x0 c:/devkitpro/devkitarm/bin/../lib/gcc/arm-none-eabi/4.9.2/../../../../arm-none-eabi/lib/armv6k/fpu\libm.a(lib_a-s_scalbn.o)
 .text          0x001a8254        0x0 c:/devkitpro/devkitarm/bin/../lib/gcc/arm-none-eabi/4.9.2/../../../../arm-none-eabi/lib/armv6k/fpu\libm.a(lib_a-s_copysign.o)
 .text          0x001a8254        0x0 c:/devkitpro/devkitarm/bin/../lib/gcc/arm-none-eabi/4.9.2/../../../../arm-none-eabi/lib/armv6k/fpu\libm.a(lib_a-sf_copysign.o)
 .text          0x001a8254      0x20c c:/devkitpro/devkitarm/bin/../lib/gcc/arm-none-eabi/4.9.2/armv6k/fpu\libgcc.a(_udivsi3.o)
                0x001a8254                __aeabi_uidiv
                0x001a8254                __udivsi3
                0x001a8440                __aeabi_uidivmod
 .text          0x001a8460      0x240 c:/devkitpro/devkitarm/bin/../lib/gcc/arm-none-eabi/4.9.2/armv6k/fpu\libgcc.a(_divsi3.o)
                0x001a8460                __divsi3
                0x001a8460                __aeabi_idiv
                0x001a8680                __aeabi_idivmod
 .text          0x001a86a0        0x4 c:/devkitpro/devkitarm/bin/../lib/gcc/arm-none-eabi/4.9.2/armv6k/fpu\libgcc.a(_dvmd_tls.o)
                0x001a86a0                __aeabi_idiv0
                0x001a86a0                __aeabi_ldiv0
 .text          0x001a86a4      0x250 c:/devkitpro/devkitarm/bin/../lib/gcc/arm-none-eabi/4.9.2/armv6k/fpu\libgcc.a(_arm_addsubsf3.o)
                0x001a86a4                __aeabi_frsub
                0x001a86ac                __subsf3
                0x001a86ac                __aeabi_fsub
                0x001a86b0                __aeabi_fadd
                0x001a86b0                __addsf3
                0x001a8840                __aeabi_ui2f
                0x001a8840                __floatunsisf
                0x001a8848                __aeabi_i2f
                0x001a8848                __floatsisf
                0x001a8868                __aeabi_ul2f
                0x001a8868                __floatundisf
                0x001a8878                __aeabi_l2f
                0x001a8878                __floatdisf
 .text          0x001a88f4       0x44 c:/devkitpro/devkitarm/bin/../lib/gcc/arm-none-eabi/4.9.2/armv6k/fpu\libgcc.a(_popcountsi2.o)
                0x001a88f4                __popcountsi2
 .text          0x001a8938        0x0 c:/devkitpro/devkitarm/bin/../lib/gcc/arm-none-eabi/4.9.2/../../../../arm-none-eabi/lib/armv6k/fpu\libg.a(lib_a-abort.o)
 .text          0x001a8938        0x0 c:/devkitpro/devkitarm/bin/../lib/gcc/arm-none-eabi/4.9.2/../../../../arm-none-eabi/lib/armv6k/fpu\libg.a(lib_a-atof.o)
 .text          0x001a8938        0x0 c:/devkitpro/devkitarm/bin/../lib/gcc/arm-none-eabi/4.9.2/../../../../arm-none-eabi/lib/armv6k/fpu\libg.a(lib_a-atol.o)
 .text          0x001a8938        0x0 c:/devkitpro/devkitarm/bin/../lib/gcc/arm-none-eabi/4.9.2/../../../../arm-none-eabi/lib/armv6k/fpu\libg.a(lib_a-bsearch.o)
 .text          0x001a8938        0x0 c:/devkitpro/devkitarm/bin/../lib/gcc/arm-none-eabi/4.9.2/../../../../arm-none-eabi/lib/armv6k/fpu\libg.a(lib_a-errno.o)
 .text          0x001a8938        0x0 c:/devkitpro/devkitarm/bin/../lib/gcc/arm-none-eabi/4.9.2/../../../../arm-none-eabi/lib/armv6k/fpu\libg.a(lib_a-fclose.o)
 .text          0x001a8938        0x0 c:/devkitpro/devkitarm/bin/../lib/gcc/arm-none-eabi/4.9.2/../../../../arm-none-eabi/lib/armv6k/fpu\libg.a(lib_a-fflush.o)
 .text          0x001a8938        0x0 c:/devkitpro/devkitarm/bin/../lib/gcc/arm-none-eabi/4.9.2/../../../../arm-none-eabi/lib/armv6k/fpu\libg.a(lib_a-findfp.o)
 .text          0x001a8938        0x0 c:/devkitpro/devkitarm/bin/../lib/gcc/arm-none-eabi/4.9.2/../../../../arm-none-eabi/lib/armv6k/fpu\libg.a(lib_a-fini.o)
 .text          0x001a8938        0x0 c:/devkitpro/devkitarm/bin/../lib/gcc/arm-none-eabi/4.9.2/../../../../arm-none-eabi/lib/armv6k/fpu\libg.a(lib_a-fopen.o)
 .text          0x001a8938        0x0 c:/devkitpro/devkitarm/bin/../lib/gcc/arm-none-eabi/4.9.2/../../../../arm-none-eabi/lib/armv6k/fpu\libg.a(lib_a-fprintf.o)
 .text          0x001a8938        0x0 c:/devkitpro/devkitarm/bin/../lib/gcc/arm-none-eabi/4.9.2/../../../../arm-none-eabi/lib/armv6k/fpu\libg.a(lib_a-fputc.o)
 .text          0x001a8938        0x0 c:/devkitpro/devkitarm/bin/../lib/gcc/arm-none-eabi/4.9.2/../../../../arm-none-eabi/lib/armv6k/fpu\libg.a(lib_a-fread.o)
 .text          0x001a8938        0x0 c:/devkitpro/devkitarm/bin/../lib/gcc/arm-none-eabi/4.9.2/../../../../arm-none-eabi/lib/armv6k/fpu\libg.a(lib_a-freer.o)
 .text          0x001a8938        0x0 c:/devkitpro/devkitarm/bin/../lib/gcc/arm-none-eabi/4.9.2/../../../../arm-none-eabi/lib/armv6k/fpu\libg.a(lib_a-fseek.o)
 .text          0x001a8938        0x0 c:/devkitpro/devkitarm/bin/../lib/gcc/arm-none-eabi/4.9.2/../../../../arm-none-eabi/lib/armv6k/fpu\libg.a(lib_a-fseeko.o)
 .text          0x001a8938        0x0 c:/devkitpro/devkitarm/bin/../lib/gcc/arm-none-eabi/4.9.2/../../../../arm-none-eabi/lib/armv6k/fpu\libg.a(lib_a-ftell.o)
 .text          0x001a8938        0x0 c:/devkitpro/devkitarm/bin/../lib/gcc/arm-none-eabi/4.9.2/../../../../arm-none-eabi/lib/armv6k/fpu\libg.a(lib_a-ftello.o)
 .text          0x001a8938        0x0 c:/devkitpro/devkitarm/bin/../lib/gcc/arm-none-eabi/4.9.2/../../../../arm-none-eabi/lib/armv6k/fpu\libg.a(lib_a-fwalk.o)
 .text          0x001a8938        0x0 c:/devkitpro/devkitarm/bin/../lib/gcc/arm-none-eabi/4.9.2/../../../../arm-none-eabi/lib/armv6k/fpu\libg.a(lib_a-fwrite.o)
 .text          0x001a8938        0x0 c:/devkitpro/devkitarm/bin/../lib/gcc/arm-none-eabi/4.9.2/../../../../arm-none-eabi/lib/armv6k/fpu\libg.a(lib_a-gmtime.o)
 .text          0x001a8938        0x0 c:/devkitpro/devkitarm/bin/../lib/gcc/arm-none-eabi/4.9.2/../../../../arm-none-eabi/lib/armv6k/fpu\libg.a(lib_a-gmtime_r.o)
 .text          0x001a8938        0x0 c:/devkitpro/devkitarm/bin/../lib/gcc/arm-none-eabi/4.9.2/../../../../arm-none-eabi/lib/armv6k/fpu\libg.a(lib_a-impure.o)
 .text          0x001a8938        0x0 c:/devkitpro/devkitarm/bin/../lib/gcc/arm-none-eabi/4.9.2/../../../../arm-none-eabi/lib/armv6k/fpu\libg.a(lib_a-init.o)
 .text          0x001a8938        0x0 c:/devkitpro/devkitarm/bin/../lib/gcc/arm-none-eabi/4.9.2/../../../../arm-none-eabi/lib/armv6k/fpu\libg.a(lib_a-makebuf.o)
 .text          0x001a8938        0x0 c:/devkitpro/devkitarm/bin/../lib/gcc/arm-none-eabi/4.9.2/../../../../arm-none-eabi/lib/armv6k/fpu\libg.a(lib_a-malloc.o)
 .text          0x001a8938        0x0 c:/devkitpro/devkitarm/bin/../lib/gcc/arm-none-eabi/4.9.2/../../../../arm-none-eabi/lib/armv6k/fpu\libg.a(lib_a-mallocr.o)
 .text          0x001a8938        0x0 c:/devkitpro/devkitarm/bin/../lib/gcc/arm-none-eabi/4.9.2/../../../../arm-none-eabi/lib/armv6k/fpu\libg.a(lib_a-memchr.o)
 .text          0x001a8938        0x0 c:/devkitpro/devkitarm/bin/../lib/gcc/arm-none-eabi/4.9.2/../../../../arm-none-eabi/lib/armv6k/fpu\libg.a(lib_a-memcmp.o)
 .text          0x001a8938        0x0 c:/devkitpro/devkitarm/bin/../lib/gcc/arm-none-eabi/4.9.2/../../../../arm-none-eabi/lib/armv6k/fpu\libg.a(lib_a-memcpy.o)
 .text          0x001a8938        0x0 c:/devkitpro/devkitarm/bin/../lib/gcc/arm-none-eabi/4.9.2/../../../../arm-none-eabi/lib/armv6k/fpu\libg.a(lib_a-memmove.o)
 .text          0x001a8938        0x0 c:/devkitpro/devkitarm/bin/../lib/gcc/arm-none-eabi/4.9.2/../../../../arm-none-eabi/lib/armv6k/fpu\libg.a(lib_a-memset.o)
 .text          0x001a8938        0x0 c:/devkitpro/devkitarm/bin/../lib/gcc/arm-none-eabi/4.9.2/../../../../arm-none-eabi/lib/armv6k/fpu\libg.a(lib_a-mlock.o)
 .text          0x001a8938        0x0 c:/devkitpro/devkitarm/bin/../lib/gcc/arm-none-eabi/4.9.2/../../../../arm-none-eabi/lib/armv6k/fpu\libg.a(lib_a-month_lengths.o)
 .text          0x001a8938        0x0 c:/devkitpro/devkitarm/bin/../lib/gcc/arm-none-eabi/4.9.2/../../../../arm-none-eabi/lib/armv6k/fpu\libg.a(lib_a-putc.o)
 .text          0x001a8938        0x0 c:/devkitpro/devkitarm/bin/../lib/gcc/arm-none-eabi/4.9.2/../../../../arm-none-eabi/lib/armv6k/fpu\libg.a(lib_a-qsort.o)
 .text          0x001a8938        0x0 c:/devkitpro/devkitarm/bin/../lib/gcc/arm-none-eabi/4.9.2/../../../../arm-none-eabi/lib/armv6k/fpu\libg.a(lib_a-realloc.o)
 .text          0x001a8938        0x0 c:/devkitpro/devkitarm/bin/../lib/gcc/arm-none-eabi/4.9.2/../../../../arm-none-eabi/lib/armv6k/fpu\libg.a(lib_a-reallocr.o)
 .text          0x001a8938        0x0 c:/devkitpro/devkitarm/bin/../lib/gcc/arm-none-eabi/4.9.2/../../../../arm-none-eabi/lib/armv6k/fpu\libg.a(lib_a-refill.o)
 .text          0x001a8938        0x0 c:/devkitpro/devkitarm/bin/../lib/gcc/arm-none-eabi/4.9.2/../../../../arm-none-eabi/lib/armv6k/fpu\libg.a(lib_a-remove.o)
 .text          0x001a8938       0x2c c:/devkitpro/devkitarm/bin/../lib/gcc/arm-none-eabi/4.9.2/../../../../arm-none-eabi/lib/armv6k/fpu\libg.a(lib_a-setjmp.o)
                0x001a8938                setjmp
                0x001a894c                longjmp
 .text          0x001a8964        0x0 c:/devkitpro/devkitarm/bin/../lib/gcc/arm-none-eabi/4.9.2/../../../../arm-none-eabi/lib/armv6k/fpu\libg.a(lib_a-signal.o)
 .text          0x001a8964        0x0 c:/devkitpro/devkitarm/bin/../lib/gcc/arm-none-eabi/4.9.2/../../../../arm-none-eabi/lib/armv6k/fpu\libg.a(lib_a-snprintf.o)
 .text          0x001a8964        0x0 c:/devkitpro/devkitarm/bin/../lib/gcc/arm-none-eabi/4.9.2/../../../../arm-none-eabi/lib/armv6k/fpu\libg.a(lib_a-sprintf.o)
 .text          0x001a8964        0x0 c:/devkitpro/devkitarm/bin/../lib/gcc/arm-none-eabi/4.9.2/../../../../arm-none-eabi/lib/armv6k/fpu\libg.a(lib_a-stdio.o)
 .text          0x001a8964        0x0 c:/devkitpro/devkitarm/bin/../lib/gcc/arm-none-eabi/4.9.2/../../../../arm-none-eabi/lib/armv6k/fpu\libg.a(lib_a-strchr.o)
 *fill*         0x001a8964       0x1c 
 .text          0x001a8980      0x3a0 c:/devkitpro/devkitarm/bin/../lib/gcc/arm-none-eabi/4.9.2/../../../../arm-none-eabi/lib/armv6k/fpu\libg.a(lib_a-strcmp.o)
                0x001a8988                strcmp
 .text          0x001a8d20        0x0 c:/devkitpro/devkitarm/bin/../lib/gcc/arm-none-eabi/4.9.2/../../../../arm-none-eabi/lib/armv6k/fpu\libg.a(lib_a-strcpy.o)
 .text          0x001a8d20        0x0 c:/devkitpro/devkitarm/bin/../lib/gcc/arm-none-eabi/4.9.2/../../../../arm-none-eabi/lib/armv6k/fpu\libg.a(lib_a-strerror.o)
 .text          0x001a8d20        0x0 c:/devkitpro/devkitarm/bin/../lib/gcc/arm-none-eabi/4.9.2/../../../../arm-none-eabi/lib/armv6k/fpu\libg.a(lib_a-strlen.o)
 .text          0x001a8d20        0x0 c:/devkitpro/devkitarm/bin/../lib/gcc/arm-none-eabi/4.9.2/../../../../arm-none-eabi/lib/armv6k/fpu\libg.a(lib_a-strncat.o)
 .text          0x001a8d20        0x0 c:/devkitpro/devkitarm/bin/../lib/gcc/arm-none-eabi/4.9.2/../../../../arm-none-eabi/lib/armv6k/fpu\libg.a(lib_a-strncmp.o)
 .text          0x001a8d20        0x0 c:/devkitpro/devkitarm/bin/../lib/gcc/arm-none-eabi/4.9.2/../../../../arm-none-eabi/lib/armv6k/fpu\libg.a(lib_a-strncpy.o)
 .text          0x001a8d20        0x0 c:/devkitpro/devkitarm/bin/../lib/gcc/arm-none-eabi/4.9.2/../../../../arm-none-eabi/lib/armv6k/fpu\libg.a(lib_a-strrchr.o)
 .text          0x001a8d20        0x0 c:/devkitpro/devkitarm/bin/../lib/gcc/arm-none-eabi/4.9.2/../../../../arm-none-eabi/lib/armv6k/fpu\libg.a(lib_a-strstr.o)
 .text          0x001a8d20        0x0 c:/devkitpro/devkitarm/bin/../lib/gcc/arm-none-eabi/4.9.2/../../../../arm-none-eabi/lib/armv6k/fpu\libg.a(lib_a-strtod.o)
 .text          0x001a8d20        0x0 c:/devkitpro/devkitarm/bin/../lib/gcc/arm-none-eabi/4.9.2/../../../../arm-none-eabi/lib/armv6k/fpu\libg.a(lib_a-strtok.o)
 .text          0x001a8d20        0x0 c:/devkitpro/devkitarm/bin/../lib/gcc/arm-none-eabi/4.9.2/../../../../arm-none-eabi/lib/armv6k/fpu\libg.a(lib_a-strtok_r.o)
 .text          0x001a8d20        0x0 c:/devkitpro/devkitarm/bin/../lib/gcc/arm-none-eabi/4.9.2/../../../../arm-none-eabi/lib/armv6k/fpu\libg.a(lib_a-strtol.o)